<!doctype html public "-//w3c//dtd html 4.0 transitional//en">
<html><head>
<title>Static Call Graph - [.\output\BS45i V1.5.axf]</title></head>
<body><HR>
<H1>Static Call Graph for image .\output\BS45i V1.5.axf</H1><HR>
<BR><P>#&#060CALLGRAPH&#062# ARM Linker, 5.02 [Build 28]: Last Updated: Wed Aug 07 17:58:59 2019
<BR><P>
<H3>Maximum Stack Usage =        252 bytes + Unknown(Cycles, Untraceable Function Pointers)</H3><H3>
Call chain for Maximum Stack Depth:</H3>
main &rArr; wifiDeal &rArr; wifi_uart_service &rArr; data_handle &rArr; data_point_handle &rArr; dp_download_handle &rArr; dp_download_switch_handle &rArr; powerSet &rArr; PowerOffDeal &rArr; API_Buzzer_Set &rArr; HW_Buzzer_SetFreq &rArr; Init_Buzzer &rArr; GPIO_Init &rArr; GPIO_SetSingalTypeFromPin &rArr; GPIO_GetNormalBitOffsetFromPin &rArr; __ARM_common_switch8
<P>
<H3>
Mutually Recursive functions
</H3> <LI><a href="#[16]">ADC_IRQHandler</a>&nbsp;&nbsp;&nbsp;&rArr;&nbsp;&nbsp;&nbsp;<a href="#[16]">ADC_IRQHandler</a><BR>
</UL>
<P>
<H3>
Function Pointers
</H3><UL>
 <LI><a href="#[16]">ADC_IRQHandler</a> from startup_hr8p506.o(.text) referenced from startup_hr8p506.o(RESET)
 <LI><a href="#[1f]">CCM_IRQHandler</a> from startup_hr8p506.o(.text) referenced from startup_hr8p506.o(RESET)
 <LI><a href="#[1b]">EUART0_IRQHandler</a> from irqhandler.o(.text) referenced from startup_hr8p506.o(RESET)
 <LI><a href="#[2]">HardFault_IRQHandler</a> from irqhandler.o(.text) referenced from startup_hr8p506.o(RESET)
 <LI><a href="#[1e]">I2C0_IRQHandler</a> from startup_hr8p506.o(.text) referenced from startup_hr8p506.o(RESET)
 <LI><a href="#[15]">KINT_IRQHandler</a> from irqhandler.o(.text) referenced from startup_hr8p506.o(RESET)
 <LI><a href="#[17]">LVD_IRQHandler</a> from startup_hr8p506.o(.text) referenced from startup_hr8p506.o(RESET)
 <LI><a href="#[1]">NMI_IRQHandler</a> from irqhandler.o(.text) referenced from startup_hr8p506.o(RESET)
 <LI><a href="#[6]">PINT0_IRQHandler</a> from startup_hr8p506.o(.text) referenced from startup_hr8p506.o(RESET)
 <LI><a href="#[7]">PINT1_IRQHandler</a> from startup_hr8p506.o(.text) referenced from startup_hr8p506.o(RESET)
 <LI><a href="#[8]">PINT2_IRQHandler</a> from startup_hr8p506.o(.text) referenced from startup_hr8p506.o(RESET)
 <LI><a href="#[9]">PINT3_IRQHandler</a> from startup_hr8p506.o(.text) referenced from startup_hr8p506.o(RESET)
 <LI><a href="#[a]">PINT4_IRQHandler</a> from startup_hr8p506.o(.text) referenced from startup_hr8p506.o(RESET)
 <LI><a href="#[b]">PINT5_IRQHandler</a> from startup_hr8p506.o(.text) referenced from startup_hr8p506.o(RESET)
 <LI><a href="#[c]">PINT6_IRQHandler</a> from startup_hr8p506.o(.text) referenced from startup_hr8p506.o(RESET)
 <LI><a href="#[d]">PINT7_IRQHandler</a> from startup_hr8p506.o(.text) referenced from startup_hr8p506.o(RESET)
 <LI><a href="#[18]">PLLLK_IRQHandler</a> from startup_hr8p506.o(.text) referenced from startup_hr8p506.o(RESET)
 <LI><a href="#[4]">PendSV_IRQHandler</a> from irqhandler.o(.text) referenced from startup_hr8p506.o(RESET)
 <LI><a href="#[14]">RTC_IRQHandler</a> from startup_hr8p506.o(.text) referenced from startup_hr8p506.o(RESET)
 <LI><a href="#[21]">RegInit</a> from startup_hr8p506.o(.text) referenced from startup_hr8p506.o(.text)
 <LI><a href="#[0]">Reset_IRQHandler</a> from startup_hr8p506.o(.text) referenced from startup_hr8p506.o(RESET)
 <LI><a href="#[1c]">SPI0_IRQHandler</a> from startup_hr8p506.o(.text) referenced from startup_hr8p506.o(RESET)
 <LI><a href="#[1d]">SPI1_IRQHandler</a> from startup_hr8p506.o(.text) referenced from startup_hr8p506.o(RESET)
 <LI><a href="#[3]">SVC_IRQHandler</a> from irqhandler.o(.text) referenced from startup_hr8p506.o(RESET)
 <LI><a href="#[5]">SysTick_IRQHandler</a> from irqhandler.o(.text) referenced from startup_hr8p506.o(RESET)
 <LI><a href="#[22]">SystemInit</a> from system_hr8p506.o(.text) referenced from startup_hr8p506.o(.text)
 <LI><a href="#[e]">T16N0_IRQHandler</a> from irqhandler.o(.text) referenced from startup_hr8p506.o(RESET)
 <LI><a href="#[f]">T16N1_IRQHandler</a> from startup_hr8p506.o(.text) referenced from startup_hr8p506.o(RESET)
 <LI><a href="#[10]">T16N2_IRQHandler</a> from irqhandler.o(.text) referenced from startup_hr8p506.o(RESET)
 <LI><a href="#[11]">T16N3_IRQHandler</a> from startup_hr8p506.o(.text) referenced from startup_hr8p506.o(RESET)
 <LI><a href="#[12]">T32N0_IRQHandler</a> from dcmotordrv.o(.text) referenced from startup_hr8p506.o(RESET)
 <LI><a href="#[19]">UART0_IRQHandler</a> from startup_hr8p506.o(.text) referenced from startup_hr8p506.o(RESET)
 <LI><a href="#[1a]">UART1_IRQHandler</a> from pm25.o(.text) referenced from startup_hr8p506.o(RESET)
 <LI><a href="#[13]">WDT_IRQHandler</a> from startup_hr8p506.o(.text) referenced from startup_hr8p506.o(RESET)
 <LI><a href="#[23]">__main</a> from entry.o(.ARM.Collect$$$$00000000) referenced from startup_hr8p506.o(.text)
 <LI><a href="#[20]">main</a> from main.o(.text) referenced from entry8.o(.ARM.Collect$$$$00000009)
</UL>
<P>
<H3>
Global Symbols
</H3>
<P><STRONG><a name="[23]"></a>__main</STRONG> (Thumb, 0 bytes, Stack size unknown bytes, entry.o(.ARM.Collect$$$$00000000))
<BR>[Address Reference Count : 1]<UL><LI> startup_hr8p506.o(.text)
</UL>
<P><STRONG><a name="[159]"></a>_main_stk</STRONG> (Thumb, 0 bytes, Stack size unknown bytes, entry2.o(.ARM.Collect$$$$00000001))

<P><STRONG><a name="[24]"></a>_main_scatterload</STRONG> (Thumb, 0 bytes, Stack size unknown bytes, entry5.o(.ARM.Collect$$$$00000004))
<BR><BR>[Calls]<UL><LI><a href="#[25]">&gt;&gt;</a>&nbsp;&nbsp;&nbsp;__scatterload
</UL>

<P><STRONG><a name="[158]"></a>__main_after_scatterload</STRONG> (Thumb, 0 bytes, Stack size unknown bytes, entry5.o(.ARM.Collect$$$$00000004))
<BR><BR>[Called By]<UL><LI><a href="#[25]">&gt;&gt;</a>&nbsp;&nbsp;&nbsp;__scatterload
</UL>

<P><STRONG><a name="[15a]"></a>_main_clock</STRONG> (Thumb, 0 bytes, Stack size unknown bytes, entry7b.o(.ARM.Collect$$$$00000008))

<P><STRONG><a name="[15b]"></a>_main_init</STRONG> (Thumb, 0 bytes, Stack size unknown bytes, entry8.o(.ARM.Collect$$$$00000009))

<P><STRONG><a name="[0]"></a>Reset_IRQHandler</STRONG> (Thumb, 12 bytes, Stack size 0 bytes, startup_hr8p506.o(.text))
<BR>[Address Reference Count : 1]<UL><LI> startup_hr8p506.o(RESET)
</UL>
<P><STRONG><a name="[16]"></a>ADC_IRQHandler</STRONG> (Thumb, 0 bytes, Stack size 0 bytes, startup_hr8p506.o(.text))
<BR><BR>[Calls]<UL><LI><a href="#[16]">&gt;&gt;</a>&nbsp;&nbsp;&nbsp;ADC_IRQHandler
</UL>
<BR>[Called By]<UL><LI><a href="#[16]">&gt;&gt;</a>&nbsp;&nbsp;&nbsp;ADC_IRQHandler
</UL>
<BR>[Address Reference Count : 1]<UL><LI> startup_hr8p506.o(RESET)
</UL>
<P><STRONG><a name="[1f]"></a>CCM_IRQHandler</STRONG> (Thumb, 0 bytes, Stack size 0 bytes, startup_hr8p506.o(.text))
<BR>[Address Reference Count : 1]<UL><LI> startup_hr8p506.o(RESET)
</UL>
<P><STRONG><a name="[1e]"></a>I2C0_IRQHandler</STRONG> (Thumb, 0 bytes, Stack size 0 bytes, startup_hr8p506.o(.text))
<BR>[Address Reference Count : 1]<UL><LI> startup_hr8p506.o(RESET)
</UL>
<P><STRONG><a name="[17]"></a>LVD_IRQHandler</STRONG> (Thumb, 0 bytes, Stack size 0 bytes, startup_hr8p506.o(.text))
<BR>[Address Reference Count : 1]<UL><LI> startup_hr8p506.o(RESET)
</UL>
<P><STRONG><a name="[6]"></a>PINT0_IRQHandler</STRONG> (Thumb, 0 bytes, Stack size 0 bytes, startup_hr8p506.o(.text))
<BR>[Address Reference Count : 1]<UL><LI> startup_hr8p506.o(RESET)
</UL>
<P><STRONG><a name="[7]"></a>PINT1_IRQHandler</STRONG> (Thumb, 0 bytes, Stack size 0 bytes, startup_hr8p506.o(.text))
<BR>[Address Reference Count : 1]<UL><LI> startup_hr8p506.o(RESET)
</UL>
<P><STRONG><a name="[8]"></a>PINT2_IRQHandler</STRONG> (Thumb, 0 bytes, Stack size 0 bytes, startup_hr8p506.o(.text))
<BR>[Address Reference Count : 1]<UL><LI> startup_hr8p506.o(RESET)
</UL>
<P><STRONG><a name="[9]"></a>PINT3_IRQHandler</STRONG> (Thumb, 0 bytes, Stack size 0 bytes, startup_hr8p506.o(.text))
<BR>[Address Reference Count : 1]<UL><LI> startup_hr8p506.o(RESET)
</UL>
<P><STRONG><a name="[a]"></a>PINT4_IRQHandler</STRONG> (Thumb, 0 bytes, Stack size 0 bytes, startup_hr8p506.o(.text))
<BR>[Address Reference Count : 1]<UL><LI> startup_hr8p506.o(RESET)
</UL>
<P><STRONG><a name="[b]"></a>PINT5_IRQHandler</STRONG> (Thumb, 0 bytes, Stack size 0 bytes, startup_hr8p506.o(.text))
<BR>[Address Reference Count : 1]<UL><LI> startup_hr8p506.o(RESET)
</UL>
<P><STRONG><a name="[c]"></a>PINT6_IRQHandler</STRONG> (Thumb, 0 bytes, Stack size 0 bytes, startup_hr8p506.o(.text))
<BR>[Address Reference Count : 1]<UL><LI> startup_hr8p506.o(RESET)
</UL>
<P><STRONG><a name="[d]"></a>PINT7_IRQHandler</STRONG> (Thumb, 0 bytes, Stack size 0 bytes, startup_hr8p506.o(.text))
<BR>[Address Reference Count : 1]<UL><LI> startup_hr8p506.o(RESET)
</UL>
<P><STRONG><a name="[18]"></a>PLLLK_IRQHandler</STRONG> (Thumb, 0 bytes, Stack size 0 bytes, startup_hr8p506.o(.text))
<BR>[Address Reference Count : 1]<UL><LI> startup_hr8p506.o(RESET)
</UL>
<P><STRONG><a name="[14]"></a>RTC_IRQHandler</STRONG> (Thumb, 0 bytes, Stack size 0 bytes, startup_hr8p506.o(.text))
<BR>[Address Reference Count : 1]<UL><LI> startup_hr8p506.o(RESET)
</UL>
<P><STRONG><a name="[1c]"></a>SPI0_IRQHandler</STRONG> (Thumb, 0 bytes, Stack size 0 bytes, startup_hr8p506.o(.text))
<BR>[Address Reference Count : 1]<UL><LI> startup_hr8p506.o(RESET)
</UL>
<P><STRONG><a name="[1d]"></a>SPI1_IRQHandler</STRONG> (Thumb, 0 bytes, Stack size 0 bytes, startup_hr8p506.o(.text))
<BR>[Address Reference Count : 1]<UL><LI> startup_hr8p506.o(RESET)
</UL>
<P><STRONG><a name="[f]"></a>T16N1_IRQHandler</STRONG> (Thumb, 0 bytes, Stack size 0 bytes, startup_hr8p506.o(.text))
<BR>[Address Reference Count : 1]<UL><LI> startup_hr8p506.o(RESET)
</UL>
<P><STRONG><a name="[11]"></a>T16N3_IRQHandler</STRONG> (Thumb, 0 bytes, Stack size 0 bytes, startup_hr8p506.o(.text))
<BR>[Address Reference Count : 1]<UL><LI> startup_hr8p506.o(RESET)
</UL>
<P><STRONG><a name="[19]"></a>UART0_IRQHandler</STRONG> (Thumb, 0 bytes, Stack size 0 bytes, startup_hr8p506.o(.text))
<BR>[Address Reference Count : 1]<UL><LI> startup_hr8p506.o(RESET)
</UL>
<P><STRONG><a name="[13]"></a>WDT_IRQHandler</STRONG> (Thumb, 0 bytes, Stack size 0 bytes, startup_hr8p506.o(.text))
<BR>[Address Reference Count : 1]<UL><LI> startup_hr8p506.o(RESET)
</UL>
<P><STRONG><a name="[21]"></a>RegInit</STRONG> (Thumb, 172 bytes, Stack size 0 bytes, startup_hr8p506.o(.text))
<BR>[Address Reference Count : 1]<UL><LI> startup_hr8p506.o(.text)
</UL>
<P><STRONG><a name="[22]"></a>SystemInit</STRONG> (Thumb, 2 bytes, Stack size 0 bytes, system_hr8p506.o(.text))
<BR>[Address Reference Count : 1]<UL><LI> startup_hr8p506.o(.text)
</UL>
<P><STRONG><a name="[15c]"></a>IAP_PageErase</STRONG> (Thumb, 24 bytes, Stack size 16 bytes, hr8p506_iap_table.o(.text), UNUSED)

<P><STRONG><a name="[15d]"></a>IAP_WordProgram</STRONG> (Thumb, 28 bytes, Stack size 24 bytes, hr8p506_iap_table.o(.text), UNUSED)

<P><STRONG><a name="[97]"></a>IAP_PageProgram</STRONG> (Thumb, 38 bytes, Stack size 40 bytes, hr8p506_iap_table.o(.text))
<BR><BR>[Stack]<UL><LI>Max Depth = 40<LI>Call Chain = IAP_PageProgram
</UL>
<BR>[Called By]<UL><LI><a href="#[99]">&gt;&gt;</a>&nbsp;&nbsp;&nbsp;iap_write
<LI><a href="#[95]">&gt;&gt;</a>&nbsp;&nbsp;&nbsp;iap_init
</UL>

<P><STRONG><a name="[96]"></a>IAPRead</STRONG> (Thumb, 42 bytes, Stack size 16 bytes, hr8p506_iap_table.o(.text))
<BR><BR>[Stack]<UL><LI>Max Depth = 16<LI>Call Chain = IAPRead
</UL>
<BR>[Called By]<UL><LI><a href="#[99]">&gt;&gt;</a>&nbsp;&nbsp;&nbsp;iap_write
<LI><a href="#[95]">&gt;&gt;</a>&nbsp;&nbsp;&nbsp;iap_init
</UL>

<P><STRONG><a name="[27]"></a>ADC_Reset</STRONG> (Thumb, 38 bytes, Stack size 0 bytes, lib_adc.o(.text))
<BR><BR>[Called By]<UL><LI><a href="#[26]">&gt;&gt;</a>&nbsp;&nbsp;&nbsp;ADC_Init
</UL>

<P><STRONG><a name="[26]"></a>ADC_Init</STRONG> (Thumb, 252 bytes, Stack size 4 bytes, lib_adc.o(.text))
<BR><BR>[Stack]<UL><LI>Max Depth = 4<LI>Call Chain = ADC_Init
</UL>
<BR>[Calls]<UL><LI><a href="#[27]">&gt;&gt;</a>&nbsp;&nbsp;&nbsp;ADC_Reset
</UL>
<BR>[Called By]<UL><LI><a href="#[d6]">&gt;&gt;</a>&nbsp;&nbsp;&nbsp;ADCInitALL
</UL>

<P><STRONG><a name="[15e]"></a>ADC_ACPConfig</STRONG> (Thumb, 226 bytes, Stack size 0 bytes, lib_adc.o(.text), UNUSED)

<P><STRONG><a name="[148]"></a>ADC_Start</STRONG> (Thumb, 24 bytes, Stack size 0 bytes, lib_adc.o(.text))
<BR><BR>[Called By]<UL><LI><a href="#[147]">&gt;&gt;</a>&nbsp;&nbsp;&nbsp;Get_AD_Value
</UL>

<P><STRONG><a name="[15f]"></a>ADC_SoftStart</STRONG> (Thumb, 26 bytes, Stack size 0 bytes, lib_adc.o(.text), UNUSED)

<P><STRONG><a name="[160]"></a>ADC_SoftStop</STRONG> (Thumb, 26 bytes, Stack size 0 bytes, lib_adc.o(.text), UNUSED)

<P><STRONG><a name="[14a]"></a>ADC_GetConvValue</STRONG> (Thumb, 10 bytes, Stack size 0 bytes, lib_adc.o(.text))
<BR><BR>[Called By]<UL><LI><a href="#[147]">&gt;&gt;</a>&nbsp;&nbsp;&nbsp;Get_AD_Value
</UL>

<P><STRONG><a name="[161]"></a>ADC_GetConvStatus</STRONG> (Thumb, 16 bytes, Stack size 0 bytes, lib_adc.o(.text), UNUSED)

<P><STRONG><a name="[162]"></a>ADC_GetACPMeanValue</STRONG> (Thumb, 10 bytes, Stack size 0 bytes, lib_adc.o(.text), UNUSED)

<P><STRONG><a name="[149]"></a>ADC_GetIFStatus</STRONG> (Thumb, 18 bytes, Stack size 0 bytes, lib_adc.o(.text))
<BR><BR>[Called By]<UL><LI><a href="#[147]">&gt;&gt;</a>&nbsp;&nbsp;&nbsp;Get_AD_Value
</UL>

<P><STRONG><a name="[163]"></a>ADC_GetIEStatus</STRONG> (Thumb, 18 bytes, Stack size 0 bytes, lib_adc.o(.text), UNUSED)

<P><STRONG><a name="[14b]"></a>ADC_ClearIFStatus</STRONG> (Thumb, 10 bytes, Stack size 0 bytes, lib_adc.o(.text))
<BR><BR>[Called By]<UL><LI><a href="#[e0]">&gt;&gt;</a>&nbsp;&nbsp;&nbsp;adSample
<LI><a href="#[147]">&gt;&gt;</a>&nbsp;&nbsp;&nbsp;Get_AD_Value
</UL>

<P><STRONG><a name="[112]"></a>EUART_ModeConfig</STRONG> (Thumb, 6 bytes, Stack size 0 bytes, lib_euart.o(.text))
<BR><BR>[Called By]<UL><LI><a href="#[d4]">&gt;&gt;</a>&nbsp;&nbsp;&nbsp;UART0Init
</UL>

<P><STRONG><a name="[28]"></a>EUART_BaudConfig</STRONG> (Thumb, 290 bytes, Stack size 24 bytes, lib_euart.o(.text))
<BR><BR>[Stack]<UL><LI>Max Depth = 36<LI>Call Chain = EUART_BaudConfig &rArr; __aeabi_uidivmod
</UL>
<BR>[Calls]<UL><LI><a href="#[29]">&gt;&gt;</a>&nbsp;&nbsp;&nbsp;__aeabi_uidivmod
</UL>
<BR>[Called By]<UL><LI><a href="#[2b]">&gt;&gt;</a>&nbsp;&nbsp;&nbsp;U7816_Init
<LI><a href="#[2a]">&gt;&gt;</a>&nbsp;&nbsp;&nbsp;EUART_Init
</UL>

<P><STRONG><a name="[2a]"></a>EUART_Init</STRONG> (Thumb, 82 bytes, Stack size 8 bytes, lib_euart.o(.text))
<BR><BR>[Stack]<UL><LI>Max Depth = 44<LI>Call Chain = EUART_Init &rArr; EUART_BaudConfig &rArr; __aeabi_uidivmod
</UL>
<BR>[Calls]<UL><LI><a href="#[28]">&gt;&gt;</a>&nbsp;&nbsp;&nbsp;EUART_BaudConfig
</UL>
<BR>[Called By]<UL><LI><a href="#[d4]">&gt;&gt;</a>&nbsp;&nbsp;&nbsp;UART0Init
</UL>

<P><STRONG><a name="[e9]"></a>EUART_ITConfig</STRONG> (Thumb, 28 bytes, Stack size 0 bytes, lib_euart.o(.text))
<BR><BR>[Called By]<UL><LI><a href="#[e8]">&gt;&gt;</a>&nbsp;&nbsp;&nbsp;WiFi_TX_Start
<LI><a href="#[d4]">&gt;&gt;</a>&nbsp;&nbsp;&nbsp;UART0Init
</UL>

<P><STRONG><a name="[113]"></a>EUART_TBIMConfig</STRONG> (Thumb, 20 bytes, Stack size 0 bytes, lib_euart.o(.text))
<BR><BR>[Called By]<UL><LI><a href="#[d4]">&gt;&gt;</a>&nbsp;&nbsp;&nbsp;UART0Init
</UL>

<P><STRONG><a name="[114]"></a>EUART_RBIMConfig</STRONG> (Thumb, 22 bytes, Stack size 0 bytes, lib_euart.o(.text))
<BR><BR>[Called By]<UL><LI><a href="#[d4]">&gt;&gt;</a>&nbsp;&nbsp;&nbsp;UART0Init
</UL>

<P><STRONG><a name="[13e]"></a>EUART_GetFlagStatus</STRONG> (Thumb, 16 bytes, Stack size 0 bytes, lib_euart.o(.text))
<BR><BR>[Called By]<UL><LI><a href="#[1b]">&gt;&gt;</a>&nbsp;&nbsp;&nbsp;EUART0_IRQHandler
</UL>

<P><STRONG><a name="[13d]"></a>EUART_GetITStatus</STRONG> (Thumb, 16 bytes, Stack size 0 bytes, lib_euart.o(.text))
<BR><BR>[Called By]<UL><LI><a href="#[1b]">&gt;&gt;</a>&nbsp;&nbsp;&nbsp;EUART0_IRQHandler
</UL>

<P><STRONG><a name="[164]"></a>EUART_ClearITPendingBit</STRONG> (Thumb, 6 bytes, Stack size 0 bytes, lib_euart.o(.text), UNUSED)

<P><STRONG><a name="[2b]"></a>U7816_Init</STRONG> (Thumb, 144 bytes, Stack size 8 bytes, lib_euart.o(.text), UNUSED)
<BR><BR>[Calls]<UL><LI><a href="#[28]">&gt;&gt;</a>&nbsp;&nbsp;&nbsp;EUART_BaudConfig
</UL>

<P><STRONG><a name="[165]"></a>EUART_EIOChConfig</STRONG> (Thumb, 6 bytes, Stack size 0 bytes, lib_euart.o(.text), UNUSED)

<P><STRONG><a name="[166]"></a>EUART_EIODirection</STRONG> (Thumb, 6 bytes, Stack size 0 bytes, lib_euart.o(.text), UNUSED)

<P><STRONG><a name="[167]"></a>EUART_SendByte</STRONG> (Thumb, 8 bytes, Stack size 0 bytes, lib_euart.o(.text), UNUSED)

<P><STRONG><a name="[168]"></a>EUART_SendHalfWord</STRONG> (Thumb, 8 bytes, Stack size 0 bytes, lib_euart.o(.text), UNUSED)

<P><STRONG><a name="[169]"></a>EUART_SendWord</STRONG> (Thumb, 6 bytes, Stack size 0 bytes, lib_euart.o(.text), UNUSED)

<P><STRONG><a name="[13f]"></a>EUART_RecByte</STRONG> (Thumb, 8 bytes, Stack size 0 bytes, lib_euart.o(.text))
<BR><BR>[Called By]<UL><LI><a href="#[1b]">&gt;&gt;</a>&nbsp;&nbsp;&nbsp;EUART0_IRQHandler
</UL>

<P><STRONG><a name="[16a]"></a>EUART_RecHalfWord</STRONG> (Thumb, 8 bytes, Stack size 0 bytes, lib_euart.o(.text), UNUSED)

<P><STRONG><a name="[16b]"></a>EUART_RecWord</STRONG> (Thumb, 6 bytes, Stack size 0 bytes, lib_euart.o(.text), UNUSED)

<P><STRONG><a name="[2c]"></a>GPIO_SetFuncxRegFromPin</STRONG> (Thumb, 1394 bytes, Stack size 12 bytes, lib_gpio.o(.text))
<BR><BR>[Stack]<UL><LI>Max Depth = 20<LI>Call Chain = GPIO_SetFuncxRegFromPin &rArr; __ARM_common_switch8
</UL>
<BR>[Calls]<UL><LI><a href="#[2d]">&gt;&gt;</a>&nbsp;&nbsp;&nbsp;__ARM_common_switch8
</UL>
<BR>[Called By]<UL><LI><a href="#[35]">&gt;&gt;</a>&nbsp;&nbsp;&nbsp;GPIO_Init
</UL>

<P><STRONG><a name="[2e]"></a>GPIO_GetNormalBitOffsetFromPin</STRONG> (Thumb, 250 bytes, Stack size 4 bytes, lib_gpio.o(.text))
<BR><BR>[Stack]<UL><LI>Max Depth = 12<LI>Call Chain = GPIO_GetNormalBitOffsetFromPin &rArr; __ARM_common_switch8
</UL>
<BR>[Calls]<UL><LI><a href="#[2d]">&gt;&gt;</a>&nbsp;&nbsp;&nbsp;__ARM_common_switch8
</UL>
<BR>[Called By]<UL><LI><a href="#[3a]">&gt;&gt;</a>&nbsp;&nbsp;&nbsp;GPIO_ToggleBit
<LI><a href="#[39]">&gt;&gt;</a>&nbsp;&nbsp;&nbsp;GPIO_ResetBit
<LI><a href="#[38]">&gt;&gt;</a>&nbsp;&nbsp;&nbsp;GPIO_SetBit
<LI><a href="#[37]">&gt;&gt;</a>&nbsp;&nbsp;&nbsp;GPIO_WriteBit
<LI><a href="#[36]">&gt;&gt;</a>&nbsp;&nbsp;&nbsp;GPIO_ReadBit
<LI><a href="#[34]">&gt;&gt;</a>&nbsp;&nbsp;&nbsp;GPIO_SetSingalTypeFromPin
<LI><a href="#[33]">&gt;&gt;</a>&nbsp;&nbsp;&nbsp;GPIO_SetPDERegFromPin
<LI><a href="#[32]">&gt;&gt;</a>&nbsp;&nbsp;&nbsp;GPIO_SetPUERegFromPin
<LI><a href="#[31]">&gt;&gt;</a>&nbsp;&nbsp;&nbsp;GPIO_SetDSRegFromPin
<LI><a href="#[30]">&gt;&gt;</a>&nbsp;&nbsp;&nbsp;GPIO_SetODERegFromPin
<LI><a href="#[2f]">&gt;&gt;</a>&nbsp;&nbsp;&nbsp;GPIO_SetDirRegFromPin
</UL>

<P><STRONG><a name="[2f]"></a>GPIO_SetDirRegFromPin</STRONG> (Thumb, 70 bytes, Stack size 12 bytes, lib_gpio.o(.text))
<BR><BR>[Stack]<UL><LI>Max Depth = 24<LI>Call Chain = GPIO_SetDirRegFromPin &rArr; GPIO_GetNormalBitOffsetFromPin &rArr; __ARM_common_switch8
</UL>
<BR>[Calls]<UL><LI><a href="#[2e]">&gt;&gt;</a>&nbsp;&nbsp;&nbsp;GPIO_GetNormalBitOffsetFromPin
</UL>
<BR>[Called By]<UL><LI><a href="#[35]">&gt;&gt;</a>&nbsp;&nbsp;&nbsp;GPIO_Init
</UL>

<P><STRONG><a name="[30]"></a>GPIO_SetODERegFromPin</STRONG> (Thumb, 98 bytes, Stack size 12 bytes, lib_gpio.o(.text))
<BR><BR>[Stack]<UL><LI>Max Depth = 24<LI>Call Chain = GPIO_SetODERegFromPin &rArr; GPIO_GetNormalBitOffsetFromPin &rArr; __ARM_common_switch8
</UL>
<BR>[Calls]<UL><LI><a href="#[2e]">&gt;&gt;</a>&nbsp;&nbsp;&nbsp;GPIO_GetNormalBitOffsetFromPin
</UL>
<BR>[Called By]<UL><LI><a href="#[35]">&gt;&gt;</a>&nbsp;&nbsp;&nbsp;GPIO_Init
</UL>

<P><STRONG><a name="[31]"></a>GPIO_SetDSRegFromPin</STRONG> (Thumb, 106 bytes, Stack size 12 bytes, lib_gpio.o(.text))
<BR><BR>[Stack]<UL><LI>Max Depth = 24<LI>Call Chain = GPIO_SetDSRegFromPin &rArr; GPIO_GetNormalBitOffsetFromPin &rArr; __ARM_common_switch8
</UL>
<BR>[Calls]<UL><LI><a href="#[2e]">&gt;&gt;</a>&nbsp;&nbsp;&nbsp;GPIO_GetNormalBitOffsetFromPin
</UL>
<BR>[Called By]<UL><LI><a href="#[35]">&gt;&gt;</a>&nbsp;&nbsp;&nbsp;GPIO_Init
</UL>

<P><STRONG><a name="[32]"></a>GPIO_SetPUERegFromPin</STRONG> (Thumb, 98 bytes, Stack size 12 bytes, lib_gpio.o(.text))
<BR><BR>[Stack]<UL><LI>Max Depth = 24<LI>Call Chain = GPIO_SetPUERegFromPin &rArr; GPIO_GetNormalBitOffsetFromPin &rArr; __ARM_common_switch8
</UL>
<BR>[Calls]<UL><LI><a href="#[2e]">&gt;&gt;</a>&nbsp;&nbsp;&nbsp;GPIO_GetNormalBitOffsetFromPin
</UL>
<BR>[Called By]<UL><LI><a href="#[35]">&gt;&gt;</a>&nbsp;&nbsp;&nbsp;GPIO_Init
</UL>

<P><STRONG><a name="[33]"></a>GPIO_SetPDERegFromPin</STRONG> (Thumb, 108 bytes, Stack size 12 bytes, lib_gpio.o(.text))
<BR><BR>[Stack]<UL><LI>Max Depth = 24<LI>Call Chain = GPIO_SetPDERegFromPin &rArr; GPIO_GetNormalBitOffsetFromPin &rArr; __ARM_common_switch8
</UL>
<BR>[Calls]<UL><LI><a href="#[2e]">&gt;&gt;</a>&nbsp;&nbsp;&nbsp;GPIO_GetNormalBitOffsetFromPin
</UL>
<BR>[Called By]<UL><LI><a href="#[35]">&gt;&gt;</a>&nbsp;&nbsp;&nbsp;GPIO_Init
</UL>

<P><STRONG><a name="[34]"></a>GPIO_SetSingalTypeFromPin</STRONG> (Thumb, 106 bytes, Stack size 12 bytes, lib_gpio.o(.text))
<BR><BR>[Stack]<UL><LI>Max Depth = 24<LI>Call Chain = GPIO_SetSingalTypeFromPin &rArr; GPIO_GetNormalBitOffsetFromPin &rArr; __ARM_common_switch8
</UL>
<BR>[Calls]<UL><LI><a href="#[2e]">&gt;&gt;</a>&nbsp;&nbsp;&nbsp;GPIO_GetNormalBitOffsetFromPin
</UL>
<BR>[Called By]<UL><LI><a href="#[35]">&gt;&gt;</a>&nbsp;&nbsp;&nbsp;GPIO_Init
</UL>

<P><STRONG><a name="[35]"></a>GPIO_Init</STRONG> (Thumb, 102 bytes, Stack size 12 bytes, lib_gpio.o(.text))
<BR><BR>[Stack]<UL><LI>Max Depth = 36<LI>Call Chain = GPIO_Init &rArr; GPIO_SetSingalTypeFromPin &rArr; GPIO_GetNormalBitOffsetFromPin &rArr; __ARM_common_switch8
</UL>
<BR>[Calls]<UL><LI><a href="#[34]">&gt;&gt;</a>&nbsp;&nbsp;&nbsp;GPIO_SetSingalTypeFromPin
<LI><a href="#[33]">&gt;&gt;</a>&nbsp;&nbsp;&nbsp;GPIO_SetPDERegFromPin
<LI><a href="#[32]">&gt;&gt;</a>&nbsp;&nbsp;&nbsp;GPIO_SetPUERegFromPin
<LI><a href="#[31]">&gt;&gt;</a>&nbsp;&nbsp;&nbsp;GPIO_SetDSRegFromPin
<LI><a href="#[30]">&gt;&gt;</a>&nbsp;&nbsp;&nbsp;GPIO_SetODERegFromPin
<LI><a href="#[2f]">&gt;&gt;</a>&nbsp;&nbsp;&nbsp;GPIO_SetDirRegFromPin
<LI><a href="#[2c]">&gt;&gt;</a>&nbsp;&nbsp;&nbsp;GPIO_SetFuncxRegFromPin
</UL>
<BR>[Called By]<UL><LI><a href="#[58]">&gt;&gt;</a>&nbsp;&nbsp;&nbsp;Init_Buzzer
<LI><a href="#[d5]">&gt;&gt;</a>&nbsp;&nbsp;&nbsp;UART1Init
<LI><a href="#[d4]">&gt;&gt;</a>&nbsp;&nbsp;&nbsp;UART0Init
<LI><a href="#[d6]">&gt;&gt;</a>&nbsp;&nbsp;&nbsp;ADCInitALL
<LI><a href="#[ce]">&gt;&gt;</a>&nbsp;&nbsp;&nbsp;McuIoInit
<LI><a href="#[78]">&gt;&gt;</a>&nbsp;&nbsp;&nbsp;Fan_Pwm_Off
<LI><a href="#[69]">&gt;&gt;</a>&nbsp;&nbsp;&nbsp;T32NxInit
</UL>

<P><STRONG><a name="[36]"></a>GPIO_ReadBit</STRONG> (Thumb, 44 bytes, Stack size 12 bytes, lib_gpio.o(.text), UNUSED)
<BR><BR>[Calls]<UL><LI><a href="#[2e]">&gt;&gt;</a>&nbsp;&nbsp;&nbsp;GPIO_GetNormalBitOffsetFromPin
</UL>

<P><STRONG><a name="[37]"></a>GPIO_WriteBit</STRONG> (Thumb, 74 bytes, Stack size 12 bytes, lib_gpio.o(.text))
<BR><BR>[Stack]<UL><LI>Max Depth = 24<LI>Call Chain = GPIO_WriteBit &rArr; GPIO_GetNormalBitOffsetFromPin &rArr; __ARM_common_switch8
</UL>
<BR>[Calls]<UL><LI><a href="#[2e]">&gt;&gt;</a>&nbsp;&nbsp;&nbsp;GPIO_GetNormalBitOffsetFromPin
</UL>
<BR>[Called By]<UL><LI><a href="#[78]">&gt;&gt;</a>&nbsp;&nbsp;&nbsp;Fan_Pwm_Off
</UL>

<P><STRONG><a name="[38]"></a>GPIO_SetBit</STRONG> (Thumb, 40 bytes, Stack size 8 bytes, lib_gpio.o(.text))
<BR><BR>[Stack]<UL><LI>Max Depth = 20<LI>Call Chain = GPIO_SetBit &rArr; GPIO_GetNormalBitOffsetFromPin &rArr; __ARM_common_switch8
</UL>
<BR>[Calls]<UL><LI><a href="#[2e]">&gt;&gt;</a>&nbsp;&nbsp;&nbsp;GPIO_GetNormalBitOffsetFromPin
</UL>
<BR>[Called By]<UL><LI><a href="#[67]">&gt;&gt;</a>&nbsp;&nbsp;&nbsp;HW_IOSet_BuzV
<LI><a href="#[54]">&gt;&gt;</a>&nbsp;&nbsp;&nbsp;HW_IOSet_BuzF
<LI><a href="#[ff]">&gt;&gt;</a>&nbsp;&nbsp;&nbsp;RGBProcess
<LI><a href="#[e7]">&gt;&gt;</a>&nbsp;&nbsp;&nbsp;HW_IOSet_DCFanPowerDrv
<LI><a href="#[e6]">&gt;&gt;</a>&nbsp;&nbsp;&nbsp;HW_IOSet_DCDrv
<LI><a href="#[e5]">&gt;&gt;</a>&nbsp;&nbsp;&nbsp;HW_IOSet_Ionizer
<LI><a href="#[ce]">&gt;&gt;</a>&nbsp;&nbsp;&nbsp;McuIoInit
<LI><a href="#[bf]">&gt;&gt;</a>&nbsp;&nbsp;&nbsp;HW_IOSet_RGB
<LI><a href="#[8b]">&gt;&gt;</a>&nbsp;&nbsp;&nbsp;HW_IOSet_TM1623STB
<LI><a href="#[8d]">&gt;&gt;</a>&nbsp;&nbsp;&nbsp;HW_IOSet_TM1623DATA
<LI><a href="#[8c]">&gt;&gt;</a>&nbsp;&nbsp;&nbsp;HW_IOSet_TM1623CLK
<LI><a href="#[68]">&gt;&gt;</a>&nbsp;&nbsp;&nbsp;DCMotoPower
</UL>

<P><STRONG><a name="[39]"></a>GPIO_ResetBit</STRONG> (Thumb, 40 bytes, Stack size 8 bytes, lib_gpio.o(.text))
<BR><BR>[Stack]<UL><LI>Max Depth = 20<LI>Call Chain = GPIO_ResetBit &rArr; GPIO_GetNormalBitOffsetFromPin &rArr; __ARM_common_switch8
</UL>
<BR>[Calls]<UL><LI><a href="#[2e]">&gt;&gt;</a>&nbsp;&nbsp;&nbsp;GPIO_GetNormalBitOffsetFromPin
</UL>
<BR>[Called By]<UL><LI><a href="#[67]">&gt;&gt;</a>&nbsp;&nbsp;&nbsp;HW_IOSet_BuzV
<LI><a href="#[54]">&gt;&gt;</a>&nbsp;&nbsp;&nbsp;HW_IOSet_BuzF
<LI><a href="#[ff]">&gt;&gt;</a>&nbsp;&nbsp;&nbsp;RGBProcess
<LI><a href="#[e7]">&gt;&gt;</a>&nbsp;&nbsp;&nbsp;HW_IOSet_DCFanPowerDrv
<LI><a href="#[e6]">&gt;&gt;</a>&nbsp;&nbsp;&nbsp;HW_IOSet_DCDrv
<LI><a href="#[e5]">&gt;&gt;</a>&nbsp;&nbsp;&nbsp;HW_IOSet_Ionizer
<LI><a href="#[bf]">&gt;&gt;</a>&nbsp;&nbsp;&nbsp;HW_IOSet_RGB
<LI><a href="#[8b]">&gt;&gt;</a>&nbsp;&nbsp;&nbsp;HW_IOSet_TM1623STB
<LI><a href="#[8d]">&gt;&gt;</a>&nbsp;&nbsp;&nbsp;HW_IOSet_TM1623DATA
<LI><a href="#[8c]">&gt;&gt;</a>&nbsp;&nbsp;&nbsp;HW_IOSet_TM1623CLK
<LI><a href="#[68]">&gt;&gt;</a>&nbsp;&nbsp;&nbsp;DCMotoPower
</UL>

<P><STRONG><a name="[3a]"></a>GPIO_ToggleBit</STRONG> (Thumb, 40 bytes, Stack size 8 bytes, lib_gpio.o(.text), UNUSED)
<BR><BR>[Calls]<UL><LI><a href="#[2e]">&gt;&gt;</a>&nbsp;&nbsp;&nbsp;GPIO_GetNormalBitOffsetFromPin
</UL>

<P><STRONG><a name="[3b]"></a>PINT_GetPINTxIndexFromPin</STRONG> (Thumb, 174 bytes, Stack size 4 bytes, lib_gpio.o(.text), UNUSED)
<BR><BR>[Calls]<UL><LI><a href="#[2d]">&gt;&gt;</a>&nbsp;&nbsp;&nbsp;__ARM_common_switch8
</UL>
<BR>[Called By]<UL><LI><a href="#[41]">&gt;&gt;</a>&nbsp;&nbsp;&nbsp;PINT_GetITFlag
<LI><a href="#[40]">&gt;&gt;</a>&nbsp;&nbsp;&nbsp;PINT_ClearITFlag
<LI><a href="#[3e]">&gt;&gt;</a>&nbsp;&nbsp;&nbsp;PINT_SetEnableOrNotFromPin
<LI><a href="#[3c]">&gt;&gt;</a>&nbsp;&nbsp;&nbsp;PINT_SetTriggerStyleFromPin
</UL>

<P><STRONG><a name="[3c]"></a>PINT_SetTriggerStyleFromPin</STRONG> (Thumb, 104 bytes, Stack size 16 bytes, lib_gpio.o(.text), UNUSED)
<BR><BR>[Calls]<UL><LI><a href="#[2d]">&gt;&gt;</a>&nbsp;&nbsp;&nbsp;__ARM_common_switch8
<LI><a href="#[3b]">&gt;&gt;</a>&nbsp;&nbsp;&nbsp;PINT_GetPINTxIndexFromPin
</UL>
<BR>[Called By]<UL><LI><a href="#[3f]">&gt;&gt;</a>&nbsp;&nbsp;&nbsp;PINT_Init
</UL>

<P><STRONG><a name="[3d]"></a>PINT_GetSELxIndexFromPin</STRONG> (Thumb, 170 bytes, Stack size 4 bytes, lib_gpio.o(.text), UNUSED)
<BR><BR>[Calls]<UL><LI><a href="#[2d]">&gt;&gt;</a>&nbsp;&nbsp;&nbsp;__ARM_common_switch8
</UL>
<BR>[Called By]<UL><LI><a href="#[3e]">&gt;&gt;</a>&nbsp;&nbsp;&nbsp;PINT_SetEnableOrNotFromPin
</UL>

<P><STRONG><a name="[3e]"></a>PINT_SetEnableOrNotFromPin</STRONG> (Thumb, 148 bytes, Stack size 20 bytes, lib_gpio.o(.text), UNUSED)
<BR><BR>[Calls]<UL><LI><a href="#[3d]">&gt;&gt;</a>&nbsp;&nbsp;&nbsp;PINT_GetSELxIndexFromPin
<LI><a href="#[3b]">&gt;&gt;</a>&nbsp;&nbsp;&nbsp;PINT_GetPINTxIndexFromPin
</UL>
<BR>[Called By]<UL><LI><a href="#[3f]">&gt;&gt;</a>&nbsp;&nbsp;&nbsp;PINT_Init
</UL>

<P><STRONG><a name="[3f]"></a>PINT_Init</STRONG> (Thumb, 24 bytes, Stack size 12 bytes, lib_gpio.o(.text), UNUSED)
<BR><BR>[Calls]<UL><LI><a href="#[3e]">&gt;&gt;</a>&nbsp;&nbsp;&nbsp;PINT_SetEnableOrNotFromPin
<LI><a href="#[3c]">&gt;&gt;</a>&nbsp;&nbsp;&nbsp;PINT_SetTriggerStyleFromPin
</UL>

<P><STRONG><a name="[40]"></a>PINT_ClearITFlag</STRONG> (Thumb, 28 bytes, Stack size 12 bytes, lib_gpio.o(.text), UNUSED)
<BR><BR>[Calls]<UL><LI><a href="#[3b]">&gt;&gt;</a>&nbsp;&nbsp;&nbsp;PINT_GetPINTxIndexFromPin
</UL>

<P><STRONG><a name="[41]"></a>PINT_GetITFlag</STRONG> (Thumb, 30 bytes, Stack size 12 bytes, lib_gpio.o(.text), UNUSED)
<BR><BR>[Calls]<UL><LI><a href="#[3b]">&gt;&gt;</a>&nbsp;&nbsp;&nbsp;PINT_GetPINTxIndexFromPin
</UL>

<P><STRONG><a name="[42]"></a>KINT_GetKINTxIndexFromPin</STRONG> (Thumb, 174 bytes, Stack size 4 bytes, lib_gpio.o(.text))
<BR><BR>[Stack]<UL><LI>Max Depth = 12<LI>Call Chain = KINT_GetKINTxIndexFromPin &rArr; __ARM_common_switch8
</UL>
<BR>[Calls]<UL><LI><a href="#[2d]">&gt;&gt;</a>&nbsp;&nbsp;&nbsp;__ARM_common_switch8
</UL>
<BR>[Called By]<UL><LI><a href="#[48]">&gt;&gt;</a>&nbsp;&nbsp;&nbsp;KINT_GetITFlag
<LI><a href="#[47]">&gt;&gt;</a>&nbsp;&nbsp;&nbsp;KINT_ClearITFlag
<LI><a href="#[45]">&gt;&gt;</a>&nbsp;&nbsp;&nbsp;KINT_SetEnableOrNotFromPin
<LI><a href="#[43]">&gt;&gt;</a>&nbsp;&nbsp;&nbsp;KINT_SetTriggerStyleFromPin
</UL>

<P><STRONG><a name="[43]"></a>KINT_SetTriggerStyleFromPin</STRONG> (Thumb, 104 bytes, Stack size 16 bytes, lib_gpio.o(.text))
<BR><BR>[Stack]<UL><LI>Max Depth = 28<LI>Call Chain = KINT_SetTriggerStyleFromPin &rArr; KINT_GetKINTxIndexFromPin &rArr; __ARM_common_switch8
</UL>
<BR>[Calls]<UL><LI><a href="#[2d]">&gt;&gt;</a>&nbsp;&nbsp;&nbsp;__ARM_common_switch8
<LI><a href="#[42]">&gt;&gt;</a>&nbsp;&nbsp;&nbsp;KINT_GetKINTxIndexFromPin
</UL>
<BR>[Called By]<UL><LI><a href="#[46]">&gt;&gt;</a>&nbsp;&nbsp;&nbsp;KINT_Init
</UL>

<P><STRONG><a name="[44]"></a>KINT_GetSelxIndexFromPin</STRONG> (Thumb, 170 bytes, Stack size 4 bytes, lib_gpio.o(.text))
<BR><BR>[Stack]<UL><LI>Max Depth = 12<LI>Call Chain = KINT_GetSelxIndexFromPin &rArr; __ARM_common_switch8
</UL>
<BR>[Calls]<UL><LI><a href="#[2d]">&gt;&gt;</a>&nbsp;&nbsp;&nbsp;__ARM_common_switch8
</UL>
<BR>[Called By]<UL><LI><a href="#[45]">&gt;&gt;</a>&nbsp;&nbsp;&nbsp;KINT_SetEnableOrNotFromPin
</UL>

<P><STRONG><a name="[45]"></a>KINT_SetEnableOrNotFromPin</STRONG> (Thumb, 132 bytes, Stack size 20 bytes, lib_gpio.o(.text))
<BR><BR>[Stack]<UL><LI>Max Depth = 32<LI>Call Chain = KINT_SetEnableOrNotFromPin &rArr; KINT_GetSelxIndexFromPin &rArr; __ARM_common_switch8
</UL>
<BR>[Calls]<UL><LI><a href="#[44]">&gt;&gt;</a>&nbsp;&nbsp;&nbsp;KINT_GetSelxIndexFromPin
<LI><a href="#[42]">&gt;&gt;</a>&nbsp;&nbsp;&nbsp;KINT_GetKINTxIndexFromPin
</UL>
<BR>[Called By]<UL><LI><a href="#[46]">&gt;&gt;</a>&nbsp;&nbsp;&nbsp;KINT_Init
</UL>

<P><STRONG><a name="[46]"></a>KINT_Init</STRONG> (Thumb, 24 bytes, Stack size 12 bytes, lib_gpio.o(.text))
<BR><BR>[Stack]<UL><LI>Max Depth = 44<LI>Call Chain = KINT_Init &rArr; KINT_SetEnableOrNotFromPin &rArr; KINT_GetSelxIndexFromPin &rArr; __ARM_common_switch8
</UL>
<BR>[Calls]<UL><LI><a href="#[45]">&gt;&gt;</a>&nbsp;&nbsp;&nbsp;KINT_SetEnableOrNotFromPin
<LI><a href="#[43]">&gt;&gt;</a>&nbsp;&nbsp;&nbsp;KINT_SetTriggerStyleFromPin
</UL>
<BR>[Called By]<UL><LI><a href="#[ce]">&gt;&gt;</a>&nbsp;&nbsp;&nbsp;McuIoInit
</UL>

<P><STRONG><a name="[47]"></a>KINT_ClearITFlag</STRONG> (Thumb, 24 bytes, Stack size 12 bytes, lib_gpio.o(.text))
<BR><BR>[Stack]<UL><LI>Max Depth = 24<LI>Call Chain = KINT_ClearITFlag &rArr; KINT_GetKINTxIndexFromPin &rArr; __ARM_common_switch8
</UL>
<BR>[Calls]<UL><LI><a href="#[42]">&gt;&gt;</a>&nbsp;&nbsp;&nbsp;KINT_GetKINTxIndexFromPin
</UL>
<BR>[Called By]<UL><LI><a href="#[15]">&gt;&gt;</a>&nbsp;&nbsp;&nbsp;KINT_IRQHandler
</UL>

<P><STRONG><a name="[48]"></a>KINT_GetITFlag</STRONG> (Thumb, 30 bytes, Stack size 12 bytes, lib_gpio.o(.text))
<BR><BR>[Stack]<UL><LI>Max Depth = 24<LI>Call Chain = KINT_GetITFlag &rArr; KINT_GetKINTxIndexFromPin &rArr; __ARM_common_switch8
</UL>
<BR>[Calls]<UL><LI><a href="#[42]">&gt;&gt;</a>&nbsp;&nbsp;&nbsp;KINT_GetKINTxIndexFromPin
</UL>
<BR>[Called By]<UL><LI><a href="#[15]">&gt;&gt;</a>&nbsp;&nbsp;&nbsp;KINT_IRQHandler
</UL>

<P><STRONG><a name="[16c]"></a>GPIO_TX0Config</STRONG> (Thumb, 82 bytes, Stack size 12 bytes, lib_gpio.o(.text), UNUSED)

<P><STRONG><a name="[16d]"></a>GPIO_TX1Config</STRONG> (Thumb, 88 bytes, Stack size 16 bytes, lib_gpio.o(.text), UNUSED)

<P><STRONG><a name="[74]"></a>NVIC_Init</STRONG> (Thumb, 94 bytes, Stack size 12 bytes, lib_scs.o(.text))
<BR><BR>[Stack]<UL><LI>Max Depth = 12<LI>Call Chain = NVIC_Init
</UL>
<BR>[Called By]<UL><LI><a href="#[d5]">&gt;&gt;</a>&nbsp;&nbsp;&nbsp;UART1Init
<LI><a href="#[d4]">&gt;&gt;</a>&nbsp;&nbsp;&nbsp;UART0Init
<LI><a href="#[d2]">&gt;&gt;</a>&nbsp;&nbsp;&nbsp;T16N2Init
<LI><a href="#[d0]">&gt;&gt;</a>&nbsp;&nbsp;&nbsp;T16N0Init
<LI><a href="#[cf]">&gt;&gt;</a>&nbsp;&nbsp;&nbsp;WdtInit
<LI><a href="#[69]">&gt;&gt;</a>&nbsp;&nbsp;&nbsp;T32NxInit
</UL>

<P><STRONG><a name="[16e]"></a>SCB_SystemLPConfig</STRONG> (Thumb, 28 bytes, Stack size 0 bytes, lib_scs.o(.text), UNUSED)

<P><STRONG><a name="[16f]"></a>SCB_GetCpuID</STRONG> (Thumb, 6 bytes, Stack size 0 bytes, lib_scs.o(.text), UNUSED)

<P><STRONG><a name="[170]"></a>SysTick_Init</STRONG> (Thumb, 60 bytes, Stack size 0 bytes, lib_scs.o(.text), UNUSED)

<P><STRONG><a name="[59]"></a>T16Nx_BaseInit</STRONG> (Thumb, 92 bytes, Stack size 8 bytes, lib_timer.o(.text))
<BR><BR>[Stack]<UL><LI>Max Depth = 8<LI>Call Chain = T16Nx_BaseInit
</UL>
<BR>[Called By]<UL><LI><a href="#[58]">&gt;&gt;</a>&nbsp;&nbsp;&nbsp;Init_Buzzer
<LI><a href="#[d2]">&gt;&gt;</a>&nbsp;&nbsp;&nbsp;T16N2Init
<LI><a href="#[d0]">&gt;&gt;</a>&nbsp;&nbsp;&nbsp;T16N0Init
</UL>

<P><STRONG><a name="[171]"></a>T16Nx_CapInit</STRONG> (Thumb, 132 bytes, Stack size 8 bytes, lib_timer.o(.text), UNUSED)

<P><STRONG><a name="[5a]"></a>T16Nx_PMWOutInit</STRONG> (Thumb, 110 bytes, Stack size 8 bytes, lib_timer.o(.text))
<BR><BR>[Stack]<UL><LI>Max Depth = 8<LI>Call Chain = T16Nx_PMWOutInit
</UL>
<BR>[Called By]<UL><LI><a href="#[58]">&gt;&gt;</a>&nbsp;&nbsp;&nbsp;Init_Buzzer
</UL>

<P><STRONG><a name="[172]"></a>T16Nx_PWMPDZ_Config</STRONG> (Thumb, 16 bytes, Stack size 0 bytes, lib_timer.o(.text), UNUSED)

<P><STRONG><a name="[5b]"></a>T16Nx_MAT0ITConfig</STRONG> (Thumb, 24 bytes, Stack size 8 bytes, lib_timer.o(.text))
<BR><BR>[Stack]<UL><LI>Max Depth = 8<LI>Call Chain = T16Nx_MAT0ITConfig
</UL>
<BR>[Called By]<UL><LI><a href="#[58]">&gt;&gt;</a>&nbsp;&nbsp;&nbsp;Init_Buzzer
<LI><a href="#[d2]">&gt;&gt;</a>&nbsp;&nbsp;&nbsp;T16N2Init
<LI><a href="#[d0]">&gt;&gt;</a>&nbsp;&nbsp;&nbsp;T16N0Init
</UL>

<P><STRONG><a name="[5d]"></a>T16Nx_MAT1ITConfig</STRONG> (Thumb, 24 bytes, Stack size 8 bytes, lib_timer.o(.text))
<BR><BR>[Stack]<UL><LI>Max Depth = 8<LI>Call Chain = T16Nx_MAT1ITConfig
</UL>
<BR>[Called By]<UL><LI><a href="#[58]">&gt;&gt;</a>&nbsp;&nbsp;&nbsp;Init_Buzzer
</UL>

<P><STRONG><a name="[173]"></a>T16Nx_MAT2ITConfig</STRONG> (Thumb, 24 bytes, Stack size 8 bytes, lib_timer.o(.text), UNUSED)

<P><STRONG><a name="[174]"></a>T16Nx_MAT3ITConfig</STRONG> (Thumb, 24 bytes, Stack size 8 bytes, lib_timer.o(.text), UNUSED)

<P><STRONG><a name="[5c]"></a>T16Nx_MAT0Out0Config</STRONG> (Thumb, 24 bytes, Stack size 8 bytes, lib_timer.o(.text))
<BR><BR>[Stack]<UL><LI>Max Depth = 8<LI>Call Chain = T16Nx_MAT0Out0Config
</UL>
<BR>[Called By]<UL><LI><a href="#[58]">&gt;&gt;</a>&nbsp;&nbsp;&nbsp;Init_Buzzer
</UL>

<P><STRONG><a name="[5e]"></a>T16Nx_MAT1Out0Config</STRONG> (Thumb, 24 bytes, Stack size 8 bytes, lib_timer.o(.text))
<BR><BR>[Stack]<UL><LI>Max Depth = 8<LI>Call Chain = T16Nx_MAT1Out0Config
</UL>
<BR>[Called By]<UL><LI><a href="#[58]">&gt;&gt;</a>&nbsp;&nbsp;&nbsp;Init_Buzzer
</UL>

<P><STRONG><a name="[175]"></a>T16Nx_MAT2Out1Config</STRONG> (Thumb, 24 bytes, Stack size 8 bytes, lib_timer.o(.text), UNUSED)

<P><STRONG><a name="[176]"></a>T16Nx_MAT3Out1Config</STRONG> (Thumb, 24 bytes, Stack size 8 bytes, lib_timer.o(.text), UNUSED)

<P><STRONG><a name="[d1]"></a>T16Nx_ITConfig</STRONG> (Thumb, 20 bytes, Stack size 0 bytes, lib_timer.o(.text))
<BR><BR>[Called By]<UL><LI><a href="#[d2]">&gt;&gt;</a>&nbsp;&nbsp;&nbsp;T16N2Init
<LI><a href="#[d0]">&gt;&gt;</a>&nbsp;&nbsp;&nbsp;T16N0Init
</UL>

<P><STRONG><a name="[5f]"></a>T16Nx_SetCNT0</STRONG> (Thumb, 30 bytes, Stack size 0 bytes, lib_timer.o(.text))
<BR><BR>[Called By]<UL><LI><a href="#[58]">&gt;&gt;</a>&nbsp;&nbsp;&nbsp;Init_Buzzer
<LI><a href="#[d2]">&gt;&gt;</a>&nbsp;&nbsp;&nbsp;T16N2Init
<LI><a href="#[d0]">&gt;&gt;</a>&nbsp;&nbsp;&nbsp;T16N0Init
</UL>

<P><STRONG><a name="[177]"></a>T16Nx_SetCNT1</STRONG> (Thumb, 30 bytes, Stack size 0 bytes, lib_timer.o(.text), UNUSED)

<P><STRONG><a name="[178]"></a>T16Nx_SetPREMAT</STRONG> (Thumb, 16 bytes, Stack size 0 bytes, lib_timer.o(.text), UNUSED)

<P><STRONG><a name="[179]"></a>T16Nx_SetPRECNT</STRONG> (Thumb, 30 bytes, Stack size 0 bytes, lib_timer.o(.text), UNUSED)

<P><STRONG><a name="[61]"></a>T16Nx_SetMAT0</STRONG> (Thumb, 12 bytes, Stack size 0 bytes, lib_timer.o(.text))
<BR><BR>[Called By]<UL><LI><a href="#[60]">&gt;&gt;</a>&nbsp;&nbsp;&nbsp;HW_Buzzer_SetFreq
<LI><a href="#[d2]">&gt;&gt;</a>&nbsp;&nbsp;&nbsp;T16N2Init
<LI><a href="#[d0]">&gt;&gt;</a>&nbsp;&nbsp;&nbsp;T16N0Init
</UL>

<P><STRONG><a name="[62]"></a>T16Nx_SetMAT1</STRONG> (Thumb, 12 bytes, Stack size 0 bytes, lib_timer.o(.text))
<BR><BR>[Called By]<UL><LI><a href="#[60]">&gt;&gt;</a>&nbsp;&nbsp;&nbsp;HW_Buzzer_SetFreq
</UL>

<P><STRONG><a name="[17a]"></a>T16Nx_SetMAT2</STRONG> (Thumb, 12 bytes, Stack size 0 bytes, lib_timer.o(.text), UNUSED)

<P><STRONG><a name="[17b]"></a>T16Nx_SetMAT3</STRONG> (Thumb, 12 bytes, Stack size 0 bytes, lib_timer.o(.text), UNUSED)

<P><STRONG><a name="[17c]"></a>T16Nx_SetTOP0</STRONG> (Thumb, 12 bytes, Stack size 0 bytes, lib_timer.o(.text), UNUSED)

<P><STRONG><a name="[17d]"></a>T16Nx_SetTOP1</STRONG> (Thumb, 12 bytes, Stack size 0 bytes, lib_timer.o(.text), UNUSED)

<P><STRONG><a name="[17e]"></a>T16Nx_GetMAT0</STRONG> (Thumb, 8 bytes, Stack size 0 bytes, lib_timer.o(.text), UNUSED)

<P><STRONG><a name="[17f]"></a>T16Nx_GetMAT1</STRONG> (Thumb, 8 bytes, Stack size 0 bytes, lib_timer.o(.text), UNUSED)

<P><STRONG><a name="[180]"></a>T16Nx_GetMAT2</STRONG> (Thumb, 8 bytes, Stack size 0 bytes, lib_timer.o(.text), UNUSED)

<P><STRONG><a name="[181]"></a>T16Nx_GetMAT3</STRONG> (Thumb, 8 bytes, Stack size 0 bytes, lib_timer.o(.text), UNUSED)

<P><STRONG><a name="[182]"></a>T16Nx_GetTOP0</STRONG> (Thumb, 8 bytes, Stack size 0 bytes, lib_timer.o(.text), UNUSED)

<P><STRONG><a name="[183]"></a>T16Nx_GetTOP1</STRONG> (Thumb, 8 bytes, Stack size 0 bytes, lib_timer.o(.text), UNUSED)

<P><STRONG><a name="[184]"></a>T16Nx_GetCNT0</STRONG> (Thumb, 8 bytes, Stack size 0 bytes, lib_timer.o(.text), UNUSED)

<P><STRONG><a name="[185]"></a>T16Nx_GetCNT1</STRONG> (Thumb, 8 bytes, Stack size 0 bytes, lib_timer.o(.text), UNUSED)

<P><STRONG><a name="[139]"></a>T16Nx_GetFlagStatus</STRONG> (Thumb, 18 bytes, Stack size 0 bytes, lib_timer.o(.text))
<BR><BR>[Called By]<UL><LI><a href="#[10]">&gt;&gt;</a>&nbsp;&nbsp;&nbsp;T16N2_IRQHandler
<LI><a href="#[e]">&gt;&gt;</a>&nbsp;&nbsp;&nbsp;T16N0_IRQHandler
</UL>

<P><STRONG><a name="[13a]"></a>T16Nx_ClearITPendingBit</STRONG> (Thumb, 4 bytes, Stack size 0 bytes, lib_timer.o(.text))
<BR><BR>[Called By]<UL><LI><a href="#[10]">&gt;&gt;</a>&nbsp;&nbsp;&nbsp;T16N2_IRQHandler
<LI><a href="#[e]">&gt;&gt;</a>&nbsp;&nbsp;&nbsp;T16N0_IRQHandler
</UL>

<P><STRONG><a name="[55]"></a>T16Nx_Enable</STRONG> (Thumb, 12 bytes, Stack size 0 bytes, lib_timer.o(.text))
<BR><BR>[Called By]<UL><LI><a href="#[53]">&gt;&gt;</a>&nbsp;&nbsp;&nbsp;HW_Buzzer_Start
<LI><a href="#[d2]">&gt;&gt;</a>&nbsp;&nbsp;&nbsp;T16N2Init
<LI><a href="#[d0]">&gt;&gt;</a>&nbsp;&nbsp;&nbsp;T16N0Init
</UL>

<P><STRONG><a name="[57]"></a>T16Nx_Disable</STRONG> (Thumb, 10 bytes, Stack size 0 bytes, lib_timer.o(.text))
<BR><BR>[Called By]<UL><LI><a href="#[56]">&gt;&gt;</a>&nbsp;&nbsp;&nbsp;HW_Buzzer_Stop
</UL>

<P><STRONG><a name="[186]"></a>T16Nx_PWMBK_Config</STRONG> (Thumb, 116 bytes, Stack size 8 bytes, lib_timer.o(.text), UNUSED)

<P><STRONG><a name="[187]"></a>T16Nx_GetPWMBKF</STRONG> (Thumb, 18 bytes, Stack size 0 bytes, lib_timer.o(.text), UNUSED)

<P><STRONG><a name="[188]"></a>T16Nx_ResetPWMBKF</STRONG> (Thumb, 14 bytes, Stack size 0 bytes, lib_timer.o(.text), UNUSED)

<P><STRONG><a name="[189]"></a>T16Nx_PTR_Config</STRONG> (Thumb, 20 bytes, Stack size 0 bytes, lib_timer.o(.text), UNUSED)

<P><STRONG><a name="[6a]"></a>T32Nx_BaseInit</STRONG> (Thumb, 92 bytes, Stack size 8 bytes, lib_timer.o(.text))
<BR><BR>[Stack]<UL><LI>Max Depth = 8<LI>Call Chain = T32Nx_BaseInit
</UL>
<BR>[Called By]<UL><LI><a href="#[69]">&gt;&gt;</a>&nbsp;&nbsp;&nbsp;T32NxInit
</UL>

<P><STRONG><a name="[18a]"></a>T32Nx_CapInit</STRONG> (Thumb, 132 bytes, Stack size 8 bytes, lib_timer.o(.text), UNUSED)

<P><STRONG><a name="[6b]"></a>T32Nx_PMWOutInit</STRONG> (Thumb, 44 bytes, Stack size 8 bytes, lib_timer.o(.text))
<BR><BR>[Stack]<UL><LI>Max Depth = 8<LI>Call Chain = T32Nx_PMWOutInit
</UL>
<BR>[Called By]<UL><LI><a href="#[69]">&gt;&gt;</a>&nbsp;&nbsp;&nbsp;T32NxInit
</UL>

<P><STRONG><a name="[18b]"></a>T32Nx_MAT0ITConfig</STRONG> (Thumb, 24 bytes, Stack size 8 bytes, lib_timer.o(.text), UNUSED)

<P><STRONG><a name="[18c]"></a>T32Nx_MAT1ITConfig</STRONG> (Thumb, 24 bytes, Stack size 8 bytes, lib_timer.o(.text), UNUSED)

<P><STRONG><a name="[6c]"></a>T32Nx_MAT2ITConfig</STRONG> (Thumb, 24 bytes, Stack size 8 bytes, lib_timer.o(.text))
<BR><BR>[Stack]<UL><LI>Max Depth = 8<LI>Call Chain = T32Nx_MAT2ITConfig
</UL>
<BR>[Called By]<UL><LI><a href="#[69]">&gt;&gt;</a>&nbsp;&nbsp;&nbsp;T32NxInit
</UL>

<P><STRONG><a name="[6d]"></a>T32Nx_MAT3ITConfig</STRONG> (Thumb, 24 bytes, Stack size 8 bytes, lib_timer.o(.text))
<BR><BR>[Stack]<UL><LI>Max Depth = 8<LI>Call Chain = T32Nx_MAT3ITConfig
</UL>
<BR>[Called By]<UL><LI><a href="#[69]">&gt;&gt;</a>&nbsp;&nbsp;&nbsp;T32NxInit
</UL>

<P><STRONG><a name="[18d]"></a>T32Nx_MAT0Out0Config</STRONG> (Thumb, 24 bytes, Stack size 8 bytes, lib_timer.o(.text), UNUSED)

<P><STRONG><a name="[18e]"></a>T32Nx_MAT1Out0Config</STRONG> (Thumb, 24 bytes, Stack size 8 bytes, lib_timer.o(.text), UNUSED)

<P><STRONG><a name="[6e]"></a>T32Nx_MAT2Out1Config</STRONG> (Thumb, 24 bytes, Stack size 8 bytes, lib_timer.o(.text))
<BR><BR>[Stack]<UL><LI>Max Depth = 8<LI>Call Chain = T32Nx_MAT2Out1Config
</UL>
<BR>[Called By]<UL><LI><a href="#[69]">&gt;&gt;</a>&nbsp;&nbsp;&nbsp;T32NxInit
</UL>

<P><STRONG><a name="[6f]"></a>T32Nx_MAT3Out1Config</STRONG> (Thumb, 18 bytes, Stack size 0 bytes, lib_timer.o(.text))
<BR><BR>[Called By]<UL><LI><a href="#[69]">&gt;&gt;</a>&nbsp;&nbsp;&nbsp;T32NxInit
</UL>

<P><STRONG><a name="[73]"></a>T32Nx_ITConfig</STRONG> (Thumb, 20 bytes, Stack size 0 bytes, lib_timer.o(.text))
<BR><BR>[Called By]<UL><LI><a href="#[69]">&gt;&gt;</a>&nbsp;&nbsp;&nbsp;T32NxInit
</UL>

<P><STRONG><a name="[70]"></a>T32Nx_SetCNT</STRONG> (Thumb, 24 bytes, Stack size 0 bytes, lib_timer.o(.text))
<BR><BR>[Called By]<UL><LI><a href="#[69]">&gt;&gt;</a>&nbsp;&nbsp;&nbsp;T32NxInit
</UL>

<P><STRONG><a name="[18f]"></a>T32Nx_SetPREMAT</STRONG> (Thumb, 16 bytes, Stack size 0 bytes, lib_timer.o(.text), UNUSED)

<P><STRONG><a name="[190]"></a>T32Nx_SetPRECNT</STRONG> (Thumb, 30 bytes, Stack size 0 bytes, lib_timer.o(.text), UNUSED)

<P><STRONG><a name="[191]"></a>T32Nx_SetMAT0</STRONG> (Thumb, 6 bytes, Stack size 0 bytes, lib_timer.o(.text), UNUSED)

<P><STRONG><a name="[192]"></a>T32Nx_SetMAT1</STRONG> (Thumb, 6 bytes, Stack size 0 bytes, lib_timer.o(.text), UNUSED)

<P><STRONG><a name="[71]"></a>T32Nx_SetMAT2</STRONG> (Thumb, 6 bytes, Stack size 0 bytes, lib_timer.o(.text))
<BR><BR>[Called By]<UL><LI><a href="#[69]">&gt;&gt;</a>&nbsp;&nbsp;&nbsp;T32NxInit
</UL>

<P><STRONG><a name="[72]"></a>T32Nx_SetMAT3</STRONG> (Thumb, 6 bytes, Stack size 0 bytes, lib_timer.o(.text))
<BR><BR>[Called By]<UL><LI><a href="#[76]">&gt;&gt;</a>&nbsp;&nbsp;&nbsp;MotoPwmDutySet
<LI><a href="#[69]">&gt;&gt;</a>&nbsp;&nbsp;&nbsp;T32NxInit
</UL>

<P><STRONG><a name="[193]"></a>T32Nx_GetMAT0</STRONG> (Thumb, 6 bytes, Stack size 0 bytes, lib_timer.o(.text), UNUSED)

<P><STRONG><a name="[194]"></a>T32Nx_GetMAT1</STRONG> (Thumb, 6 bytes, Stack size 0 bytes, lib_timer.o(.text), UNUSED)

<P><STRONG><a name="[195]"></a>T32Nx_GetMAT2</STRONG> (Thumb, 6 bytes, Stack size 0 bytes, lib_timer.o(.text), UNUSED)

<P><STRONG><a name="[196]"></a>T32Nx_GetMAT3</STRONG> (Thumb, 6 bytes, Stack size 0 bytes, lib_timer.o(.text), UNUSED)

<P><STRONG><a name="[197]"></a>T32Nx_GetCNT</STRONG> (Thumb, 6 bytes, Stack size 0 bytes, lib_timer.o(.text), UNUSED)

<P><STRONG><a name="[80]"></a>T32Nx_GetFlagStatus</STRONG> (Thumb, 18 bytes, Stack size 0 bytes, lib_timer.o(.text))
<BR><BR>[Called By]<UL><LI><a href="#[12]">&gt;&gt;</a>&nbsp;&nbsp;&nbsp;T32N0_IRQHandler
</UL>

<P><STRONG><a name="[81]"></a>T32Nx_ClearITPendingBit</STRONG> (Thumb, 4 bytes, Stack size 0 bytes, lib_timer.o(.text))
<BR><BR>[Called By]<UL><LI><a href="#[12]">&gt;&gt;</a>&nbsp;&nbsp;&nbsp;T32N0_IRQHandler
</UL>

<P><STRONG><a name="[75]"></a>T32Nx_Enable</STRONG> (Thumb, 12 bytes, Stack size 0 bytes, lib_timer.o(.text))
<BR><BR>[Called By]<UL><LI><a href="#[69]">&gt;&gt;</a>&nbsp;&nbsp;&nbsp;T32NxInit
</UL>

<P><STRONG><a name="[7a]"></a>T32Nx_Disable</STRONG> (Thumb, 10 bytes, Stack size 0 bytes, lib_timer.o(.text))
<BR><BR>[Called By]<UL><LI><a href="#[79]">&gt;&gt;</a>&nbsp;&nbsp;&nbsp;sub_MotorDrvStop
</UL>

<P><STRONG><a name="[49]"></a>BUZC_Frequence</STRONG> (Thumb, 76 bytes, Stack size 24 bytes, lib_timer.o(.text), UNUSED)
<BR><BR>[Calls]<UL><LI><a href="#[4a]">&gt;&gt;</a>&nbsp;&nbsp;&nbsp;__aeabi_ui2f
<LI><a href="#[4b]">&gt;&gt;</a>&nbsp;&nbsp;&nbsp;__aeabi_f2uiz
<LI><a href="#[29]">&gt;&gt;</a>&nbsp;&nbsp;&nbsp;__aeabi_uidivmod
</UL>

<P><STRONG><a name="[4c]"></a>UART_Init</STRONG> (Thumb, 350 bytes, Stack size 40 bytes, lib_uart.o(.text))
<BR><BR>[Stack]<UL><LI>Max Depth = 60<LI>Call Chain = UART_Init &rArr; __aeabi_ui2f &rArr; _float_epilogue
</UL>
<BR>[Calls]<UL><LI><a href="#[51]">&gt;&gt;</a>&nbsp;&nbsp;&nbsp;__aeabi_fmul
<LI><a href="#[4d]">&gt;&gt;</a>&nbsp;&nbsp;&nbsp;__aeabi_fdiv
<LI><a href="#[4e]">&gt;&gt;</a>&nbsp;&nbsp;&nbsp;__aeabi_f2d
<LI><a href="#[50]">&gt;&gt;</a>&nbsp;&nbsp;&nbsp;__aeabi_d2f
<LI><a href="#[4f]">&gt;&gt;</a>&nbsp;&nbsp;&nbsp;__aeabi_cdcmple
<LI><a href="#[4a]">&gt;&gt;</a>&nbsp;&nbsp;&nbsp;__aeabi_ui2f
<LI><a href="#[4b]">&gt;&gt;</a>&nbsp;&nbsp;&nbsp;__aeabi_f2uiz
</UL>
<BR>[Called By]<UL><LI><a href="#[d5]">&gt;&gt;</a>&nbsp;&nbsp;&nbsp;UART1Init
</UL>

<P><STRONG><a name="[198]"></a>UART_AutoBaudConfig</STRONG> (Thumb, 36 bytes, Stack size 8 bytes, lib_uart.o(.text), UNUSED)

<P><STRONG><a name="[199]"></a>UART_BaudFreeConfig</STRONG> (Thumb, 36 bytes, Stack size 8 bytes, lib_uart.o(.text), UNUSED)

<P><STRONG><a name="[f5]"></a>UART_ITConfig</STRONG> (Thumb, 20 bytes, Stack size 0 bytes, lib_uart.o(.text))
<BR><BR>[Called By]<UL><LI><a href="#[f4]">&gt;&gt;</a>&nbsp;&nbsp;&nbsp;Uart1TxStart
<LI><a href="#[d5]">&gt;&gt;</a>&nbsp;&nbsp;&nbsp;UART1Init
</UL>

<P><STRONG><a name="[fb]"></a>UART_TBIMConfig</STRONG> (Thumb, 16 bytes, Stack size 0 bytes, lib_uart.o(.text))
<BR><BR>[Called By]<UL><LI><a href="#[d5]">&gt;&gt;</a>&nbsp;&nbsp;&nbsp;UART1Init
</UL>

<P><STRONG><a name="[fc]"></a>UART_RBIMConfig</STRONG> (Thumb, 20 bytes, Stack size 8 bytes, lib_uart.o(.text))
<BR><BR>[Stack]<UL><LI>Max Depth = 8<LI>Call Chain = UART_RBIMConfig
</UL>
<BR>[Called By]<UL><LI><a href="#[d5]">&gt;&gt;</a>&nbsp;&nbsp;&nbsp;UART1Init
</UL>

<P><STRONG><a name="[fa]"></a>UART_SendByte</STRONG> (Thumb, 6 bytes, Stack size 0 bytes, lib_uart.o(.text))
<BR><BR>[Called By]<UL><LI><a href="#[124]">&gt;&gt;</a>&nbsp;&nbsp;&nbsp;wifiSendByte
<LI><a href="#[f9]">&gt;&gt;</a>&nbsp;&nbsp;&nbsp;ISR_UART_TX
</UL>

<P><STRONG><a name="[19a]"></a>UART_SendHalfWord</STRONG> (Thumb, 4 bytes, Stack size 0 bytes, lib_uart.o(.text), UNUSED)

<P><STRONG><a name="[19b]"></a>UART_SendWord</STRONG> (Thumb, 4 bytes, Stack size 0 bytes, lib_uart.o(.text), UNUSED)

<P><STRONG><a name="[f8]"></a>UART_RecByte</STRONG> (Thumb, 8 bytes, Stack size 0 bytes, lib_uart.o(.text))
<BR><BR>[Called By]<UL><LI><a href="#[f7]">&gt;&gt;</a>&nbsp;&nbsp;&nbsp;ISR_UART_RX
</UL>

<P><STRONG><a name="[19c]"></a>UART_RecHalfWord</STRONG> (Thumb, 6 bytes, Stack size 0 bytes, lib_uart.o(.text), UNUSED)

<P><STRONG><a name="[19d]"></a>UART_RecWord</STRONG> (Thumb, 6 bytes, Stack size 0 bytes, lib_uart.o(.text), UNUSED)

<P><STRONG><a name="[19e]"></a>UART_GetStatus</STRONG> (Thumb, 14 bytes, Stack size 0 bytes, lib_uart.o(.text), UNUSED)

<P><STRONG><a name="[fe]"></a>UART_GetFlagStatus</STRONG> (Thumb, 14 bytes, Stack size 0 bytes, lib_uart.o(.text))
<BR><BR>[Called By]<UL><LI><a href="#[1a]">&gt;&gt;</a>&nbsp;&nbsp;&nbsp;UART1_IRQHandler
</UL>

<P><STRONG><a name="[fd]"></a>UART_GetITStatus</STRONG> (Thumb, 14 bytes, Stack size 0 bytes, lib_uart.o(.text))
<BR><BR>[Called By]<UL><LI><a href="#[1a]">&gt;&gt;</a>&nbsp;&nbsp;&nbsp;UART1_IRQHandler
</UL>

<P><STRONG><a name="[19f]"></a>UART_ClearITPendingBit</STRONG> (Thumb, 4 bytes, Stack size 0 bytes, lib_uart.o(.text), UNUSED)

<P><STRONG><a name="[52]"></a>WDT_Init</STRONG> (Thumb, 54 bytes, Stack size 16 bytes, lib_wdt.o(.text), UNUSED)
<BR><BR>[Calls]<UL><LI><a href="#[29]">&gt;&gt;</a>&nbsp;&nbsp;&nbsp;__aeabi_uidivmod
</UL>
<BR>[Called By]<UL><LI><a href="#[cf]">&gt;&gt;</a>&nbsp;&nbsp;&nbsp;WdtInit
</UL>

<P><STRONG><a name="[1a0]"></a>WDT_SetReloadValue</STRONG> (Thumb, 6 bytes, Stack size 0 bytes, lib_wdt.o(.text), UNUSED)

<P><STRONG><a name="[1a1]"></a>WDT_GetValue</STRONG> (Thumb, 6 bytes, Stack size 0 bytes, lib_wdt.o(.text), UNUSED)

<P><STRONG><a name="[1a2]"></a>WDT_GetFlagStatus</STRONG> (Thumb, 14 bytes, Stack size 0 bytes, lib_wdt.o(.text), UNUSED)

<P><STRONG><a name="[53]"></a>HW_Buzzer_Start</STRONG> (Thumb, 16 bytes, Stack size 8 bytes, buzzer.o(.text))
<BR><BR>[Stack]<UL><LI>Max Depth = 36<LI>Call Chain = HW_Buzzer_Start &rArr; HW_IOSet_BuzF &rArr; GPIO_ResetBit &rArr; GPIO_GetNormalBitOffsetFromPin &rArr; __ARM_common_switch8
</UL>
<BR>[Calls]<UL><LI><a href="#[54]">&gt;&gt;</a>&nbsp;&nbsp;&nbsp;HW_IOSet_BuzF
<LI><a href="#[55]">&gt;&gt;</a>&nbsp;&nbsp;&nbsp;T16Nx_Enable
</UL>
<BR>[Called By]<UL><LI><a href="#[65]">&gt;&gt;</a>&nbsp;&nbsp;&nbsp;API_Buzzer_Set
<LI><a href="#[63]">&gt;&gt;</a>&nbsp;&nbsp;&nbsp;Handle_Buzzer_Process
</UL>

<P><STRONG><a name="[56]"></a>HW_Buzzer_Stop</STRONG> (Thumb, 16 bytes, Stack size 8 bytes, buzzer.o(.text))
<BR><BR>[Stack]<UL><LI>Max Depth = 36<LI>Call Chain = HW_Buzzer_Stop &rArr; HW_IOSet_BuzF &rArr; GPIO_ResetBit &rArr; GPIO_GetNormalBitOffsetFromPin &rArr; __ARM_common_switch8
</UL>
<BR>[Calls]<UL><LI><a href="#[54]">&gt;&gt;</a>&nbsp;&nbsp;&nbsp;HW_IOSet_BuzF
<LI><a href="#[57]">&gt;&gt;</a>&nbsp;&nbsp;&nbsp;T16Nx_Disable
</UL>
<BR>[Called By]<UL><LI><a href="#[66]">&gt;&gt;</a>&nbsp;&nbsp;&nbsp;Api_Timer1Ms_Buzzer
<LI><a href="#[63]">&gt;&gt;</a>&nbsp;&nbsp;&nbsp;Handle_Buzzer_Process
</UL>

<P><STRONG><a name="[58]"></a>Init_Buzzer</STRONG> (Thumb, 156 bytes, Stack size 32 bytes, buzzer.o(.text))
<BR><BR>[Stack]<UL><LI>Max Depth = 68<LI>Call Chain = Init_Buzzer &rArr; GPIO_Init &rArr; GPIO_SetSingalTypeFromPin &rArr; GPIO_GetNormalBitOffsetFromPin &rArr; __ARM_common_switch8
</UL>
<BR>[Calls]<UL><LI><a href="#[5f]">&gt;&gt;</a>&nbsp;&nbsp;&nbsp;T16Nx_SetCNT0
<LI><a href="#[5e]">&gt;&gt;</a>&nbsp;&nbsp;&nbsp;T16Nx_MAT1Out0Config
<LI><a href="#[5c]">&gt;&gt;</a>&nbsp;&nbsp;&nbsp;T16Nx_MAT0Out0Config
<LI><a href="#[5d]">&gt;&gt;</a>&nbsp;&nbsp;&nbsp;T16Nx_MAT1ITConfig
<LI><a href="#[5b]">&gt;&gt;</a>&nbsp;&nbsp;&nbsp;T16Nx_MAT0ITConfig
<LI><a href="#[5a]">&gt;&gt;</a>&nbsp;&nbsp;&nbsp;T16Nx_PMWOutInit
<LI><a href="#[59]">&gt;&gt;</a>&nbsp;&nbsp;&nbsp;T16Nx_BaseInit
<LI><a href="#[35]">&gt;&gt;</a>&nbsp;&nbsp;&nbsp;GPIO_Init
</UL>
<BR>[Called By]<UL><LI><a href="#[60]">&gt;&gt;</a>&nbsp;&nbsp;&nbsp;HW_Buzzer_SetFreq
</UL>

<P><STRONG><a name="[64]"></a>sub_GetsTune</STRONG> (Thumb, 182 bytes, Stack size 0 bytes, buzzer.o(.text))
<BR><BR>[Called By]<UL><LI><a href="#[65]">&gt;&gt;</a>&nbsp;&nbsp;&nbsp;API_Buzzer_Set
<LI><a href="#[63]">&gt;&gt;</a>&nbsp;&nbsp;&nbsp;Handle_Buzzer_Process
</UL>

<P><STRONG><a name="[63]"></a>Handle_Buzzer_Process</STRONG> (Thumb, 86 bytes, Stack size 16 bytes, buzzer.o(.text))
<BR><BR>[Stack]<UL><LI>Max Depth = 92<LI>Call Chain = Handle_Buzzer_Process &rArr; HW_Buzzer_SetFreq &rArr; Init_Buzzer &rArr; GPIO_Init &rArr; GPIO_SetSingalTypeFromPin &rArr; GPIO_GetNormalBitOffsetFromPin &rArr; __ARM_common_switch8
</UL>
<BR>[Calls]<UL><LI><a href="#[64]">&gt;&gt;</a>&nbsp;&nbsp;&nbsp;sub_GetsTune
<LI><a href="#[56]">&gt;&gt;</a>&nbsp;&nbsp;&nbsp;HW_Buzzer_Stop
<LI><a href="#[53]">&gt;&gt;</a>&nbsp;&nbsp;&nbsp;HW_Buzzer_Start
<LI><a href="#[60]">&gt;&gt;</a>&nbsp;&nbsp;&nbsp;HW_Buzzer_SetFreq
</UL>
<BR>[Called By]<UL><LI><a href="#[20]">&gt;&gt;</a>&nbsp;&nbsp;&nbsp;main
</UL>

<P><STRONG><a name="[65]"></a>API_Buzzer_Set</STRONG> (Thumb, 64 bytes, Stack size 16 bytes, buzzer.o(.text))
<BR><BR>[Stack]<UL><LI>Max Depth = 92<LI>Call Chain = API_Buzzer_Set &rArr; HW_Buzzer_SetFreq &rArr; Init_Buzzer &rArr; GPIO_Init &rArr; GPIO_SetSingalTypeFromPin &rArr; GPIO_GetNormalBitOffsetFromPin &rArr; __ARM_common_switch8
</UL>
<BR>[Calls]<UL><LI><a href="#[64]">&gt;&gt;</a>&nbsp;&nbsp;&nbsp;sub_GetsTune
<LI><a href="#[53]">&gt;&gt;</a>&nbsp;&nbsp;&nbsp;HW_Buzzer_Start
<LI><a href="#[60]">&gt;&gt;</a>&nbsp;&nbsp;&nbsp;HW_Buzzer_SetFreq
</UL>
<BR>[Called By]<UL><LI><a href="#[12e]">&gt;&gt;</a>&nbsp;&nbsp;&nbsp;dp_download_timer_handle
<LI><a href="#[12b]">&gt;&gt;</a>&nbsp;&nbsp;&nbsp;dp_download_anion_handle
<LI><a href="#[12a]">&gt;&gt;</a>&nbsp;&nbsp;&nbsp;dp_download_speed_handle
<LI><a href="#[ef]">&gt;&gt;</a>&nbsp;&nbsp;&nbsp;modeSet
<LI><a href="#[ee]">&gt;&gt;</a>&nbsp;&nbsp;&nbsp;lockSet
<LI><a href="#[e3]">&gt;&gt;</a>&nbsp;&nbsp;&nbsp;TestProcess
<LI><a href="#[d3]">&gt;&gt;</a>&nbsp;&nbsp;&nbsp;SysInit
<LI><a href="#[c8]">&gt;&gt;</a>&nbsp;&nbsp;&nbsp;factoryRecoverDis
<LI><a href="#[a2]">&gt;&gt;</a>&nbsp;&nbsp;&nbsp;testIni
<LI><a href="#[b7]">&gt;&gt;</a>&nbsp;&nbsp;&nbsp;KeyLockShortPress
<LI><a href="#[b6]">&gt;&gt;</a>&nbsp;&nbsp;&nbsp;KeyFilter
<LI><a href="#[b4]">&gt;&gt;</a>&nbsp;&nbsp;&nbsp;KeyPressing
<LI><a href="#[b3]">&gt;&gt;</a>&nbsp;&nbsp;&nbsp;KeyFan
<LI><a href="#[b2]">&gt;&gt;</a>&nbsp;&nbsp;&nbsp;KeyTimer
<LI><a href="#[b1]">&gt;&gt;</a>&nbsp;&nbsp;&nbsp;KeyPower
<LI><a href="#[af]">&gt;&gt;</a>&nbsp;&nbsp;&nbsp;PowerOffDeal
<LI><a href="#[ad]">&gt;&gt;</a>&nbsp;&nbsp;&nbsp;PowerOnDeal
<LI><a href="#[ac]">&gt;&gt;</a>&nbsp;&nbsp;&nbsp;KeyIonizer
<LI><a href="#[ab]">&gt;&gt;</a>&nbsp;&nbsp;&nbsp;KeyAuto
<LI><a href="#[a9]">&gt;&gt;</a>&nbsp;&nbsp;&nbsp;APISleepAwaken
<LI><a href="#[a8]">&gt;&gt;</a>&nbsp;&nbsp;&nbsp;KeyFilterReset
<LI><a href="#[a7]">&gt;&gt;</a>&nbsp;&nbsp;&nbsp;KeyTimerLongPressed
<LI><a href="#[a6]">&gt;&gt;</a>&nbsp;&nbsp;&nbsp;KeyFanLongPressed
<LI><a href="#[a5]">&gt;&gt;</a>&nbsp;&nbsp;&nbsp;KeyAutoLongPressed
<LI><a href="#[9e]">&gt;&gt;</a>&nbsp;&nbsp;&nbsp;KeyIonizerLongPressed
<LI><a href="#[9c]">&gt;&gt;</a>&nbsp;&nbsp;&nbsp;KeyLockLongPress
</UL>

<P><STRONG><a name="[66]"></a>Api_Timer1Ms_Buzzer</STRONG> (Thumb, 90 bytes, Stack size 8 bytes, buzzer.o(.text))
<BR><BR>[Stack]<UL><LI>Max Depth = 44<LI>Call Chain = Api_Timer1Ms_Buzzer &rArr; HW_Buzzer_Stop &rArr; HW_IOSet_BuzF &rArr; GPIO_ResetBit &rArr; GPIO_GetNormalBitOffsetFromPin &rArr; __ARM_common_switch8
</UL>
<BR>[Calls]<UL><LI><a href="#[67]">&gt;&gt;</a>&nbsp;&nbsp;&nbsp;HW_IOSet_BuzV
<LI><a href="#[56]">&gt;&gt;</a>&nbsp;&nbsp;&nbsp;HW_Buzzer_Stop
</UL>
<BR>[Called By]<UL><LI><a href="#[10a]">&gt;&gt;</a>&nbsp;&nbsp;&nbsp;ISR_Timer1MsProcess
</UL>

<P><STRONG><a name="[68]"></a>DCMotoPower</STRONG> (Thumb, 24 bytes, Stack size 8 bytes, dcmotordrv.o(.text))
<BR><BR>[Stack]<UL><LI>Max Depth = 28<LI>Call Chain = DCMotoPower &rArr; GPIO_ResetBit &rArr; GPIO_GetNormalBitOffsetFromPin &rArr; __ARM_common_switch8
</UL>
<BR>[Calls]<UL><LI><a href="#[39]">&gt;&gt;</a>&nbsp;&nbsp;&nbsp;GPIO_ResetBit
<LI><a href="#[38]">&gt;&gt;</a>&nbsp;&nbsp;&nbsp;GPIO_SetBit
</UL>
<BR>[Called By]<UL><LI><a href="#[82]">&gt;&gt;</a>&nbsp;&nbsp;&nbsp;Handle_DCMotorDrv
</UL>

<P><STRONG><a name="[69]"></a>T32NxInit</STRONG> (Thumb, 166 bytes, Stack size 24 bytes, dcmotordrv.o(.text))
<BR><BR>[Stack]<UL><LI>Max Depth = 60<LI>Call Chain = T32NxInit &rArr; GPIO_Init &rArr; GPIO_SetSingalTypeFromPin &rArr; GPIO_GetNormalBitOffsetFromPin &rArr; __ARM_common_switch8
</UL>
<BR>[Calls]<UL><LI><a href="#[75]">&gt;&gt;</a>&nbsp;&nbsp;&nbsp;T32Nx_Enable
<LI><a href="#[72]">&gt;&gt;</a>&nbsp;&nbsp;&nbsp;T32Nx_SetMAT3
<LI><a href="#[71]">&gt;&gt;</a>&nbsp;&nbsp;&nbsp;T32Nx_SetMAT2
<LI><a href="#[70]">&gt;&gt;</a>&nbsp;&nbsp;&nbsp;T32Nx_SetCNT
<LI><a href="#[73]">&gt;&gt;</a>&nbsp;&nbsp;&nbsp;T32Nx_ITConfig
<LI><a href="#[6f]">&gt;&gt;</a>&nbsp;&nbsp;&nbsp;T32Nx_MAT3Out1Config
<LI><a href="#[6e]">&gt;&gt;</a>&nbsp;&nbsp;&nbsp;T32Nx_MAT2Out1Config
<LI><a href="#[6d]">&gt;&gt;</a>&nbsp;&nbsp;&nbsp;T32Nx_MAT3ITConfig
<LI><a href="#[6c]">&gt;&gt;</a>&nbsp;&nbsp;&nbsp;T32Nx_MAT2ITConfig
<LI><a href="#[6b]">&gt;&gt;</a>&nbsp;&nbsp;&nbsp;T32Nx_PMWOutInit
<LI><a href="#[6a]">&gt;&gt;</a>&nbsp;&nbsp;&nbsp;T32Nx_BaseInit
<LI><a href="#[74]">&gt;&gt;</a>&nbsp;&nbsp;&nbsp;NVIC_Init
<LI><a href="#[35]">&gt;&gt;</a>&nbsp;&nbsp;&nbsp;GPIO_Init
</UL>
<BR>[Called By]<UL><LI><a href="#[77]">&gt;&gt;</a>&nbsp;&nbsp;&nbsp;sub_MotorDrvStart
</UL>

<P><STRONG><a name="[76]"></a>MotoPwmDutySet</STRONG> (Thumb, 14 bytes, Stack size 8 bytes, dcmotordrv.o(.text))
<BR><BR>[Stack]<UL><LI>Max Depth = 8<LI>Call Chain = MotoPwmDutySet
</UL>
<BR>[Calls]<UL><LI><a href="#[72]">&gt;&gt;</a>&nbsp;&nbsp;&nbsp;T32Nx_SetMAT3
</UL>
<BR>[Called By]<UL><LI><a href="#[82]">&gt;&gt;</a>&nbsp;&nbsp;&nbsp;Handle_DCMotorDrv
<LI><a href="#[77]">&gt;&gt;</a>&nbsp;&nbsp;&nbsp;sub_MotorDrvStart
</UL>

<P><STRONG><a name="[77]"></a>sub_MotorDrvStart</STRONG> (Thumb, 14 bytes, Stack size 8 bytes, dcmotordrv.o(.text))
<BR><BR>[Stack]<UL><LI>Max Depth = 68<LI>Call Chain = sub_MotorDrvStart &rArr; T32NxInit &rArr; GPIO_Init &rArr; GPIO_SetSingalTypeFromPin &rArr; GPIO_GetNormalBitOffsetFromPin &rArr; __ARM_common_switch8
</UL>
<BR>[Calls]<UL><LI><a href="#[76]">&gt;&gt;</a>&nbsp;&nbsp;&nbsp;MotoPwmDutySet
<LI><a href="#[69]">&gt;&gt;</a>&nbsp;&nbsp;&nbsp;T32NxInit
</UL>
<BR>[Called By]<UL><LI><a href="#[82]">&gt;&gt;</a>&nbsp;&nbsp;&nbsp;Handle_DCMotorDrv
</UL>

<P><STRONG><a name="[78]"></a>Fan_Pwm_Off</STRONG> (Thumb, 38 bytes, Stack size 16 bytes, dcmotordrv.o(.text))
<BR><BR>[Stack]<UL><LI>Max Depth = 52<LI>Call Chain = Fan_Pwm_Off &rArr; GPIO_Init &rArr; GPIO_SetSingalTypeFromPin &rArr; GPIO_GetNormalBitOffsetFromPin &rArr; __ARM_common_switch8
</UL>
<BR>[Calls]<UL><LI><a href="#[37]">&gt;&gt;</a>&nbsp;&nbsp;&nbsp;GPIO_WriteBit
<LI><a href="#[35]">&gt;&gt;</a>&nbsp;&nbsp;&nbsp;GPIO_Init
</UL>
<BR>[Called By]<UL><LI><a href="#[79]">&gt;&gt;</a>&nbsp;&nbsp;&nbsp;sub_MotorDrvStop
</UL>

<P><STRONG><a name="[79]"></a>sub_MotorDrvStop</STRONG> (Thumb, 14 bytes, Stack size 8 bytes, dcmotordrv.o(.text))
<BR><BR>[Stack]<UL><LI>Max Depth = 60<LI>Call Chain = sub_MotorDrvStop &rArr; Fan_Pwm_Off &rArr; GPIO_Init &rArr; GPIO_SetSingalTypeFromPin &rArr; GPIO_GetNormalBitOffsetFromPin &rArr; __ARM_common_switch8
</UL>
<BR>[Calls]<UL><LI><a href="#[7a]">&gt;&gt;</a>&nbsp;&nbsp;&nbsp;T32Nx_Disable
<LI><a href="#[78]">&gt;&gt;</a>&nbsp;&nbsp;&nbsp;Fan_Pwm_Off
</UL>
<BR>[Called By]<UL><LI><a href="#[82]">&gt;&gt;</a>&nbsp;&nbsp;&nbsp;Handle_DCMotorDrv
</UL>

<P><STRONG><a name="[7d]"></a>sub_DCMotorErr</STRONG> (Thumb, 86 bytes, Stack size 0 bytes, dcmotordrv.o(.text))
<BR><BR>[Called By]<UL><LI><a href="#[7b]">&gt;&gt;</a>&nbsp;&nbsp;&nbsp;sub_DCMotorSpeedCalc
</UL>

<P><STRONG><a name="[7b]"></a>sub_DCMotorSpeedCalc</STRONG> (Thumb, 136 bytes, Stack size 8 bytes, dcmotordrv.o(.text))
<BR><BR>[Stack]<UL><LI>Max Depth = 52<LI>Call Chain = sub_DCMotorSpeedCalc &rArr; TjFanSpeed &rArr; __aeabi_uidivmod
</UL>
<BR>[Calls]<UL><LI><a href="#[7c]">&gt;&gt;</a>&nbsp;&nbsp;&nbsp;TjFanSpeed
<LI><a href="#[7d]">&gt;&gt;</a>&nbsp;&nbsp;&nbsp;sub_DCMotorErr
<LI><a href="#[29]">&gt;&gt;</a>&nbsp;&nbsp;&nbsp;__aeabi_uidivmod
</UL>
<BR>[Called By]<UL><LI><a href="#[82]">&gt;&gt;</a>&nbsp;&nbsp;&nbsp;Handle_DCMotorDrv
</UL>

<P><STRONG><a name="[7e]"></a>sub_DcMotorDrv_Timer</STRONG> (Thumb, 68 bytes, Stack size 8 bytes, dcmotordrv.o(.text))
<BR><BR>[Stack]<UL><LI>Max Depth = 8<LI>Call Chain = sub_DcMotorDrv_Timer
</UL>
<BR>[Calls]<UL><LI><a href="#[7f]">&gt;&gt;</a>&nbsp;&nbsp;&nbsp;API_Gets1SFlag
</UL>
<BR>[Called By]<UL><LI><a href="#[82]">&gt;&gt;</a>&nbsp;&nbsp;&nbsp;Handle_DCMotorDrv
</UL>

<P><STRONG><a name="[13c]"></a>ISR_MOTO_FEEDFACK</STRONG> (Thumb, 60 bytes, Stack size 0 bytes, dcmotordrv.o(.text))
<BR><BR>[Called By]<UL><LI><a href="#[15]">&gt;&gt;</a>&nbsp;&nbsp;&nbsp;KINT_IRQHandler
</UL>

<P><STRONG><a name="[13b]"></a>Api_Timer100Us_DCMotorDrv</STRONG> (Thumb, 30 bytes, Stack size 0 bytes, dcmotordrv.o(.text))
<BR><BR>[Called By]<UL><LI><a href="#[e]">&gt;&gt;</a>&nbsp;&nbsp;&nbsp;T16N0_IRQHandler
</UL>

<P><STRONG><a name="[12]"></a>T32N0_IRQHandler</STRONG> (Thumb, 24 bytes, Stack size 8 bytes, dcmotordrv.o(.text))
<BR><BR>[Stack]<UL><LI>Max Depth = 8<LI>Call Chain = T32N0_IRQHandler
</UL>
<BR>[Calls]<UL><LI><a href="#[81]">&gt;&gt;</a>&nbsp;&nbsp;&nbsp;T32Nx_ClearITPendingBit
<LI><a href="#[80]">&gt;&gt;</a>&nbsp;&nbsp;&nbsp;T32Nx_GetFlagStatus
</UL>
<BR>[Address Reference Count : 1]<UL><LI> startup_hr8p506.o(RESET)
</UL>
<P><STRONG><a name="[104]"></a>testFanIni</STRONG> (Thumb, 16 bytes, Stack size 0 bytes, dcmotordrv.o(.text))
<BR><BR>[Called By]<UL><LI><a href="#[a2]">&gt;&gt;</a>&nbsp;&nbsp;&nbsp;testIni
</UL>

<P><STRONG><a name="[87]"></a>sub_DCFanSet</STRONG> (Thumb, 64 bytes, Stack size 0 bytes, dcmotordrv.o(.text))
<BR><BR>[Called By]<UL><LI><a href="#[86]">&gt;&gt;</a>&nbsp;&nbsp;&nbsp;Handle_Fan_Process
</UL>

<P><STRONG><a name="[82]"></a>Handle_DCMotorDrv</STRONG> (Thumb, 300 bytes, Stack size 8 bytes, dcmotordrv.o(.text))
<BR><BR>[Stack]<UL><LI>Max Depth = 76<LI>Call Chain = Handle_DCMotorDrv &rArr; sub_MotorDrvStart &rArr; T32NxInit &rArr; GPIO_Init &rArr; GPIO_SetSingalTypeFromPin &rArr; GPIO_GetNormalBitOffsetFromPin &rArr; __ARM_common_switch8
</UL>
<BR>[Calls]<UL><LI><a href="#[83]">&gt;&gt;</a>&nbsp;&nbsp;&nbsp;Fan_OFFctrl
<LI><a href="#[7e]">&gt;&gt;</a>&nbsp;&nbsp;&nbsp;sub_DcMotorDrv_Timer
<LI><a href="#[7b]">&gt;&gt;</a>&nbsp;&nbsp;&nbsp;sub_DCMotorSpeedCalc
<LI><a href="#[79]">&gt;&gt;</a>&nbsp;&nbsp;&nbsp;sub_MotorDrvStop
<LI><a href="#[77]">&gt;&gt;</a>&nbsp;&nbsp;&nbsp;sub_MotorDrvStart
<LI><a href="#[76]">&gt;&gt;</a>&nbsp;&nbsp;&nbsp;MotoPwmDutySet
<LI><a href="#[68]">&gt;&gt;</a>&nbsp;&nbsp;&nbsp;DCMotoPower
</UL>
<BR>[Called By]<UL><LI><a href="#[86]">&gt;&gt;</a>&nbsp;&nbsp;&nbsp;Handle_Fan_Process
</UL>

<P><STRONG><a name="[84]"></a>fanAuto</STRONG> (Thumb, 228 bytes, Stack size 4 bytes, dcmotordrv.o(.text))
<BR><BR>[Stack]<UL><LI>Max Depth = 12<LI>Call Chain = fanAuto &rArr; __ARM_common_switch8
</UL>
<BR>[Calls]<UL><LI><a href="#[2d]">&gt;&gt;</a>&nbsp;&nbsp;&nbsp;__ARM_common_switch8
</UL>
<BR>[Called By]<UL><LI><a href="#[85]">&gt;&gt;</a>&nbsp;&nbsp;&nbsp;sub_AutoFanSet
</UL>

<P><STRONG><a name="[85]"></a>sub_AutoFanSet</STRONG> (Thumb, 36 bytes, Stack size 4 bytes, dcmotordrv.o(.text))
<BR><BR>[Stack]<UL><LI>Max Depth = 16<LI>Call Chain = sub_AutoFanSet &rArr; fanAuto &rArr; __ARM_common_switch8
</UL>
<BR>[Calls]<UL><LI><a href="#[84]">&gt;&gt;</a>&nbsp;&nbsp;&nbsp;fanAuto
</UL>
<BR>[Called By]<UL><LI><a href="#[ef]">&gt;&gt;</a>&nbsp;&nbsp;&nbsp;modeSet
<LI><a href="#[ab]">&gt;&gt;</a>&nbsp;&nbsp;&nbsp;KeyAuto
<LI><a href="#[86]">&gt;&gt;</a>&nbsp;&nbsp;&nbsp;Handle_Fan_Process
</UL>

<P><STRONG><a name="[86]"></a>Handle_Fan_Process</STRONG> (Thumb, 38 bytes, Stack size 8 bytes, dcmotordrv.o(.text))
<BR><BR>[Stack]<UL><LI>Max Depth = 84<LI>Call Chain = Handle_Fan_Process &rArr; Handle_DCMotorDrv &rArr; sub_MotorDrvStart &rArr; T32NxInit &rArr; GPIO_Init &rArr; GPIO_SetSingalTypeFromPin &rArr; GPIO_GetNormalBitOffsetFromPin &rArr; __ARM_common_switch8
</UL>
<BR>[Calls]<UL><LI><a href="#[85]">&gt;&gt;</a>&nbsp;&nbsp;&nbsp;sub_AutoFanSet
<LI><a href="#[82]">&gt;&gt;</a>&nbsp;&nbsp;&nbsp;Handle_DCMotorDrv
<LI><a href="#[87]">&gt;&gt;</a>&nbsp;&nbsp;&nbsp;sub_DCFanSet
</UL>
<BR>[Called By]<UL><LI><a href="#[20]">&gt;&gt;</a>&nbsp;&nbsp;&nbsp;main
</UL>

<P><STRONG><a name="[88]"></a>sub_Delay</STRONG> (Thumb, 20 bytes, Stack size 8 bytes, drv_disp.o(.text))
<BR><BR>[Stack]<UL><LI>Max Depth = 8<LI>Call Chain = sub_Delay
</UL>
<BR>[Calls]<UL><LI><a href="#[89]">&gt;&gt;</a>&nbsp;&nbsp;&nbsp;NOP_NOP
</UL>
<BR>[Called By]<UL><LI><a href="#[8a]">&gt;&gt;</a>&nbsp;&nbsp;&nbsp;SubTm1623Drv
</UL>

<P><STRONG><a name="[8a]"></a>SubTm1623Drv</STRONG> (Thumb, 394 bytes, Stack size 16 bytes, drv_disp.o(.text))
<BR><BR>[Stack]<UL><LI>Max Depth = 44<LI>Call Chain = SubTm1623Drv &rArr; HW_IOSet_TM1623STB &rArr; GPIO_ResetBit &rArr; GPIO_GetNormalBitOffsetFromPin &rArr; __ARM_common_switch8
</UL>
<BR>[Calls]<UL><LI><a href="#[8b]">&gt;&gt;</a>&nbsp;&nbsp;&nbsp;HW_IOSet_TM1623STB
<LI><a href="#[8d]">&gt;&gt;</a>&nbsp;&nbsp;&nbsp;HW_IOSet_TM1623DATA
<LI><a href="#[8c]">&gt;&gt;</a>&nbsp;&nbsp;&nbsp;HW_IOSet_TM1623CLK
<LI><a href="#[88]">&gt;&gt;</a>&nbsp;&nbsp;&nbsp;sub_Delay
</UL>
<BR>[Called By]<UL><LI><a href="#[8e]">&gt;&gt;</a>&nbsp;&nbsp;&nbsp;Api_LEDScanDrv
</UL>

<P><STRONG><a name="[8e]"></a>Api_LEDScanDrv</STRONG> (Thumb, 60 bytes, Stack size 8 bytes, drv_disp.o(.text))
<BR><BR>[Stack]<UL><LI>Max Depth = 52<LI>Call Chain = Api_LEDScanDrv &rArr; SubTm1623Drv &rArr; HW_IOSet_TM1623STB &rArr; GPIO_ResetBit &rArr; GPIO_GetNormalBitOffsetFromPin &rArr; __ARM_common_switch8
</UL>
<BR>[Calls]<UL><LI><a href="#[8a]">&gt;&gt;</a>&nbsp;&nbsp;&nbsp;SubTm1623Drv
</UL>
<BR>[Called By]<UL><LI><a href="#[ca]">&gt;&gt;</a>&nbsp;&nbsp;&nbsp;ledTestMode
<LI><a href="#[c9]">&gt;&gt;</a>&nbsp;&nbsp;&nbsp;led
<LI><a href="#[c8]">&gt;&gt;</a>&nbsp;&nbsp;&nbsp;factoryRecoverDis
<LI><a href="#[c6]">&gt;&gt;</a>&nbsp;&nbsp;&nbsp;normalDis
</UL>

<P><STRONG><a name="[8f]"></a>CalFilterRecValEE</STRONG> (Thumb, 48 bytes, Stack size 16 bytes, filter.o(.text))
<BR><BR>[Stack]<UL><LI>Max Depth = 32<LI>Call Chain = CalFilterRecValEE &rArr; __aeabi_fmul
</UL>
<BR>[Calls]<UL><LI><a href="#[51]">&gt;&gt;</a>&nbsp;&nbsp;&nbsp;__aeabi_fmul
<LI><a href="#[4b]">&gt;&gt;</a>&nbsp;&nbsp;&nbsp;__aeabi_f2uiz
<LI><a href="#[29]">&gt;&gt;</a>&nbsp;&nbsp;&nbsp;__aeabi_uidivmod
</UL>
<BR>[Called By]<UL><LI><a href="#[a8]">&gt;&gt;</a>&nbsp;&nbsp;&nbsp;KeyFilterReset
<LI><a href="#[a3]">&gt;&gt;</a>&nbsp;&nbsp;&nbsp;KeyFactoryDefault
<LI><a href="#[9e]">&gt;&gt;</a>&nbsp;&nbsp;&nbsp;KeyIonizerLongPressed
<LI><a href="#[95]">&gt;&gt;</a>&nbsp;&nbsp;&nbsp;iap_init
<LI><a href="#[93]">&gt;&gt;</a>&nbsp;&nbsp;&nbsp;filterLife
</UL>

<P><STRONG><a name="[90]"></a>filterPercentCal</STRONG> (Thumb, 90 bytes, Stack size 32 bytes, filter.o(.text))
<BR><BR>[Stack]<UL><LI>Max Depth = 160<LI>Call Chain = filterPercentCal &rArr; __aeabi_dmul &rArr; _double_epilogue &rArr; __aeabi_llsr
</UL>
<BR>[Calls]<UL><LI><a href="#[4d]">&gt;&gt;</a>&nbsp;&nbsp;&nbsp;__aeabi_fdiv
<LI><a href="#[4e]">&gt;&gt;</a>&nbsp;&nbsp;&nbsp;__aeabi_f2d
<LI><a href="#[50]">&gt;&gt;</a>&nbsp;&nbsp;&nbsp;__aeabi_d2f
<LI><a href="#[4a]">&gt;&gt;</a>&nbsp;&nbsp;&nbsp;__aeabi_ui2f
<LI><a href="#[4b]">&gt;&gt;</a>&nbsp;&nbsp;&nbsp;__aeabi_f2uiz
<LI><a href="#[91]">&gt;&gt;</a>&nbsp;&nbsp;&nbsp;__aeabi_dmul
<LI><a href="#[92]">&gt;&gt;</a>&nbsp;&nbsp;&nbsp;__aeabi_cdrcmple
</UL>
<BR>[Called By]<UL><LI><a href="#[a8]">&gt;&gt;</a>&nbsp;&nbsp;&nbsp;KeyFilterReset
<LI><a href="#[a3]">&gt;&gt;</a>&nbsp;&nbsp;&nbsp;KeyFactoryDefault
<LI><a href="#[9e]">&gt;&gt;</a>&nbsp;&nbsp;&nbsp;KeyIonizerLongPressed
<LI><a href="#[95]">&gt;&gt;</a>&nbsp;&nbsp;&nbsp;iap_init
<LI><a href="#[93]">&gt;&gt;</a>&nbsp;&nbsp;&nbsp;filterLife
</UL>

<P><STRONG><a name="[93]"></a>filterLife</STRONG> (Thumb, 338 bytes, Stack size 16 bytes, filter.o(.text))
<BR><BR>[Stack]<UL><LI>Max Depth = 176<LI>Call Chain = filterLife &rArr; filterPercentCal &rArr; __aeabi_dmul &rArr; _double_epilogue &rArr; __aeabi_llsr
</UL>
<BR>[Calls]<UL><LI><a href="#[4e]">&gt;&gt;</a>&nbsp;&nbsp;&nbsp;__aeabi_f2d
<LI><a href="#[2d]">&gt;&gt;</a>&nbsp;&nbsp;&nbsp;__ARM_common_switch8
<LI><a href="#[94]">&gt;&gt;</a>&nbsp;&nbsp;&nbsp;__aeabi_fadd
<LI><a href="#[92]">&gt;&gt;</a>&nbsp;&nbsp;&nbsp;__aeabi_cdrcmple
<LI><a href="#[90]">&gt;&gt;</a>&nbsp;&nbsp;&nbsp;filterPercentCal
<LI><a href="#[8f]">&gt;&gt;</a>&nbsp;&nbsp;&nbsp;CalFilterRecValEE
<LI><a href="#[7f]">&gt;&gt;</a>&nbsp;&nbsp;&nbsp;API_Gets1SFlag
</UL>
<BR>[Called By]<UL><LI><a href="#[e1]">&gt;&gt;</a>&nbsp;&nbsp;&nbsp;Handle_Mode_Process
</UL>

<P><STRONG><a name="[95]"></a>iap_init</STRONG> (Thumb, 190 bytes, Stack size 32 bytes, filter.o(.text))
<BR><BR>[Stack]<UL><LI>Max Depth = 192<LI>Call Chain = iap_init &rArr; filterPercentCal &rArr; __aeabi_dmul &rArr; _double_epilogue &rArr; __aeabi_llsr
</UL>
<BR>[Calls]<UL><LI><a href="#[4e]">&gt;&gt;</a>&nbsp;&nbsp;&nbsp;__aeabi_f2d
<LI><a href="#[50]">&gt;&gt;</a>&nbsp;&nbsp;&nbsp;__aeabi_d2f
<LI><a href="#[4a]">&gt;&gt;</a>&nbsp;&nbsp;&nbsp;__aeabi_ui2f
<LI><a href="#[96]">&gt;&gt;</a>&nbsp;&nbsp;&nbsp;IAPRead
<LI><a href="#[97]">&gt;&gt;</a>&nbsp;&nbsp;&nbsp;IAP_PageProgram
<LI><a href="#[94]">&gt;&gt;</a>&nbsp;&nbsp;&nbsp;__aeabi_fadd
<LI><a href="#[98]">&gt;&gt;</a>&nbsp;&nbsp;&nbsp;__aeabi_ddiv
<LI><a href="#[90]">&gt;&gt;</a>&nbsp;&nbsp;&nbsp;filterPercentCal
<LI><a href="#[8f]">&gt;&gt;</a>&nbsp;&nbsp;&nbsp;CalFilterRecValEE
</UL>
<BR>[Called By]<UL><LI><a href="#[d3]">&gt;&gt;</a>&nbsp;&nbsp;&nbsp;SysInit
</UL>

<P><STRONG><a name="[99]"></a>iap_write</STRONG> (Thumb, 84 bytes, Stack size 32 bytes, filter.o(.text), UNUSED)
<BR><BR>[Calls]<UL><LI><a href="#[96]">&gt;&gt;</a>&nbsp;&nbsp;&nbsp;IAPRead
<LI><a href="#[97]">&gt;&gt;</a>&nbsp;&nbsp;&nbsp;IAP_PageProgram
</UL>

<P><STRONG><a name="[9a]"></a>KeyTimeCount</STRONG> (Thumb, 122 bytes, Stack size 8 bytes, key.o(.text))
<BR><BR>[Stack]<UL><LI>Max Depth = 8<LI>Call Chain = KeyTimeCount
</UL>
<BR>[Calls]<UL><LI><a href="#[9b]">&gt;&gt;</a>&nbsp;&nbsp;&nbsp;API_Gets20MsFlag
<LI><a href="#[7f]">&gt;&gt;</a>&nbsp;&nbsp;&nbsp;API_Gets1SFlag
</UL>
<BR>[Called By]<UL><LI><a href="#[ba]">&gt;&gt;</a>&nbsp;&nbsp;&nbsp;KeyProcess
</UL>

<P><STRONG><a name="[9c]"></a>KeyLockLongPress</STRONG> (Thumb, 98 bytes, Stack size 8 bytes, key.o(.text))
<BR><BR>[Stack]<UL><LI>Max Depth = 100<LI>Call Chain = KeyLockLongPress &rArr; API_Buzzer_Set &rArr; HW_Buzzer_SetFreq &rArr; Init_Buzzer &rArr; GPIO_Init &rArr; GPIO_SetSingalTypeFromPin &rArr; GPIO_GetNormalBitOffsetFromPin &rArr; __ARM_common_switch8
</UL>
<BR>[Calls]<UL><LI><a href="#[65]">&gt;&gt;</a>&nbsp;&nbsp;&nbsp;API_Buzzer_Set
<LI><a href="#[9d]">&gt;&gt;</a>&nbsp;&nbsp;&nbsp;mcu_dp_bool_update
</UL>
<BR>[Called By]<UL><LI><a href="#[b5]">&gt;&gt;</a>&nbsp;&nbsp;&nbsp;keyHoldDeal
</UL>

<P><STRONG><a name="[9e]"></a>KeyIonizerLongPressed</STRONG> (Thumb, 94 bytes, Stack size 24 bytes, key.o(.text))
<BR><BR>[Stack]<UL><LI>Max Depth = 184<LI>Call Chain = KeyIonizerLongPressed &rArr; filterPercentCal &rArr; __aeabi_dmul &rArr; _double_epilogue &rArr; __aeabi_llsr
</UL>
<BR>[Calls]<UL><LI><a href="#[65]">&gt;&gt;</a>&nbsp;&nbsp;&nbsp;API_Buzzer_Set
<LI><a href="#[4e]">&gt;&gt;</a>&nbsp;&nbsp;&nbsp;__aeabi_f2d
<LI><a href="#[50]">&gt;&gt;</a>&nbsp;&nbsp;&nbsp;__aeabi_d2f
<LI><a href="#[a0]">&gt;&gt;</a>&nbsp;&nbsp;&nbsp;__aeabi_dadd
<LI><a href="#[9f]">&gt;&gt;</a>&nbsp;&nbsp;&nbsp;__aeabi_cfcmple
<LI><a href="#[90]">&gt;&gt;</a>&nbsp;&nbsp;&nbsp;filterPercentCal
<LI><a href="#[8f]">&gt;&gt;</a>&nbsp;&nbsp;&nbsp;CalFilterRecValEE
</UL>
<BR>[Called By]<UL><LI><a href="#[b5]">&gt;&gt;</a>&nbsp;&nbsp;&nbsp;keyHoldDeal
</UL>

<P><STRONG><a name="[a1]"></a>KeyIonizerFilter</STRONG> (Thumb, 42 bytes, Stack size 8 bytes, key.o(.text))
<BR><BR>[Stack]<UL><LI>Max Depth = 108<LI>Call Chain = KeyIonizerFilter &rArr; testIni &rArr; API_Buzzer_Set &rArr; HW_Buzzer_SetFreq &rArr; Init_Buzzer &rArr; GPIO_Init &rArr; GPIO_SetSingalTypeFromPin &rArr; GPIO_GetNormalBitOffsetFromPin &rArr; __ARM_common_switch8
</UL>
<BR>[Calls]<UL><LI><a href="#[a2]">&gt;&gt;</a>&nbsp;&nbsp;&nbsp;testIni
</UL>
<BR>[Called By]<UL><LI><a href="#[b5]">&gt;&gt;</a>&nbsp;&nbsp;&nbsp;keyHoldDeal
</UL>

<P><STRONG><a name="[a3]"></a>KeyFactoryDefault</STRONG> (Thumb, 98 bytes, Stack size 8 bytes, key.o(.text))
<BR><BR>[Stack]<UL><LI>Max Depth = 168<LI>Call Chain = KeyFactoryDefault &rArr; filterPercentCal &rArr; __aeabi_dmul &rArr; _double_epilogue &rArr; __aeabi_llsr
</UL>
<BR>[Calls]<UL><LI><a href="#[a4]">&gt;&gt;</a>&nbsp;&nbsp;&nbsp;mcu_set_wifi_mode
<LI><a href="#[90]">&gt;&gt;</a>&nbsp;&nbsp;&nbsp;filterPercentCal
<LI><a href="#[8f]">&gt;&gt;</a>&nbsp;&nbsp;&nbsp;CalFilterRecValEE
</UL>
<BR>[Called By]<UL><LI><a href="#[b5]">&gt;&gt;</a>&nbsp;&nbsp;&nbsp;keyHoldDeal
</UL>

<P><STRONG><a name="[a5]"></a>KeyAutoLongPressed</STRONG> (Thumb, 78 bytes, Stack size 8 bytes, key.o(.text))
<BR><BR>[Stack]<UL><LI>Max Depth = 100<LI>Call Chain = KeyAutoLongPressed &rArr; API_Buzzer_Set &rArr; HW_Buzzer_SetFreq &rArr; Init_Buzzer &rArr; GPIO_Init &rArr; GPIO_SetSingalTypeFromPin &rArr; GPIO_GetNormalBitOffsetFromPin &rArr; __ARM_common_switch8
</UL>
<BR>[Calls]<UL><LI><a href="#[65]">&gt;&gt;</a>&nbsp;&nbsp;&nbsp;API_Buzzer_Set
<LI><a href="#[a4]">&gt;&gt;</a>&nbsp;&nbsp;&nbsp;mcu_set_wifi_mode
</UL>
<BR>[Called By]<UL><LI><a href="#[b5]">&gt;&gt;</a>&nbsp;&nbsp;&nbsp;keyHoldDeal
</UL>

<P><STRONG><a name="[a6]"></a>KeyFanLongPressed</STRONG> (Thumb, 54 bytes, Stack size 8 bytes, key.o(.text))
<BR><BR>[Stack]<UL><LI>Max Depth = 100<LI>Call Chain = KeyFanLongPressed &rArr; API_Buzzer_Set &rArr; HW_Buzzer_SetFreq &rArr; Init_Buzzer &rArr; GPIO_Init &rArr; GPIO_SetSingalTypeFromPin &rArr; GPIO_GetNormalBitOffsetFromPin &rArr; __ARM_common_switch8
</UL>
<BR>[Calls]<UL><LI><a href="#[65]">&gt;&gt;</a>&nbsp;&nbsp;&nbsp;API_Buzzer_Set
</UL>
<BR>[Called By]<UL><LI><a href="#[b5]">&gt;&gt;</a>&nbsp;&nbsp;&nbsp;keyHoldDeal
</UL>

<P><STRONG><a name="[a7]"></a>KeyTimerLongPressed</STRONG> (Thumb, 80 bytes, Stack size 8 bytes, key.o(.text))
<BR><BR>[Stack]<UL><LI>Max Depth = 100<LI>Call Chain = KeyTimerLongPressed &rArr; API_Buzzer_Set &rArr; HW_Buzzer_SetFreq &rArr; Init_Buzzer &rArr; GPIO_Init &rArr; GPIO_SetSingalTypeFromPin &rArr; GPIO_GetNormalBitOffsetFromPin &rArr; __ARM_common_switch8
</UL>
<BR>[Calls]<UL><LI><a href="#[65]">&gt;&gt;</a>&nbsp;&nbsp;&nbsp;API_Buzzer_Set
</UL>
<BR>[Called By]<UL><LI><a href="#[b5]">&gt;&gt;</a>&nbsp;&nbsp;&nbsp;keyHoldDeal
</UL>

<P><STRONG><a name="[a8]"></a>KeyFilterReset</STRONG> (Thumb, 94 bytes, Stack size 8 bytes, key.o(.text))
<BR><BR>[Stack]<UL><LI>Max Depth = 168<LI>Call Chain = KeyFilterReset &rArr; filterPercentCal &rArr; __aeabi_dmul &rArr; _double_epilogue &rArr; __aeabi_llsr
</UL>
<BR>[Calls]<UL><LI><a href="#[65]">&gt;&gt;</a>&nbsp;&nbsp;&nbsp;API_Buzzer_Set
<LI><a href="#[90]">&gt;&gt;</a>&nbsp;&nbsp;&nbsp;filterPercentCal
<LI><a href="#[8f]">&gt;&gt;</a>&nbsp;&nbsp;&nbsp;CalFilterRecValEE
</UL>
<BR>[Called By]<UL><LI><a href="#[b5]">&gt;&gt;</a>&nbsp;&nbsp;&nbsp;keyHoldDeal
</UL>

<P><STRONG><a name="[a9]"></a>APISleepAwaken</STRONG> (Thumb, 104 bytes, Stack size 8 bytes, key.o(.text))
<BR><BR>[Stack]<UL><LI>Max Depth = 100<LI>Call Chain = APISleepAwaken &rArr; API_Buzzer_Set &rArr; HW_Buzzer_SetFreq &rArr; Init_Buzzer &rArr; GPIO_Init &rArr; GPIO_SetSingalTypeFromPin &rArr; GPIO_GetNormalBitOffsetFromPin &rArr; __ARM_common_switch8
</UL>
<BR>[Calls]<UL><LI><a href="#[65]">&gt;&gt;</a>&nbsp;&nbsp;&nbsp;API_Buzzer_Set
<LI><a href="#[aa]">&gt;&gt;</a>&nbsp;&nbsp;&nbsp;JudgeRingColour
</UL>
<BR>[Called By]<UL><LI><a href="#[b7]">&gt;&gt;</a>&nbsp;&nbsp;&nbsp;KeyLockShortPress
<LI><a href="#[b6]">&gt;&gt;</a>&nbsp;&nbsp;&nbsp;KeyFilter
<LI><a href="#[b3]">&gt;&gt;</a>&nbsp;&nbsp;&nbsp;KeyFan
<LI><a href="#[b2]">&gt;&gt;</a>&nbsp;&nbsp;&nbsp;KeyTimer
<LI><a href="#[ac]">&gt;&gt;</a>&nbsp;&nbsp;&nbsp;KeyIonizer
<LI><a href="#[ab]">&gt;&gt;</a>&nbsp;&nbsp;&nbsp;KeyAuto
</UL>

<P><STRONG><a name="[ab]"></a>KeyAuto</STRONG> (Thumb, 122 bytes, Stack size 8 bytes, key.o(.text))
<BR><BR>[Stack]<UL><LI>Max Depth = 108<LI>Call Chain = KeyAuto &rArr; APISleepAwaken &rArr; API_Buzzer_Set &rArr; HW_Buzzer_SetFreq &rArr; Init_Buzzer &rArr; GPIO_Init &rArr; GPIO_SetSingalTypeFromPin &rArr; GPIO_GetNormalBitOffsetFromPin &rArr; __ARM_common_switch8
</UL>
<BR>[Calls]<UL><LI><a href="#[65]">&gt;&gt;</a>&nbsp;&nbsp;&nbsp;API_Buzzer_Set
<LI><a href="#[a9]">&gt;&gt;</a>&nbsp;&nbsp;&nbsp;APISleepAwaken
<LI><a href="#[85]">&gt;&gt;</a>&nbsp;&nbsp;&nbsp;sub_AutoFanSet
</UL>
<BR>[Called By]<UL><LI><a href="#[b4]">&gt;&gt;</a>&nbsp;&nbsp;&nbsp;KeyPressing
</UL>

<P><STRONG><a name="[ac]"></a>KeyIonizer</STRONG> (Thumb, 258 bytes, Stack size 8 bytes, key.o(.text))
<BR><BR>[Stack]<UL><LI>Max Depth = 108<LI>Call Chain = KeyIonizer &rArr; APISleepAwaken &rArr; API_Buzzer_Set &rArr; HW_Buzzer_SetFreq &rArr; Init_Buzzer &rArr; GPIO_Init &rArr; GPIO_SetSingalTypeFromPin &rArr; GPIO_GetNormalBitOffsetFromPin &rArr; __ARM_common_switch8
</UL>
<BR>[Calls]<UL><LI><a href="#[65]">&gt;&gt;</a>&nbsp;&nbsp;&nbsp;API_Buzzer_Set
<LI><a href="#[9d]">&gt;&gt;</a>&nbsp;&nbsp;&nbsp;mcu_dp_bool_update
<LI><a href="#[a9]">&gt;&gt;</a>&nbsp;&nbsp;&nbsp;APISleepAwaken
</UL>
<BR>[Called By]<UL><LI><a href="#[b8]">&gt;&gt;</a>&nbsp;&nbsp;&nbsp;KeyReleased
<LI><a href="#[b4]">&gt;&gt;</a>&nbsp;&nbsp;&nbsp;KeyPressing
</UL>

<P><STRONG><a name="[ad]"></a>PowerOnDeal</STRONG> (Thumb, 84 bytes, Stack size 8 bytes, key.o(.text))
<BR><BR>[Stack]<UL><LI>Max Depth = 100<LI>Call Chain = PowerOnDeal &rArr; API_Buzzer_Set &rArr; HW_Buzzer_SetFreq &rArr; Init_Buzzer &rArr; GPIO_Init &rArr; GPIO_SetSingalTypeFromPin &rArr; GPIO_GetNormalBitOffsetFromPin &rArr; __ARM_common_switch8
</UL>
<BR>[Calls]<UL><LI><a href="#[65]">&gt;&gt;</a>&nbsp;&nbsp;&nbsp;API_Buzzer_Set
<LI><a href="#[ae]">&gt;&gt;</a>&nbsp;&nbsp;&nbsp;mcu_dp_value_update
<LI><a href="#[9d]">&gt;&gt;</a>&nbsp;&nbsp;&nbsp;mcu_dp_bool_update
<LI><a href="#[aa]">&gt;&gt;</a>&nbsp;&nbsp;&nbsp;JudgeRingColour
</UL>
<BR>[Called By]<UL><LI><a href="#[ed]">&gt;&gt;</a>&nbsp;&nbsp;&nbsp;powerSet
<LI><a href="#[b1]">&gt;&gt;</a>&nbsp;&nbsp;&nbsp;KeyPower
</UL>

<P><STRONG><a name="[af]"></a>PowerOffDeal</STRONG> (Thumb, 130 bytes, Stack size 8 bytes, key.o(.text))
<BR><BR>[Stack]<UL><LI>Max Depth = 100<LI>Call Chain = PowerOffDeal &rArr; API_Buzzer_Set &rArr; HW_Buzzer_SetFreq &rArr; Init_Buzzer &rArr; GPIO_Init &rArr; GPIO_SetSingalTypeFromPin &rArr; GPIO_GetNormalBitOffsetFromPin &rArr; __ARM_common_switch8
</UL>
<BR>[Calls]<UL><LI><a href="#[65]">&gt;&gt;</a>&nbsp;&nbsp;&nbsp;API_Buzzer_Set
<LI><a href="#[ae]">&gt;&gt;</a>&nbsp;&nbsp;&nbsp;mcu_dp_value_update
<LI><a href="#[9d]">&gt;&gt;</a>&nbsp;&nbsp;&nbsp;mcu_dp_bool_update
<LI><a href="#[b0]">&gt;&gt;</a>&nbsp;&nbsp;&nbsp;RGBOff
</UL>
<BR>[Called By]<UL><LI><a href="#[ed]">&gt;&gt;</a>&nbsp;&nbsp;&nbsp;powerSet
<LI><a href="#[b1]">&gt;&gt;</a>&nbsp;&nbsp;&nbsp;KeyPower
</UL>

<P><STRONG><a name="[b1]"></a>KeyPower</STRONG> (Thumb, 212 bytes, Stack size 8 bytes, key.o(.text))
<BR><BR>[Stack]<UL><LI>Max Depth = 108<LI>Call Chain = KeyPower &rArr; PowerOffDeal &rArr; API_Buzzer_Set &rArr; HW_Buzzer_SetFreq &rArr; Init_Buzzer &rArr; GPIO_Init &rArr; GPIO_SetSingalTypeFromPin &rArr; GPIO_GetNormalBitOffsetFromPin &rArr; __ARM_common_switch8
</UL>
<BR>[Calls]<UL><LI><a href="#[65]">&gt;&gt;</a>&nbsp;&nbsp;&nbsp;API_Buzzer_Set
<LI><a href="#[b0]">&gt;&gt;</a>&nbsp;&nbsp;&nbsp;RGBOff
<LI><a href="#[aa]">&gt;&gt;</a>&nbsp;&nbsp;&nbsp;JudgeRingColour
<LI><a href="#[af]">&gt;&gt;</a>&nbsp;&nbsp;&nbsp;PowerOffDeal
<LI><a href="#[ad]">&gt;&gt;</a>&nbsp;&nbsp;&nbsp;PowerOnDeal
</UL>
[...]
<LI><a href="#[8f]">&gt;&gt;</a>&nbsp;&nbsp;&nbsp;CalFilterRecValEE
</UL>

<P><STRONG><a name="[4d]"></a>__aeabi_fdiv</STRONG> (Thumb, 128 bytes, Stack size 16 bytes, fdiv.o(.text))
<BR><BR>[Stack]<UL><LI>Max Depth = 16<LI>Call Chain = __aeabi_fdiv
</UL>
<BR>[Calls]<UL><LI><a href="#[14d]">&gt;&gt;</a>&nbsp;&nbsp;&nbsp;_float_round
</UL>
<BR>[Called By]<UL><LI><a href="#[4c]">&gt;&gt;</a>&nbsp;&nbsp;&nbsp;UART_Init
<LI><a href="#[90]">&gt;&gt;</a>&nbsp;&nbsp;&nbsp;filterPercentCal
</UL>

<P><STRONG><a name="[a0]"></a>__aeabi_dadd</STRONG> (Thumb, 326 bytes, Stack size 48 bytes, dadd.o(.text))
<BR><BR>[Stack]<UL><LI>Max Depth = 104<LI>Call Chain = __aeabi_dadd &rArr; _double_epilogue &rArr; __aeabi_llsr
</UL>
<BR>[Calls]<UL><LI><a href="#[151]">&gt;&gt;</a>&nbsp;&nbsp;&nbsp;__aeabi_lasr
<LI><a href="#[150]">&gt;&gt;</a>&nbsp;&nbsp;&nbsp;__aeabi_llsl
<LI><a href="#[153]">&gt;&gt;</a>&nbsp;&nbsp;&nbsp;_double_round
<LI><a href="#[152]">&gt;&gt;</a>&nbsp;&nbsp;&nbsp;_double_epilogue
</UL>
<BR>[Called By]<UL><LI><a href="#[9e]">&gt;&gt;</a>&nbsp;&nbsp;&nbsp;KeyIonizerLongPressed
<LI><a href="#[155]">&gt;&gt;</a>&nbsp;&nbsp;&nbsp;__aeabi_drsub
<LI><a href="#[154]">&gt;&gt;</a>&nbsp;&nbsp;&nbsp;__aeabi_dsub
</UL>

<P><STRONG><a name="[154]"></a>__aeabi_dsub</STRONG> (Thumb, 12 bytes, Stack size 8 bytes, dadd.o(.text), UNUSED)
<BR><BR>[Calls]<UL><LI><a href="#[a0]">&gt;&gt;</a>&nbsp;&nbsp;&nbsp;__aeabi_dadd
</UL>

<P><STRONG><a name="[155]"></a>__aeabi_drsub</STRONG> (Thumb, 12 bytes, Stack size 8 bytes, dadd.o(.text), UNUSED)
<BR><BR>[Calls]<UL><LI><a href="#[a0]">&gt;&gt;</a>&nbsp;&nbsp;&nbsp;__aeabi_dadd
</UL>

<P><STRONG><a name="[91]"></a>__aeabi_dmul</STRONG> (Thumb, 202 bytes, Stack size 72 bytes, dmul.o(.text))
<BR><BR>[Stack]<UL><LI>Max Depth = 128<LI>Call Chain = __aeabi_dmul &rArr; _double_epilogue &rArr; __aeabi_llsr
</UL>
<BR>[Calls]<UL><LI><a href="#[152]">&gt;&gt;</a>&nbsp;&nbsp;&nbsp;_double_epilogue
</UL>
<BR>[Called By]<UL><LI><a href="#[90]">&gt;&gt;</a>&nbsp;&nbsp;&nbsp;filterPercentCal
</UL>

<P><STRONG><a name="[98]"></a>__aeabi_ddiv</STRONG> (Thumb, 234 bytes, Stack size 40 bytes, ddiv.o(.text))
<BR><BR>[Stack]<UL><LI>Max Depth = 48<LI>Call Chain = __aeabi_ddiv &rArr; _double_round
</UL>
<BR>[Calls]<UL><LI><a href="#[153]">&gt;&gt;</a>&nbsp;&nbsp;&nbsp;_double_round
</UL>
<BR>[Called By]<UL><LI><a href="#[95]">&gt;&gt;</a>&nbsp;&nbsp;&nbsp;iap_init
</UL>

<P><STRONG><a name="[4a]"></a>__aeabi_ui2f</STRONG> (Thumb, 14 bytes, Stack size 8 bytes, ffltui.o(.text))
<BR><BR>[Stack]<UL><LI>Max Depth = 20<LI>Call Chain = __aeabi_ui2f &rArr; _float_epilogue
</UL>
<BR>[Calls]<UL><LI><a href="#[14c]">&gt;&gt;</a>&nbsp;&nbsp;&nbsp;_float_epilogue
</UL>
<BR>[Called By]<UL><LI><a href="#[4c]">&gt;&gt;</a>&nbsp;&nbsp;&nbsp;UART_Init
<LI><a href="#[49]">&gt;&gt;</a>&nbsp;&nbsp;&nbsp;BUZC_Frequence
<LI><a href="#[c6]">&gt;&gt;</a>&nbsp;&nbsp;&nbsp;normalDis
<LI><a href="#[95]">&gt;&gt;</a>&nbsp;&nbsp;&nbsp;iap_init
<LI><a href="#[90]">&gt;&gt;</a>&nbsp;&nbsp;&nbsp;filterPercentCal
</UL>

<P><STRONG><a name="[4b]"></a>__aeabi_f2uiz</STRONG> (Thumb, 42 bytes, Stack size 0 bytes, ffixui.o(.text))
<BR><BR>[Called By]<UL><LI><a href="#[4c]">&gt;&gt;</a>&nbsp;&nbsp;&nbsp;UART_Init
<LI><a href="#[49]">&gt;&gt;</a>&nbsp;&nbsp;&nbsp;BUZC_Frequence
<LI><a href="#[90]">&gt;&gt;</a>&nbsp;&nbsp;&nbsp;filterPercentCal
<LI><a href="#[8f]">&gt;&gt;</a>&nbsp;&nbsp;&nbsp;CalFilterRecValEE
</UL>

<P><STRONG><a name="[4e]"></a>__aeabi_f2d</STRONG> (Thumb, 40 bytes, Stack size 0 bytes, f2d.o(.text))
<BR><BR>[Called By]<UL><LI><a href="#[4c]">&gt;&gt;</a>&nbsp;&nbsp;&nbsp;UART_Init
<LI><a href="#[9e]">&gt;&gt;</a>&nbsp;&nbsp;&nbsp;KeyIonizerLongPressed
<LI><a href="#[95]">&gt;&gt;</a>&nbsp;&nbsp;&nbsp;iap_init
<LI><a href="#[93]">&gt;&gt;</a>&nbsp;&nbsp;&nbsp;filterLife
<LI><a href="#[90]">&gt;&gt;</a>&nbsp;&nbsp;&nbsp;filterPercentCal
</UL>

<P><STRONG><a name="[1ad]"></a>__aeabi_cdcmpeq</STRONG> (Thumb, 0 bytes, Stack size 0 bytes, cdcmple.o(.text), UNUSED)

<P><STRONG><a name="[4f]"></a>__aeabi_cdcmple</STRONG> (Thumb, 38 bytes, Stack size 0 bytes, cdcmple.o(.text))
<BR><BR>[Called By]<UL><LI><a href="#[4c]">&gt;&gt;</a>&nbsp;&nbsp;&nbsp;UART_Init
</UL>

<P><STRONG><a name="[92]"></a>__aeabi_cdrcmple</STRONG> (Thumb, 38 bytes, Stack size 0 bytes, cdrcmple.o(.text))
<BR><BR>[Called By]<UL><LI><a href="#[93]">&gt;&gt;</a>&nbsp;&nbsp;&nbsp;filterLife
<LI><a href="#[90]">&gt;&gt;</a>&nbsp;&nbsp;&nbsp;filterPercentCal
</UL>

<P><STRONG><a name="[50]"></a>__aeabi_d2f</STRONG> (Thumb, 56 bytes, Stack size 8 bytes, d2f.o(.text))
<BR><BR>[Stack]<UL><LI>Max Depth = 8<LI>Call Chain = __aeabi_d2f
</UL>
<BR>[Calls]<UL><LI><a href="#[14d]">&gt;&gt;</a>&nbsp;&nbsp;&nbsp;_float_round
</UL>
<BR>[Called By]<UL><LI><a href="#[4c]">&gt;&gt;</a>&nbsp;&nbsp;&nbsp;UART_Init
<LI><a href="#[9e]">&gt;&gt;</a>&nbsp;&nbsp;&nbsp;KeyIonizerLongPressed
<LI><a href="#[95]">&gt;&gt;</a>&nbsp;&nbsp;&nbsp;iap_init
<LI><a href="#[90]">&gt;&gt;</a>&nbsp;&nbsp;&nbsp;filterPercentCal
</UL>

<P><STRONG><a name="[1ae]"></a>__aeabi_cfcmpeq</STRONG> (Thumb, 0 bytes, Stack size 0 bytes, cfcmple.o(.text), UNUSED)

<P><STRONG><a name="[9f]"></a>__aeabi_cfcmple</STRONG> (Thumb, 20 bytes, Stack size 0 bytes, cfcmple.o(.text))
<BR><BR>[Called By]<UL><LI><a href="#[9e]">&gt;&gt;</a>&nbsp;&nbsp;&nbsp;KeyIonizerLongPressed
</UL>

<P><STRONG><a name="[c7]"></a>__aeabi_cfrcmple</STRONG> (Thumb, 20 bytes, Stack size 0 bytes, cfrcmple.o(.text))
<BR><BR>[Called By]<UL><LI><a href="#[c6]">&gt;&gt;</a>&nbsp;&nbsp;&nbsp;normalDis
</UL>

<P><STRONG><a name="[150]"></a>__aeabi_llsl</STRONG> (Thumb, 32 bytes, Stack size 8 bytes, llshl.o(.text))
<BR><BR>[Stack]<UL><LI>Max Depth = 8<LI>Call Chain = __aeabi_llsl
</UL>
<BR>[Called By]<UL><LI><a href="#[a0]">&gt;&gt;</a>&nbsp;&nbsp;&nbsp;__aeabi_dadd
<LI><a href="#[152]">&gt;&gt;</a>&nbsp;&nbsp;&nbsp;_double_epilogue
</UL>

<P><STRONG><a name="[1af]"></a>_ll_shift_l</STRONG> (Thumb, 0 bytes, Stack size 8 bytes, llshl.o(.text), UNUSED)

<P><STRONG><a name="[151]"></a>__aeabi_lasr</STRONG> (Thumb, 38 bytes, Stack size 8 bytes, llsshr.o(.text))
<BR><BR>[Stack]<UL><LI>Max Depth = 8<LI>Call Chain = __aeabi_lasr
</UL>
<BR>[Called By]<UL><LI><a href="#[a0]">&gt;&gt;</a>&nbsp;&nbsp;&nbsp;__aeabi_dadd
</UL>

<P><STRONG><a name="[1b0]"></a>_ll_sshift_r</STRONG> (Thumb, 0 bytes, Stack size 8 bytes, llsshr.o(.text), UNUSED)

<P><STRONG><a name="[1b1]"></a>__I$use$fp</STRONG> (Thumb, 0 bytes, Stack size 0 bytes, iusefp.o(.text), UNUSED)

<P><STRONG><a name="[14d]"></a>_float_round</STRONG> (Thumb, 16 bytes, Stack size 0 bytes, fepilogue.o(.text))
<BR><BR>[Called By]<UL><LI><a href="#[4d]">&gt;&gt;</a>&nbsp;&nbsp;&nbsp;__aeabi_fdiv
<LI><a href="#[50]">&gt;&gt;</a>&nbsp;&nbsp;&nbsp;__aeabi_d2f
<LI><a href="#[94]">&gt;&gt;</a>&nbsp;&nbsp;&nbsp;__aeabi_fadd
</UL>

<P><STRONG><a name="[14c]"></a>_float_epilogue</STRONG> (Thumb, 116 bytes, Stack size 12 bytes, fepilogue.o(.text))
<BR><BR>[Stack]<UL><LI>Max Depth = 12<LI>Call Chain = _float_epilogue
</UL>
<BR>[Called By]<UL><LI><a href="#[4a]">&gt;&gt;</a>&nbsp;&nbsp;&nbsp;__aeabi_ui2f
<LI><a href="#[94]">&gt;&gt;</a>&nbsp;&nbsp;&nbsp;__aeabi_fadd
</UL>

<P><STRONG><a name="[153]"></a>_double_round</STRONG> (Thumb, 26 bytes, Stack size 8 bytes, depilogue.o(.text))
<BR><BR>[Stack]<UL><LI>Max Depth = 8<LI>Call Chain = _double_round
</UL>
<BR>[Called By]<UL><LI><a href="#[a0]">&gt;&gt;</a>&nbsp;&nbsp;&nbsp;__aeabi_dadd
<LI><a href="#[98]">&gt;&gt;</a>&nbsp;&nbsp;&nbsp;__aeabi_ddiv
<LI><a href="#[152]">&gt;&gt;</a>&nbsp;&nbsp;&nbsp;_double_epilogue
</UL>

<P><STRONG><a name="[152]"></a>_double_epilogue</STRONG> (Thumb, 166 bytes, Stack size 48 bytes, depilogue.o(.text))
<BR><BR>[Stack]<UL><LI>Max Depth = 56<LI>Call Chain = _double_epilogue &rArr; __aeabi_llsr
</UL>
<BR>[Calls]<UL><LI><a href="#[157]">&gt;&gt;</a>&nbsp;&nbsp;&nbsp;__aeabi_llsr
<LI><a href="#[156]">&gt;&gt;</a>&nbsp;&nbsp;&nbsp;__ARM_clz
<LI><a href="#[150]">&gt;&gt;</a>&nbsp;&nbsp;&nbsp;__aeabi_llsl
<LI><a href="#[153]">&gt;&gt;</a>&nbsp;&nbsp;&nbsp;_double_round
</UL>
<BR>[Called By]<UL><LI><a href="#[a0]">&gt;&gt;</a>&nbsp;&nbsp;&nbsp;__aeabi_dadd
<LI><a href="#[91]">&gt;&gt;</a>&nbsp;&nbsp;&nbsp;__aeabi_dmul
</UL>

<P><STRONG><a name="[25]"></a>__scatterload</STRONG> (Thumb, 28 bytes, Stack size 0 bytes, init.o(.text))
<BR><BR>[Calls]<UL><LI><a href="#[158]">&gt;&gt;</a>&nbsp;&nbsp;&nbsp;__main_after_scatterload
</UL>
<BR>[Called By]<UL><LI><a href="#[24]">&gt;&gt;</a>&nbsp;&nbsp;&nbsp;_main_scatterload
</UL>

<P><STRONG><a name="[1b2]"></a>__scatterload_rt2</STRONG> (Thumb, 0 bytes, Stack size 0 bytes, init.o(.text), UNUSED)

<P><STRONG><a name="[157]"></a>__aeabi_llsr</STRONG> (Thumb, 34 bytes, Stack size 8 bytes, llushr.o(.text))
<BR><BR>[Stack]<UL><LI>Max Depth = 8<LI>Call Chain = __aeabi_llsr
</UL>
<BR>[Called By]<UL><LI><a href="#[152]">&gt;&gt;</a>&nbsp;&nbsp;&nbsp;_double_epilogue
</UL>

<P><STRONG><a name="[1b3]"></a>_ll_ushift_r</STRONG> (Thumb, 0 bytes, Stack size 8 bytes, llushr.o(.text), UNUSED)

<P><STRONG><a name="[1b4]"></a>__decompress</STRONG> (Thumb, 0 bytes, Stack size unknown bytes, __dczerorl.o(.text), UNUSED)

<P><STRONG><a name="[1b5]"></a>__decompress0</STRONG> (Thumb, 58 bytes, Stack size unknown bytes, __dczerorl.o(.text), UNUSED)

<P><STRONG><a name="[156]"></a>__ARM_clz</STRONG> (Thumb, 46 bytes, Stack size 0 bytes, depilogue.o(i.__ARM_clz))
<BR><BR>[Called By]<UL><LI><a href="#[152]">&gt;&gt;</a>&nbsp;&nbsp;&nbsp;_double_epilogue
</UL>

<P><STRONG><a name="[2d]"></a>__ARM_common_switch8</STRONG> (Thumb, 28 bytes, Stack size 8 bytes, lib_gpio.o(i.__ARM_common_switch8))
<BR><BR>[Stack]<UL><LI>Max Depth = 8<LI>Call Chain = __ARM_common_switch8
</UL>
<BR>[Called By]<UL><LI><a href="#[44]">&gt;&gt;</a>&nbsp;&nbsp;&nbsp;KINT_GetSelxIndexFromPin
<LI><a href="#[43]">&gt;&gt;</a>&nbsp;&nbsp;&nbsp;KINT_SetTriggerStyleFromPin
<LI><a href="#[42]">&gt;&gt;</a>&nbsp;&nbsp;&nbsp;KINT_GetKINTxIndexFromPin
<LI><a href="#[3d]">&gt;&gt;</a>&nbsp;&nbsp;&nbsp;PINT_GetSELxIndexFromPin
<LI><a href="#[3c]">&gt;&gt;</a>&nbsp;&nbsp;&nbsp;PINT_SetTriggerStyleFromPin
<LI><a href="#[3b]">&gt;&gt;</a>&nbsp;&nbsp;&nbsp;PINT_GetPINTxIndexFromPin
<LI><a href="#[2e]">&gt;&gt;</a>&nbsp;&nbsp;&nbsp;GPIO_GetNormalBitOffsetFromPin
<LI><a href="#[2c]">&gt;&gt;</a>&nbsp;&nbsp;&nbsp;GPIO_SetFuncxRegFromPin
<LI><a href="#[121]">&gt;&gt;</a>&nbsp;&nbsp;&nbsp;data_handle
<LI><a href="#[de]">&gt;&gt;</a>&nbsp;&nbsp;&nbsp;judgeUseWhichPM25Zone
<LI><a href="#[ca]">&gt;&gt;</a>&nbsp;&nbsp;&nbsp;ledTestMode
<LI><a href="#[aa]">&gt;&gt;</a>&nbsp;&nbsp;&nbsp;JudgeRingColour
<LI><a href="#[b8]">&gt;&gt;</a>&nbsp;&nbsp;&nbsp;KeyReleased
<LI><a href="#[b5]">&gt;&gt;</a>&nbsp;&nbsp;&nbsp;keyHoldDeal
<LI><a href="#[b4]">&gt;&gt;</a>&nbsp;&nbsp;&nbsp;KeyPressing
<LI><a href="#[93]">&gt;&gt;</a>&nbsp;&nbsp;&nbsp;filterLife
<LI><a href="#[84]">&gt;&gt;</a>&nbsp;&nbsp;&nbsp;fanAuto
</UL>

<P><STRONG><a name="[1b6]"></a>__scatterload_copy</STRONG> (Thumb, 14 bytes, Stack size unknown bytes, handlers.o(i.__scatterload_copy), UNUSED)

<P><STRONG><a name="[1b7]"></a>__scatterload_null</STRONG> (Thumb, 2 bytes, Stack size unknown bytes, handlers.o(i.__scatterload_null), UNUSED)

<P><STRONG><a name="[1b8]"></a>__scatterload_zeroinit</STRONG> (Thumb, 14 bytes, Stack size unknown bytes, handlers.o(i.__scatterload_zeroinit), UNUSED)
<P>
<H3>
Local Symbols
</H3>
<P><STRONG><a name="[60]"></a>HW_Buzzer_SetFreq</STRONG> (Thumb, 90 bytes, Stack size 8 bytes, buzzer.o(.text))
<BR><BR>[Stack]<UL><LI>Max Depth = 76<LI>Call Chain = HW_Buzzer_SetFreq &rArr; Init_Buzzer &rArr; GPIO_Init &rArr; GPIO_SetSingalTypeFromPin &rArr; GPIO_GetNormalBitOffsetFromPin &rArr; __ARM_common_switch8
</UL>
<BR>[Calls]<UL><LI><a href="#[58]">&gt;&gt;</a>&nbsp;&nbsp;&nbsp;Init_Buzzer
<LI><a href="#[62]">&gt;&gt;</a>&nbsp;&nbsp;&nbsp;T16Nx_SetMAT1
<LI><a href="#[61]">&gt;&gt;</a>&nbsp;&nbsp;&nbsp;T16Nx_SetMAT0
</UL>
<BR>[Called By]<UL><LI><a href="#[65]">&gt;&gt;</a>&nbsp;&nbsp;&nbsp;API_Buzzer_Set
<LI><a href="#[63]">&gt;&gt;</a>&nbsp;&nbsp;&nbsp;Handle_Buzzer_Process
</UL>

<P><STRONG><a name="[126]"></a>dp_download_switch_handle</STRONG> (Thumb, 52 bytes, Stack size 24 bytes, protocol.o(.text))
<BR><BR>[Stack]<UL><LI>Max Depth = 132<LI>Call Chain = dp_download_switch_handle &rArr; powerSet &rArr; PowerOffDeal &rArr; API_Buzzer_Set &rArr; HW_Buzzer_SetFreq &rArr; Init_Buzzer &rArr; GPIO_Init &rArr; GPIO_SetSingalTypeFromPin &rArr; GPIO_GetNormalBitOffsetFromPin &rArr; __ARM_common_switch8
</UL>
<BR>[Calls]<UL><LI><a href="#[127]">&gt;&gt;</a>&nbsp;&nbsp;&nbsp;mcu_get_dp_download_bool
<LI><a href="#[ed]">&gt;&gt;</a>&nbsp;&nbsp;&nbsp;powerSet
<LI><a href="#[9d]">&gt;&gt;</a>&nbsp;&nbsp;&nbsp;mcu_dp_bool_update
</UL>
<BR>[Called By]<UL><LI><a href="#[12f]">&gt;&gt;</a>&nbsp;&nbsp;&nbsp;dp_download_handle
</UL>

<P><STRONG><a name="[128]"></a>dp_download_mode_handle</STRONG> (Thumb, 78 bytes, Stack size 24 bytes, protocol.o(.text))
<BR><BR>[Stack]<UL><LI>Max Depth = 124<LI>Call Chain = dp_download_mode_handle &rArr; modeSet &rArr; API_Buzzer_Set &rArr; HW_Buzzer_SetFreq &rArr; Init_Buzzer &rArr; GPIO_Init &rArr; GPIO_SetSingalTypeFromPin &rArr; GPIO_GetNormalBitOffsetFromPin &rArr; __ARM_common_switch8
</UL>
<BR>[Calls]<UL><LI><a href="#[129]">&gt;&gt;</a>&nbsp;&nbsp;&nbsp;mcu_get_dp_download_enum
<LI><a href="#[ef]">&gt;&gt;</a>&nbsp;&nbsp;&nbsp;modeSet
<LI><a href="#[bd]">&gt;&gt;</a>&nbsp;&nbsp;&nbsp;mcu_dp_enum_update
</UL>
<BR>[Called By]<UL><LI><a href="#[12f]">&gt;&gt;</a>&nbsp;&nbsp;&nbsp;dp_download_handle
</UL>

<P><STRONG><a name="[12a]"></a>dp_download_speed_handle</STRONG> (Thumb, 166 bytes, Stack size 24 bytes, protocol.o(.text))
<BR><BR>[Stack]<UL><LI>Max Depth = 116<LI>Call Chain = dp_download_speed_handle &rArr; API_Buzzer_Set &rArr; HW_Buzzer_SetFreq &rArr; Init_Buzzer &rArr; GPIO_Init &rArr; GPIO_SetSingalTypeFromPin &rArr; GPIO_GetNormalBitOffsetFromPin &rArr; __ARM_common_switch8
</UL>
<BR>[Calls]<UL><LI><a href="#[65]">&gt;&gt;</a>&nbsp;&nbsp;&nbsp;API_Buzzer_Set
<LI><a href="#[129]">&gt;&gt;</a>&nbsp;&nbsp;&nbsp;mcu_get_dp_download_enum
<LI><a href="#[bd]">&gt;&gt;</a>&nbsp;&nbsp;&nbsp;mcu_dp_enum_update
</UL>
<BR>[Called By]<UL><LI><a href="#[12f]">&gt;&gt;</a>&nbsp;&nbsp;&nbsp;dp_download_handle
</UL>

<P><STRONG><a name="[12b]"></a>dp_download_anion_handle</STRONG> (Thumb, 64 bytes, Stack size 24 bytes, protocol.o(.text))
<BR><BR>[Stack]<UL><LI>Max Depth = 116<LI>Call Chain = dp_download_anion_handle &rArr; API_Buzzer_Set &rArr; HW_Buzzer_SetFreq &rArr; Init_Buzzer &rArr; GPIO_Init &rArr; GPIO_SetSingalTypeFromPin &rArr; GPIO_GetNormalBitOffsetFromPin &rArr; __ARM_common_switch8
</UL>
<BR>[Calls]<UL><LI><a href="#[65]">&gt;&gt;</a>&nbsp;&nbsp;&nbsp;API_Buzzer_Set
<LI><a href="#[127]">&gt;&gt;</a>&nbsp;&nbsp;&nbsp;mcu_get_dp_download_bool
<LI><a href="#[12c]">&gt;&gt;</a>&nbsp;&nbsp;&nbsp;anionSet
<LI><a href="#[9d]">&gt;&gt;</a>&nbsp;&nbsp;&nbsp;mcu_dp_bool_update
</UL>
<BR>[Called By]<UL><LI><a href="#[12f]">&gt;&gt;</a>&nbsp;&nbsp;&nbsp;dp_download_handle
</UL>

<P><STRONG><a name="[12d]"></a>dp_download_lock_handle</STRONG> (Thumb, 54 bytes, Stack size 24 bytes, protocol.o(.text))
<BR><BR>[Stack]<UL><LI>Max Depth = 124<LI>Call Chain = dp_download_lock_handle &rArr; lockSet &rArr; API_Buzzer_Set &rArr; HW_Buzzer_SetFreq &rArr; Init_Buzzer &rArr; GPIO_Init &rArr; GPIO_SetSingalTypeFromPin &rArr; GPIO_GetNormalBitOffsetFromPin &rArr; __ARM_common_switch8
</UL>
<BR>[Calls]<UL><LI><a href="#[127]">&gt;&gt;</a>&nbsp;&nbsp;&nbsp;mcu_get_dp_download_bool
<LI><a href="#[ee]">&gt;&gt;</a>&nbsp;&nbsp;&nbsp;lockSet
<LI><a href="#[9d]">&gt;&gt;</a>&nbsp;&nbsp;&nbsp;mcu_dp_bool_update
</UL>
<BR>[Called By]<UL><LI><a href="#[12f]">&gt;&gt;</a>&nbsp;&nbsp;&nbsp;dp_download_handle
</UL>

<P><STRONG><a name="[12e]"></a>dp_download_timer_handle</STRONG> (Thumb, 130 bytes, Stack size 24 bytes, protocol.o(.text))
<BR><BR>[Stack]<UL><LI>Max Depth = 116<LI>Call Chain = dp_download_timer_handle &rArr; API_Buzzer_Set &rArr; HW_Buzzer_SetFreq &rArr; Init_Buzzer &rArr; GPIO_Init &rArr; GPIO_SetSingalTypeFromPin &rArr; GPIO_GetNormalBitOffsetFromPin &rArr; __ARM_common_switch8
</UL>
<BR>[Calls]<UL><LI><a href="#[65]">&gt;&gt;</a>&nbsp;&nbsp;&nbsp;API_Buzzer_Set
<LI><a href="#[129]">&gt;&gt;</a>&nbsp;&nbsp;&nbsp;mcu_get_dp_download_enum
<LI><a href="#[bd]">&gt;&gt;</a>&nbsp;&nbsp;&nbsp;mcu_dp_enum_update
</UL>
<BR>[Called By]<UL><LI><a href="#[12f]">&gt;&gt;</a>&nbsp;&nbsp;&nbsp;dp_download_handle
</UL>

<P><STRONG><a name="[130]"></a>wifi_uart_write_data</STRONG> (Thumb, 40 bytes, Stack size 16 bytes, system.o(.text))
<BR><BR>[Stack]<UL><LI>Max Depth = 32<LI>Call Chain = wifi_uart_write_data &rArr; uart_transmit_output &rArr; wifiSendByte
</UL>
<BR>[Calls]<UL><LI><a href="#[123]">&gt;&gt;</a>&nbsp;&nbsp;&nbsp;uart_transmit_output
</UL>
<BR>[Called By]<UL><LI><a href="#[117]">&gt;&gt;</a>&nbsp;&nbsp;&nbsp;wifi_uart_write_frame
</UL>

<P><STRONG><a name="[131]"></a>heat_beat_check</STRONG> (Thumb, 50 bytes, Stack size 8 bytes, system.o(.text))
<BR><BR>[Stack]<UL><LI>Max Depth = 56<LI>Call Chain = heat_beat_check &rArr; wifi_uart_write_frame &rArr; wifi_uart_write_data &rArr; uart_transmit_output &rArr; wifiSendByte
</UL>
<BR>[Calls]<UL><LI><a href="#[117]">&gt;&gt;</a>&nbsp;&nbsp;&nbsp;wifi_uart_write_frame
<LI><a href="#[118]">&gt;&gt;</a>&nbsp;&nbsp;&nbsp;set_wifi_uart_byte
</UL>
<BR>[Called By]<UL><LI><a href="#[121]">&gt;&gt;</a>&nbsp;&nbsp;&nbsp;data_handle
</UL>

<P><STRONG><a name="[132]"></a>product_info_update</STRONG> (Thumb, 54 bytes, Stack size 16 bytes, system.o(.text))
<BR><BR>[Stack]<UL><LI>Max Depth = 64<LI>Call Chain = product_info_update &rArr; wifi_uart_write_frame &rArr; wifi_uart_write_data &rArr; uart_transmit_output &rArr; wifiSendByte
</UL>
<BR>[Calls]<UL><LI><a href="#[117]">&gt;&gt;</a>&nbsp;&nbsp;&nbsp;wifi_uart_write_frame
<LI><a href="#[11a]">&gt;&gt;</a>&nbsp;&nbsp;&nbsp;set_wifi_uart_buffer
<LI><a href="#[133]">&gt;&gt;</a>&nbsp;&nbsp;&nbsp;my_strlen
</UL>
<BR>[Called By]<UL><LI><a href="#[121]">&gt;&gt;</a>&nbsp;&nbsp;&nbsp;data_handle
</UL>

<P><STRONG><a name="[134]"></a>get_mcu_wifi_mode</STRONG> (Thumb, 14 bytes, Stack size 8 bytes, system.o(.text))
<BR><BR>[Stack]<UL><LI>Max Depth = 56<LI>Call Chain = get_mcu_wifi_mode &rArr; wifi_uart_write_frame &rArr; wifi_uart_write_data &rArr; uart_transmit_output &rArr; wifiSendByte
</UL>
<BR>[Calls]<UL><LI><a href="#[117]">&gt;&gt;</a>&nbsp;&nbsp;&nbsp;wifi_uart_write_frame
</UL>
<BR>[Called By]<UL><LI><a href="#[121]">&gt;&gt;</a>&nbsp;&nbsp;&nbsp;data_handle
</UL>

<P><STRONG><a name="[135]"></a>get_dowmload_dpid_index</STRONG> (Thumb, 40 bytes, Stack size 16 bytes, system.o(.text))
<BR><BR>[Stack]<UL><LI>Max Depth = 16<LI>Call Chain = get_dowmload_dpid_index
</UL>
<BR>[Calls]<UL><LI><a href="#[136]">&gt;&gt;</a>&nbsp;&nbsp;&nbsp;get_download_cmd_total
</UL>
<BR>[Called By]<UL><LI><a href="#[137]">&gt;&gt;</a>&nbsp;&nbsp;&nbsp;data_point_handle
</UL>

<P><STRONG><a name="[137]"></a>data_point_handle</STRONG> (Thumb, 60 bytes, Stack size 32 bytes, system.o(.text))
<BR><BR>[Stack]<UL><LI>Max Depth = 188<LI>Call Chain = data_point_handle &rArr; dp_download_handle &rArr; dp_download_switch_handle &rArr; powerSet &rArr; PowerOffDeal &rArr; API_Buzzer_Set &rArr; HW_Buzzer_SetFreq &rArr; Init_Buzzer &rArr; GPIO_Init &rArr; GPIO_SetSingalTypeFromPin &rArr; GPIO_GetNormalBitOffsetFromPin &rArr; __ARM_common_switch8
</UL>
<BR>[Calls]<UL><LI><a href="#[135]">&gt;&gt;</a>&nbsp;&nbsp;&nbsp;get_dowmload_dpid_index
<LI><a href="#[12f]">&gt;&gt;</a>&nbsp;&nbsp;&nbsp;dp_download_handle
</UL>
<BR>[Called By]<UL><LI><a href="#[121]">&gt;&gt;</a>&nbsp;&nbsp;&nbsp;data_handle
</UL>

<P><STRONG><a name="[142]"></a>sub_ADKeySet</STRONG> (Thumb, 50 bytes, Stack size 0 bytes, adc.o(.text))
<BR><BR>[Called By]<UL><LI><a href="#[141]">&gt;&gt;</a>&nbsp;&nbsp;&nbsp;adKey
</UL>
<P>
<H3>
Undefined Global Symbols
</H3><HR></body></html>
