<html>
<body>
<pre>
<h1>µVision Build Log</h1>
<h2>Project:</h2>
D:\MyProject\Alen\BS45i V1.5 ES506\M300C.uvproj
Project File Date:  08/02/2019

<h2>Output:</h2>
"C:\Keil_v4\JLinkBurner\JLinkBurner.exe" 
Load "D:\\MyProject\\Alen\\BS45i V1.5 ES506\\output\\BS45i V1.5" 
_____^
*** error 56: cannot open file
Build target 'BS45i'
compiling Buzzer.c...
compiling DCMotorDrv.c...
compiling Drv_Disp.c...
compiling filter.c...
compiling Key.c...
compiling led.c...
compiling main.c...
compiling McuDrv.c...
compiling Mode.c...
compiling PM25.c...
compiling RGB.c...
compiling Test.c...
compiling Timer.c...
compiling wifi.c...
compiling mcu_api.c...
compiling protocol.c...
compiling irqhandler.c...
compiling fanDrv.c...
compiling ADC.C...
linking...
Program Size: Code=31016 RO-data=704 RW-data=396 ZI-data=1516  
FromELF: creating hex file...
".\output\BS45i V1.5.axf" - 0 Error(s), 0 Warning(s).
Load "D:\\MyProject\\Alen\\BS45i V1.5 ES506\\output\\BS45i V1.5" 
_____^
*** error 56: cannot open file
Load "D:\\MyProject\\Alen\\BS45i V1.5 ES506\\output\\BS45i V1.5" 
_____^
*** error 56: cannot open file
Build target 'BS45i'
linking...
Program Size: Code=31016 RO-data=704 RW-data=396 ZI-data=1516  
FromELF: creating hex file...
".\output\BS45i V1.5.axf" - 0 Error(s), 0 Warning(s).
Load "D:\\MyProject\\Alen\\BS45i V1.5 ES506\\output\\BS45i V1.5" 
_____^
*** error 56: cannot open file
Rebuild target 'BS45i'
assembling startup_HR8P506.s...
compiling system_HR8P506.c...
compiling hr8p506_iap_table.c...
compiling lib_adc.c...
compiling lib_euart.c...
compiling lib_gpio.c...
compiling lib_iic.c...
compiling lib_lcd.c...
compiling lib_led.c...
compiling lib_printf.c...
compiling lib_rtc.c...
compiling lib_scs.c...
compiling lib_scu.c...
compiling lib_spi.c...
compiling lib_timer.c...
compiling lib_uart.c...
compiling lib_wdt.c...
compiling Buzzer.c...
compiling DCMotorDrv.c...
compiling Drv_Disp.c...
compiling filter.c...
compiling Key.c...
compiling led.c...
compiling main.c...
compiling McuDrv.c...
compiling Mode.c...
compiling PM25.c...
compiling Remote.c...
compiling RGB.c...
compiling Test.c...
compiling Timer.c...
compiling wifi.c...
compiling mcu_api.c...
compiling protocol.c...
compiling system.c...
compiling irqhandler.c...
compiling Disp_Air.c...
compiling I2cDriver.c...
compiling I2C.c...
compiling fanDrv.c...
compiling ADC.C...
linking...
Program Size: Code=31016 RO-data=704 RW-data=396 ZI-data=1516  
FromELF: creating hex file...
".\output\BS45i V1.5.axf" - 0 Error(s), 0 Warning(s).
Load "D:\\MyProject\\Alen\\BS45i V1.5 ES506\\output\\BS45i V1.5" 
_____^
*** error 56: cannot open file
Build target 'BS45i'
linking...
Program Size: Code=31016 RO-data=704 RW-data=396 ZI-data=1516  
FromELF: creating hex file...
".\output\BS45i.axf" - 0 Error(s), 0 Warning(s).
Load "D:\\MyProject\\Alen\\BS45i V1.5 ES506\\output\\BS45i.AXF" 
Load "D:\\MyProject\\Alen\\BS45i V1.5 ES506\\output\\BS45i.AXF" 
* JLink Info: Device "UNSPECIFIED" selected (0 KB flash, 0 KB RAM).
Set JLink Project File to "D:\MyProject\Alen\BS45i V1.5 ES506\JLinkSettings.ini"
* JLink Info: Device "UNSPECIFIED" selected (0 KB flash, 0 KB RAM).
 
JLink info:
------------
DLL: V4.54a, compiled Sep 17 2012 15:58:45
Firmware: J-Link V9 compiled Jul 19 2017 16:11:45
Hardware: V9.40
S/N : 59406024 
Feature(s) : RDI, GDB, FlashDL, FlashBP, JFlash 
 
* JLink Info: Found SWD-DP with ID 0x0BB11477
* JLink Info: FPUnit: 4 code (BP) slots and 0 literal slots
* JLink Info: Found Cortex-M0 r0p0, Little endian.
ROMTableAddr = 0xE00FF003
 
Target info:
------------
Device: HR8P506FHLQ
VTarget = 3.275V
State of Pins: 
TCK: 0, TDI: 0, TDO: 0, TMS: 0, TRES: 1, TRST: 1
Hardware-Breakpoints: 4
Software-Breakpoints: 8192
Watchpoints:          2
JTAG speed: 2000 kHz
 
Full Chip Erase Done.
Programming Done.
Verify OK.
Application running ...
"C:\Keil_v4\JLinkBurner\JLinkBurner.exe" 
Load "D:\\MyProject\\Alen\\BS45i V1.5 ES506\\output\\BS45i.AXF" 
* JLink Info: Device "UNSPECIFIED" selected (0 KB flash, 0 KB RAM).
Set JLink Project File to "D:\MyProject\Alen\BS45i V1.5 ES506\JLinkSettings.ini"
* JLink Info: Device "UNSPECIFIED" selected (0 KB flash, 0 KB RAM).
 
JLink info:
------------
DLL: V4.54a, compiled Sep 17 2012 15:58:45
Firmware: J-Link V9 compiled Jul 19 2017 16:11:45
Hardware: V9.40
S/N : 59406024 
Feature(s) : RDI, GDB, FlashDL, FlashBP, JFlash 
 
* JLink Info: Found SWD-DP with ID 0x0BB11477
* JLink Info: FPUnit: 4 code (BP) slots and 0 literal slots
* JLink Info: Found Cortex-M0 r0p0, Little endian.
ROMTableAddr = 0xE00FF003
 
Target info:
------------
Device: HR8P506FHLQ
VTarget = 3.237V
State of Pins: 
TCK: 0, TDI: 0, TDO: 0, TMS: 0, TRES: 1, TRST: 1
Hardware-Breakpoints: 4
Software-Breakpoints: 8192
Watchpoints:          2
JTAG speed: 2000 kHz
 
Full Chip Erase Done.
Programming Done.
Verify OK.
Application running ...
