<html>
<body>
<pre>
<h1>µVision Build Log</h1>
<h2>Project:</h2>
D:\MyProject\Alen\BS45i V1.5 ES506\BS45i.uvproj
Project File Date:  11/22/2019

<h2>Output:</h2>
Rebuild target 'BS45i'
assembling startup_HR8P506.s...
compiling system_HR8P506.c...
compiling hr8p506_iap_table.c...
compiling lib_adc.c...
compiling lib_euart.c...
compiling lib_gpio.c...
compiling lib_iic.c...
compiling lib_lcd.c...
compiling lib_led.c...
compiling lib_printf.c...
compiling lib_rtc.c...
compiling lib_scs.c...
compiling lib_scu.c...
compiling lib_spi.c...
compiling lib_timer.c...
compiling lib_uart.c...
compiling lib_wdt.c...
compiling Buzzer.c...
compiling DCMotorDrv.c...
compiling Drv_Disp.c...
compiling filter.c...
compiling Key.c...
compiling led.c...
compiling main.c...
compiling McuDrv.c...
compiling Mode.c...
compiling PM25.c...
compiling Remote.c...
compiling RGB.c...
compiling Test.c...
compiling Timer.c...
compiling mcu_api.c...
compiling protocol.c...
compiling system.c...
compiling irqhandler.c...
compiling Disp_Air.c...
compiling I2C.c...
compiling fanDrv.c...
compiling ADC.C...
compiling mywifi.c...
linking...
Program Size: Code=30972 RO-data=700 RW-data=408 ZI-data=1392  
FromELF: creating hex file...
".\output\BS45i.axf" - 0 Error(s), 0 Warning(s).
Load "D:\\MyProject\\Alen\\BS45i V1.5 ES506\\output\\BS45i.AXF" 
Full Chip Erase Done.
Programming Done.
Verify OK.
Application running ...
