<!doctype html public "-//w3c//dtd html 4.0 transitional//en">
<html><head>
<title>Static Call Graph - [.\output\M300C_DC.axf]</title></head>
<body><HR>
<H1>Static Call Graph for image .\output\M300C_DC.axf</H1><HR>
<BR><P>#&#060CALLGRAPH&#062# ARM Linker, 5.02 [Build 28]: Last Updated: Wed Jun 26 20:10:54 2019
<BR><P>
<H3>Maximum Stack Usage =        216 bytes + Unknown(Cycles, Untraceable Function Pointers)</H3><H3>
Call chain for Maximum Stack Depth:</H3>
main &rArr; adSample &rArr; adKey &rArr; keyProcess &rArr; key3Long &rArr; CalFilterRecValEE &rArr; __aeabi_dmul &rArr; _double_epilogue &rArr; __aeabi_llsl
<P>
<H3>
Mutually Recursive functions
</H3> <LI><a href="#[16]">ADC_IRQHandler</a>&nbsp;&nbsp;&nbsp;&rArr;&nbsp;&nbsp;&nbsp;<a href="#[16]">ADC_IRQHandler</a><BR>
</UL>
<P>
<H3>
Function Pointers
</H3><UL>
 <LI><a href="#[16]">ADC_IRQHandler</a> from startup_hr8p506.o(.text) referenced from startup_hr8p506.o(RESET)
 <LI><a href="#[1f]">CCM_IRQHandler</a> from startup_hr8p506.o(.text) referenced from startup_hr8p506.o(RESET)
 <LI><a href="#[1b]">EUART0_IRQHandler</a> from startup_hr8p506.o(.text) referenced from startup_hr8p506.o(RESET)
 <LI><a href="#[2]">HardFault_IRQHandler</a> from irqhandler.o(.text) referenced from startup_hr8p506.o(RESET)
 <LI><a href="#[1e]">I2C0_IRQHandler</a> from startup_hr8p506.o(.text) referenced from startup_hr8p506.o(RESET)
 <LI><a href="#[15]">KINT_IRQHandler</a> from irqhandler.o(.text) referenced from startup_hr8p506.o(RESET)
 <LI><a href="#[17]">LVD_IRQHandler</a> from startup_hr8p506.o(.text) referenced from startup_hr8p506.o(RESET)
 <LI><a href="#[1]">NMI_IRQHandler</a> from irqhandler.o(.text) referenced from startup_hr8p506.o(RESET)
 <LI><a href="#[6]">PINT0_IRQHandler</a> from startup_hr8p506.o(.text) referenced from startup_hr8p506.o(RESET)
 <LI><a href="#[7]">PINT1_IRQHandler</a> from startup_hr8p506.o(.text) referenced from startup_hr8p506.o(RESET)
 <LI><a href="#[8]">PINT2_IRQHandler</a> from startup_hr8p506.o(.text) referenced from startup_hr8p506.o(RESET)
 <LI><a href="#[9]">PINT3_IRQHandler</a> from startup_hr8p506.o(.text) referenced from startup_hr8p506.o(RESET)
 <LI><a href="#[a]">PINT4_IRQHandler</a> from startup_hr8p506.o(.text) referenced from startup_hr8p506.o(RESET)
 <LI><a href="#[b]">PINT5_IRQHandler</a> from startup_hr8p506.o(.text) referenced from startup_hr8p506.o(RESET)
 <LI><a href="#[c]">PINT6_IRQHandler</a> from startup_hr8p506.o(.text) referenced from startup_hr8p506.o(RESET)
 <LI><a href="#[d]">PINT7_IRQHandler</a> from startup_hr8p506.o(.text) referenced from startup_hr8p506.o(RESET)
 <LI><a href="#[18]">PLLLK_IRQHandler</a> from startup_hr8p506.o(.text) referenced from startup_hr8p506.o(RESET)
 <LI><a href="#[4]">PendSV_IRQHandler</a> from irqhandler.o(.text) referenced from startup_hr8p506.o(RESET)
 <LI><a href="#[14]">RTC_IRQHandler</a> from startup_hr8p506.o(.text) referenced from startup_hr8p506.o(RESET)
 <LI><a href="#[21]">RegInit</a> from startup_hr8p506.o(.text) referenced from startup_hr8p506.o(.text)
 <LI><a href="#[0]">Reset_IRQHandler</a> from startup_hr8p506.o(.text) referenced from startup_hr8p506.o(RESET)
 <LI><a href="#[1c]">SPI0_IRQHandler</a> from startup_hr8p506.o(.text) referenced from startup_hr8p506.o(RESET)
 <LI><a href="#[1d]">SPI1_IRQHandler</a> from startup_hr8p506.o(.text) referenced from startup_hr8p506.o(RESET)
 <LI><a href="#[3]">SVC_IRQHandler</a> from irqhandler.o(.text) referenced from startup_hr8p506.o(RESET)
 <LI><a href="#[5]">SysTick_IRQHandler</a> from irqhandler.o(.text) referenced from startup_hr8p506.o(RESET)
 <LI><a href="#[22]">SystemInit</a> from system_hr8p506.o(.text) referenced from startup_hr8p506.o(.text)
 <LI><a href="#[e]">T16N0_IRQHandler</a> from irqhandler.o(.text) referenced from startup_hr8p506.o(RESET)
 <LI><a href="#[f]">T16N1_IRQHandler</a> from startup_hr8p506.o(.text) referenced from startup_hr8p506.o(RESET)
 <LI><a href="#[10]">T16N2_IRQHandler</a> from irqhandler.o(.text) referenced from startup_hr8p506.o(RESET)
 <LI><a href="#[11]">T16N3_IRQHandler</a> from startup_hr8p506.o(.text) referenced from startup_hr8p506.o(RESET)
 <LI><a href="#[12]">T32N0_IRQHandler</a> from dcmotordrv.o(.text) referenced from startup_hr8p506.o(RESET)
 <LI><a href="#[19]">UART0_IRQHandler</a> from startup_hr8p506.o(.text) referenced from startup_hr8p506.o(RESET)
 <LI><a href="#[1a]">UART1_IRQHandler</a> from uart1.o(.text) referenced from startup_hr8p506.o(RESET)
 <LI><a href="#[13]">WDT_IRQHandler</a> from startup_hr8p506.o(.text) referenced from startup_hr8p506.o(RESET)
 <LI><a href="#[23]">__main</a> from entry.o(.ARM.Collect$$$$00000000) referenced from startup_hr8p506.o(.text)
 <LI><a href="#[20]">main</a> from main.o(.text) referenced from entry8.o(.ARM.Collect$$$$00000009)
</UL>
<P>
<H3>
Global Symbols
</H3>
<P><STRONG><a name="[23]"></a>__main</STRONG> (Thumb, 0 bytes, Stack size unknown bytes, entry.o(.ARM.Collect$$$$00000000))
<BR>[Address Reference Count : 1]<UL><LI> startup_hr8p506.o(.text)
</UL>
<P><STRONG><a name="[127]"></a>_main_stk</STRONG> (Thumb, 0 bytes, Stack size unknown bytes, entry2.o(.ARM.Collect$$$$00000001))

<P><STRONG><a name="[24]"></a>_main_scatterload</STRONG> (Thumb, 0 bytes, Stack size unknown bytes, entry5.o(.ARM.Collect$$$$00000004))
<BR><BR>[Calls]<UL><LI><a href="#[25]">&gt;&gt;</a>&nbsp;&nbsp;&nbsp;__scatterload
</UL>

<P><STRONG><a name="[126]"></a>__main_after_scatterload</STRONG> (Thumb, 0 bytes, Stack size unknown bytes, entry5.o(.ARM.Collect$$$$00000004))
<BR><BR>[Called By]<UL><LI><a href="#[25]">&gt;&gt;</a>&nbsp;&nbsp;&nbsp;__scatterload
</UL>

<P><STRONG><a name="[128]"></a>_main_clock</STRONG> (Thumb, 0 bytes, Stack size unknown bytes, entry7b.o(.ARM.Collect$$$$00000008))

<P><STRONG><a name="[129]"></a>_main_init</STRONG> (Thumb, 0 bytes, Stack size unknown bytes, entry8.o(.ARM.Collect$$$$00000009))

<P><STRONG><a name="[0]"></a>Reset_IRQHandler</STRONG> (Thumb, 12 bytes, Stack size 0 bytes, startup_hr8p506.o(.text))
<BR>[Address Reference Count : 1]<UL><LI> startup_hr8p506.o(RESET)
</UL>
<P><STRONG><a name="[16]"></a>ADC_IRQHandler</STRONG> (Thumb, 0 bytes, Stack size 0 bytes, startup_hr8p506.o(.text))
<BR><BR>[Calls]<UL><LI><a href="#[16]">&gt;&gt;</a>&nbsp;&nbsp;&nbsp;ADC_IRQHandler
</UL>
<BR>[Called By]<UL><LI><a href="#[16]">&gt;&gt;</a>&nbsp;&nbsp;&nbsp;ADC_IRQHandler
</UL>
<BR>[Address Reference Count : 1]<UL><LI> startup_hr8p506.o(RESET)
</UL>
<P><STRONG><a name="[1f]"></a>CCM_IRQHandler</STRONG> (Thumb, 0 bytes, Stack size 0 bytes, startup_hr8p506.o(.text))
<BR>[Address Reference Count : 1]<UL><LI> startup_hr8p506.o(RESET)
</UL>
<P><STRONG><a name="[1b]"></a>EUART0_IRQHandler</STRONG> (Thumb, 0 bytes, Stack size 0 bytes, startup_hr8p506.o(.text))
<BR>[Address Reference Count : 1]<UL><LI> startup_hr8p506.o(RESET)
</UL>
<P><STRONG><a name="[1e]"></a>I2C0_IRQHandler</STRONG> (Thumb, 0 bytes, Stack size 0 bytes, startup_hr8p506.o(.text))
<BR>[Address Reference Count : 1]<UL><LI> startup_hr8p506.o(RESET)
</UL>
<P><STRONG><a name="[17]"></a>LVD_IRQHandler</STRONG> (Thumb, 0 bytes, Stack size 0 bytes, startup_hr8p506.o(.text))
<BR>[Address Reference Count : 1]<UL><LI> startup_hr8p506.o(RESET)
</UL>
<P><STRONG><a name="[6]"></a>PINT0_IRQHandler</STRONG> (Thumb, 0 bytes, Stack size 0 bytes, startup_hr8p506.o(.text))
<BR>[Address Reference Count : 1]<UL><LI> startup_hr8p506.o(RESET)
</UL>
<P><STRONG><a name="[7]"></a>PINT1_IRQHandler</STRONG> (Thumb, 0 bytes, Stack size 0 bytes, startup_hr8p506.o(.text))
<BR>[Address Reference Count : 1]<UL><LI> startup_hr8p506.o(RESET)
</UL>
<P><STRONG><a name="[8]"></a>PINT2_IRQHandler</STRONG> (Thumb, 0 bytes, Stack size 0 bytes, startup_hr8p506.o(.text))
<BR>[Address Reference Count : 1]<UL><LI> startup_hr8p506.o(RESET)
</UL>
<P><STRONG><a name="[9]"></a>PINT3_IRQHandler</STRONG> (Thumb, 0 bytes, Stack size 0 bytes, startup_hr8p506.o(.text))
<BR>[Address Reference Count : 1]<UL><LI> startup_hr8p506.o(RESET)
</UL>
<P><STRONG><a name="[a]"></a>PINT4_IRQHandler</STRONG> (Thumb, 0 bytes, Stack size 0 bytes, startup_hr8p506.o(.text))
<BR>[Address Reference Count : 1]<UL><LI> startup_hr8p506.o(RESET)
</UL>
<P><STRONG><a name="[b]"></a>PINT5_IRQHandler</STRONG> (Thumb, 0 bytes, Stack size 0 bytes, startup_hr8p506.o(.text))
<BR>[Address Reference Count : 1]<UL><LI> startup_hr8p506.o(RESET)
</UL>
<P><STRONG><a name="[c]"></a>PINT6_IRQHandler</STRONG> (Thumb, 0 bytes, Stack size 0 bytes, startup_hr8p506.o(.text))
<BR>[Address Reference Count : 1]<UL><LI> startup_hr8p506.o(RESET)
</UL>
<P><STRONG><a name="[d]"></a>PINT7_IRQHandler</STRONG> (Thumb, 0 bytes, Stack size 0 bytes, startup_hr8p506.o(.text))
<BR>[Address Reference Count : 1]<UL><LI> startup_hr8p506.o(RESET)
</UL>
<P><STRONG><a name="[18]"></a>PLLLK_IRQHandler</STRONG> (Thumb, 0 bytes, Stack size 0 bytes, startup_hr8p506.o(.text))
<BR>[Address Reference Count : 1]<UL><LI> startup_hr8p506.o(RESET)
</UL>
<P><STRONG><a name="[14]"></a>RTC_IRQHandler</STRONG> (Thumb, 0 bytes, Stack size 0 bytes, startup_hr8p506.o(.text))
<BR>[Address Reference Count : 1]<UL><LI> startup_hr8p506.o(RESET)
</UL>
<P><STRONG><a name="[1c]"></a>SPI0_IRQHandler</STRONG> (Thumb, 0 bytes, Stack size 0 bytes, startup_hr8p506.o(.text))
<BR>[Address Reference Count : 1]<UL><LI> startup_hr8p506.o(RESET)
</UL>
<P><STRONG><a name="[1d]"></a>SPI1_IRQHandler</STRONG> (Thumb, 0 bytes, Stack size 0 bytes, startup_hr8p506.o(.text))
<BR>[Address Reference Count : 1]<UL><LI> startup_hr8p506.o(RESET)
</UL>
<P><STRONG><a name="[f]"></a>T16N1_IRQHandler</STRONG> (Thumb, 0 bytes, Stack size 0 bytes, startup_hr8p506.o(.text))
<BR>[Address Reference Count : 1]<UL><LI> startup_hr8p506.o(RESET)
</UL>
<P><STRONG><a name="[11]"></a>T16N3_IRQHandler</STRONG> (Thumb, 0 bytes, Stack size 0 bytes, startup_hr8p506.o(.text))
<BR>[Address Reference Count : 1]<UL><LI> startup_hr8p506.o(RESET)
</UL>
<P><STRONG><a name="[19]"></a>UART0_IRQHandler</STRONG> (Thumb, 0 bytes, Stack size 0 bytes, startup_hr8p506.o(.text))
<BR>[Address Reference Count : 1]<UL><LI> startup_hr8p506.o(RESET)
</UL>
<P><STRONG><a name="[13]"></a>WDT_IRQHandler</STRONG> (Thumb, 0 bytes, Stack size 0 bytes, startup_hr8p506.o(.text))
<BR>[Address Reference Count : 1]<UL><LI> startup_hr8p506.o(RESET)
</UL>
<P><STRONG><a name="[21]"></a>RegInit</STRONG> (Thumb, 172 bytes, Stack size 0 bytes, startup_hr8p506.o(.text))
<BR>[Address Reference Count : 1]<UL><LI> startup_hr8p506.o(.text)
</UL>
<P><STRONG><a name="[22]"></a>SystemInit</STRONG> (Thumb, 2 bytes, Stack size 0 bytes, system_hr8p506.o(.text))
<BR>[Address Reference Count : 1]<UL><LI> startup_hr8p506.o(.text)
</UL>
<P><STRONG><a name="[12a]"></a>IAP_PageErase</STRONG> (Thumb, 24 bytes, Stack size 16 bytes, hr8p506_iap_table.o(.text), UNUSED)

<P><STRONG><a name="[12b]"></a>IAP_WordProgram</STRONG> (Thumb, 28 bytes, Stack size 24 bytes, hr8p506_iap_table.o(.text), UNUSED)

<P><STRONG><a name="[be]"></a>IAP_PageProgram</STRONG> (Thumb, 38 bytes, Stack size 40 bytes, hr8p506_iap_table.o(.text))
<BR><BR>[Stack]<UL><LI>Max Depth = 40<LI>Call Chain = IAP_PageProgram
</UL>
<BR>[Called By]<UL><LI><a href="#[bf]">&gt;&gt;</a>&nbsp;&nbsp;&nbsp;iap_write
<LI><a href="#[bc]">&gt;&gt;</a>&nbsp;&nbsp;&nbsp;iap_init
</UL>

<P><STRONG><a name="[bd]"></a>IAPRead</STRONG> (Thumb, 42 bytes, Stack size 16 bytes, hr8p506_iap_table.o(.text))
<BR><BR>[Stack]<UL><LI>Max Depth = 16<LI>Call Chain = IAPRead
</UL>
<BR>[Called By]<UL><LI><a href="#[bf]">&gt;&gt;</a>&nbsp;&nbsp;&nbsp;iap_write
<LI><a href="#[bc]">&gt;&gt;</a>&nbsp;&nbsp;&nbsp;iap_init
</UL>

<P><STRONG><a name="[27]"></a>ADC_Reset</STRONG> (Thumb, 38 bytes, Stack size 0 bytes, lib_adc.o(.text))
<BR><BR>[Called By]<UL><LI><a href="#[26]">&gt;&gt;</a>&nbsp;&nbsp;&nbsp;ADC_Init
</UL>

<P><STRONG><a name="[26]"></a>ADC_Init</STRONG> (Thumb, 252 bytes, Stack size 4 bytes, lib_adc.o(.text))
<BR><BR>[Stack]<UL><LI>Max Depth = 4<LI>Call Chain = ADC_Init
</UL>
<BR>[Calls]<UL><LI><a href="#[27]">&gt;&gt;</a>&nbsp;&nbsp;&nbsp;ADC_Reset
</UL>
<BR>[Called By]<UL><LI><a href="#[50]">&gt;&gt;</a>&nbsp;&nbsp;&nbsp;ADCInitALL
</UL>

<P><STRONG><a name="[12c]"></a>ADC_ACPConfig</STRONG> (Thumb, 226 bytes, Stack size 0 bytes, lib_adc.o(.text), UNUSED)

<P><STRONG><a name="[5c]"></a>ADC_Start</STRONG> (Thumb, 24 bytes, Stack size 0 bytes, lib_adc.o(.text))
<BR><BR>[Called By]<UL><LI><a href="#[5b]">&gt;&gt;</a>&nbsp;&nbsp;&nbsp;Get_AD_Value
</UL>

<P><STRONG><a name="[12d]"></a>ADC_SoftStart</STRONG> (Thumb, 26 bytes, Stack size 0 bytes, lib_adc.o(.text), UNUSED)

<P><STRONG><a name="[12e]"></a>ADC_SoftStop</STRONG> (Thumb, 26 bytes, Stack size 0 bytes, lib_adc.o(.text), UNUSED)

<P><STRONG><a name="[5e]"></a>ADC_GetConvValue</STRONG> (Thumb, 10 bytes, Stack size 0 bytes, lib_adc.o(.text))
<BR><BR>[Called By]<UL><LI><a href="#[5b]">&gt;&gt;</a>&nbsp;&nbsp;&nbsp;Get_AD_Value
</UL>

<P><STRONG><a name="[12f]"></a>ADC_GetConvStatus</STRONG> (Thumb, 16 bytes, Stack size 0 bytes, lib_adc.o(.text), UNUSED)

<P><STRONG><a name="[130]"></a>ADC_GetACPMeanValue</STRONG> (Thumb, 10 bytes, Stack size 0 bytes, lib_adc.o(.text), UNUSED)

<P><STRONG><a name="[5d]"></a>ADC_GetIFStatus</STRONG> (Thumb, 18 bytes, Stack size 0 bytes, lib_adc.o(.text))
<BR><BR>[Called By]<UL><LI><a href="#[5b]">&gt;&gt;</a>&nbsp;&nbsp;&nbsp;Get_AD_Value
</UL>

<P><STRONG><a name="[131]"></a>ADC_GetIEStatus</STRONG> (Thumb, 18 bytes, Stack size 0 bytes, lib_adc.o(.text), UNUSED)

<P><STRONG><a name="[5f]"></a>ADC_ClearIFStatus</STRONG> (Thumb, 10 bytes, Stack size 0 bytes, lib_adc.o(.text))
<BR><BR>[Called By]<UL><LI><a href="#[60]">&gt;&gt;</a>&nbsp;&nbsp;&nbsp;adSample
<LI><a href="#[5b]">&gt;&gt;</a>&nbsp;&nbsp;&nbsp;Get_AD_Value
</UL>

<P><STRONG><a name="[28]"></a>GPIO_SetFuncxRegFromPin</STRONG> (Thumb, 1394 bytes, Stack size 12 bytes, lib_gpio.o(.text))
<BR><BR>[Stack]<UL><LI>Max Depth = 20<LI>Call Chain = GPIO_SetFuncxRegFromPin &rArr; __ARM_common_switch8
</UL>
<BR>[Calls]<UL><LI><a href="#[29]">&gt;&gt;</a>&nbsp;&nbsp;&nbsp;__ARM_common_switch8
</UL>
<BR>[Called By]<UL><LI><a href="#[31]">&gt;&gt;</a>&nbsp;&nbsp;&nbsp;GPIO_Init
</UL>

<P><STRONG><a name="[2a]"></a>GPIO_GetNormalBitOffsetFromPin</STRONG> (Thumb, 250 bytes, Stack size 4 bytes, lib_gpio.o(.text))
<BR><BR>[Stack]<UL><LI>Max Depth = 12<LI>Call Chain = GPIO_GetNormalBitOffsetFromPin &rArr; __ARM_common_switch8
</UL>
<BR>[Calls]<UL><LI><a href="#[29]">&gt;&gt;</a>&nbsp;&nbsp;&nbsp;__ARM_common_switch8
</UL>
<BR>[Called By]<UL><LI><a href="#[36]">&gt;&gt;</a>&nbsp;&nbsp;&nbsp;GPIO_ToggleBit
<LI><a href="#[35]">&gt;&gt;</a>&nbsp;&nbsp;&nbsp;GPIO_ResetBit
<LI><a href="#[34]">&gt;&gt;</a>&nbsp;&nbsp;&nbsp;GPIO_SetBit
<LI><a href="#[33]">&gt;&gt;</a>&nbsp;&nbsp;&nbsp;GPIO_WriteBit
<LI><a href="#[32]">&gt;&gt;</a>&nbsp;&nbsp;&nbsp;GPIO_ReadBit
<LI><a href="#[30]">&gt;&gt;</a>&nbsp;&nbsp;&nbsp;GPIO_SetSingalTypeFromPin
<LI><a href="#[2f]">&gt;&gt;</a>&nbsp;&nbsp;&nbsp;GPIO_SetPDERegFromPin
<LI><a href="#[2e]">&gt;&gt;</a>&nbsp;&nbsp;&nbsp;GPIO_SetPUERegFromPin
<LI><a href="#[2d]">&gt;&gt;</a>&nbsp;&nbsp;&nbsp;GPIO_SetDSRegFromPin
<LI><a href="#[2c]">&gt;&gt;</a>&nbsp;&nbsp;&nbsp;GPIO_SetODERegFromPin
<LI><a href="#[2b]">&gt;&gt;</a>&nbsp;&nbsp;&nbsp;GPIO_SetDirRegFromPin
</UL>

<P><STRONG><a name="[2b]"></a>GPIO_SetDirRegFromPin</STRONG> (Thumb, 70 bytes, Stack size 12 bytes, lib_gpio.o(.text))
<BR><BR>[Stack]<UL><LI>Max Depth = 24<LI>Call Chain = GPIO_SetDirRegFromPin &rArr; GPIO_GetNormalBitOffsetFromPin &rArr; __ARM_common_switch8
</UL>
<BR>[Calls]<UL><LI><a href="#[2a]">&gt;&gt;</a>&nbsp;&nbsp;&nbsp;GPIO_GetNormalBitOffsetFromPin
</UL>
<BR>[Called By]<UL><LI><a href="#[31]">&gt;&gt;</a>&nbsp;&nbsp;&nbsp;GPIO_Init
</UL>

<P><STRONG><a name="[2c]"></a>GPIO_SetODERegFromPin</STRONG> (Thumb, 98 bytes, Stack size 12 bytes, lib_gpio.o(.text))
<BR><BR>[Stack]<UL><LI>Max Depth = 24<LI>Call Chain = GPIO_SetODERegFromPin &rArr; GPIO_GetNormalBitOffsetFromPin &rArr; __ARM_common_switch8
</UL>
<BR>[Calls]<UL><LI><a href="#[2a]">&gt;&gt;</a>&nbsp;&nbsp;&nbsp;GPIO_GetNormalBitOffsetFromPin
</UL>
<BR>[Called By]<UL><LI><a href="#[31]">&gt;&gt;</a>&nbsp;&nbsp;&nbsp;GPIO_Init
</UL>

<P><STRONG><a name="[2d]"></a>GPIO_SetDSRegFromPin</STRONG> (Thumb, 106 bytes, Stack size 12 bytes, lib_gpio.o(.text))
<BR><BR>[Stack]<UL><LI>Max Depth = 24<LI>Call Chain = GPIO_SetDSRegFromPin &rArr; GPIO_GetNormalBitOffsetFromPin &rArr; __ARM_common_switch8
</UL>
<BR>[Calls]<UL><LI><a href="#[2a]">&gt;&gt;</a>&nbsp;&nbsp;&nbsp;GPIO_GetNormalBitOffsetFromPin
</UL>
<BR>[Called By]<UL><LI><a href="#[31]">&gt;&gt;</a>&nbsp;&nbsp;&nbsp;GPIO_Init
</UL>

<P><STRONG><a name="[2e]"></a>GPIO_SetPUERegFromPin</STRONG> (Thumb, 98 bytes, Stack size 12 bytes, lib_gpio.o(.text))
<BR><BR>[Stack]<UL><LI>Max Depth = 24<LI>Call Chain = GPIO_SetPUERegFromPin &rArr; GPIO_GetNormalBitOffsetFromPin &rArr; __ARM_common_switch8
</UL>
<BR>[Calls]<UL><LI><a href="#[2a]">&gt;&gt;</a>&nbsp;&nbsp;&nbsp;GPIO_GetNormalBitOffsetFromPin
</UL>
<BR>[Called By]<UL><LI><a href="#[31]">&gt;&gt;</a>&nbsp;&nbsp;&nbsp;GPIO_Init
</UL>

<P><STRONG><a name="[2f]"></a>GPIO_SetPDERegFromPin</STRONG> (Thumb, 108 bytes, Stack size 12 bytes, lib_gpio.o(.text))
<BR><BR>[Stack]<UL><LI>Max Depth = 24<LI>Call Chain = GPIO_SetPDERegFromPin &rArr; GPIO_GetNormalBitOffsetFromPin &rArr; __ARM_common_switch8
</UL>
<BR>[Calls]<UL><LI><a href="#[2a]">&gt;&gt;</a>&nbsp;&nbsp;&nbsp;GPIO_GetNormalBitOffsetFromPin
</UL>
<BR>[Called By]<UL><LI><a href="#[31]">&gt;&gt;</a>&nbsp;&nbsp;&nbsp;GPIO_Init
</UL>

<P><STRONG><a name="[30]"></a>GPIO_SetSingalTypeFromPin</STRONG> (Thumb, 106 bytes, Stack size 12 bytes, lib_gpio.o(.text))
<BR><BR>[Stack]<UL><LI>Max Depth = 24<LI>Call Chain = GPIO_SetSingalTypeFromPin &rArr; GPIO_GetNormalBitOffsetFromPin &rArr; __ARM_common_switch8
</UL>
<BR>[Calls]<UL><LI><a href="#[2a]">&gt;&gt;</a>&nbsp;&nbsp;&nbsp;GPIO_GetNormalBitOffsetFromPin
</UL>
<BR>[Called By]<UL><LI><a href="#[31]">&gt;&gt;</a>&nbsp;&nbsp;&nbsp;GPIO_Init
</UL>

<P><STRONG><a name="[31]"></a>GPIO_Init</STRONG> (Thumb, 102 bytes, Stack size 12 bytes, lib_gpio.o(.text))
<BR><BR>[Stack]<UL><LI>Max Depth = 36<LI>Call Chain = GPIO_Init &rArr; GPIO_SetSingalTypeFromPin &rArr; GPIO_GetNormalBitOffsetFromPin &rArr; __ARM_common_switch8
</UL>
<BR>[Calls]<UL><LI><a href="#[30]">&gt;&gt;</a>&nbsp;&nbsp;&nbsp;GPIO_SetSingalTypeFromPin
<LI><a href="#[2f]">&gt;&gt;</a>&nbsp;&nbsp;&nbsp;GPIO_SetPDERegFromPin
<LI><a href="#[2e]">&gt;&gt;</a>&nbsp;&nbsp;&nbsp;GPIO_SetPUERegFromPin
<LI><a href="#[2d]">&gt;&gt;</a>&nbsp;&nbsp;&nbsp;GPIO_SetDSRegFromPin
<LI><a href="#[2c]">&gt;&gt;</a>&nbsp;&nbsp;&nbsp;GPIO_SetODERegFromPin
<LI><a href="#[2b]">&gt;&gt;</a>&nbsp;&nbsp;&nbsp;GPIO_SetDirRegFromPin
<LI><a href="#[28]">&gt;&gt;</a>&nbsp;&nbsp;&nbsp;GPIO_SetFuncxRegFromPin
</UL>
<BR>[Called By]<UL><LI><a href="#[50]">&gt;&gt;</a>&nbsp;&nbsp;&nbsp;ADCInitALL
<LI><a href="#[dc]">&gt;&gt;</a>&nbsp;&nbsp;&nbsp;UART1Init
<LI><a href="#[dd]">&gt;&gt;</a>&nbsp;&nbsp;&nbsp;McuIoInit
<LI><a href="#[89]">&gt;&gt;</a>&nbsp;&nbsp;&nbsp;Fan_Pwm_Off
<LI><a href="#[7a]">&gt;&gt;</a>&nbsp;&nbsp;&nbsp;T32NxInit
<LI><a href="#[65]">&gt;&gt;</a>&nbsp;&nbsp;&nbsp;Buzzer_Init_DY
</UL>

<P><STRONG><a name="[32]"></a>GPIO_ReadBit</STRONG> (Thumb, 44 bytes, Stack size 12 bytes, lib_gpio.o(.text))
<BR><BR>[Stack]<UL><LI>Max Depth = 24<LI>Call Chain = GPIO_ReadBit &rArr; GPIO_GetNormalBitOffsetFromPin &rArr; __ARM_common_switch8
</UL>
<BR>[Calls]<UL><LI><a href="#[2a]">&gt;&gt;</a>&nbsp;&nbsp;&nbsp;GPIO_GetNormalBitOffsetFromPin
</UL>
<BR>[Called By]<UL><LI><a href="#[10b]">&gt;&gt;</a>&nbsp;&nbsp;&nbsp;HW_IORead_Test
<LI><a href="#[fe]">&gt;&gt;</a>&nbsp;&nbsp;&nbsp;HW_IORead_Smell
</UL>

<P><STRONG><a name="[33]"></a>GPIO_WriteBit</STRONG> (Thumb, 74 bytes, Stack size 12 bytes, lib_gpio.o(.text))
<BR><BR>[Stack]<UL><LI>Max Depth = 24<LI>Call Chain = GPIO_WriteBit &rArr; GPIO_GetNormalBitOffsetFromPin &rArr; __ARM_common_switch8
</UL>
<BR>[Calls]<UL><LI><a href="#[2a]">&gt;&gt;</a>&nbsp;&nbsp;&nbsp;GPIO_GetNormalBitOffsetFromPin
</UL>
<BR>[Called By]<UL><LI><a href="#[89]">&gt;&gt;</a>&nbsp;&nbsp;&nbsp;Fan_Pwm_Off
<LI><a href="#[74]">&gt;&gt;</a>&nbsp;&nbsp;&nbsp;buzz_power_off
<LI><a href="#[73]">&gt;&gt;</a>&nbsp;&nbsp;&nbsp;buzz_pwm_4
<LI><a href="#[72]">&gt;&gt;</a>&nbsp;&nbsp;&nbsp;buzz_pwm_3
<LI><a href="#[71]">&gt;&gt;</a>&nbsp;&nbsp;&nbsp;buzz_pwm_2
<LI><a href="#[6e]">&gt;&gt;</a>&nbsp;&nbsp;&nbsp;buzz_pwm_1
<LI><a href="#[62]">&gt;&gt;</a>&nbsp;&nbsp;&nbsp;buzz_off
</UL>

<P><STRONG><a name="[34]"></a>GPIO_SetBit</STRONG> (Thumb, 40 bytes, Stack size 8 bytes, lib_gpio.o(.text))
<BR><BR>[Stack]<UL><LI>Max Depth = 20<LI>Call Chain = GPIO_SetBit &rArr; GPIO_GetNormalBitOffsetFromPin &rArr; __ARM_common_switch8
</UL>
<BR>[Calls]<UL><LI><a href="#[2a]">&gt;&gt;</a>&nbsp;&nbsp;&nbsp;GPIO_GetNormalBitOffsetFromPin
</UL>
<BR>[Called By]<UL><LI><a href="#[e0]">&gt;&gt;</a>&nbsp;&nbsp;&nbsp;RGBProcess
<LI><a href="#[e4]">&gt;&gt;</a>&nbsp;&nbsp;&nbsp;UVprocess
<LI><a href="#[d1]">&gt;&gt;</a>&nbsp;&nbsp;&nbsp;sensorPower
<LI><a href="#[d0]">&gt;&gt;</a>&nbsp;&nbsp;&nbsp;ionizerProcess
<LI><a href="#[af]">&gt;&gt;</a>&nbsp;&nbsp;&nbsp;Api_SleepLed_drv
<LI><a href="#[ae]">&gt;&gt;</a>&nbsp;&nbsp;&nbsp;ledAllOn
<LI><a href="#[a6]">&gt;&gt;</a>&nbsp;&nbsp;&nbsp;powerOffDis
<LI><a href="#[9c]">&gt;&gt;</a>&nbsp;&nbsp;&nbsp;DisIoDrv
<LI><a href="#[79]">&gt;&gt;</a>&nbsp;&nbsp;&nbsp;DCMotoPower
</UL>

<P><STRONG><a name="[35]"></a>GPIO_ResetBit</STRONG> (Thumb, 40 bytes, Stack size 8 bytes, lib_gpio.o(.text))
<BR><BR>[Stack]<UL><LI>Max Depth = 20<LI>Call Chain = GPIO_ResetBit &rArr; GPIO_GetNormalBitOffsetFromPin &rArr; __ARM_common_switch8
</UL>
<BR>[Calls]<UL><LI><a href="#[2a]">&gt;&gt;</a>&nbsp;&nbsp;&nbsp;GPIO_GetNormalBitOffsetFromPin
</UL>
<BR>[Called By]<UL><LI><a href="#[e0]">&gt;&gt;</a>&nbsp;&nbsp;&nbsp;RGBProcess
<LI><a href="#[e4]">&gt;&gt;</a>&nbsp;&nbsp;&nbsp;UVprocess
<LI><a href="#[d1]">&gt;&gt;</a>&nbsp;&nbsp;&nbsp;sensorPower
<LI><a href="#[d0]">&gt;&gt;</a>&nbsp;&nbsp;&nbsp;ionizerProcess
<LI><a href="#[af]">&gt;&gt;</a>&nbsp;&nbsp;&nbsp;Api_SleepLed_drv
<LI><a href="#[a9]">&gt;&gt;</a>&nbsp;&nbsp;&nbsp;sleepLedDis
<LI><a href="#[a6]">&gt;&gt;</a>&nbsp;&nbsp;&nbsp;powerOffDis
<LI><a href="#[a5]">&gt;&gt;</a>&nbsp;&nbsp;&nbsp;ledOff
<LI><a href="#[9c]">&gt;&gt;</a>&nbsp;&nbsp;&nbsp;DisIoDrv
<LI><a href="#[79]">&gt;&gt;</a>&nbsp;&nbsp;&nbsp;DCMotoPower
</UL>

<P><STRONG><a name="[36]"></a>GPIO_ToggleBit</STRONG> (Thumb, 40 bytes, Stack size 8 bytes, lib_gpio.o(.text), UNUSED)
<BR><BR>[Calls]<UL><LI><a href="#[2a]">&gt;&gt;</a>&nbsp;&nbsp;&nbsp;GPIO_GetNormalBitOffsetFromPin
</UL>

<P><STRONG><a name="[37]"></a>PINT_GetPINTxIndexFromPin</STRONG> (Thumb, 174 bytes, Stack size 4 bytes, lib_gpio.o(.text), UNUSED)
<BR><BR>[Calls]<UL><LI><a href="#[29]">&gt;&gt;</a>&nbsp;&nbsp;&nbsp;__ARM_common_switch8
</UL>
<BR>[Called By]<UL><LI><a href="#[3d]">&gt;&gt;</a>&nbsp;&nbsp;&nbsp;PINT_GetITFlag
<LI><a href="#[3c]">&gt;&gt;</a>&nbsp;&nbsp;&nbsp;PINT_ClearITFlag
<LI><a href="#[3a]">&gt;&gt;</a>&nbsp;&nbsp;&nbsp;PINT_SetEnableOrNotFromPin
<LI><a href="#[38]">&gt;&gt;</a>&nbsp;&nbsp;&nbsp;PINT_SetTriggerStyleFromPin
</UL>

<P><STRONG><a name="[38]"></a>PINT_SetTriggerStyleFromPin</STRONG> (Thumb, 104 bytes, Stack size 16 bytes, lib_gpio.o(.text), UNUSED)
<BR><BR>[Calls]<UL><LI><a href="#[29]">&gt;&gt;</a>&nbsp;&nbsp;&nbsp;__ARM_common_switch8
<LI><a href="#[37]">&gt;&gt;</a>&nbsp;&nbsp;&nbsp;PINT_GetPINTxIndexFromPin
</UL>
<BR>[Called By]<UL><LI><a href="#[3b]">&gt;&gt;</a>&nbsp;&nbsp;&nbsp;PINT_Init
</UL>

<P><STRONG><a name="[39]"></a>PINT_GetSELxIndexFromPin</STRONG> (Thumb, 170 bytes, Stack size 4 bytes, lib_gpio.o(.text), UNUSED)
<BR><BR>[Calls]<UL><LI><a href="#[29]">&gt;&gt;</a>&nbsp;&nbsp;&nbsp;__ARM_common_switch8
</UL>
<BR>[Called By]<UL><LI><a href="#[3a]">&gt;&gt;</a>&nbsp;&nbsp;&nbsp;PINT_SetEnableOrNotFromPin
</UL>

<P><STRONG><a name="[3a]"></a>PINT_SetEnableOrNotFromPin</STRONG> (Thumb, 148 bytes, Stack size 20 bytes, lib_gpio.o(.text), UNUSED)
<BR><BR>[Calls]<UL><LI><a href="#[39]">&gt;&gt;</a>&nbsp;&nbsp;&nbsp;PINT_GetSELxIndexFromPin
<LI><a href="#[37]">&gt;&gt;</a>&nbsp;&nbsp;&nbsp;PINT_GetPINTxIndexFromPin
</UL>
<BR>[Called By]<UL><LI><a href="#[3b]">&gt;&gt;</a>&nbsp;&nbsp;&nbsp;PINT_Init
</UL>

<P><STRONG><a name="[3b]"></a>PINT_Init</STRONG> (Thumb, 24 bytes, Stack size 12 bytes, lib_gpio.o(.text), UNUSED)
<BR><BR>[Calls]<UL><LI><a href="#[3a]">&gt;&gt;</a>&nbsp;&nbsp;&nbsp;PINT_SetEnableOrNotFromPin
<LI><a href="#[38]">&gt;&gt;</a>&nbsp;&nbsp;&nbsp;PINT_SetTriggerStyleFromPin
</UL>

<P><STRONG><a name="[3c]"></a>PINT_ClearITFlag</STRONG> (Thumb, 28 bytes, Stack size 12 bytes, lib_gpio.o(.text), UNUSED)
<BR><BR>[Calls]<UL><LI><a href="#[37]">&gt;&gt;</a>&nbsp;&nbsp;&nbsp;PINT_GetPINTxIndexFromPin
</UL>

<P><STRONG><a name="[3d]"></a>PINT_GetITFlag</STRONG> (Thumb, 30 bytes, Stack size 12 bytes, lib_gpio.o(.text), UNUSED)
<BR><BR>[Calls]<UL><LI><a href="#[37]">&gt;&gt;</a>&nbsp;&nbsp;&nbsp;PINT_GetPINTxIndexFromPin
</UL>

<P><STRONG><a name="[3e]"></a>KINT_GetKINTxIndexFromPin</STRONG> (Thumb, 174 bytes, Stack size 4 bytes, lib_gpio.o(.text))
<BR><BR>[Stack]<UL><LI>Max Depth = 12<LI>Call Chain = KINT_GetKINTxIndexFromPin &rArr; __ARM_common_switch8
</UL>
<BR>[Calls]<UL><LI><a href="#[29]">&gt;&gt;</a>&nbsp;&nbsp;&nbsp;__ARM_common_switch8
</UL>
<BR>[Called By]<UL><LI><a href="#[44]">&gt;&gt;</a>&nbsp;&nbsp;&nbsp;KINT_GetITFlag
<LI><a href="#[43]">&gt;&gt;</a>&nbsp;&nbsp;&nbsp;KINT_ClearITFlag
<LI><a href="#[41]">&gt;&gt;</a>&nbsp;&nbsp;&nbsp;KINT_SetEnableOrNotFromPin
<LI><a href="#[3f]">&gt;&gt;</a>&nbsp;&nbsp;&nbsp;KINT_SetTriggerStyleFromPin
</UL>

<P><STRONG><a name="[3f]"></a>KINT_SetTriggerStyleFromPin</STRONG> (Thumb, 104 bytes, Stack size 16 bytes, lib_gpio.o(.text))
<BR><BR>[Stack]<UL><LI>Max Depth = 28<LI>Call Chain = KINT_SetTriggerStyleFromPin &rArr; KINT_GetKINTxIndexFromPin &rArr; __ARM_common_switch8
</UL>
<BR>[Calls]<UL><LI><a href="#[29]">&gt;&gt;</a>&nbsp;&nbsp;&nbsp;__ARM_common_switch8
<LI><a href="#[3e]">&gt;&gt;</a>&nbsp;&nbsp;&nbsp;KINT_GetKINTxIndexFromPin
</UL>
<BR>[Called By]<UL><LI><a href="#[42]">&gt;&gt;</a>&nbsp;&nbsp;&nbsp;KINT_Init
</UL>

<P><STRONG><a name="[40]"></a>KINT_GetSelxIndexFromPin</STRONG> (Thumb, 170 bytes, Stack size 4 bytes, lib_gpio.o(.text))
<BR><BR>[Stack]<UL><LI>Max Depth = 12<LI>Call Chain = KINT_GetSelxIndexFromPin &rArr; __ARM_common_switch8
</UL>
<BR>[Calls]<UL><LI><a href="#[29]">&gt;&gt;</a>&nbsp;&nbsp;&nbsp;__ARM_common_switch8
</UL>
<BR>[Called By]<UL><LI><a href="#[41]">&gt;&gt;</a>&nbsp;&nbsp;&nbsp;KINT_SetEnableOrNotFromPin
</UL>

<P><STRONG><a name="[41]"></a>KINT_SetEnableOrNotFromPin</STRONG> (Thumb, 132 bytes, Stack size 20 bytes, lib_gpio.o(.text))
<BR><BR>[Stack]<UL><LI>Max Depth = 32<LI>Call Chain = KINT_SetEnableOrNotFromPin &rArr; KINT_GetSelxIndexFromPin &rArr; __ARM_common_switch8
</UL>
<BR>[Calls]<UL><LI><a href="#[40]">&gt;&gt;</a>&nbsp;&nbsp;&nbsp;KINT_GetSelxIndexFromPin
<LI><a href="#[3e]">&gt;&gt;</a>&nbsp;&nbsp;&nbsp;KINT_GetKINTxIndexFromPin
</UL>
<BR>[Called By]<UL><LI><a href="#[42]">&gt;&gt;</a>&nbsp;&nbsp;&nbsp;KINT_Init
</UL>

<P><STRONG><a name="[42]"></a>KINT_Init</STRONG> (Thumb, 24 bytes, Stack size 12 bytes, lib_gpio.o(.text))
<BR><BR>[Stack]<UL><LI>Max Depth = 44<LI>Call Chain = KINT_Init &rArr; KINT_SetEnableOrNotFromPin &rArr; KINT_GetSelxIndexFromPin &rArr; __ARM_common_switch8
</UL>
<BR>[Calls]<UL><LI><a href="#[41]">&gt;&gt;</a>&nbsp;&nbsp;&nbsp;KINT_SetEnableOrNotFromPin
<LI><a href="#[3f]">&gt;&gt;</a>&nbsp;&nbsp;&nbsp;KINT_SetTriggerStyleFromPin
</UL>
<BR>[Called By]<UL><LI><a href="#[dd]">&gt;&gt;</a>&nbsp;&nbsp;&nbsp;McuIoInit
</UL>

<P><STRONG><a name="[43]"></a>KINT_ClearITFlag</STRONG> (Thumb, 24 bytes, Stack size 12 bytes, lib_gpio.o(.text))
<BR><BR>[Stack]<UL><LI>Max Depth = 24<LI>Call Chain = KINT_ClearITFlag &rArr; KINT_GetKINTxIndexFromPin &rArr; __ARM_common_switch8
</UL>
<BR>[Calls]<UL><LI><a href="#[3e]">&gt;&gt;</a>&nbsp;&nbsp;&nbsp;KINT_GetKINTxIndexFromPin
</UL>
<BR>[Called By]<UL><LI><a href="#[15]">&gt;&gt;</a>&nbsp;&nbsp;&nbsp;KINT_IRQHandler
</UL>

<P><STRONG><a name="[44]"></a>KINT_GetITFlag</STRONG> (Thumb, 30 bytes, Stack size 12 bytes, lib_gpio.o(.text))
<BR><BR>[Stack]<UL><LI>Max Depth = 24<LI>Call Chain = KINT_GetITFlag &rArr; KINT_GetKINTxIndexFromPin &rArr; __ARM_common_switch8
</UL>
<BR>[Calls]<UL><LI><a href="#[3e]">&gt;&gt;</a>&nbsp;&nbsp;&nbsp;KINT_GetKINTxIndexFromPin
</UL>
<BR>[Called By]<UL><LI><a href="#[15]">&gt;&gt;</a>&nbsp;&nbsp;&nbsp;KINT_IRQHandler
</UL>

<P><STRONG><a name="[132]"></a>GPIO_TX0Config</STRONG> (Thumb, 82 bytes, Stack size 12 bytes, lib_gpio.o(.text), UNUSED)

<P><STRONG><a name="[133]"></a>GPIO_TX1Config</STRONG> (Thumb, 88 bytes, Stack size 16 bytes, lib_gpio.o(.text), UNUSED)

<P><STRONG><a name="[85]"></a>NVIC_Init</STRONG> (Thumb, 94 bytes, Stack size 12 bytes, lib_scs.o(.text))
<BR><BR>[Stack]<UL><LI>Max Depth = 12<LI>Call Chain = NVIC_Init
</UL>
<BR>[Called By]<UL><LI><a href="#[dc]">&gt;&gt;</a>&nbsp;&nbsp;&nbsp;UART1Init
<LI><a href="#[da]">&gt;&gt;</a>&nbsp;&nbsp;&nbsp;T16N2Init
<LI><a href="#[d9]">&gt;&gt;</a>&nbsp;&nbsp;&nbsp;WdtInit
<LI><a href="#[d7]">&gt;&gt;</a>&nbsp;&nbsp;&nbsp;T16N0Init
<LI><a href="#[bb]">&gt;&gt;</a>&nbsp;&nbsp;&nbsp;di
<LI><a href="#[ba]">&gt;&gt;</a>&nbsp;&nbsp;&nbsp;ei
<LI><a href="#[7a]">&gt;&gt;</a>&nbsp;&nbsp;&nbsp;T32NxInit
</UL>

<P><STRONG><a name="[134]"></a>SCB_SystemLPConfig</STRONG> (Thumb, 28 bytes, Stack size 0 bytes, lib_scs.o(.text), UNUSED)

<P><STRONG><a name="[135]"></a>SCB_GetCpuID</STRONG> (Thumb, 6 bytes, Stack size 0 bytes, lib_scs.o(.text), UNUSED)

<P><STRONG><a name="[136]"></a>SysTick_Init</STRONG> (Thumb, 60 bytes, Stack size 0 bytes, lib_scs.o(.text), UNUSED)

<P><STRONG><a name="[66]"></a>T16Nx_BaseInit</STRONG> (Thumb, 92 bytes, Stack size 8 bytes, lib_timer.o(.text))
<BR><BR>[Stack]<UL><LI>Max Depth = 8<LI>Call Chain = T16Nx_BaseInit
</UL>
<BR>[Called By]<UL><LI><a href="#[da]">&gt;&gt;</a>&nbsp;&nbsp;&nbsp;T16N2Init
<LI><a href="#[d7]">&gt;&gt;</a>&nbsp;&nbsp;&nbsp;T16N0Init
<LI><a href="#[65]">&gt;&gt;</a>&nbsp;&nbsp;&nbsp;Buzzer_Init_DY
</UL>

<P><STRONG><a name="[137]"></a>T16Nx_CapInit</STRONG> (Thumb, 132 bytes, Stack size 8 bytes, lib_timer.o(.text), UNUSED)

<P><STRONG><a name="[67]"></a>T16Nx_PMWOutInit</STRONG> (Thumb, 110 bytes, Stack size 8 bytes, lib_timer.o(.text))
<BR><BR>[Stack]<UL><LI>Max Depth = 8<LI>Call Chain = T16Nx_PMWOutInit
</UL>
<BR>[Called By]<UL><LI><a href="#[65]">&gt;&gt;</a>&nbsp;&nbsp;&nbsp;Buzzer_Init_DY
</UL>

<P><STRONG><a name="[138]"></a>T16Nx_PWMPDZ_Config</STRONG> (Thumb, 16 bytes, Stack size 0 bytes, lib_timer.o(.text), UNUSED)

<P><STRONG><a name="[68]"></a>T16Nx_MAT0ITConfig</STRONG> (Thumb, 24 bytes, Stack size 8 bytes, lib_timer.o(.text))
<BR><BR>[Stack]<UL><LI>Max Depth = 8<LI>Call Chain = T16Nx_MAT0ITConfig
</UL>
<BR>[Called By]<UL><LI><a href="#[da]">&gt;&gt;</a>&nbsp;&nbsp;&nbsp;T16N2Init
<LI><a href="#[d7]">&gt;&gt;</a>&nbsp;&nbsp;&nbsp;T16N0Init
<LI><a href="#[65]">&gt;&gt;</a>&nbsp;&nbsp;&nbsp;Buzzer_Init_DY
</UL>

<P><STRONG><a name="[6a]"></a>T16Nx_MAT1ITConfig</STRONG> (Thumb, 24 bytes, Stack size 8 bytes, lib_timer.o(.text))
<BR><BR>[Stack]<UL><LI>Max Depth = 8<LI>Call Chain = T16Nx_MAT1ITConfig
</UL>
<BR>[Called By]<UL><LI><a href="#[65]">&gt;&gt;</a>&nbsp;&nbsp;&nbsp;Buzzer_Init_DY
</UL>

<P><STRONG><a name="[139]"></a>T16Nx_MAT2ITConfig</STRONG> (Thumb, 24 bytes, Stack size 8 bytes, lib_timer.o(.text), UNUSED)

<P><STRONG><a name="[13a]"></a>T16Nx_MAT3ITConfig</STRONG> (Thumb, 24 bytes, Stack size 8 bytes, lib_timer.o(.text), UNUSED)

<P><STRONG><a name="[69]"></a>T16Nx_MAT0Out0Config</STRONG> (Thumb, 24 bytes, Stack size 8 bytes, lib_timer.o(.text))
<BR><BR>[Stack]<UL><LI>Max Depth = 8<LI>Call Chain = T16Nx_MAT0Out0Config
</UL>
<BR>[Called By]<UL><LI><a href="#[65]">&gt;&gt;</a>&nbsp;&nbsp;&nbsp;Buzzer_Init_DY
</UL>

<P><STRONG><a name="[6b]"></a>T16Nx_MAT1Out0Config</STRONG> (Thumb, 24 bytes, Stack size 8 bytes, lib_timer.o(.text))
<BR><BR>[Stack]<UL><LI>Max Depth = 8<LI>Call Chain = T16Nx_MAT1Out0Config
</UL>
<BR>[Called By]<UL><LI><a href="#[65]">&gt;&gt;</a>&nbsp;&nbsp;&nbsp;Buzzer_Init_DY
</UL>

<P><STRONG><a name="[13b]"></a>T16Nx_MAT2Out1Config</STRONG> (Thumb, 24 bytes, Stack size 8 bytes, lib_timer.o(.text), UNUSED)

<P><STRONG><a name="[13c]"></a>T16Nx_MAT3Out1Config</STRONG> (Thumb, 24 bytes, Stack size 8 bytes, lib_timer.o(.text), UNUSED)

<P><STRONG><a name="[d8]"></a>T16Nx_ITConfig</STRONG> (Thumb, 20 bytes, Stack size 0 bytes, lib_timer.o(.text))
<BR><BR>[Called By]<UL><LI><a href="#[da]">&gt;&gt;</a>&nbsp;&nbsp;&nbsp;T16N2Init
<LI><a href="#[d7]">&gt;&gt;</a>&nbsp;&nbsp;&nbsp;T16N0Init
</UL>

<P><STRONG><a name="[6c]"></a>T16Nx_SetCNT0</STRONG> (Thumb, 30 bytes, Stack size 0 bytes, lib_timer.o(.text))
<BR><BR>[Called By]<UL><LI><a href="#[da]">&gt;&gt;</a>&nbsp;&nbsp;&nbsp;T16N2Init
<LI><a href="#[d7]">&gt;&gt;</a>&nbsp;&nbsp;&nbsp;T16N0Init
<LI><a href="#[65]">&gt;&gt;</a>&nbsp;&nbsp;&nbsp;Buzzer_Init_DY
</UL>

<P><STRONG><a name="[13d]"></a>T16Nx_SetCNT1</STRONG> (Thumb, 30 bytes, Stack size 0 bytes, lib_timer.o(.text), UNUSED)

<P><STRONG><a name="[13e]"></a>T16Nx_SetPREMAT</STRONG> (Thumb, 16 bytes, Stack size 0 bytes, lib_timer.o(.text), UNUSED)

<P><STRONG><a name="[13f]"></a>T16Nx_SetPRECNT</STRONG> (Thumb, 30 bytes, Stack size 0 bytes, lib_timer.o(.text), UNUSED)

<P><STRONG><a name="[6f]"></a>T16Nx_SetMAT0</STRONG> (Thumb, 12 bytes, Stack size 0 bytes, lib_timer.o(.text))
<BR><BR>[Called By]<UL><LI><a href="#[da]">&gt;&gt;</a>&nbsp;&nbsp;&nbsp;T16N2Init
<LI><a href="#[d7]">&gt;&gt;</a>&nbsp;&nbsp;&nbsp;T16N0Init
<LI><a href="#[73]">&gt;&gt;</a>&nbsp;&nbsp;&nbsp;buzz_pwm_4
<LI><a href="#[72]">&gt;&gt;</a>&nbsp;&nbsp;&nbsp;buzz_pwm_3
<LI><a href="#[71]">&gt;&gt;</a>&nbsp;&nbsp;&nbsp;buzz_pwm_2
<LI><a href="#[6e]">&gt;&gt;</a>&nbsp;&nbsp;&nbsp;buzz_pwm_1
</UL>

<P><STRONG><a name="[70]"></a>T16Nx_SetMAT1</STRONG> (Thumb, 12 bytes, Stack size 0 bytes, lib_timer.o(.text))
<BR><BR>[Called By]<UL><LI><a href="#[73]">&gt;&gt;</a>&nbsp;&nbsp;&nbsp;buzz_pwm_4
<LI><a href="#[72]">&gt;&gt;</a>&nbsp;&nbsp;&nbsp;buzz_pwm_3
<LI><a href="#[71]">&gt;&gt;</a>&nbsp;&nbsp;&nbsp;buzz_pwm_2
<LI><a href="#[6e]">&gt;&gt;</a>&nbsp;&nbsp;&nbsp;buzz_pwm_1
</UL>

<P><STRONG><a name="[140]"></a>T16Nx_SetMAT2</STRONG> (Thumb, 12 bytes, Stack size 0 bytes, lib_timer.o(.text), UNUSED)

<P><STRONG><a name="[141]"></a>T16Nx_SetMAT3</STRONG> (Thumb, 12 bytes, Stack size 0 bytes, lib_timer.o(.text), UNUSED)

<P><STRONG><a name="[142]"></a>T16Nx_SetTOP0</STRONG> (Thumb, 12 bytes, Stack size 0 bytes, lib_timer.o(.text), UNUSED)

<P><STRONG><a name="[143]"></a>T16Nx_SetTOP1</STRONG> (Thumb, 12 bytes, Stack size 0 bytes, lib_timer.o(.text), UNUSED)

<P><STRONG><a name="[144]"></a>T16Nx_GetMAT0</STRONG> (Thumb, 8 bytes, Stack size 0 bytes, lib_timer.o(.text), UNUSED)

<P><STRONG><a name="[145]"></a>T16Nx_GetMAT1</STRONG> (Thumb, 8 bytes, Stack size 0 bytes, lib_timer.o(.text), UNUSED)

<P><STRONG><a name="[146]"></a>T16Nx_GetMAT2</STRONG> (Thumb, 8 bytes, Stack size 0 bytes, lib_timer.o(.text), UNUSED)

<P><STRONG><a name="[147]"></a>T16Nx_GetMAT3</STRONG> (Thumb, 8 bytes, Stack size 0 bytes, lib_timer.o(.text), UNUSED)

<P><STRONG><a name="[148]"></a>T16Nx_GetTOP0</STRONG> (Thumb, 8 bytes, Stack size 0 bytes, lib_timer.o(.text), UNUSED)

<P><STRONG><a name="[149]"></a>T16Nx_GetTOP1</STRONG> (Thumb, 8 bytes, Stack size 0 bytes, lib_timer.o(.text), UNUSED)

<P><STRONG><a name="[14a]"></a>T16Nx_GetCNT0</STRONG> (Thumb, 8 bytes, Stack size 0 bytes, lib_timer.o(.text), UNUSED)

<P><STRONG><a name="[14b]"></a>T16Nx_GetCNT1</STRONG> (Thumb, 8 bytes, Stack size 0 bytes, lib_timer.o(.text), UNUSED)

<P><STRONG><a name="[c0]"></a>T16Nx_GetFlagStatus</STRONG> (Thumb, 18 bytes, Stack size 0 bytes, lib_timer.o(.text))
<BR><BR>[Called By]<UL><LI><a href="#[10]">&gt;&gt;</a>&nbsp;&nbsp;&nbsp;T16N2_IRQHandler
<LI><a href="#[e]">&gt;&gt;</a>&nbsp;&nbsp;&nbsp;T16N0_IRQHandler
</UL>

<P><STRONG><a name="[c1]"></a>T16Nx_ClearITPendingBit</STRONG> (Thumb, 4 bytes, Stack size 0 bytes, lib_timer.o(.text))
<BR><BR>[Called By]<UL><LI><a href="#[10]">&gt;&gt;</a>&nbsp;&nbsp;&nbsp;T16N2_IRQHandler
<LI><a href="#[e]">&gt;&gt;</a>&nbsp;&nbsp;&nbsp;T16N0_IRQHandler
</UL>

<P><STRONG><a name="[6d]"></a>T16Nx_Enable</STRONG> (Thumb, 12 bytes, Stack size 0 bytes, lib_timer.o(.text))
<BR><BR>[Called By]<UL><LI><a href="#[da]">&gt;&gt;</a>&nbsp;&nbsp;&nbsp;T16N2Init
<LI><a href="#[d7]">&gt;&gt;</a>&nbsp;&nbsp;&nbsp;T16N0Init
<LI><a href="#[65]">&gt;&gt;</a>&nbsp;&nbsp;&nbsp;Buzzer_Init_DY
</UL>

<P><STRONG><a name="[63]"></a>T16Nx_Disable</STRONG> (Thumb, 10 bytes, Stack size 0 bytes, lib_timer.o(.text))
<BR><BR>[Called By]<UL><LI><a href="#[62]">&gt;&gt;</a>&nbsp;&nbsp;&nbsp;buzz_off
</UL>

<P><STRONG><a name="[14c]"></a>T16Nx_PWMBK_Config</STRONG> (Thumb, 116 bytes, Stack size 8 bytes, lib_timer.o(.text), UNUSED)

<P><STRONG><a name="[14d]"></a>T16Nx_GetPWMBKF</STRONG> (Thumb, 18 bytes, Stack size 0 bytes, lib_timer.o(.text), UNUSED)

<P><STRONG><a name="[14e]"></a>T16Nx_ResetPWMBKF</STRONG> (Thumb, 14 bytes, Stack size 0 bytes, lib_timer.o(.text), UNUSED)

<P><STRONG><a name="[14f]"></a>T16Nx_PTR_Config</STRONG> (Thumb, 20 bytes, Stack size 0 bytes, lib_timer.o(.text), UNUSED)

<P><STRONG><a name="[7b]"></a>T32Nx_BaseInit</STRONG> (Thumb, 92 bytes, Stack size 8 bytes, lib_timer.o(.text))
<BR><BR>[Stack]<UL><LI>Max Depth = 8<LI>Call Chain = T32Nx_BaseInit
</UL>
<BR>[Called By]<UL><LI><a href="#[7a]">&gt;&gt;</a>&nbsp;&nbsp;&nbsp;T32NxInit
</UL>

<P><STRONG><a name="[150]"></a>T32Nx_CapInit</STRONG> (Thumb, 132 bytes, Stack size 8 bytes, lib_timer.o(.text), UNUSED)

<P><STRONG><a name="[7c]"></a>T32Nx_PMWOutInit</STRONG> (Thumb, 44 bytes, Stack size 8 bytes, lib_timer.o(.text))
<BR><BR>[Stack]<UL><LI>Max Depth = 8<LI>Call Chain = T32Nx_PMWOutInit
</UL>
<BR>[Called By]<UL><LI><a href="#[7a]">&gt;&gt;</a>&nbsp;&nbsp;&nbsp;T32NxInit
</UL>

<P><STRONG><a name="[151]"></a>T32Nx_MAT0ITConfig</STRONG> (Thumb, 24 bytes, Stack size 8 bytes, lib_timer.o(.text), UNUSED)

<P><STRONG><a name="[152]"></a>T32Nx_MAT1ITConfig</STRONG> (Thumb, 24 bytes, Stack size 8 bytes, lib_timer.o(.text), UNUSED)

<P><STRONG><a name="[7d]"></a>T32Nx_MAT2ITConfig</STRONG> (Thumb, 24 bytes, Stack size 8 bytes, lib_timer.o(.text))
<BR><BR>[Stack]<UL><LI>Max Depth = 8<LI>Call Chain = T32Nx_MAT2ITConfig
</UL>
<BR>[Called By]<UL><LI><a href="#[7a]">&gt;&gt;</a>&nbsp;&nbsp;&nbsp;T32NxInit
</UL>

<P><STRONG><a name="[7e]"></a>T32Nx_MAT3ITConfig</STRONG> (Thumb, 24 bytes, Stack size 8 bytes, lib_timer.o(.text))
<BR><BR>[Stack]<UL><LI>Max Depth = 8<LI>Call Chain = T32Nx_MAT3ITConfig
</UL>
<BR>[Called By]<UL><LI><a href="#[7a]">&gt;&gt;</a>&nbsp;&nbsp;&nbsp;T32NxInit
</UL>

<P><STRONG><a name="[153]"></a>T32Nx_MAT0Out0Config</STRONG> (Thumb, 24 bytes, Stack size 8 bytes, lib_timer.o(.text), UNUSED)

<P><STRONG><a name="[154]"></a>T32Nx_MAT1Out0Config</STRONG> (Thumb, 24 bytes, Stack size 8 bytes, lib_timer.o(.text), UNUSED)

<P><STRONG><a name="[7f]"></a>T32Nx_MAT2Out1Config</STRONG> (Thumb, 24 bytes, Stack size 8 bytes, lib_timer.o(.text))
<BR><BR>[Stack]<UL><LI>Max Depth = 8<LI>Call Chain = T32Nx_MAT2Out1Config
</UL>
<BR>[Called By]<UL><LI><a href="#[7a]">&gt;&gt;</a>&nbsp;&nbsp;&nbsp;T32NxInit
</UL>

<P><STRONG><a name="[80]"></a>T32Nx_MAT3Out1Config</STRONG> (Thumb, 18 bytes, Stack size 0 bytes, lib_timer.o(.text))
<BR><BR>[Called By]<UL><LI><a href="#[7a]">&gt;&gt;</a>&nbsp;&nbsp;&nbsp;T32NxInit
</UL>

<P><STRONG><a name="[84]"></a>T32Nx_ITConfig</STRONG> (Thumb, 20 bytes, Stack size 0 bytes, lib_timer.o(.text))
<BR><BR>[Called By]<UL><LI><a href="#[7a]">&gt;&gt;</a>&nbsp;&nbsp;&nbsp;T32NxInit
</UL>

<P><STRONG><a name="[81]"></a>T32Nx_SetCNT</STRONG> (Thumb, 24 bytes, Stack size 0 bytes, lib_timer.o(.text))
<BR><BR>[Called By]<UL><LI><a href="#[7a]">&gt;&gt;</a>&nbsp;&nbsp;&nbsp;T32NxInit
</UL>

<P><STRONG><a name="[155]"></a>T32Nx_SetPREMAT</STRONG> (Thumb, 16 bytes, Stack size 0 bytes, lib_timer.o(.text), UNUSED)

<P><STRONG><a name="[156]"></a>T32Nx_SetPRECNT</STRONG> (Thumb, 30 bytes, Stack size 0 bytes, lib_timer.o(.text), UNUSED)

<P><STRONG><a name="[157]"></a>T32Nx_SetMAT0</STRONG> (Thumb, 6 bytes, Stack size 0 bytes, lib_timer.o(.text), UNUSED)

<P><STRONG><a name="[158]"></a>T32Nx_SetMAT1</STRONG> (Thumb, 6 bytes, Stack size 0 bytes, lib_timer.o(.text), UNUSED)

<P><STRONG><a name="[82]"></a>T32Nx_SetMAT2</STRONG> (Thumb, 6 bytes, Stack size 0 bytes, lib_timer.o(.text))
<BR><BR>[Called By]<UL><LI><a href="#[7a]">&gt;&gt;</a>&nbsp;&nbsp;&nbsp;T32NxInit
</UL>

<P><STRONG><a name="[83]"></a>T32Nx_SetMAT3</STRONG> (Thumb, 6 bytes, Stack size 0 bytes, lib_timer.o(.text))
<BR><BR>[Called By]<UL><LI><a href="#[87]">&gt;&gt;</a>&nbsp;&nbsp;&nbsp;MotoPwmDutySet
<LI><a href="#[7a]">&gt;&gt;</a>&nbsp;&nbsp;&nbsp;T32NxInit
</UL>

<P><STRONG><a name="[159]"></a>T32Nx_GetMAT0</STRONG> (Thumb, 6 bytes, Stack size 0 bytes, lib_timer.o(.text), UNUSED)

<P><STRONG><a name="[15a]"></a>T32Nx_GetMAT1</STRONG> (Thumb, 6 bytes, Stack size 0 bytes, lib_timer.o(.text), UNUSED)

<P><STRONG><a name="[15b]"></a>T32Nx_GetMAT2</STRONG> (Thumb, 6 bytes, Stack size 0 bytes, lib_timer.o(.text), UNUSED)

<P><STRONG><a name="[15c]"></a>T32Nx_GetMAT3</STRONG> (Thumb, 6 bytes, Stack size 0 bytes, lib_timer.o(.text), UNUSED)

<P><STRONG><a name="[15d]"></a>T32Nx_GetCNT</STRONG> (Thumb, 6 bytes, Stack size 0 bytes, lib_timer.o(.text), UNUSED)

<P><STRONG><a name="[96]"></a>T32Nx_GetFlagStatus</STRONG> (Thumb, 18 bytes, Stack size 0 bytes, lib_timer.o(.text))
<BR><BR>[Called By]<UL><LI><a href="#[12]">&gt;&gt;</a>&nbsp;&nbsp;&nbsp;T32N0_IRQHandler
</UL>

<P><STRONG><a name="[97]"></a>T32Nx_ClearITPendingBit</STRONG> (Thumb, 4 bytes, Stack size 0 bytes, lib_timer.o(.text))
<BR><BR>[Called By]<UL><LI><a href="#[12]">&gt;&gt;</a>&nbsp;&nbsp;&nbsp;T32N0_IRQHandler
</UL>

<P><STRONG><a name="[86]"></a>T32Nx_Enable</STRONG> (Thumb, 12 bytes, Stack size 0 bytes, lib_timer.o(.text))
<BR><BR>[Called By]<UL><LI><a href="#[7a]">&gt;&gt;</a>&nbsp;&nbsp;&nbsp;T32NxInit
</UL>

<P><STRONG><a name="[8b]"></a>T32Nx_Disable</STRONG> (Thumb, 10 bytes, Stack size 0 bytes, lib_timer.o(.text))
<BR><BR>[Called By]<UL><LI><a href="#[8a]">&gt;&gt;</a>&nbsp;&nbsp;&nbsp;sub_MotorDrvStop
</UL>

<P><STRONG><a name="[45]"></a>BUZC_Frequence</STRONG> (Thumb, 76 bytes, Stack size 24 bytes, lib_timer.o(.text), UNUSED)
<BR><BR>[Calls]<UL><LI><a href="#[47]">&gt;&gt;</a>&nbsp;&nbsp;&nbsp;__aeabi_ui2f
<LI><a href="#[48]">&gt;&gt;</a>&nbsp;&nbsp;&nbsp;__aeabi_f2uiz
<LI><a href="#[46]">&gt;&gt;</a>&nbsp;&nbsp;&nbsp;__aeabi_uidivmod
</UL>

<P><STRONG><a name="[49]"></a>UART_Init</STRONG> (Thumb, 350 bytes, Stack size 40 bytes, lib_uart.o(.text))
<BR><BR>[Stack]<UL><LI>Max Depth = 60<LI>Call Chain = UART_Init &rArr; __aeabi_ui2f &rArr; _float_epilogue
</UL>
<BR>[Calls]<UL><LI><a href="#[4e]">&gt;&gt;</a>&nbsp;&nbsp;&nbsp;__aeabi_fmul
<LI><a href="#[4a]">&gt;&gt;</a>&nbsp;&nbsp;&nbsp;__aeabi_fdiv
<LI><a href="#[4b]">&gt;&gt;</a>&nbsp;&nbsp;&nbsp;__aeabi_f2d
<LI><a href="#[4d]">&gt;&gt;</a>&nbsp;&nbsp;&nbsp;__aeabi_d2f
<LI><a href="#[4c]">&gt;&gt;</a>&nbsp;&nbsp;&nbsp;__aeabi_cdcmple
<LI><a href="#[47]">&gt;&gt;</a>&nbsp;&nbsp;&nbsp;__aeabi_ui2f
<LI><a href="#[48]">&gt;&gt;</a>&nbsp;&nbsp;&nbsp;__aeabi_f2uiz
</UL>
<BR>[Called By]<UL><LI><a href="#[dc]">&gt;&gt;</a>&nbsp;&nbsp;&nbsp;UART1Init
</UL>

<P><STRONG><a name="[15e]"></a>UART_AutoBaudConfig</STRONG> (Thumb, 36 bytes, Stack size 8 bytes, lib_uart.o(.text), UNUSED)

<P><STRONG><a name="[15f]"></a>UART_BaudFreeConfig</STRONG> (Thumb, 36 bytes, Stack size 8 bytes, lib_uart.o(.text), UNUSED)

<P><STRONG><a name="[ef]"></a>UART_ITConfig</STRONG> (Thumb, 20 bytes, Stack size 0 bytes, lib_uart.o(.text))
<BR><BR>[Called By]<UL><LI><a href="#[e8]">&gt;&gt;</a>&nbsp;&nbsp;&nbsp;Uart1TxStart
<LI><a href="#[ed]">&gt;&gt;</a>&nbsp;&nbsp;&nbsp;UartPM25TX
<LI><a href="#[dc]">&gt;&gt;</a>&nbsp;&nbsp;&nbsp;UART1Init
</UL>

<P><STRONG><a name="[117]"></a>UART_TBIMConfig</STRONG> (Thumb, 16 bytes, Stack size 0 bytes, lib_uart.o(.text))
<BR><BR>[Called By]<UL><LI><a href="#[dc]">&gt;&gt;</a>&nbsp;&nbsp;&nbsp;UART1Init
</UL>

<P><STRONG><a name="[118]"></a>UART_RBIMConfig</STRONG> (Thumb, 20 bytes, Stack size 8 bytes, lib_uart.o(.text))
<BR><BR>[Stack]<UL><LI>Max Depth = 8<LI>Call Chain = UART_RBIMConfig
</UL>
<BR>[Called By]<UL><LI><a href="#[dc]">&gt;&gt;</a>&nbsp;&nbsp;&nbsp;UART1Init
</UL>

<P><STRONG><a name="[ee]"></a>UART_SendByte</STRONG> (Thumb, 6 bytes, Stack size 0 bytes, lib_uart.o(.text))
<BR><BR>[Called By]<UL><LI><a href="#[ed]">&gt;&gt;</a>&nbsp;&nbsp;&nbsp;UartPM25TX
</UL>

<P><STRONG><a name="[160]"></a>UART_SendHalfWord</STRONG> (Thumb, 4 bytes, Stack size 0 bytes, lib_uart.o(.text), UNUSED)

<P><STRONG><a name="[161]"></a>UART_SendWord</STRONG> (Thumb, 4 bytes, Stack size 0 bytes, lib_uart.o(.text), UNUSED)

<P><STRONG><a name="[11b]"></a>UART_RecByte</STRONG> (Thumb, 8 bytes, Stack size 0 bytes, lib_uart.o(.text))
<BR><BR>[Called By]<UL><LI><a href="#[1a]">&gt;&gt;</a>&nbsp;&nbsp;&nbsp;UART1_IRQHandler
</UL>

<P><STRONG><a name="[162]"></a>UART_RecHalfWord</STRONG> (Thumb, 6 bytes, Stack size 0 bytes, lib_uart.o(.text), UNUSED)

<P><STRONG><a name="[163]"></a>UART_RecWord</STRONG> (Thumb, 6 bytes, Stack size 0 bytes, lib_uart.o(.text), UNUSED)

<P><STRONG><a name="[164]"></a>UART_GetStatus</STRONG> (Thumb, 14 bytes, Stack size 0 bytes, lib_uart.o(.text), UNUSED)

<P><STRONG><a name="[11a]"></a>UART_GetFlagStatus</STRONG> (Thumb, 14 bytes, Stack size 0 bytes, lib_uart.o(.text))
<BR><BR>[Called By]<UL><LI><a href="#[1a]">&gt;&gt;</a>&nbsp;&nbsp;&nbsp;UART1_IRQHandler
</UL>

<P><STRONG><a name="[119]"></a>UART_GetITStatus</STRONG> (Thumb, 14 bytes, Stack size 0 bytes, lib_uart.o(.text))
<BR><BR>[Called By]<UL><LI><a href="#[1a]">&gt;&gt;</a>&nbsp;&nbsp;&nbsp;UART1_IRQHandler
</UL>

<P><STRONG><a name="[165]"></a>UART_ClearITPendingBit</STRONG> (Thumb, 4 bytes, Stack size 0 bytes, lib_uart.o(.text), UNUSED)

<P><STRONG><a name="[4f]"></a>WDT_Init</STRONG> (Thumb, 54 bytes, Stack size 16 bytes, lib_wdt.o(.text))
<BR><BR>[Stack]<UL><LI>Max Depth = 28<LI>Call Chain = WDT_Init &rArr; __aeabi_uidivmod
</UL>
<BR>[Calls]<UL><LI><a href="#[46]">&gt;&gt;</a>&nbsp;&nbsp;&nbsp;__aeabi_uidivmod
</UL>
<BR>[Called By]<UL><LI><a href="#[d9]">&gt;&gt;</a>&nbsp;&nbsp;&nbsp;WdtInit
</UL>

<P><STRONG><a name="[166]"></a>WDT_SetReloadValue</STRONG> (Thumb, 6 bytes, Stack size 0 bytes, lib_wdt.o(.text), UNUSED)

<P><STRONG><a name="[167]"></a>WDT_GetValue</STRONG> (Thumb, 6 bytes, Stack size 0 bytes, lib_wdt.o(.text), UNUSED)

<P><STRONG><a name="[168]"></a>WDT_GetFlagStatus</STRONG> (Thumb, 14 bytes, Stack size 0 bytes, lib_wdt.o(.text), UNUSED)

<P><STRONG><a name="[50]"></a>ADCInitALL</STRONG> (Thumb, 102 bytes, Stack size 32 bytes, adc.o(.text))
<BR><BR>[Stack]<UL><LI>Max Depth = 68<LI>Call Chain = ADCInitALL &rArr; GPIO_Init &rArr; GPIO_SetSingalTypeFromPin &rArr; GPIO_GetNormalBitOffsetFromPin &rArr; __ARM_common_switch8
</UL>
<BR>[Calls]<UL><LI><a href="#[31]">&gt;&gt;</a>&nbsp;&nbsp;&nbsp;GPIO_Init
<LI><a href="#[26]">&gt;&gt;</a>&nbsp;&nbsp;&nbsp;ADC_Init
</UL>
<BR>[Called By]<UL><LI><a href="#[db]">&gt;&gt;</a>&nbsp;&nbsp;&nbsp;SysInit
</UL>

<P><STRONG><a name="[5a]"></a>ADCInitKey</STRONG> (Thumb, 16 bytes, Stack size 0 bytes, adc.o(.text))
<BR><BR>[Called By]<UL><LI><a href="#[59]">&gt;&gt;</a>&nbsp;&nbsp;&nbsp;adLight
</UL>

<P><STRONG><a name="[54]"></a>ADCInitLight</STRONG> (Thumb, 16 bytes, Stack size 0 bytes, adc.o(.text))
<BR><BR>[Called By]<UL><LI><a href="#[51]">&gt;&gt;</a>&nbsp;&nbsp;&nbsp;adKey
</UL>

<P><STRONG><a name="[51]"></a>adKey</STRONG> (Thumb, 96 bytes, Stack size 8 bytes, adc.o(.text))
<BR><BR>[Stack]<UL><LI>Max Depth = 208<LI>Call Chain = adKey &rArr; keyProcess &rArr; key3Long &rArr; CalFilterRecValEE &rArr; __aeabi_dmul &rArr; _double_epilogue &rArr; __aeabi_llsl
</UL>
<BR>[Calls]<UL><LI><a href="#[53]">&gt;&gt;</a>&nbsp;&nbsp;&nbsp;keyProcess
<LI><a href="#[52]">&gt;&gt;</a>&nbsp;&nbsp;&nbsp;API_Gets20MsFlag
<LI><a href="#[54]">&gt;&gt;</a>&nbsp;&nbsp;&nbsp;ADCInitLight
</UL>
<BR>[Called By]<UL><LI><a href="#[60]">&gt;&gt;</a>&nbsp;&nbsp;&nbsp;adSample
</UL>

<P><STRONG><a name="[58]"></a>judgeLightInSleep</STRONG> (Thumb, 104 bytes, Stack size 0 bytes, adc.o(.text))
<BR><BR>[Called By]<UL><LI><a href="#[55]">&gt;&gt;</a>&nbsp;&nbsp;&nbsp;lightProcess
</UL>

<P><STRONG><a name="[55]"></a>lightProcess</STRONG> (Thumb, 112 bytes, Stack size 16 bytes, adc.o(.text))
<BR><BR>[Stack]<UL><LI>Max Depth = 16<LI>Call Chain = lightProcess
</UL>
<BR>[Calls]<UL><LI><a href="#[57]">&gt;&gt;</a>&nbsp;&nbsp;&nbsp;setLightClass
<LI><a href="#[56]">&gt;&gt;</a>&nbsp;&nbsp;&nbsp;getTestTimeLeft
<LI><a href="#[58]">&gt;&gt;</a>&nbsp;&nbsp;&nbsp;judgeLightInSleep
</UL>
<BR>[Called By]<UL><LI><a href="#[59]">&gt;&gt;</a>&nbsp;&nbsp;&nbsp;adLight
</UL>

<P><STRONG><a name="[59]"></a>adLight</STRONG> (Thumb, 170 bytes, Stack size 16 bytes, adc.o(.text))
<BR><BR>[Stack]<UL><LI>Max Depth = 32<LI>Call Chain = adLight &rArr; lightProcess
</UL>
<BR>[Calls]<UL><LI><a href="#[55]">&gt;&gt;</a>&nbsp;&nbsp;&nbsp;lightProcess
<LI><a href="#[5a]">&gt;&gt;</a>&nbsp;&nbsp;&nbsp;ADCInitKey
</UL>
<BR>[Called By]<UL><LI><a href="#[60]">&gt;&gt;</a>&nbsp;&nbsp;&nbsp;adSample
</UL>

<P><STRONG><a name="[5b]"></a>Get_AD_Value</STRONG> (Thumb, 126 bytes, Stack size 32 bytes, adc.o(.text))
<BR><BR>[Stack]<UL><LI>Max Depth = 32<LI>Call Chain = Get_AD_Value
</UL>
<BR>[Calls]<UL><LI><a href="#[5f]">&gt;&gt;</a>&nbsp;&nbsp;&nbsp;ADC_ClearIFStatus
<LI><a href="#[5d]">&gt;&gt;</a>&nbsp;&nbsp;&nbsp;ADC_GetIFStatus
<LI><a href="#[5e]">&gt;&gt;</a>&nbsp;&nbsp;&nbsp;ADC_GetConvValue
<LI><a href="#[5c]">&gt;&gt;</a>&nbsp;&nbsp;&nbsp;ADC_Start
</UL>
<BR>[Called By]<UL><LI><a href="#[60]">&gt;&gt;</a>&nbsp;&nbsp;&nbsp;adSample
</UL>

<P><STRONG><a name="[60]"></a>adSample</STRONG> (Thumb, 62 bytes, Stack size 8 bytes, adc.o(.text))
<BR><BR>[Stack]<UL><LI>Max Depth = 216<LI>Call Chain = adSample &rArr; adKey &rArr; keyProcess &rArr; key3Long &rArr; CalFilterRecValEE &rArr; __aeabi_dmul &rArr; _double_epilogue &rArr; __aeabi_llsl
</UL>
<BR>[Calls]<UL><LI><a href="#[61]">&gt;&gt;</a>&nbsp;&nbsp;&nbsp;API_Gets1SFlag
<LI><a href="#[5b]">&gt;&gt;</a>&nbsp;&nbsp;&nbsp;Get_AD_Value
<LI><a href="#[59]">&gt;&gt;</a>&nbsp;&nbsp;&nbsp;adLight
<LI><a href="#[51]">&gt;&gt;</a>&nbsp;&nbsp;&nbsp;adKey
<LI><a href="#[5f]">&gt;&gt;</a>&nbsp;&nbsp;&nbsp;ADC_ClearIFStatus
</UL>
<BR>[Called By]<UL><LI><a href="#[20]">&gt;&gt;</a>&nbsp;&nbsp;&nbsp;main
</UL>

<P><STRONG><a name="[62]"></a>buzz_off</STRONG> (Thumb, 26 bytes, Stack size 8 bytes, buzz.o(.text))
<BR><BR>[Stack]<UL><LI>Max Depth = 32<LI>Call Chain = buzz_off &rArr; GPIO_WriteBit &rArr; GPIO_GetNormalBitOffsetFromPin &rArr; __ARM_common_switch8
</UL>
<BR>[Calls]<UL><LI><a href="#[63]">&gt;&gt;</a>&nbsp;&nbsp;&nbsp;T16Nx_Disable
<LI><a href="#[33]">&gt;&gt;</a>&nbsp;&nbsp;&nbsp;GPIO_WriteBit
</UL>
<BR>[Called By]<UL><LI><a href="#[75]">&gt;&gt;</a>&nbsp;&nbsp;&nbsp;buzz_int_10ms
<LI><a href="#[64]">&gt;&gt;</a>&nbsp;&nbsp;&nbsp;buzz_init
</UL>

<P><STRONG><a name="[64]"></a>buzz_init</STRONG> (Thumb, 18 bytes, Stack size 8 bytes, buzz.o(.text))
<BR><BR>[Stack]<UL><LI>Max Depth = 40<LI>Call Chain = buzz_init &rArr; buzz_off &rArr; GPIO_WriteBit &rArr; GPIO_GetNormalBitOffsetFromPin &rArr; __ARM_common_switch8
</UL>
<BR>[Calls]<UL><LI><a href="#[62]">&gt;&gt;</a>&nbsp;&nbsp;&nbsp;buzz_off
</UL>
<BR>[Called By]<UL><LI><a href="#[db]">&gt;&gt;</a>&nbsp;&nbsp;&nbsp;SysInit
</UL>

<P><STRONG><a name="[65]"></a>Buzzer_Init_DY</STRONG> (Thumb, 162 bytes, Stack size 32 bytes, buzz.o(.text))
<BR><BR>[Stack]<UL><LI>Max Depth = 68<LI>Call Chain = Buzzer_Init_DY &rArr; GPIO_Init &rArr; GPIO_SetSingalTypeFromPin &rArr; GPIO_GetNormalBitOffsetFromPin &rArr; __ARM_common_switch8
</UL>
<BR>[Calls]<UL><LI><a href="#[6d]">&gt;&gt;</a>&nbsp;&nbsp;&nbsp;T16Nx_Enable
<LI><a href="#[6c]">&gt;&gt;</a>&nbsp;&nbsp;&nbsp;T16Nx_SetCNT0
<LI><a href="#[6b]">&gt;&gt;</a>&nbsp;&nbsp;&nbsp;T16Nx_MAT1Out0Config
<LI><a href="#[69]">&gt;&gt;</a>&nbsp;&nbsp;&nbsp;T16Nx_MAT0Out0Config
<LI><a href="#[6a]">&gt;&gt;</a>&nbsp;&nbsp;&nbsp;T16Nx_MAT1ITConfig
<LI><a href="#[68]">&gt;&gt;</a>&nbsp;&nbsp;&nbsp;T16Nx_MAT0ITConfig
<LI><a href="#[67]">&gt;&gt;</a>&nbsp;&nbsp;&nbsp;T16Nx_PMWOutInit
<LI><a href="#[66]">&gt;&gt;</a>&nbsp;&nbsp;&nbsp;T16Nx_BaseInit
<LI><a href="#[31]">&gt;&gt;</a>&nbsp;&nbsp;&nbsp;GPIO_Init
</UL>
<BR>[Called By]<UL><LI><a href="#[db]">&gt;&gt;</a>&nbsp;&nbsp;&nbsp;SysInit
<LI><a href="#[73]">&gt;&gt;</a>&nbsp;&nbsp;&nbsp;buzz_pwm_4
<LI><a href="#[72]">&gt;&gt;</a>&nbsp;&nbsp;&nbsp;buzz_pwm_3
<LI><a href="#[71]">&gt;&gt;</a>&nbsp;&nbsp;&nbsp;buzz_pwm_2
<LI><a href="#[6e]">&gt;&gt;</a>&nbsp;&nbsp;&nbsp;buzz_pwm_1
</UL>

<P><STRONG><a name="[6e]"></a>buzz_pwm_1</STRONG> (Thumb, 32 bytes, Stack size 8 bytes, buzz.o(.text))
<BR><BR>[Stack]<UL><LI>Max Depth = 76<LI>Call Chain = buzz_pwm_1 &rArr; Buzzer_Init_DY &rArr; GPIO_Init &rArr; GPIO_SetSingalTypeFromPin &rArr; GPIO_GetNormalBitOffsetFromPin &rArr; __ARM_common_switch8
</UL>
<BR>[Calls]<UL><LI><a href="#[70]">&gt;&gt;</a>&nbsp;&nbsp;&nbsp;T16Nx_SetMAT1
<LI><a href="#[6f]">&gt;&gt;</a>&nbsp;&nbsp;&nbsp;T16Nx_SetMAT0
<LI><a href="#[33]">&gt;&gt;</a>&nbsp;&nbsp;&nbsp;GPIO_WriteBit
<LI><a href="#[65]">&gt;&gt;</a>&nbsp;&nbsp;&nbsp;Buzzer_Init_DY
</UL>
<BR>[Called By]<UL><LI><a href="#[75]">&gt;&gt;</a>&nbsp;&nbsp;&nbsp;buzz_int_10ms
</UL>

<P><STRONG><a name="[71]"></a>buzz_pwm_2</STRONG> (Thumb, 32 bytes, Stack size 8 bytes, buzz.o(.text))
<BR><BR>[Stack]<UL><LI>Max Depth = 76<LI>Call Chain = buzz_pwm_2 &rArr; Buzzer_Init_DY &rArr; GPIO_Init &rArr; GPIO_SetSingalTypeFromPin &rArr; GPIO_GetNormalBitOffsetFromPin &rArr; __ARM_common_switch8
</UL>
<BR>[Calls]<UL><LI><a href="#[70]">&gt;&gt;</a>&nbsp;&nbsp;&nbsp;T16Nx_SetMAT1
<LI><a href="#[6f]">&gt;&gt;</a>&nbsp;&nbsp;&nbsp;T16Nx_SetMAT0
<LI><a href="#[33]">&gt;&gt;</a>&nbsp;&nbsp;&nbsp;GPIO_WriteBit
<LI><a href="#[65]">&gt;&gt;</a>&nbsp;&nbsp;&nbsp;Buzzer_Init_DY
</UL>
<BR>[Called By]<UL><LI><a href="#[75]">&gt;&gt;</a>&nbsp;&nbsp;&nbsp;buzz_int_10ms
</UL>

<P><STRONG><a name="[72]"></a>buzz_pwm_3</STRONG> (Thumb, 32 bytes, Stack size 8 bytes, buzz.o(.text))
<BR><BR>[Stack]<UL><LI>Max Depth = 76<LI>Call Chain = buzz_pwm_3 &rArr; Buzzer_Init_DY &rArr; GPIO_Init &rArr; GPIO_SetSingalTypeFromPin &rArr; GPIO_GetNormalBitOffsetFromPin &rArr; __ARM_common_switch8
</UL>
<BR>[Calls]<UL><LI><a href="#[70]">&gt;&gt;</a>&nbsp;&nbsp;&nbsp;T16Nx_SetMAT1
<LI><a href="#[6f]">&gt;&gt;</a>&nbsp;&nbsp;&nbsp;T16Nx_SetMAT0
<LI><a href="#[33]">&gt;&gt;</a>&nbsp;&nbsp;&nbsp;GPIO_WriteBit
<LI><a href="#[65]">&gt;&gt;</a>&nbsp;&nbsp;&nbsp;Buzzer_Init_DY
</UL>
<BR>[Called By]<UL><LI><a href="#[75]">&gt;&gt;</a>&nbsp;&nbsp;&nbsp;buzz_int_10ms
</UL>

<P><STRONG><a name="[73]"></a>buzz_pwm_4</STRONG> (Thumb, 32 bytes, Stack size 8 bytes, buzz.o(.text))
<BR><BR>[Stack]<UL><LI>Max Depth = 76<LI>Call Chain = buzz_pwm_4 &rArr; Buzzer_Init_DY &rArr; GPIO_Init &rArr; GPIO_SetSingalTypeFromPin &rArr; GPIO_GetNormalBitOffsetFromPin &rArr; __ARM_common_switch8
</UL>
<BR>[Calls]<UL><LI><a href="#[70]">&gt;&gt;</a>&nbsp;&nbsp;&nbsp;T16Nx_SetMAT1
<LI><a href="#[6f]">&gt;&gt;</a>&nbsp;&nbsp;&nbsp;T16Nx_SetMAT0
<LI><a href="#[33]">&gt;&gt;</a>&nbsp;&nbsp;&nbsp;GPIO_WriteBit
<LI><a href="#[65]">&gt;&gt;</a>&nbsp;&nbsp;&nbsp;Buzzer_Init_DY
</UL>
<BR>[Called By]<UL><LI><a href="#[75]">&gt;&gt;</a>&nbsp;&nbsp;&nbsp;buzz_int_10ms
</UL>

<P><STRONG><a name="[74]"></a>buzz_power_off</STRONG> (Thumb, 12 bytes, Stack size 8 bytes, buzz.o(.text))
<BR><BR>[Stack]<UL><LI>Max Depth = 32<LI>Call Chain = buzz_power_off &rArr; GPIO_WriteBit &rArr; GPIO_GetNormalBitOffsetFromPin &rArr; __ARM_common_switch8
</UL>
<BR>[Calls]<UL><LI><a href="#[33]">&gt;&gt;</a>&nbsp;&nbsp;&nbsp;GPIO_WriteBit
</UL>
<BR>[Called By]<UL><LI><a href="#[75]">&gt;&gt;</a>&nbsp;&nbsp;&nbsp;buzz_int_10ms
</UL>

<P><STRONG><a name="[75]"></a>buzz_int_10ms</STRONG> (Thumb, 276 bytes, Stack size 8 bytes, buzz.o(.text))
<BR><BR>[Stack]<UL><LI>Max Depth = 84<LI>Call Chain = buzz_int_10ms &rArr; buzz_pwm_4 &rArr; Buzzer_Init_DY &rArr; GPIO_Init &rArr; GPIO_SetSingalTypeFromPin &rArr; GPIO_GetNormalBitOffsetFromPin &rArr; __ARM_common_switch8
</UL>
<BR>[Calls]<UL><LI><a href="#[29]">&gt;&gt;</a>&nbsp;&nbsp;&nbsp;__ARM_common_switch8
<LI><a href="#[76]">&gt;&gt;</a>&nbsp;&nbsp;&nbsp;__aeabi_idivmod
<LI><a href="#[74]">&gt;&gt;</a>&nbsp;&nbsp;&nbsp;buzz_power_off
<LI><a href="#[73]">&gt;&gt;</a>&nbsp;&nbsp;&nbsp;buzz_pwm_4
<LI><a href="#[72]">&gt;&gt;</a>&nbsp;&nbsp;&nbsp;buzz_pwm_3
<LI><a href="#[71]">&gt;&gt;</a>&nbsp;&nbsp;&nbsp;buzz_pwm_2
<LI><a href="#[6e]">&gt;&gt;</a>&nbsp;&nbsp;&nbsp;buzz_pwm_1
<LI><a href="#[62]">&gt;&gt;</a>&nbsp;&nbsp;&nbsp;buzz_off
</UL>
<BR>[Called By]<UL><LI><a href="#[78]">&gt;&gt;</a>&nbsp;&nbsp;&nbsp;buzzProcess
</UL>

<P><STRONG><a name="[77]"></a>buzz_tone</STRONG> (Thumb, 118 bytes, Stack size 4 bytes, buzz.o(.text))
<BR><BR>[Stack]<UL><LI>Max Depth = 12<LI>Call Chain = buzz_tone &rArr; __ARM_common_switch8
</UL>
<BR>[Calls]<UL><LI><a href="#[29]">&gt;&gt;</a>&nbsp;&nbsp;&nbsp;__ARM_common_switch8
</UL>
<BR>[Called By]<UL><LI><a href="#[10d]">&gt;&gt;</a>&nbsp;&nbsp;&nbsp;judgeShortTimer
<LI><a href="#[d2]">&gt;&gt;</a>&nbsp;&nbsp;&nbsp;powerOnInit
<LI><a href="#[cc]">&gt;&gt;</a>&nbsp;&nbsp;&nbsp;testIni
<LI><a href="#[c9]">&gt;&gt;</a>&nbsp;&nbsp;&nbsp;key3Long
<LI><a href="#[c8]">&gt;&gt;</a>&nbsp;&nbsp;&nbsp;key3Short
<LI><a href="#[c7]">&gt;&gt;</a>&nbsp;&nbsp;&nbsp;key2Short
<LI><a href="#[c6]">&gt;&gt;</a>&nbsp;&nbsp;&nbsp;key1Short
</UL>

<P><STRONG><a name="[169]"></a>buzz_tone_isr</STRONG> (Thumb, 34 bytes, Stack size 0 bytes, buzz.o(.text), UNUSED)

<P><STRONG><a name="[78]"></a>buzzProcess</STRONG> (Thumb, 22 bytes, Stack size 8 bytes, buzz.o(.text))
<BR><BR>[Stack]<UL><LI>Max Depth = 92<LI>Call Chain = buzzProcess &rArr; buzz_int_10ms &rArr; buzz_pwm_4 &rArr; Buzzer_Init_DY &rArr; GPIO_Init &rArr; GPIO_SetSingalTypeFromPin &rArr; GPIO_GetNormalBitOffsetFromPin &rArr; __ARM_common_switch8
</UL>
<BR>[Calls]<UL><LI><a href="#[75]">&gt;&gt;</a>&nbsp;&nbsp;&nbsp;buzz_int_10ms
</UL>
<BR>[Called By]<UL><LI><a href="#[20]">&gt;&gt;</a>&nbsp;&nbsp;&nbsp;main
</UL>

<P><STRONG><a name="[10f]"></a>Api_Timer1Ms_Buzzer_DY</STRONG> (Thumb, 44 bytes, Stack size 0 bytes, buzz.o(.text))
<BR><BR>[Called By]<UL><LI><a href="#[c3]">&gt;&gt;</a>&nbsp;&nbsp;&nbsp;ISR_Timer1MsProcess
</UL>

<P><STRONG><a name="[79]"></a>DCMotoPower</STRONG> (Thumb, 24 bytes, Stack size 8 bytes, dcmotordrv.o(.text))
<BR><BR>[Stack]<UL><LI>Max Depth = 28<LI>Call Chain = DCMotoPower &rArr; GPIO_ResetBit &rArr; GPIO_GetNormalBitOffsetFromPin &rArr; __ARM_common_switch8
</UL>
<BR>[Calls]<UL><LI><a href="#[35]">&gt;&gt;</a>&nbsp;&nbsp;&nbsp;GPIO_ResetBit
<LI><a href="#[34]">&gt;&gt;</a>&nbsp;&nbsp;&nbsp;GPIO_SetBit
</UL>
<BR>[Called By]<UL><LI><a href="#[90]">&gt;&gt;</a>&nbsp;&nbsp;&nbsp;Handle_DCMotorDrv
</UL>

<P><STRONG><a name="[7a]"></a>T32NxInit</STRONG> (Thumb, 166 bytes, Stack size 24 bytes, dcmotordrv.o(.text))
<BR><BR>[Stack]<UL><LI>Max Depth = 60<LI>Call Chain = T32NxInit &rArr; GPIO_Init &rArr; GPIO_SetSingalTypeFromPin &rArr; GPIO_GetNormalBitOffsetFromPin &rArr; __ARM_common_switch8
</UL>
<BR>[Calls]<UL><LI><a href="#[86]">&gt;&gt;</a>&nbsp;&nbsp;&nbsp;T32Nx_Enable
<LI><a href="#[83]">&gt;&gt;</a>&nbsp;&nbsp;&nbsp;T32Nx_SetMAT3
<LI><a href="#[82]">&gt;&gt;</a>&nbsp;&nbsp;&nbsp;T32Nx_SetMAT2
<LI><a href="#[81]">&gt;&gt;</a>&nbsp;&nbsp;&nbsp;T32Nx_SetCNT
<LI><a href="#[84]">&gt;&gt;</a>&nbsp;&nbsp;&nbsp;T32Nx_ITConfig
<LI><a href="#[80]">&gt;&gt;</a>&nbsp;&nbsp;&nbsp;T32Nx_MAT3Out1Config
<LI><a href="#[7f]">&gt;&gt;</a>&nbsp;&nbsp;&nbsp;T32Nx_MAT2Out1Config
<LI><a href="#[7e]">&gt;&gt;</a>&nbsp;&nbsp;&nbsp;T32Nx_MAT3ITConfig
<LI><a href="#[7d]">&gt;&gt;</a>&nbsp;&nbsp;&nbsp;T32Nx_MAT2ITConfig
<LI><a href="#[7c]">&gt;&gt;</a>&nbsp;&nbsp;&nbsp;T32Nx_PMWOutInit
<LI><a href="#[7b]">&gt;&gt;</a>&nbsp;&nbsp;&nbsp;T32Nx_BaseInit
<LI><a href="#[85]">&gt;&gt;</a>&nbsp;&nbsp;&nbsp;NVIC_Init
<LI><a href="#[31]">&gt;&gt;</a>&nbsp;&nbsp;&nbsp;GPIO_Init
</UL>
<BR>[Called By]<UL><LI><a href="#[88]">&gt;&gt;</a>&nbsp;&nbsp;&nbsp;sub_MotorDrvStart
</UL>

<P><STRONG><a name="[87]"></a>MotoPwmDutySet</STRONG> (Thumb, 14 bytes, Stack size 8 bytes, dcmotordrv.o(.text))
<BR><BR>[Stack]<UL><LI>Max Depth = 8<LI>Call Chain = MotoPwmDutySet
</UL>
<BR>[Calls]<UL><LI><a href="#[83]">&gt;&gt;</a>&nbsp;&nbsp;&nbsp;T32Nx_SetMAT3
</UL>
<BR>[Called By]<UL><LI><a href="#[90]">&gt;&gt;</a>&nbsp;&nbsp;&nbsp;Handle_DCMotorDrv
<LI><a href="#[88]">&gt;&gt;</a>&nbsp;&nbsp;&nbsp;sub_MotorDrvStart
</UL>

<P><STRONG><a name="[88]"></a>sub_MotorDrvStart</STRONG> (Thumb, 14 bytes, Stack size 8 bytes, dcmotordrv.o(.text))
<BR><BR>[Stack]<UL><LI>Max Depth = 68<LI>Call Chain = sub_MotorDrvStart &rArr; T32NxInit &rArr; GPIO_Init &rArr; GPIO_SetSingalTypeFromPin &rArr; GPIO_GetNormalBitOffsetFromPin &rArr; __ARM_common_switch8
</UL>
<BR>[Calls]<UL><LI><a href="#[87]">&gt;&gt;</a>&nbsp;&nbsp;&nbsp;MotoPwmDutySet
<LI><a href="#[7a]">&gt;&gt;</a>&nbsp;&nbsp;&nbsp;T32NxInit
</UL>
<BR>[Called By]<UL><LI><a href="#[90]">&gt;&gt;</a>&nbsp;&nbsp;&nbsp;Handle_DCMotorDrv
</UL>

<P><STRONG><a name="[89]"></a>Fan_Pwm_Off</STRONG> (Thumb, 38 bytes, Stack size 16 bytes, dcmotordrv.o(.text))
<BR><BR>[Stack]<UL><LI>Max Depth = 52<LI>Call Chain = Fan_Pwm_Off &rArr; GPIO_Init &rArr; GPIO_SetSingalTypeFromPin &rArr; GPIO_GetNormalBitOffsetFromPin &rArr; __ARM_common_switch8
</UL>
<BR>[Calls]<UL><LI><a href="#[33]">&gt;&gt;</a>&nbsp;&nbsp;&nbsp;GPIO_WriteBit
<LI><a href="#[31]">&gt;&gt;</a>&nbsp;&nbsp;&nbsp;GPIO_Init
</UL>
<BR>[Called By]<UL><LI><a href="#[8a]">&gt;&gt;</a>&nbsp;&nbsp;&nbsp;sub_MotorDrvStop
</UL>

<P><STRONG><a name="[8a]"></a>sub_MotorDrvStop</STRONG> (Thumb, 14 bytes, Stack size 8 bytes, dcmotordrv.o(.text))
<BR><BR>[Stack]<UL><LI>Max Depth = 60<LI>Call Chain = sub_MotorDrvStop &rArr; Fan_Pwm_Off &rArr; GPIO_Init &rArr; GPIO_SetSingalTypeFromPin &rArr; GPIO_GetNormalBitOffsetFromPin &rArr; __ARM_common_switch8
</UL>
<BR>[Calls]<UL><LI><a href="#[8b]">&gt;&gt;</a>&nbsp;&nbsp;&nbsp;T32Nx_Disable
<LI><a href="#[89]">&gt;&gt;</a>&nbsp;&nbsp;&nbsp;Fan_Pwm_Off
</UL>
<BR>[Called By]<UL><LI><a href="#[90]">&gt;&gt;</a>&nbsp;&nbsp;&nbsp;Handle_DCMotorDrv
</UL>

<P><STRONG><a name="[8e]"></a>sub_DCMotorErr</STRONG> (Thumb, 86 bytes, Stack size 0 bytes, dcmotordrv.o(.text))
<BR><BR>[Called By]<UL><LI><a href="#[8c]">&gt;&gt;</a>&nbsp;&nbsp;&nbsp;sub_DCMotorSpeedCalc
</UL>

<P><STRONG><a name="[8c]"></a>sub_DCMotorSpeedCalc</STRONG> (Thumb, 136 bytes, Stack size 8 bytes, dcmotordrv.o(.text))
<BR><BR>[Stack]<UL><LI>Max Depth = 52<LI>Call Chain = sub_DCMotorSpeedCalc &rArr; TjFanSpeed &rArr; __aeabi_uidivmod
</UL>
<BR>[Calls]<UL><LI><a href="#[46]">&gt;&gt;</a>&nbsp;&nbsp;&nbsp;__aeabi_uidivmod
<LI><a href="#[8d]">&gt;&gt;</a>&nbsp;&nbsp;&nbsp;TjFanSpeed
<LI><a href="#[8e]">&gt;&gt;</a>&nbsp;&nbsp;&nbsp;sub_DCMotorErr
</UL>
<BR>[Called By]<UL><LI><a href="#[90]">&gt;&gt;</a>&nbsp;&nbsp;&nbsp;Handle_DCMotorDrv
</UL>

<P><STRONG><a name="[8f]"></a>sub_DcMotorDrv_Timer</STRONG> (Thumb, 68 bytes, Stack size 8 bytes, dcmotordrv.o(.text))
<BR><BR>[Stack]<UL><LI>Max Depth = 8<LI>Call Chain = sub_DcMotorDrv_Timer
</UL>
<BR>[Calls]<UL><LI><a href="#[61]">&gt;&gt;</a>&nbsp;&nbsp;&nbsp;API_Gets1SFlag
</UL>
<BR>[Called By]<UL><LI><a href="#[90]">&gt;&gt;</a>&nbsp;&nbsp;&nbsp;Handle_DCMotorDrv
</UL>

<P><STRONG><a name="[90]"></a>Handle_DCMotorDrv</STRONG> (Thumb, 388 bytes, Stack size 16 bytes, dcmotordrv.o(.text))
<BR><BR>[Stack]<UL><LI>Max Depth = 84<LI>Call Chain = Handle_DCMotorDrv &rArr; sub_MotorDrvStart &rArr; T32NxInit &rArr; GPIO_Init &rArr; GPIO_SetSingalTypeFromPin &rArr; GPIO_GetNormalBitOffsetFromPin &rArr; __ARM_common_switch8
</UL>
<BR>[Calls]<UL><LI><a href="#[56]">&gt;&gt;</a>&nbsp;&nbsp;&nbsp;getTestTimeLeft
<LI><a href="#[91]">&gt;&gt;</a>&nbsp;&nbsp;&nbsp;Fan_OFFctrl
<LI><a href="#[8f]">&gt;&gt;</a>&nbsp;&nbsp;&nbsp;sub_DcMotorDrv_Timer
<LI><a href="#[8c]">&gt;&gt;</a>&nbsp;&nbsp;&nbsp;sub_DCMotorSpeedCalc
<LI><a href="#[8a]">&gt;&gt;</a>&nbsp;&nbsp;&nbsp;sub_MotorDrvStop
<LI><a href="#[88]">&gt;&gt;</a>&nbsp;&nbsp;&nbsp;sub_MotorDrvStart
<LI><a href="#[87]">&gt;&gt;</a>&nbsp;&nbsp;&nbsp;MotoPwmDutySet
<LI><a href="#[79]">&gt;&gt;</a>&nbsp;&nbsp;&nbsp;DCMotoPower
</UL>
<BR>[Called By]<UL><LI><a href="#[94]">&gt;&gt;</a>&nbsp;&nbsp;&nbsp;fan
</UL>

<P><STRONG><a name="[95]"></a>sub_DCFanSet</STRONG> (Thumb, 66 bytes, Stack size 16 bytes, dcmotordrv.o(.text))
<BR><BR>[Stack]<UL><LI>Max Depth = 16<LI>Call Chain = sub_DCFanSet
</UL>
<BR>[Called By]<UL><LI><a href="#[94]">&gt;&gt;</a>&nbsp;&nbsp;&nbsp;fan
</UL>

<P><STRONG><a name="[92]"></a>JudgeAutoFanSpeed</STRONG> (Thumb, 190 bytes, Stack size 8 bytes, dcmotordrv.o(.text))
<BR><BR>[Stack]<UL><LI>Max Depth = 8<LI>Call Chain = JudgeAutoFanSpeed
</UL>
<BR>[Calls]<UL><LI><a href="#[93]">&gt;&gt;</a>&nbsp;&nbsp;&nbsp;getAirAqi
</UL>
<BR>[Called By]<UL><LI><a href="#[94]">&gt;&gt;</a>&nbsp;&nbsp;&nbsp;fan
</UL>

<P><STRONG><a name="[c4]"></a>ISR_MOTO_FEEDFACK</STRONG> (Thumb, 60 bytes, Stack size 0 bytes, dcmotordrv.o(.text))
<BR><BR>[Called By]<UL><LI><a href="#[15]">&gt;&gt;</a>&nbsp;&nbsp;&nbsp;KINT_IRQHandler
</UL>

<P><STRONG><a name="[110]"></a>Api_Timer100Us_DCMotorDrv</STRONG> (Thumb, 30 bytes, Stack size 0 bytes, dcmotordrv.o(.text))
<BR><BR>[Called By]<UL><LI><a href="#[c2]">&gt;&gt;</a>&nbsp;&nbsp;&nbsp;ISR_Timer100UsProcess
</UL>

<P><STRONG><a name="[94]"></a>fan</STRONG> (Thumb, 38 bytes, Stack size 8 bytes, dcmotordrv.o(.text))
<BR><BR>[Stack]<UL><LI>Max Depth = 92<LI>Call Chain = fan &rArr; Handle_DCMotorDrv &rArr; sub_MotorDrvStart &rArr; T32NxInit &rArr; GPIO_Init &rArr; GPIO_SetSingalTypeFromPin &rArr; GPIO_GetNormalBitOffsetFromPin &rArr; __ARM_common_switch8
</UL>
<BR>[Calls]<UL><LI><a href="#[92]">&gt;&gt;</a>&nbsp;&nbsp;&nbsp;JudgeAutoFanSpeed
<LI><a href="#[95]">&gt;&gt;</a>&nbsp;&nbsp;&nbsp;sub_DCFanSet
<LI><a href="#[90]">&gt;&gt;</a>&nbsp;&nbsp;&nbsp;Handle_DCMotorDrv
</UL>
<BR>[Called By]<UL><LI><a href="#[20]">&gt;&gt;</a>&nbsp;&nbsp;&nbsp;main
</UL>

<P><STRONG><a name="[12]"></a>T32N0_IRQHandler</STRONG> (Thumb, 24 bytes, Stack size 8 bytes, dcmotordrv.o(.text))
<BR><BR>[Stack]<UL><LI>Max Depth = 8<LI>Call Chain = T32N0_IRQHandler
</UL>
<BR>[Calls]<UL><LI><a href="#[97]">&gt;&gt;</a>&nbsp;&nbsp;&nbsp;T32Nx_ClearITPendingBit
<LI><a href="#[96]">&gt;&gt;</a>&nbsp;&nbsp;&nbsp;T32Nx_GetFlagStatus
</UL>
<BR>[Address Reference Count : 1]<UL><LI> startup_hr8p506.o(RESET)
</UL>
<P><STRONG><a name="[105]"></a>testFanIni</STRONG> (Thumb, 16 bytes, Stack size 0 bytes, dcmotordrv.o(.text))
<BR><BR>[Called By]<UL><LI><a href="#[cc]">&gt;&gt;</a>&nbsp;&nbsp;&nbsp;testIni
</UL>

<P><STRONG><a name="[57]"></a>setLightClass</STRONG> (Thumb, 6 bytes, Stack size 0 bytes, display.o(.text))
<BR><BR>[Called By]<UL><LI><a href="#[55]">&gt;&gt;</a>&nbsp;&nbsp;&nbsp;lightProcess
</UL>

<P><STRONG><a name="[a2]"></a>getLightClass</STRONG> (Thumb, 6 bytes, Stack size 0 bytes, display.o(.text))
<BR><BR>[Called By]<UL><LI><a href="#[d2]">&gt;&gt;</a>&nbsp;&nbsp;&nbsp;powerOnInit
<LI><a href="#[a0]">&gt;&gt;</a>&nbsp;&nbsp;&nbsp;JudgeRingColour
</UL>

<P><STRONG><a name="[a1]"></a>setAirAqi</STRONG> (Thumb, 6 bytes, Stack size 0 bytes, display.o(.text))
<BR><BR>[Called By]<UL><LI><a href="#[b7]">&gt;&gt;</a>&nbsp;&nbsp;&nbsp;powerOffDeal
<LI><a href="#[a0]">&gt;&gt;</a>&nbsp;&nbsp;&nbsp;JudgeRingColour
</UL>

<P><STRONG><a name="[93]"></a>getAirAqi</STRONG> (Thumb, 6 bytes, Stack size 0 bytes, display.o(.text))
<BR><BR>[Called By]<UL><LI><a href="#[a0]">&gt;&gt;</a>&nbsp;&nbsp;&nbsp;JudgeRingColour
<LI><a href="#[92]">&gt;&gt;</a>&nbsp;&nbsp;&nbsp;JudgeAutoFanSpeed
</UL>

<P><STRONG><a name="[98]"></a>testResultDis</STRONG> (Thumb, 258 bytes, Stack size 8 bytes, display.o(.text))
<BR><BR>[Stack]<UL><LI>Max Depth = 8<LI>Call Chain = testResultDis
</UL>
<BR>[Calls]<UL><LI><a href="#[99]">&gt;&gt;</a>&nbsp;&nbsp;&nbsp;getSmellCnt
</UL>
<BR>[Called By]<UL><LI><a href="#[9d]">&gt;&gt;</a>&nbsp;&nbsp;&nbsp;testDisProcess
</UL>

<P><STRONG><a name="[9a]"></a>testingDisProcess</STRONG> (Thumb, 172 bytes, Stack size 8 bytes, display.o(.text))
<BR><BR>[Stack]<UL><LI>Max Depth = 16<LI>Call Chain = testingDisProcess &rArr; __ARM_common_switch8
</UL>
<BR>[Calls]<UL><LI><a href="#[29]">&gt;&gt;</a>&nbsp;&nbsp;&nbsp;__ARM_common_switch8
<LI><a href="#[9b]">&gt;&gt;</a>&nbsp;&nbsp;&nbsp;API_Gets500MsFlag
</UL>
<BR>[Called By]<UL><LI><a href="#[9d]">&gt;&gt;</a>&nbsp;&nbsp;&nbsp;testDisProcess
</UL>

<P><STRONG><a name="[9c]"></a>DisIoDrv</STRONG> (Thumb, 208 bytes, Stack size 8 bytes, display.o(.text))
<BR><BR>[Stack]<UL><LI>Max Depth = 28<LI>Call Chain = DisIoDrv &rArr; GPIO_ResetBit &rArr; GPIO_GetNormalBitOffsetFromPin &rArr; __ARM_common_switch8
</UL>
<BR>[Calls]<UL><LI><a href="#[35]">&gt;&gt;</a>&nbsp;&nbsp;&nbsp;GPIO_ResetBit
<LI><a href="#[34]">&gt;&gt;</a>&nbsp;&nbsp;&nbsp;GPIO_SetBit
</UL>
<BR>[Called By]<UL><LI><a href="#[aa]">&gt;&gt;</a>&nbsp;&nbsp;&nbsp;powerOnDis
<LI><a href="#[9d]">&gt;&gt;</a>&nbsp;&nbsp;&nbsp;testDisProcess
</UL>

<P><STRONG><a name="[9d]"></a>testDisProcess</STRONG> (Thumb, 102 bytes, Stack size 8 bytes, display.o(.text))
<BR><BR>[Stack]<UL><LI>Max Depth = 44<LI>Call Chain = testDisProcess &rArr; RGBOff &rArr; RGBProcess &rArr; GPIO_ResetBit &rArr; GPIO_GetNormalBitOffsetFromPin &rArr; __ARM_common_switch8
</UL>
<BR>[Calls]<UL><LI><a href="#[56]">&gt;&gt;</a>&nbsp;&nbsp;&nbsp;getTestTimeLeft
<LI><a href="#[61]">&gt;&gt;</a>&nbsp;&nbsp;&nbsp;API_Gets1SFlag
<LI><a href="#[9e]">&gt;&gt;</a>&nbsp;&nbsp;&nbsp;getTestKeyState
<LI><a href="#[9f]">&gt;&gt;</a>&nbsp;&nbsp;&nbsp;RGBOff
<LI><a href="#[9c]">&gt;&gt;</a>&nbsp;&nbsp;&nbsp;DisIoDrv
<LI><a href="#[9a]">&gt;&gt;</a>&nbsp;&nbsp;&nbsp;testingDisProcess
<LI><a href="#[98]">&gt;&gt;</a>&nbsp;&nbsp;&nbsp;testResultDis
</UL>
<BR>[Called By]<UL><LI><a href="#[ad]">&gt;&gt;</a>&nbsp;&nbsp;&nbsp;display
</UL>

<P><STRONG><a name="[a0]"></a>JudgeRingColour</STRONG> (Thumb, 98 bytes, Stack size 16 bytes, display.o(.text))
<BR><BR>[Stack]<UL><LI>Max Depth = 76<LI>Call Chain = JudgeRingColour &rArr; ringProcess &rArr; RGB_Yellow_Weak &rArr; RGBOn &rArr; RGBProcess &rArr; GPIO_ResetBit &rArr; GPIO_GetNormalBitOffsetFromPin &rArr; __ARM_common_switch8
</UL>
<BR>[Calls]<UL><LI><a href="#[a3]">&gt;&gt;</a>&nbsp;&nbsp;&nbsp;ringProcess
<LI><a href="#[a1]">&gt;&gt;</a>&nbsp;&nbsp;&nbsp;setAirAqi
<LI><a href="#[a2]">&gt;&gt;</a>&nbsp;&nbsp;&nbsp;getLightClass
<LI><a href="#[93]">&gt;&gt;</a>&nbsp;&nbsp;&nbsp;getAirAqi
</UL>
<BR>[Called By]<UL><LI><a href="#[a4]">&gt;&gt;</a>&nbsp;&nbsp;&nbsp;RGBDisplay
</UL>

<P><STRONG><a name="[a4]"></a>RGBDisplay</STRONG> (Thumb, 68 bytes, Stack size 8 bytes, display.o(.text))
<BR><BR>[Stack]<UL><LI>Max Depth = 84<LI>Call Chain = RGBDisplay &rArr; JudgeRingColour &rArr; ringProcess &rArr; RGB_Yellow_Weak &rArr; RGBOn &rArr; RGBProcess &rArr; GPIO_ResetBit &rArr; GPIO_GetNormalBitOffsetFromPin &rArr; __ARM_common_switch8
</UL>
<BR>[Calls]<UL><LI><a href="#[52]">&gt;&gt;</a>&nbsp;&nbsp;&nbsp;API_Gets20MsFlag
<LI><a href="#[9f]">&gt;&gt;</a>&nbsp;&nbsp;&nbsp;RGBOff
<LI><a href="#[a0]">&gt;&gt;</a>&nbsp;&nbsp;&nbsp;JudgeRingColour
</UL>
<BR>[Called By]<UL><LI><a href="#[ad]">&gt;&gt;</a>&nbsp;&nbsp;&nbsp;display
</UL>

<P><STRONG><a name="[a5]"></a>ledOff</STRONG> (Thumb, 188 bytes, Stack size 8 bytes, display.o(.text))
<BR><BR>[Stack]<UL><LI>Max Depth = 28<LI>Call Chain = ledOff &rArr; GPIO_ResetBit &rArr; GPIO_GetNormalBitOffsetFromPin &rArr; __ARM_common_switch8
</UL>
<BR>[Calls]<UL><LI><a href="#[35]">&gt;&gt;</a>&nbsp;&nbsp;&nbsp;GPIO_ResetBit
</UL>
<BR>[Called By]<UL><LI><a href="#[ad]">&gt;&gt;</a>&nbsp;&nbsp;&nbsp;display
<LI><a href="#[a6]">&gt;&gt;</a>&nbsp;&nbsp;&nbsp;powerOffDis
</UL>

<P><STRONG><a name="[a6]"></a>powerOffDis</STRONG> (Thumb, 124 bytes, Stack size 8 bytes, display.o(.text))
<BR><BR>[Stack]<UL><LI>Max Depth = 36<LI>Call Chain = powerOffDis &rArr; ledOff &rArr; GPIO_ResetBit &rArr; GPIO_GetNormalBitOffsetFromPin &rArr; __ARM_common_switch8
</UL>
<BR>[Calls]<UL><LI><a href="#[35]">&gt;&gt;</a>&nbsp;&nbsp;&nbsp;GPIO_ResetBit
<LI><a href="#[34]">&gt;&gt;</a>&nbsp;&nbsp;&nbsp;GPIO_SetBit
<LI><a href="#[9b]">&gt;&gt;</a>&nbsp;&nbsp;&nbsp;API_Gets500MsFlag
<LI><a href="#[a5]">&gt;&gt;</a>&nbsp;&nbsp;&nbsp;ledOff
</UL>
<BR>[Called By]<UL><LI><a href="#[ad]">&gt;&gt;</a>&nbsp;&nbsp;&nbsp;display
</UL>

<P><STRONG><a name="[a7]"></a>sleepCntProcess</STRONG> (Thumb, 46 bytes, Stack size 8 bytes, display.o(.text))
<BR><BR>[Stack]<UL><LI>Max Depth = 8<LI>Call Chain = sleepCntProcess
</UL>
<BR>[Calls]<UL><LI><a href="#[61]">&gt;&gt;</a>&nbsp;&nbsp;&nbsp;API_Gets1SFlag
</UL>
<BR>[Called By]<UL><LI><a href="#[ad]">&gt;&gt;</a>&nbsp;&nbsp;&nbsp;display
</UL>

<P><STRONG><a name="[ac]"></a>windLed</STRONG> (Thumb, 302 bytes, Stack size 0 bytes, display.o(.text))
<BR><BR>[Called By]<UL><LI><a href="#[aa]">&gt;&gt;</a>&nbsp;&nbsp;&nbsp;powerOnDis
</UL>

<P><STRONG><a name="[a8]"></a>filterLed</STRONG> (Thumb, 200 bytes, Stack size 8 bytes, display.o(.text))
<BR><BR>[Stack]<UL><LI>Max Depth = 8<LI>Call Chain = filterLed
</UL>
<BR>[Calls]<UL><LI><a href="#[9b]">&gt;&gt;</a>&nbsp;&nbsp;&nbsp;API_Gets500MsFlag
</UL>
<BR>[Called By]<UL><LI><a href="#[aa]">&gt;&gt;</a>&nbsp;&nbsp;&nbsp;powerOnDis
</UL>

<P><STRONG><a name="[ab]"></a>sleepChildlockLed</STRONG> (Thumb, 62 bytes, Stack size 0 bytes, display.o(.text))
<BR><BR>[Called By]<UL><LI><a href="#[aa]">&gt;&gt;</a>&nbsp;&nbsp;&nbsp;powerOnDis
</UL>

<P><STRONG><a name="[a9]"></a>sleepLedDis</STRONG> (Thumb, 46 bytes, Stack size 8 bytes, display.o(.text))
<BR><BR>[Stack]<UL><LI>Max Depth = 28<LI>Call Chain = sleepLedDis &rArr; GPIO_ResetBit &rArr; GPIO_GetNormalBitOffsetFromPin &rArr; __ARM_common_switch8
</UL>
<BR>[Calls]<UL><LI><a href="#[35]">&gt;&gt;</a>&nbsp;&nbsp;&nbsp;GPIO_ResetBit
</UL>
<BR>[Called By]<UL><LI><a href="#[aa]">&gt;&gt;</a>&nbsp;&nbsp;&nbsp;powerOnDis
</UL>

<P><STRONG><a name="[aa]"></a>powerOnDis</STRONG> (Thumb, 36 bytes, Stack size 8 bytes, display.o(.text))
<BR><BR>[Stack]<UL><LI>Max Depth = 36<LI>Call Chain = powerOnDis &rArr; sleepLedDis &rArr; GPIO_ResetBit &rArr; GPIO_GetNormalBitOffsetFromPin &rArr; __ARM_common_switch8
</UL>
<BR>[Calls]<UL><LI><a href="#[a9]">&gt;&gt;</a>&nbsp;&nbsp;&nbsp;sleepLedDis
<LI><a href="#[ab]">&gt;&gt;</a>&nbsp;&nbsp;&nbsp;sleepChildlockLed
<LI><a href="#[a8]">&gt;&gt;</a>&nbsp;&nbsp;&nbsp;filterLed
<LI><a href="#[ac]">&gt;&gt;</a>&nbsp;&nbsp;&nbsp;windLed
<LI><a href="#[9c]">&gt;&gt;</a>&nbsp;&nbsp;&nbsp;DisIoDrv
</UL>
<BR>[Called By]<UL><LI><a href="#[ad]">&gt;&gt;</a>&nbsp;&nbsp;&nbsp;display
</UL>

<P><STRONG><a name="[ad]"></a>display</STRONG> (Thumb, 194 bytes, Stack size 8 bytes, display.o(.text))
<BR><BR>[Stack]<UL><LI>Max Depth = 92<LI>Call Chain = display &rArr; RGBDisplay &rArr; JudgeRingColour &rArr; ringProcess &rArr; RGB_Yellow_Weak &rArr; RGBOn &rArr; RGBProcess &rArr; GPIO_ResetBit &rArr; GPIO_GetNormalBitOffsetFromPin &rArr; __ARM_common_switch8
</UL>
<BR>[Calls]<UL><LI><a href="#[61]">&gt;&gt;</a>&nbsp;&nbsp;&nbsp;API_Gets1SFlag
<LI><a href="#[9f]">&gt;&gt;</a>&nbsp;&nbsp;&nbsp;RGBOff
<LI><a href="#[aa]">&gt;&gt;</a>&nbsp;&nbsp;&nbsp;powerOnDis
<LI><a href="#[a7]">&gt;&gt;</a>&nbsp;&nbsp;&nbsp;sleepCntProcess
<LI><a href="#[a6]">&gt;&gt;</a>&nbsp;&nbsp;&nbsp;powerOffDis
<LI><a href="#[a5]">&gt;&gt;</a>&nbsp;&nbsp;&nbsp;ledOff
<LI><a href="#[a4]">&gt;&gt;</a>&nbsp;&nbsp;&nbsp;RGBDisplay
<LI><a href="#[9d]">&gt;&gt;</a>&nbsp;&nbsp;&nbsp;testDisProcess
</UL>
<BR>[Called By]<UL><LI><a href="#[20]">&gt;&gt;</a>&nbsp;&nbsp;&nbsp;main
</UL>

<P><STRONG><a name="[ae]"></a>ledAllOn</STRONG> (Thumb, 52 bytes, Stack size 8 bytes, display.o(.text))
<BR><BR>[Stack]<UL><LI>Max Depth = 28<LI>Call Chain = ledAllOn &rArr; GPIO_SetBit &rArr; GPIO_GetNormalBitOffsetFromPin &rArr; __ARM_common_switch8
</UL>
<BR>[Calls]<UL><LI><a href="#[34]">&gt;&gt;</a>&nbsp;&nbsp;&nbsp;GPIO_SetBit
</UL>
<BR>[Called By]<UL><LI><a href="#[d2]">&gt;&gt;</a>&nbsp;&nbsp;&nbsp;powerOnInit
</UL>

<P><STRONG><a name="[af]"></a>Api_SleepLed_drv</STRONG> (Thumb, 70 bytes, Stack size 8 bytes, display.o(.text))
<BR><BR>[Stack]<UL><LI>Max Depth = 28<LI>Call Chain = Api_SleepLed_drv &rArr; GPIO_ResetBit &rArr; GPIO_GetNormalBitOffsetFromPin &rArr; __ARM_common_switch8
</UL>
<BR>[Calls]<UL><LI><a href="#[35]">&gt;&gt;</a>&nbsp;&nbsp;&nbsp;GPIO_ResetBit
<LI><a href="#[34]">&gt;&gt;</a>&nbsp;&nbsp;&nbsp;GPIO_SetBit
</UL>
<BR>[Called By]<UL><LI><a href="#[e]">&gt;&gt;</a>&nbsp;&nbsp;&nbsp;T16N0_IRQHandler
</UL>

<P><STRONG><a name="[8d]"></a>TjFanSpeed</STRONG> (Thumb, 354 bytes, Stack size 32 bytes, fandrv.o(.text))
<BR><BR>[Stack]<UL><LI>Max Depth = 44<LI>Call Chain = TjFanSpeed &rArr; __aeabi_uidivmod
</UL>
<BR>[Calls]<UL><LI><a href="#[46]">&gt;&gt;</a>&nbsp;&nbsp;&nbsp;__aeabi_uidivmod
</UL>
<BR>[Called By]<UL><LI><a href="#[8c]">&gt;&gt;</a>&nbsp;&nbsp;&nbsp;sub_DCMotorSpeedCalc
</UL>

<P><STRONG><a name="[91]"></a>Fan_OFFctrl</STRONG> (Thumb, 22 bytes, Stack size 0 bytes, fandrv.o(.text))
<BR><BR>[Called By]<UL><LI><a href="#[90]">&gt;&gt;</a>&nbsp;&nbsp;&nbsp;Handle_DCMotorDrv
</UL>

<P><STRONG><a name="[ca]"></a>resetFilterHour</STRONG> (Thumb, 8 bytes, Stack size 0 bytes, filter.o(.text))
<BR><BR>[Called By]<UL><LI><a href="#[c9]">&gt;&gt;</a>&nbsp;&nbsp;&nbsp;key3Long
</UL>

<P><STRONG><a name="[b0]"></a>CalFilterRecValEE</STRONG> (Thumb, 58 bytes, Stack size 24 bytes, filter.o(.text))
<BR><BR>[Stack]<UL><LI>Max Depth = 152<LI>Call Chain = CalFilterRecValEE &rArr; __aeabi_dmul &rArr; _double_epilogue &rArr; __aeabi_llsl
</UL>
<BR>[Calls]<UL><LI><a href="#[4b]">&gt;&gt;</a>&nbsp;&nbsp;&nbsp;__aeabi_f2d
<LI><a href="#[48]">&gt;&gt;</a>&nbsp;&nbsp;&nbsp;__aeabi_f2uiz
<LI><a href="#[46]">&gt;&gt;</a>&nbsp;&nbsp;&nbsp;__aeabi_uidivmod
<LI><a href="#[b1]">&gt;&gt;</a>&nbsp;&nbsp;&nbsp;__aeabi_dmul
<LI><a href="#[b2]">&gt;&gt;</a>&nbsp;&nbsp;&nbsp;__aeabi_d2uiz
</UL>
<BR>[Called By]<UL><LI><a href="#[c9]">&gt;&gt;</a>&nbsp;&nbsp;&nbsp;key3Long
<LI><a href="#[bc]">&gt;&gt;</a>&nbsp;&nbsp;&nbsp;iap_init
<LI><a href="#[b6]">&gt;&gt;</a>&nbsp;&nbsp;&nbsp;filterLife
</UL>

<P><STRONG><a name="[b3]"></a>filterPercentCal</STRONG> (Thumb, 76 bytes, Stack size 24 bytes, filter.o(.text))
<BR><BR>[Stack]<UL><LI>Max Depth = 72<LI>Call Chain = filterPercentCal &rArr; __aeabi_ddiv &rArr; _double_round
</UL>
<BR>[Calls]<UL><LI><a href="#[4e]">&gt;&gt;</a>&nbsp;&nbsp;&nbsp;__aeabi_fmul
<LI><a href="#[4b]">&gt;&gt;</a>&nbsp;&nbsp;&nbsp;__aeabi_f2d
<LI><a href="#[4d]">&gt;&gt;</a>&nbsp;&nbsp;&nbsp;__aeabi_d2f
<LI><a href="#[48]">&gt;&gt;</a>&nbsp;&nbsp;&nbsp;__aeabi_f2uiz
<LI><a href="#[b4]">&gt;&gt;</a>&nbsp;&nbsp;&nbsp;__aeabi_ddiv
<LI><a href="#[b5]">&gt;&gt;</a>&nbsp;&nbsp;&nbsp;__aeabi_cdrcmple
</UL>
<BR>[Called By]<UL><LI><a href="#[c9]">&gt;&gt;</a>&nbsp;&nbsp;&nbsp;key3Long
<LI><a href="#[bc]">&gt;&gt;</a>&nbsp;&nbsp;&nbsp;iap_init
<LI><a href="#[b6]">&gt;&gt;</a>&nbsp;&nbsp;&nbsp;filterLife
</UL>

<P><STRONG><a name="[b6]"></a>filterLife</STRONG> (Thumb, 340 bytes, Stack size 16 bytes, filter.o(.text))
<BR><BR>[Stack]<UL><LI>Max Depth = 168<LI>Call Chain = filterLife &rArr; CalFilterRecValEE &rArr; __aeabi_dmul &rArr; _double_epilogue &rArr; __aeabi_llsl
</UL>
<BR>[Calls]<UL><LI><a href="#[61]">&gt;&gt;</a>&nbsp;&nbsp;&nbsp;API_Gets1SFlag
<LI><a href="#[4b]">&gt;&gt;</a>&nbsp;&nbsp;&nbsp;__aeabi_f2d
<LI><a href="#[b7]">&gt;&gt;</a>&nbsp;&nbsp;&nbsp;powerOffDeal
<LI><a href="#[b9]">&gt;&gt;</a>&nbsp;&nbsp;&nbsp;__aeabi_fadd
<LI><a href="#[b8]">&gt;&gt;</a>&nbsp;&nbsp;&nbsp;__aeabi_cfcmple
<LI><a href="#[b5]">&gt;&gt;</a>&nbsp;&nbsp;&nbsp;__aeabi_cdrcmple
[...]
<BR><BR>[Stack]<UL><LI>Max Depth = 4<LI>Call Chain = selfChkProcess
</UL>
<BR>[Calls]<UL><LI><a href="#[56]">&gt;&gt;</a>&nbsp;&nbsp;&nbsp;getTestTimeLeft
<LI><a href="#[9e]">&gt;&gt;</a>&nbsp;&nbsp;&nbsp;getTestKeyState
</UL>
<BR>[Called By]<UL><LI><a href="#[df]">&gt;&gt;</a>&nbsp;&nbsp;&nbsp;TestProcess
</UL>

<P><STRONG><a name="[df]"></a>TestProcess</STRONG> (Thumb, 68 bytes, Stack size 8 bytes, test.o(.text))
<BR><BR>[Stack]<UL><LI>Max Depth = 48<LI>Call Chain = TestProcess &rArr; judgeShortTimer &rArr; HW_IORead_Test &rArr; GPIO_ReadBit &rArr; GPIO_GetNormalBitOffsetFromPin &rArr; __ARM_common_switch8
</UL>
<BR>[Calls]<UL><LI><a href="#[10e]">&gt;&gt;</a>&nbsp;&nbsp;&nbsp;selfChkProcess
<LI><a href="#[10d]">&gt;&gt;</a>&nbsp;&nbsp;&nbsp;judgeShortTimer
<LI><a href="#[10c]">&gt;&gt;</a>&nbsp;&nbsp;&nbsp;Init_Test
<LI><a href="#[108]">&gt;&gt;</a>&nbsp;&nbsp;&nbsp;sub_Test_Timer
</UL>
<BR>[Called By]<UL><LI><a href="#[20]">&gt;&gt;</a>&nbsp;&nbsp;&nbsp;main
</UL>

<P><STRONG><a name="[d3]"></a>Init_Timer</STRONG> (Thumb, 20 bytes, Stack size 0 bytes, timer.o(.text))
<BR><BR>[Called By]<UL><LI><a href="#[db]">&gt;&gt;</a>&nbsp;&nbsp;&nbsp;SysInit
<LI><a href="#[d2]">&gt;&gt;</a>&nbsp;&nbsp;&nbsp;powerOnInit
</UL>

<P><STRONG><a name="[c3]"></a>ISR_Timer1MsProcess</STRONG> (Thumb, 218 bytes, Stack size 8 bytes, timer.o(.text))
<BR><BR>[Stack]<UL><LI>Max Depth = 8<LI>Call Chain = ISR_Timer1MsProcess
</UL>
<BR>[Calls]<UL><LI><a href="#[10f]">&gt;&gt;</a>&nbsp;&nbsp;&nbsp;Api_Timer1Ms_Buzzer_DY
</UL>
<BR>[Called By]<UL><LI><a href="#[10]">&gt;&gt;</a>&nbsp;&nbsp;&nbsp;T16N2_IRQHandler
</UL>

<P><STRONG><a name="[c2]"></a>ISR_Timer100UsProcess</STRONG> (Thumb, 12 bytes, Stack size 8 bytes, timer.o(.text))
<BR><BR>[Stack]<UL><LI>Max Depth = 48<LI>Call Chain = ISR_Timer100UsProcess &rArr; Api_Timer100Us_Smell &rArr; HW_IORead_Smell &rArr; GPIO_ReadBit &rArr; GPIO_GetNormalBitOffsetFromPin &rArr; __ARM_common_switch8
</UL>
<BR>[Calls]<UL><LI><a href="#[100]">&gt;&gt;</a>&nbsp;&nbsp;&nbsp;Api_Timer100Us_Smell
<LI><a href="#[110]">&gt;&gt;</a>&nbsp;&nbsp;&nbsp;Api_Timer100Us_DCMotorDrv
</UL>
<BR>[Called By]<UL><LI><a href="#[e]">&gt;&gt;</a>&nbsp;&nbsp;&nbsp;T16N0_IRQHandler
</UL>

<P><STRONG><a name="[e1]"></a>TimerProcess</STRONG> (Thumb, 28 bytes, Stack size 8 bytes, timer.o(.text))
<BR><BR>[Stack]<UL><LI>Max Depth = 8<LI>Call Chain = TimerProcess
</UL>
<BR>[Calls]<UL><LI><a href="#[116]">&gt;&gt;</a>&nbsp;&nbsp;&nbsp;sub_Timer30Min
<LI><a href="#[115]">&gt;&gt;</a>&nbsp;&nbsp;&nbsp;sub_Timer1Min
<LI><a href="#[114]">&gt;&gt;</a>&nbsp;&nbsp;&nbsp;sub_Timer1S
<LI><a href="#[113]">&gt;&gt;</a>&nbsp;&nbsp;&nbsp;sub_Timer500Ms
<LI><a href="#[112]">&gt;&gt;</a>&nbsp;&nbsp;&nbsp;sub_Timer100Ms
<LI><a href="#[111]">&gt;&gt;</a>&nbsp;&nbsp;&nbsp;sub_Timer20Ms
</UL>
<BR>[Called By]<UL><LI><a href="#[20]">&gt;&gt;</a>&nbsp;&nbsp;&nbsp;main
</UL>

<P><STRONG><a name="[52]"></a>API_Gets20MsFlag</STRONG> (Thumb, 18 bytes, Stack size 0 bytes, timer.o(.text))
<BR><BR>[Called By]<UL><LI><a href="#[51]">&gt;&gt;</a>&nbsp;&nbsp;&nbsp;adKey
<LI><a href="#[10d]">&gt;&gt;</a>&nbsp;&nbsp;&nbsp;judgeShortTimer
<LI><a href="#[a4]">&gt;&gt;</a>&nbsp;&nbsp;&nbsp;RGBDisplay
</UL>

<P><STRONG><a name="[e7]"></a>API_Gets100MsFlag</STRONG> (Thumb, 18 bytes, Stack size 0 bytes, timer.o(.text))
<BR><BR>[Called By]<UL><LI><a href="#[e6]">&gt;&gt;</a>&nbsp;&nbsp;&nbsp;sub_Uart1_Tx
</UL>

<P><STRONG><a name="[9b]"></a>API_Gets500MsFlag</STRONG> (Thumb, 16 bytes, Stack size 0 bytes, timer.o(.text))
<BR><BR>[Called By]<UL><LI><a href="#[a8]">&gt;&gt;</a>&nbsp;&nbsp;&nbsp;filterLed
<LI><a href="#[a6]">&gt;&gt;</a>&nbsp;&nbsp;&nbsp;powerOffDis
<LI><a href="#[9a]">&gt;&gt;</a>&nbsp;&nbsp;&nbsp;testingDisProcess
</UL>

<P><STRONG><a name="[61]"></a>API_Gets1SFlag</STRONG> (Thumb, 18 bytes, Stack size 0 bytes, timer.o(.text))
<BR><BR>[Called By]<UL><LI><a href="#[60]">&gt;&gt;</a>&nbsp;&nbsp;&nbsp;adSample
<LI><a href="#[108]">&gt;&gt;</a>&nbsp;&nbsp;&nbsp;sub_Test_Timer
<LI><a href="#[e9]">&gt;&gt;</a>&nbsp;&nbsp;&nbsp;sub_TimerUart1
<LI><a href="#[e4]">&gt;&gt;</a>&nbsp;&nbsp;&nbsp;UVprocess
<LI><a href="#[b6]">&gt;&gt;</a>&nbsp;&nbsp;&nbsp;filterLife
<LI><a href="#[ad]">&gt;&gt;</a>&nbsp;&nbsp;&nbsp;display
<LI><a href="#[a7]">&gt;&gt;</a>&nbsp;&nbsp;&nbsp;sleepCntProcess
<LI><a href="#[9d]">&gt;&gt;</a>&nbsp;&nbsp;&nbsp;testDisProcess
<LI><a href="#[8f]">&gt;&gt;</a>&nbsp;&nbsp;&nbsp;sub_DcMotorDrv_Timer
</UL>

<P><STRONG><a name="[16e]"></a>API_Gets1MinFlag</STRONG> (Thumb, 18 bytes, Stack size 0 bytes, timer.o(.text), UNUSED)

<P><STRONG><a name="[16f]"></a>API_Gets30MinFlag</STRONG> (Thumb, 18 bytes, Stack size 0 bytes, timer.o(.text), UNUSED)

<P><STRONG><a name="[dc]"></a>UART1Init</STRONG> (Thumb, 144 bytes, Stack size 32 bytes, uart1.o(.text))
<BR><BR>[Stack]<UL><LI>Max Depth = 92<LI>Call Chain = UART1Init &rArr; UART_Init &rArr; __aeabi_ui2f &rArr; _float_epilogue
</UL>
<BR>[Calls]<UL><LI><a href="#[118]">&gt;&gt;</a>&nbsp;&nbsp;&nbsp;UART_RBIMConfig
<LI><a href="#[117]">&gt;&gt;</a>&nbsp;&nbsp;&nbsp;UART_TBIMConfig
<LI><a href="#[ef]">&gt;&gt;</a>&nbsp;&nbsp;&nbsp;UART_ITConfig
<LI><a href="#[49]">&gt;&gt;</a>&nbsp;&nbsp;&nbsp;UART_Init
<LI><a href="#[85]">&gt;&gt;</a>&nbsp;&nbsp;&nbsp;NVIC_Init
<LI><a href="#[31]">&gt;&gt;</a>&nbsp;&nbsp;&nbsp;GPIO_Init
</UL>
<BR>[Called By]<UL><LI><a href="#[db]">&gt;&gt;</a>&nbsp;&nbsp;&nbsp;SysInit
</UL>

<P><STRONG><a name="[1a]"></a>UART1_IRQHandler</STRONG> (Thumb, 74 bytes, Stack size 8 bytes, uart1.o(.text))
<BR><BR>[Stack]<UL><LI>Max Depth = 16<LI>Call Chain = UART1_IRQHandler &rArr; UartPM25TX
</UL>
<BR>[Calls]<UL><LI><a href="#[119]">&gt;&gt;</a>&nbsp;&nbsp;&nbsp;UART_GetITStatus
<LI><a href="#[11b]">&gt;&gt;</a>&nbsp;&nbsp;&nbsp;UART_RecByte
<LI><a href="#[11a]">&gt;&gt;</a>&nbsp;&nbsp;&nbsp;UART_GetFlagStatus
<LI><a href="#[11c]">&gt;&gt;</a>&nbsp;&nbsp;&nbsp;UartPM25RX
<LI><a href="#[ed]">&gt;&gt;</a>&nbsp;&nbsp;&nbsp;UartPM25TX
</UL>
<BR>[Address Reference Count : 1]<UL><LI> startup_hr8p506.o(RESET)
</UL>
<P><STRONG><a name="[170]"></a>Uart1Ms</STRONG> (Thumb, 2 bytes, Stack size 0 bytes, uart1.o(.text), UNUSED)

<P><STRONG><a name="[e8]"></a>Uart1TxStart</STRONG> (Thumb, 20 bytes, Stack size 8 bytes, uart1.o(.text))
<BR><BR>[Stack]<UL><LI>Max Depth = 8<LI>Call Chain = Uart1TxStart
</UL>
<BR>[Calls]<UL><LI><a href="#[ef]">&gt;&gt;</a>&nbsp;&nbsp;&nbsp;UART_ITConfig
</UL>
<BR>[Called By]<UL><LI><a href="#[e6]">&gt;&gt;</a>&nbsp;&nbsp;&nbsp;sub_Uart1_Tx
</UL>

<P><STRONG><a name="[171]"></a>__aeabi_uidiv</STRONG> (Thumb, 0 bytes, Stack size 12 bytes, uidiv.o(.text), UNUSED)

<P><STRONG><a name="[46]"></a>__aeabi_uidivmod</STRONG> (Thumb, 44 bytes, Stack size 12 bytes, uidiv.o(.text))
<BR><BR>[Stack]<UL><LI>Max Depth = 12<LI>Call Chain = __aeabi_uidivmod
</UL>
<BR>[Called By]<UL><LI><a href="#[4f]">&gt;&gt;</a>&nbsp;&nbsp;&nbsp;WDT_Init
<LI><a href="#[45]">&gt;&gt;</a>&nbsp;&nbsp;&nbsp;BUZC_Frequence
<LI><a href="#[76]">&gt;&gt;</a>&nbsp;&nbsp;&nbsp;__aeabi_idivmod
<LI><a href="#[fb]">&gt;&gt;</a>&nbsp;&nbsp;&nbsp;AqiByVoc
<LI><a href="#[e5]">&gt;&gt;</a>&nbsp;&nbsp;&nbsp;sub_Uart1_Rx
<LI><a href="#[c5]">&gt;&gt;</a>&nbsp;&nbsp;&nbsp;ISR_INTC1
<LI><a href="#[b0]">&gt;&gt;</a>&nbsp;&nbsp;&nbsp;CalFilterRecValEE
<LI><a href="#[8d]">&gt;&gt;</a>&nbsp;&nbsp;&nbsp;TjFanSpeed
<LI><a href="#[8c]">&gt;&gt;</a>&nbsp;&nbsp;&nbsp;sub_DCMotorSpeedCalc
</UL>

<P><STRONG><a name="[172]"></a>__aeabi_idiv</STRONG> (Thumb, 0 bytes, Stack size 16 bytes, idiv.o(.text), UNUSED)

<P><STRONG><a name="[76]"></a>__aeabi_idivmod</STRONG> (Thumb, 40 bytes, Stack size 16 bytes, idiv.o(.text))
<BR><BR>[Stack]<UL><LI>Max Depth = 28<LI>Call Chain = __aeabi_idivmod &rArr; __aeabi_uidivmod
</UL>
<BR>[Calls]<UL><LI><a href="#[46]">&gt;&gt;</a>&nbsp;&nbsp;&nbsp;__aeabi_uidivmod
</UL>
<BR>[Called By]<UL><LI><a href="#[75]">&gt;&gt;</a>&nbsp;&nbsp;&nbsp;buzz_int_10ms
</UL>

<P><STRONG><a name="[b9]"></a>__aeabi_fadd</STRONG> (Thumb, 162 bytes, Stack size 24 bytes, fadd.o(.text))
<BR><BR>[Stack]<UL><LI>Max Depth = 36<LI>Call Chain = __aeabi_fadd &rArr; _float_epilogue
</UL>
<BR>[Calls]<UL><LI><a href="#[11e]">&gt;&gt;</a>&nbsp;&nbsp;&nbsp;_float_round
<LI><a href="#[11d]">&gt;&gt;</a>&nbsp;&nbsp;&nbsp;_float_epilogue
</UL>
<BR>[Called By]<UL><LI><a href="#[120]">&gt;&gt;</a>&nbsp;&nbsp;&nbsp;__aeabi_frsub
<LI><a href="#[11f]">&gt;&gt;</a>&nbsp;&nbsp;&nbsp;__aeabi_fsub
<LI><a href="#[bc]">&gt;&gt;</a>&nbsp;&nbsp;&nbsp;iap_init
<LI><a href="#[b6]">&gt;&gt;</a>&nbsp;&nbsp;&nbsp;filterLife
</UL>

<P><STRONG><a name="[11f]"></a>__aeabi_fsub</STRONG> (Thumb, 8 bytes, Stack size 0 bytes, fadd.o(.text), UNUSED)
<BR><BR>[Calls]<UL><LI><a href="#[b9]">&gt;&gt;</a>&nbsp;&nbsp;&nbsp;__aeabi_fadd
</UL>

<P><STRONG><a name="[120]"></a>__aeabi_frsub</STRONG> (Thumb, 8 bytes, Stack size 0 bytes, fadd.o(.text), UNUSED)
<BR><BR>[Calls]<UL><LI><a href="#[b9]">&gt;&gt;</a>&nbsp;&nbsp;&nbsp;__aeabi_fadd
</UL>

<P><STRONG><a name="[4e]"></a>__aeabi_fmul</STRONG> (Thumb, 122 bytes, Stack size 16 bytes, fmul.o(.text))
<BR><BR>[Stack]<UL><LI>Max Depth = 16<LI>Call Chain = __aeabi_fmul
</UL>
<BR>[Called By]<UL><LI><a href="#[49]">&gt;&gt;</a>&nbsp;&nbsp;&nbsp;UART_Init
<LI><a href="#[b3]">&gt;&gt;</a>&nbsp;&nbsp;&nbsp;filterPercentCal
</UL>

<P><STRONG><a name="[4a]"></a>__aeabi_fdiv</STRONG> (Thumb, 128 bytes, Stack size 16 bytes, fdiv.o(.text))
<BR><BR>[Stack]<UL><LI>Max Depth = 16<LI>Call Chain = __aeabi_fdiv
</UL>
<BR>[Calls]<UL><LI><a href="#[11e]">&gt;&gt;</a>&nbsp;&nbsp;&nbsp;_float_round
</UL>
<BR>[Called By]<UL><LI><a href="#[49]">&gt;&gt;</a>&nbsp;&nbsp;&nbsp;UART_Init
</UL>

<P><STRONG><a name="[b1]"></a>__aeabi_dmul</STRONG> (Thumb, 202 bytes, Stack size 72 bytes, dmul.o(.text))
<BR><BR>[Stack]<UL><LI>Max Depth = 128<LI>Call Chain = __aeabi_dmul &rArr; _double_epilogue &rArr; __aeabi_llsl
</UL>
<BR>[Calls]<UL><LI><a href="#[121]">&gt;&gt;</a>&nbsp;&nbsp;&nbsp;_double_epilogue
</UL>
<BR>[Called By]<UL><LI><a href="#[b0]">&gt;&gt;</a>&nbsp;&nbsp;&nbsp;CalFilterRecValEE
</UL>

<P><STRONG><a name="[b4]"></a>__aeabi_ddiv</STRONG> (Thumb, 234 bytes, Stack size 40 bytes, ddiv.o(.text))
<BR><BR>[Stack]<UL><LI>Max Depth = 48<LI>Call Chain = __aeabi_ddiv &rArr; _double_round
</UL>
<BR>[Calls]<UL><LI><a href="#[122]">&gt;&gt;</a>&nbsp;&nbsp;&nbsp;_double_round
</UL>
<BR>[Called By]<UL><LI><a href="#[bc]">&gt;&gt;</a>&nbsp;&nbsp;&nbsp;iap_init
<LI><a href="#[b3]">&gt;&gt;</a>&nbsp;&nbsp;&nbsp;filterPercentCal
</UL>

<P><STRONG><a name="[47]"></a>__aeabi_ui2f</STRONG> (Thumb, 14 bytes, Stack size 8 bytes, ffltui.o(.text))
<BR><BR>[Stack]<UL><LI>Max Depth = 20<LI>Call Chain = __aeabi_ui2f &rArr; _float_epilogue
</UL>
<BR>[Calls]<UL><LI><a href="#[11d]">&gt;&gt;</a>&nbsp;&nbsp;&nbsp;_float_epilogue
</UL>
<BR>[Called By]<UL><LI><a href="#[49]">&gt;&gt;</a>&nbsp;&nbsp;&nbsp;UART_Init
<LI><a href="#[45]">&gt;&gt;</a>&nbsp;&nbsp;&nbsp;BUZC_Frequence
<LI><a href="#[bc]">&gt;&gt;</a>&nbsp;&nbsp;&nbsp;iap_init
</UL>

<P><STRONG><a name="[48]"></a>__aeabi_f2uiz</STRONG> (Thumb, 42 bytes, Stack size 0 bytes, ffixui.o(.text))
<BR><BR>[Called By]<UL><LI><a href="#[49]">&gt;&gt;</a>&nbsp;&nbsp;&nbsp;UART_Init
<LI><a href="#[45]">&gt;&gt;</a>&nbsp;&nbsp;&nbsp;BUZC_Frequence
<LI><a href="#[b3]">&gt;&gt;</a>&nbsp;&nbsp;&nbsp;filterPercentCal
<LI><a href="#[b0]">&gt;&gt;</a>&nbsp;&nbsp;&nbsp;CalFilterRecValEE
</UL>

<P><STRONG><a name="[b2]"></a>__aeabi_d2uiz</STRONG> (Thumb, 50 bytes, Stack size 8 bytes, dfixui.o(.text))
<BR><BR>[Stack]<UL><LI>Max Depth = 16<LI>Call Chain = __aeabi_d2uiz &rArr; __aeabi_llsr
</UL>
<BR>[Calls]<UL><LI><a href="#[123]">&gt;&gt;</a>&nbsp;&nbsp;&nbsp;__aeabi_llsr
</UL>
<BR>[Called By]<UL><LI><a href="#[b0]">&gt;&gt;</a>&nbsp;&nbsp;&nbsp;CalFilterRecValEE
</UL>

<P><STRONG><a name="[4b]"></a>__aeabi_f2d</STRONG> (Thumb, 40 bytes, Stack size 0 bytes, f2d.o(.text))
<BR><BR>[Called By]<UL><LI><a href="#[49]">&gt;&gt;</a>&nbsp;&nbsp;&nbsp;UART_Init
<LI><a href="#[bc]">&gt;&gt;</a>&nbsp;&nbsp;&nbsp;iap_init
<LI><a href="#[b6]">&gt;&gt;</a>&nbsp;&nbsp;&nbsp;filterLife
<LI><a href="#[b3]">&gt;&gt;</a>&nbsp;&nbsp;&nbsp;filterPercentCal
<LI><a href="#[b0]">&gt;&gt;</a>&nbsp;&nbsp;&nbsp;CalFilterRecValEE
</UL>

<P><STRONG><a name="[173]"></a>__aeabi_cdcmpeq</STRONG> (Thumb, 0 bytes, Stack size 0 bytes, cdcmple.o(.text), UNUSED)

<P><STRONG><a name="[4c]"></a>__aeabi_cdcmple</STRONG> (Thumb, 38 bytes, Stack size 0 bytes, cdcmple.o(.text))
<BR><BR>[Called By]<UL><LI><a href="#[49]">&gt;&gt;</a>&nbsp;&nbsp;&nbsp;UART_Init
</UL>

<P><STRONG><a name="[b5]"></a>__aeabi_cdrcmple</STRONG> (Thumb, 38 bytes, Stack size 0 bytes, cdrcmple.o(.text))
<BR><BR>[Called By]<UL><LI><a href="#[b6]">&gt;&gt;</a>&nbsp;&nbsp;&nbsp;filterLife
<LI><a href="#[b3]">&gt;&gt;</a>&nbsp;&nbsp;&nbsp;filterPercentCal
</UL>

<P><STRONG><a name="[4d]"></a>__aeabi_d2f</STRONG> (Thumb, 56 bytes, Stack size 8 bytes, d2f.o(.text))
<BR><BR>[Stack]<UL><LI>Max Depth = 8<LI>Call Chain = __aeabi_d2f
</UL>
<BR>[Calls]<UL><LI><a href="#[11e]">&gt;&gt;</a>&nbsp;&nbsp;&nbsp;_float_round
</UL>
<BR>[Called By]<UL><LI><a href="#[49]">&gt;&gt;</a>&nbsp;&nbsp;&nbsp;UART_Init
<LI><a href="#[bc]">&gt;&gt;</a>&nbsp;&nbsp;&nbsp;iap_init
<LI><a href="#[b3]">&gt;&gt;</a>&nbsp;&nbsp;&nbsp;filterPercentCal
</UL>

<P><STRONG><a name="[174]"></a>__aeabi_cfcmpeq</STRONG> (Thumb, 0 bytes, Stack size 0 bytes, cfcmple.o(.text), UNUSED)

<P><STRONG><a name="[b8]"></a>__aeabi_cfcmple</STRONG> (Thumb, 20 bytes, Stack size 0 bytes, cfcmple.o(.text))
<BR><BR>[Called By]<UL><LI><a href="#[b6]">&gt;&gt;</a>&nbsp;&nbsp;&nbsp;filterLife
</UL>

<P><STRONG><a name="[123]"></a>__aeabi_llsr</STRONG> (Thumb, 34 bytes, Stack size 8 bytes, llushr.o(.text))
<BR><BR>[Stack]<UL><LI>Max Depth = 8<LI>Call Chain = __aeabi_llsr
</UL>
<BR>[Called By]<UL><LI><a href="#[121]">&gt;&gt;</a>&nbsp;&nbsp;&nbsp;_double_epilogue
<LI><a href="#[b2]">&gt;&gt;</a>&nbsp;&nbsp;&nbsp;__aeabi_d2uiz
</UL>

<P><STRONG><a name="[175]"></a>_ll_ushift_r</STRONG> (Thumb, 0 bytes, Stack size 8 bytes, llushr.o(.text), UNUSED)

<P><STRONG><a name="[176]"></a>__I$use$fp</STRONG> (Thumb, 0 bytes, Stack size 0 bytes, iusefp.o(.text), UNUSED)

<P><STRONG><a name="[11e]"></a>_float_round</STRONG> (Thumb, 16 bytes, Stack size 0 bytes, fepilogue.o(.text))
<BR><BR>[Called By]<UL><LI><a href="#[4a]">&gt;&gt;</a>&nbsp;&nbsp;&nbsp;__aeabi_fdiv
<LI><a href="#[4d]">&gt;&gt;</a>&nbsp;&nbsp;&nbsp;__aeabi_d2f
<LI><a href="#[b9]">&gt;&gt;</a>&nbsp;&nbsp;&nbsp;__aeabi_fadd
</UL>

<P><STRONG><a name="[11d]"></a>_float_epilogue</STRONG> (Thumb, 116 bytes, Stack size 12 bytes, fepilogue.o(.text))
<BR><BR>[Stack]<UL><LI>Max Depth = 12<LI>Call Chain = _float_epilogue
</UL>
<BR>[Called By]<UL><LI><a href="#[47]">&gt;&gt;</a>&nbsp;&nbsp;&nbsp;__aeabi_ui2f
<LI><a href="#[b9]">&gt;&gt;</a>&nbsp;&nbsp;&nbsp;__aeabi_fadd
</UL>

<P><STRONG><a name="[122]"></a>_double_round</STRONG> (Thumb, 26 bytes, Stack size 8 bytes, depilogue.o(.text))
<BR><BR>[Stack]<UL><LI>Max Depth = 8<LI>Call Chain = _double_round
</UL>
<BR>[Called By]<UL><LI><a href="#[121]">&gt;&gt;</a>&nbsp;&nbsp;&nbsp;_double_epilogue
<LI><a href="#[b4]">&gt;&gt;</a>&nbsp;&nbsp;&nbsp;__aeabi_ddiv
</UL>

<P><STRONG><a name="[121]"></a>_double_epilogue</STRONG> (Thumb, 166 bytes, Stack size 48 bytes, depilogue.o(.text))
<BR><BR>[Stack]<UL><LI>Max Depth = 56<LI>Call Chain = _double_epilogue &rArr; __aeabi_llsl
</UL>
<BR>[Calls]<UL><LI><a href="#[125]">&gt;&gt;</a>&nbsp;&nbsp;&nbsp;__aeabi_llsl
<LI><a href="#[124]">&gt;&gt;</a>&nbsp;&nbsp;&nbsp;__ARM_clz
<LI><a href="#[123]">&gt;&gt;</a>&nbsp;&nbsp;&nbsp;__aeabi_llsr
<LI><a href="#[122]">&gt;&gt;</a>&nbsp;&nbsp;&nbsp;_double_round
</UL>
<BR>[Called By]<UL><LI><a href="#[b1]">&gt;&gt;</a>&nbsp;&nbsp;&nbsp;__aeabi_dmul
</UL>

<P><STRONG><a name="[25]"></a>__scatterload</STRONG> (Thumb, 28 bytes, Stack size 0 bytes, init.o(.text))
<BR><BR>[Calls]<UL><LI><a href="#[126]">&gt;&gt;</a>&nbsp;&nbsp;&nbsp;__main_after_scatterload
</UL>
<BR>[Called By]<UL><LI><a href="#[24]">&gt;&gt;</a>&nbsp;&nbsp;&nbsp;_main_scatterload
</UL>

<P><STRONG><a name="[177]"></a>__scatterload_rt2</STRONG> (Thumb, 0 bytes, Stack size 0 bytes, init.o(.text), UNUSED)

<P><STRONG><a name="[125]"></a>__aeabi_llsl</STRONG> (Thumb, 32 bytes, Stack size 8 bytes, llshl.o(.text))
<BR><BR>[Stack]<UL><LI>Max Depth = 8<LI>Call Chain = __aeabi_llsl
</UL>
<BR>[Called By]<UL><LI><a href="#[121]">&gt;&gt;</a>&nbsp;&nbsp;&nbsp;_double_epilogue
</UL>

<P><STRONG><a name="[178]"></a>_ll_shift_l</STRONG> (Thumb, 0 bytes, Stack size 8 bytes, llshl.o(.text), UNUSED)

<P><STRONG><a name="[179]"></a>__decompress</STRONG> (Thumb, 0 bytes, Stack size unknown bytes, __dczerorl.o(.text), UNUSED)

<P><STRONG><a name="[17a]"></a>__decompress0</STRONG> (Thumb, 58 bytes, Stack size unknown bytes, __dczerorl.o(.text), UNUSED)

<P><STRONG><a name="[124]"></a>__ARM_clz</STRONG> (Thumb, 46 bytes, Stack size 0 bytes, depilogue.o(i.__ARM_clz))
<BR><BR>[Called By]<UL><LI><a href="#[121]">&gt;&gt;</a>&nbsp;&nbsp;&nbsp;_double_epilogue
</UL>

<P><STRONG><a name="[29]"></a>__ARM_common_switch8</STRONG> (Thumb, 28 bytes, Stack size 8 bytes, lib_gpio.o(i.__ARM_common_switch8))
<BR><BR>[Stack]<UL><LI>Max Depth = 8<LI>Call Chain = __ARM_common_switch8
</UL>
<BR>[Called By]<UL><LI><a href="#[53]">&gt;&gt;</a>&nbsp;&nbsp;&nbsp;keyProcess
<LI><a href="#[40]">&gt;&gt;</a>&nbsp;&nbsp;&nbsp;KINT_GetSelxIndexFromPin
<LI><a href="#[3f]">&gt;&gt;</a>&nbsp;&nbsp;&nbsp;KINT_SetTriggerStyleFromPin
<LI><a href="#[3e]">&gt;&gt;</a>&nbsp;&nbsp;&nbsp;KINT_GetKINTxIndexFromPin
<LI><a href="#[39]">&gt;&gt;</a>&nbsp;&nbsp;&nbsp;PINT_GetSELxIndexFromPin
<LI><a href="#[38]">&gt;&gt;</a>&nbsp;&nbsp;&nbsp;PINT_SetTriggerStyleFromPin
<LI><a href="#[37]">&gt;&gt;</a>&nbsp;&nbsp;&nbsp;PINT_GetPINTxIndexFromPin
<LI><a href="#[2a]">&gt;&gt;</a>&nbsp;&nbsp;&nbsp;GPIO_GetNormalBitOffsetFromPin
<LI><a href="#[28]">&gt;&gt;</a>&nbsp;&nbsp;&nbsp;GPIO_SetFuncxRegFromPin
<LI><a href="#[e6]">&gt;&gt;</a>&nbsp;&nbsp;&nbsp;sub_Uart1_Tx
<LI><a href="#[e5]">&gt;&gt;</a>&nbsp;&nbsp;&nbsp;sub_Uart1_Rx
<LI><a href="#[9a]">&gt;&gt;</a>&nbsp;&nbsp;&nbsp;testingDisProcess
<LI><a href="#[77]">&gt;&gt;</a>&nbsp;&nbsp;&nbsp;buzz_tone
<LI><a href="#[75]">&gt;&gt;</a>&nbsp;&nbsp;&nbsp;buzz_int_10ms
</UL>

<P><STRONG><a name="[17b]"></a>__scatterload_copy</STRONG> (Thumb, 14 bytes, Stack size unknown bytes, handlers.o(i.__scatterload_copy), UNUSED)

<P><STRONG><a name="[17c]"></a>__scatterload_null</STRONG> (Thumb, 2 bytes, Stack size unknown bytes, handlers.o(i.__scatterload_null), UNUSED)

<P><STRONG><a name="[17d]"></a>__scatterload_zeroinit</STRONG> (Thumb, 14 bytes, Stack size unknown bytes, handlers.o(i.__scatterload_zeroinit), UNUSED)
<P>
<H3>
Local Symbols
</H3>
<P><STRONG><a name="[111]"></a>sub_Timer20Ms</STRONG> (Thumb, 48 bytes, Stack size 0 bytes, timer.o(.text))
<BR><BR>[Called By]<UL><LI><a href="#[e1]">&gt;&gt;</a>&nbsp;&nbsp;&nbsp;TimerProcess
</UL>

<P><STRONG><a name="[112]"></a>sub_Timer100Ms</STRONG> (Thumb, 48 bytes, Stack size 0 bytes, timer.o(.text))
<BR><BR>[Called By]<UL><LI><a href="#[e1]">&gt;&gt;</a>&nbsp;&nbsp;&nbsp;TimerProcess
</UL>

<P><STRONG><a name="[113]"></a>sub_Timer500Ms</STRONG> (Thumb, 50 bytes, Stack size 0 bytes, timer.o(.text))
<BR><BR>[Called By]<UL><LI><a href="#[e1]">&gt;&gt;</a>&nbsp;&nbsp;&nbsp;TimerProcess
</UL>

<P><STRONG><a name="[114]"></a>sub_Timer1S</STRONG> (Thumb, 50 bytes, Stack size 0 bytes, timer.o(.text))
<BR><BR>[Called By]<UL><LI><a href="#[e1]">&gt;&gt;</a>&nbsp;&nbsp;&nbsp;TimerProcess
</UL>

<P><STRONG><a name="[115]"></a>sub_Timer1Min</STRONG> (Thumb, 62 bytes, Stack size 0 bytes, timer.o(.text))
<BR><BR>[Called By]<UL><LI><a href="#[e1]">&gt;&gt;</a>&nbsp;&nbsp;&nbsp;TimerProcess
</UL>

<P><STRONG><a name="[116]"></a>sub_Timer30Min</STRONG> (Thumb, 62 bytes, Stack size 0 bytes, timer.o(.text))
<BR><BR>[Called By]<UL><LI><a href="#[e1]">&gt;&gt;</a>&nbsp;&nbsp;&nbsp;TimerProcess
</UL>
<P>
<H3>
Undefined Global Symbols
</H3><HR></body></html>
