<html>
<body>
<pre>
<h1>µVision Build Log</h1>
<h2>Project:</h2>
D:\MyProject\M300C\M300C506-DC\M300C.uvproj
Project File Date:  10/16/2018

<h2>Output:</h2>
Rebuild target 'M300C'
assembling startup_HR8P506.s...
compiling system_HR8P506.c...
compiling hr8p506_iap_table.c...
compiling lib_adc.c...
compiling lib_euart.c...
compiling lib_gpio.c...
compiling lib_iic.c...
compiling lib_lcd.c...
compiling lib_led.c...
compiling lib_printf.c...
compiling lib_rtc.c...
Library\Source\lib_rtc.c(352): warning: C3017W: second_buf may be used before being set
Library\Source\lib_rtc.c(456): warning: C3017W: minute_buf may be used before being set
Library\Source\lib_rtc.c(563): warning: C3017W: hour_buf may be used before being set
Library\Source\lib_rtc.c(672): warning: C3017W: day_buf may be used before being set
Library\Source\lib_rtc.c(765): warning: C3017W: month_buf may be used before being set
Library\Source\lib_rtc.c(849): warning: C3017W: year_buf may be used before being set
Library\Source\lib_rtc.c(966): warning: C3017W: week_buf may be used before being set
Library\Source\lib_rtc.c(1258): warning: C3017W: minute_buf may be used before being set
Library\Source\lib_rtc.c(1365): warning: C3017W: hour_buf may be used before being set
Library\Source\lib_rtc.c(1568): warning: C3017W: minute_buf may be used before being set
Library\Source\lib_rtc.c(1675): warning: C3017W: hour_buf may be used before being set
compiling lib_scs.c...
compiling lib_scu.c...
compiling lib_spi.c...
compiling lib_timer.c...
compiling lib_uart.c...
compiling lib_wdt.c...
compiling ADC.C...
compiling buzz.c...
compiling commiic.c...
SRC\commiic.c(166): warning: C3017W: IoStat may be used before being set
compiling DCMotorDrv.c...
compiling display.c...
compiling fanDrv.c...
compiling filter.c...
SRC\filter.c(23): warning: C3017W: SFLR may be used before being set
compiling irqhandler.c...
compiling KEY.c...
compiling log.c...
compiling main.c...
compiling mywifi.c...
compiling PM25Uart1.c...
compiling RGB.c...
compiling Smell.c...
compiling Test.c...
compiling Timer.c...
compiling uart0.c...
compiling uart1.c...
compiling mcu_api.c...
compiling protocol.c...
SRC\mcu_sdk\protocol.c(576): warning: C3017W: ret may be used before being set
compiling system.c...
SRC\mcu_sdk\system.c(634): warning: C3017W: value may be used before being set
linking...
Program Size: Code=19988 RO-data=292 RW-data=308 ZI-data=1276  
FromELF: creating hex file...
".\output\M300C_DC.axf" - 0 Error(s), 15 Warning(s).
Rebuild target 'M300C'
assembling startup_HR8P506.s...
compiling system_HR8P506.c...
compiling hr8p506_iap_table.c...
compiling lib_adc.c...
compiling lib_euart.c...
compiling lib_gpio.c...
compiling lib_iic.c...
compiling lib_lcd.c...
compiling lib_led.c...
compiling lib_printf.c...
compiling lib_rtc.c...
Library\Source\lib_rtc.c(352): warning: C3017W: second_buf may be used before being set
Library\Source\lib_rtc.c(456): warning: C3017W: minute_buf may be used before being set
Library\Source\lib_rtc.c(563): warning: C3017W: hour_buf may be used before being set
Library\Source\lib_rtc.c(672): warning: C3017W: day_buf may be used before being set
Library\Source\lib_rtc.c(765): warning: C3017W: month_buf may be used before being set
Library\Source\lib_rtc.c(849): warning: C3017W: year_buf may be used before being set
Library\Source\lib_rtc.c(966): warning: C3017W: week_buf may be used before being set
Library\Source\lib_rtc.c(1258): warning: C3017W: minute_buf may be used before being set
Library\Source\lib_rtc.c(1365): warning: C3017W: hour_buf may be used before being set
Library\Source\lib_rtc.c(1568): warning: C3017W: minute_buf may be used before being set
Library\Source\lib_rtc.c(1675): warning: C3017W: hour_buf may be used before being set
compiling lib_scs.c...
compiling lib_scu.c...
compiling lib_spi.c...
compiling lib_timer.c...
compiling lib_uart.c...
compiling lib_wdt.c...
compiling ADC.C...
compiling buzz.c...
compiling commiic.c...
compiling DCMotorDrv.c...
compiling display.c...
compiling fanDrv.c...
compiling filter.c...
compiling irqhandler.c...
compiling KEY.c...
compiling log.c...
compiling main.c...
compiling mywifi.c...
compiling PM25Uart1.c...
compiling RGB.c...
compiling Smell.c...
compiling Test.c...
compiling Timer.c...
compiling uart0.c...
compiling uart1.c...
compiling mcu_api.c...
compiling protocol.c...
compiling system.c...
linking...
Program Size: Code=19996 RO-data=292 RW-data=308 ZI-data=1276  
FromELF: creating hex file...
".\output\M300C_DC.axf" - 0 Error(s), 11 Warning(s).
