<!doctype html public "-//w3c//dtd html 4.0 transitional//en">
<html><head>
<title>Static Call Graph - [.\output\M300C.axf]</title></head>
<body><HR>
<H1>Static Call Graph for image .\output\M300C.axf</H1><HR>
<BR><P>#&#060CALLGRAPH&#062# ARM Linker, 5.02 [Build 28]: Last Updated: Thu Nov 15 15:29:45 2018
<BR><P>
<H3>Maximum Stack Usage =        208 bytes + Unknown(Cycles, Untraceable Function Pointers)</H3><H3>
Call chain for Maximum Stack Depth:</H3>
main &rArr; wifiDeal &rArr; wifi_uart_service &rArr; data_handle &rArr; data_point_handle &rArr; dp_download_handle &rArr; dp_download_anion_handle &rArr; mcu_dp_bool_update &rArr; wifi_uart_write_frame &rArr; wifi_uart_write_data &rArr; uart_transmit_output &rArr; Uart0Send
<P>
<H3>
Mutually Recursive functions
</H3> <LI><a href="#[16]">ADC_IRQHandler</a>&nbsp;&nbsp;&nbsp;&rArr;&nbsp;&nbsp;&nbsp;<a href="#[16]">ADC_IRQHandler</a><BR>
</UL>
<P>
<H3>
Function Pointers
</H3><UL>
 <LI><a href="#[16]">ADC_IRQHandler</a> from startup_hr8p506.o(.text) referenced from startup_hr8p506.o(RESET)
 <LI><a href="#[1f]">CCM_IRQHandler</a> from startup_hr8p506.o(.text) referenced from startup_hr8p506.o(RESET)
 <LI><a href="#[1b]">EUART0_IRQHandler</a> from startup_hr8p506.o(.text) referenced from startup_hr8p506.o(RESET)
 <LI><a href="#[2]">HardFault_IRQHandler</a> from irqhandler.o(.text) referenced from startup_hr8p506.o(RESET)
 <LI><a href="#[1e]">I2C0_IRQHandler</a> from startup_hr8p506.o(.text) referenced from startup_hr8p506.o(RESET)
 <LI><a href="#[15]">KINT_IRQHandler</a> from irqhandler.o(.text) referenced from startup_hr8p506.o(RESET)
 <LI><a href="#[17]">LVD_IRQHandler</a> from startup_hr8p506.o(.text) referenced from startup_hr8p506.o(RESET)
 <LI><a href="#[1]">NMI_IRQHandler</a> from irqhandler.o(.text) referenced from startup_hr8p506.o(RESET)
 <LI><a href="#[6]">PINT0_IRQHandler</a> from startup_hr8p506.o(.text) referenced from startup_hr8p506.o(RESET)
 <LI><a href="#[7]">PINT1_IRQHandler</a> from startup_hr8p506.o(.text) referenced from startup_hr8p506.o(RESET)
 <LI><a href="#[8]">PINT2_IRQHandler</a> from startup_hr8p506.o(.text) referenced from startup_hr8p506.o(RESET)
 <LI><a href="#[9]">PINT3_IRQHandler</a> from startup_hr8p506.o(.text) referenced from startup_hr8p506.o(RESET)
 <LI><a href="#[a]">PINT4_IRQHandler</a> from startup_hr8p506.o(.text) referenced from startup_hr8p506.o(RESET)
 <LI><a href="#[b]">PINT5_IRQHandler</a> from startup_hr8p506.o(.text) referenced from startup_hr8p506.o(RESET)
 <LI><a href="#[c]">PINT6_IRQHandler</a> from startup_hr8p506.o(.text) referenced from startup_hr8p506.o(RESET)
 <LI><a href="#[d]">PINT7_IRQHandler</a> from startup_hr8p506.o(.text) referenced from startup_hr8p506.o(RESET)
 <LI><a href="#[18]">PLLLK_IRQHandler</a> from startup_hr8p506.o(.text) referenced from startup_hr8p506.o(RESET)
 <LI><a href="#[4]">PendSV_IRQHandler</a> from irqhandler.o(.text) referenced from startup_hr8p506.o(RESET)
 <LI><a href="#[14]">RTC_IRQHandler</a> from startup_hr8p506.o(.text) referenced from startup_hr8p506.o(RESET)
 <LI><a href="#[21]">RegInit</a> from startup_hr8p506.o(.text) referenced from startup_hr8p506.o(.text)
 <LI><a href="#[0]">Reset_IRQHandler</a> from startup_hr8p506.o(.text) referenced from startup_hr8p506.o(RESET)
 <LI><a href="#[1c]">SPI0_IRQHandler</a> from startup_hr8p506.o(.text) referenced from startup_hr8p506.o(RESET)
 <LI><a href="#[1d]">SPI1_IRQHandler</a> from startup_hr8p506.o(.text) referenced from startup_hr8p506.o(RESET)
 <LI><a href="#[3]">SVC_IRQHandler</a> from irqhandler.o(.text) referenced from startup_hr8p506.o(RESET)
 <LI><a href="#[5]">SysTick_IRQHandler</a> from irqhandler.o(.text) referenced from startup_hr8p506.o(RESET)
 <LI><a href="#[22]">SystemInit</a> from system_hr8p506.o(.text) referenced from startup_hr8p506.o(.text)
 <LI><a href="#[e]">T16N0_IRQHandler</a> from irqhandler.o(.text) referenced from startup_hr8p506.o(RESET)
 <LI><a href="#[f]">T16N1_IRQHandler</a> from startup_hr8p506.o(.text) referenced from startup_hr8p506.o(RESET)
 <LI><a href="#[10]">T16N2_IRQHandler</a> from irqhandler.o(.text) referenced from startup_hr8p506.o(RESET)
 <LI><a href="#[11]">T16N3_IRQHandler</a> from startup_hr8p506.o(.text) referenced from startup_hr8p506.o(RESET)
 <LI><a href="#[12]">T32N0_IRQHandler</a> from dcmotordrv.o(.text) referenced from startup_hr8p506.o(RESET)
 <LI><a href="#[19]">UART0_IRQHandler</a> from uart0.o(.text) referenced from startup_hr8p506.o(RESET)
 <LI><a href="#[1a]">UART1_IRQHandler</a> from uart1.o(.text) referenced from startup_hr8p506.o(RESET)
 <LI><a href="#[13]">WDT_IRQHandler</a> from startup_hr8p506.o(.text) referenced from startup_hr8p506.o(RESET)
 <LI><a href="#[23]">__main</a> from entry.o(.ARM.Collect$$$$00000000) referenced from startup_hr8p506.o(.text)
 <LI><a href="#[20]">main</a> from main.o(.text) referenced from entry8.o(.ARM.Collect$$$$00000009)
</UL>
<P>
<H3>
Global Symbols
</H3>
<P><STRONG><a name="[23]"></a>__main</STRONG> (Thumb, 0 bytes, Stack size unknown bytes, entry.o(.ARM.Collect$$$$00000000))
<BR>[Address Reference Count : 1]<UL><LI> startup_hr8p506.o(.text)
</UL>
<P><STRONG><a name="[140]"></a>_main_stk</STRONG> (Thumb, 0 bytes, Stack size unknown bytes, entry2.o(.ARM.Collect$$$$00000001))

<P><STRONG><a name="[24]"></a>_main_scatterload</STRONG> (Thumb, 0 bytes, Stack size unknown bytes, entry5.o(.ARM.Collect$$$$00000004))
<BR><BR>[Calls]<UL><LI><a href="#[25]">&gt;&gt;</a>&nbsp;&nbsp;&nbsp;__scatterload
</UL>

<P><STRONG><a name="[13f]"></a>__main_after_scatterload</STRONG> (Thumb, 0 bytes, Stack size unknown bytes, entry5.o(.ARM.Collect$$$$00000004))
<BR><BR>[Called By]<UL><LI><a href="#[25]">&gt;&gt;</a>&nbsp;&nbsp;&nbsp;__scatterload
</UL>

<P><STRONG><a name="[141]"></a>_main_clock</STRONG> (Thumb, 0 bytes, Stack size unknown bytes, entry7b.o(.ARM.Collect$$$$00000008))

<P><STRONG><a name="[142]"></a>_main_init</STRONG> (Thumb, 0 bytes, Stack size unknown bytes, entry8.o(.ARM.Collect$$$$00000009))

<P><STRONG><a name="[0]"></a>Reset_IRQHandler</STRONG> (Thumb, 12 bytes, Stack size 0 bytes, startup_hr8p506.o(.text))
<BR>[Address Reference Count : 1]<UL><LI> startup_hr8p506.o(RESET)
</UL>
<P><STRONG><a name="[16]"></a>ADC_IRQHandler</STRONG> (Thumb, 0 bytes, Stack size 0 bytes, startup_hr8p506.o(.text))
<BR><BR>[Calls]<UL><LI><a href="#[16]">&gt;&gt;</a>&nbsp;&nbsp;&nbsp;ADC_IRQHandler
</UL>
<BR>[Called By]<UL><LI><a href="#[16]">&gt;&gt;</a>&nbsp;&nbsp;&nbsp;ADC_IRQHandler
</UL>
<BR>[Address Reference Count : 1]<UL><LI> startup_hr8p506.o(RESET)
</UL>
<P><STRONG><a name="[1f]"></a>CCM_IRQHandler</STRONG> (Thumb, 0 bytes, Stack size 0 bytes, startup_hr8p506.o(.text))
<BR>[Address Reference Count : 1]<UL><LI> startup_hr8p506.o(RESET)
</UL>
<P><STRONG><a name="[1b]"></a>EUART0_IRQHandler</STRONG> (Thumb, 0 bytes, Stack size 0 bytes, startup_hr8p506.o(.text))
<BR>[Address Reference Count : 1]<UL><LI> startup_hr8p506.o(RESET)
</UL>
<P><STRONG><a name="[1e]"></a>I2C0_IRQHandler</STRONG> (Thumb, 0 bytes, Stack size 0 bytes, startup_hr8p506.o(.text))
<BR>[Address Reference Count : 1]<UL><LI> startup_hr8p506.o(RESET)
</UL>
<P><STRONG><a name="[17]"></a>LVD_IRQHandler</STRONG> (Thumb, 0 bytes, Stack size 0 bytes, startup_hr8p506.o(.text))
<BR>[Address Reference Count : 1]<UL><LI> startup_hr8p506.o(RESET)
</UL>
<P><STRONG><a name="[6]"></a>PINT0_IRQHandler</STRONG> (Thumb, 0 bytes, Stack size 0 bytes, startup_hr8p506.o(.text))
<BR>[Address Reference Count : 1]<UL><LI> startup_hr8p506.o(RESET)
</UL>
<P><STRONG><a name="[7]"></a>PINT1_IRQHandler</STRONG> (Thumb, 0 bytes, Stack size 0 bytes, startup_hr8p506.o(.text))
<BR>[Address Reference Count : 1]<UL><LI> startup_hr8p506.o(RESET)
</UL>
<P><STRONG><a name="[8]"></a>PINT2_IRQHandler</STRONG> (Thumb, 0 bytes, Stack size 0 bytes, startup_hr8p506.o(.text))
<BR>[Address Reference Count : 1]<UL><LI> startup_hr8p506.o(RESET)
</UL>
<P><STRONG><a name="[9]"></a>PINT3_IRQHandler</STRONG> (Thumb, 0 bytes, Stack size 0 bytes, startup_hr8p506.o(.text))
<BR>[Address Reference Count : 1]<UL><LI> startup_hr8p506.o(RESET)
</UL>
<P><STRONG><a name="[a]"></a>PINT4_IRQHandler</STRONG> (Thumb, 0 bytes, Stack size 0 bytes, startup_hr8p506.o(.text))
<BR>[Address Reference Count : 1]<UL><LI> startup_hr8p506.o(RESET)
</UL>
<P><STRONG><a name="[b]"></a>PINT5_IRQHandler</STRONG> (Thumb, 0 bytes, Stack size 0 bytes, startup_hr8p506.o(.text))
<BR>[Address Reference Count : 1]<UL><LI> startup_hr8p506.o(RESET)
</UL>
<P><STRONG><a name="[c]"></a>PINT6_IRQHandler</STRONG> (Thumb, 0 bytes, Stack size 0 bytes, startup_hr8p506.o(.text))
<BR>[Address Reference Count : 1]<UL><LI> startup_hr8p506.o(RESET)
</UL>
<P><STRONG><a name="[d]"></a>PINT7_IRQHandler</STRONG> (Thumb, 0 bytes, Stack size 0 bytes, startup_hr8p506.o(.text))
<BR>[Address Reference Count : 1]<UL><LI> startup_hr8p506.o(RESET)
</UL>
<P><STRONG><a name="[18]"></a>PLLLK_IRQHandler</STRONG> (Thumb, 0 bytes, Stack size 0 bytes, startup_hr8p506.o(.text))
<BR>[Address Reference Count : 1]<UL><LI> startup_hr8p506.o(RESET)
</UL>
<P><STRONG><a name="[14]"></a>RTC_IRQHandler</STRONG> (Thumb, 0 bytes, Stack size 0 bytes, startup_hr8p506.o(.text))
<BR>[Address Reference Count : 1]<UL><LI> startup_hr8p506.o(RESET)
</UL>
<P><STRONG><a name="[1c]"></a>SPI0_IRQHandler</STRONG> (Thumb, 0 bytes, Stack size 0 bytes, startup_hr8p506.o(.text))
<BR>[Address Reference Count : 1]<UL><LI> startup_hr8p506.o(RESET)
</UL>
<P><STRONG><a name="[1d]"></a>SPI1_IRQHandler</STRONG> (Thumb, 0 bytes, Stack size 0 bytes, startup_hr8p506.o(.text))
<BR>[Address Reference Count : 1]<UL><LI> startup_hr8p506.o(RESET)
</UL>
<P><STRONG><a name="[f]"></a>T16N1_IRQHandler</STRONG> (Thumb, 0 bytes, Stack size 0 bytes, startup_hr8p506.o(.text))
<BR>[Address Reference Count : 1]<UL><LI> startup_hr8p506.o(RESET)
</UL>
<P><STRONG><a name="[11]"></a>T16N3_IRQHandler</STRONG> (Thumb, 0 bytes, Stack size 0 bytes, startup_hr8p506.o(.text))
<BR>[Address Reference Count : 1]<UL><LI> startup_hr8p506.o(RESET)
</UL>
<P><STRONG><a name="[13]"></a>WDT_IRQHandler</STRONG> (Thumb, 0 bytes, Stack size 0 bytes, startup_hr8p506.o(.text))
<BR>[Address Reference Count : 1]<UL><LI> startup_hr8p506.o(RESET)
</UL>
<P><STRONG><a name="[21]"></a>RegInit</STRONG> (Thumb, 172 bytes, Stack size 0 bytes, startup_hr8p506.o(.text))
<BR>[Address Reference Count : 1]<UL><LI> startup_hr8p506.o(.text)
</UL>
<P><STRONG><a name="[22]"></a>SystemInit</STRONG> (Thumb, 2 bytes, Stack size 0 bytes, system_hr8p506.o(.text))
<BR>[Address Reference Count : 1]<UL><LI> startup_hr8p506.o(.text)
</UL>
<P><STRONG><a name="[143]"></a>IAP_PageErase</STRONG> (Thumb, 24 bytes, Stack size 16 bytes, hr8p506_iap_table.o(.text), UNUSED)

<P><STRONG><a name="[144]"></a>IAP_WordProgram</STRONG> (Thumb, 28 bytes, Stack size 24 bytes, hr8p506_iap_table.o(.text), UNUSED)

<P><STRONG><a name="[a9]"></a>IAP_PageProgram</STRONG> (Thumb, 38 bytes, Stack size 40 bytes, hr8p506_iap_table.o(.text))
<BR><BR>[Stack]<UL><LI>Max Depth = 40<LI>Call Chain = IAP_PageProgram
</UL>
<BR>[Called By]<UL><LI><a href="#[aa]">&gt;&gt;</a>&nbsp;&nbsp;&nbsp;iap_write
<LI><a href="#[a7]">&gt;&gt;</a>&nbsp;&nbsp;&nbsp;iap_init
</UL>

<P><STRONG><a name="[a8]"></a>IAPRead</STRONG> (Thumb, 42 bytes, Stack size 16 bytes, hr8p506_iap_table.o(.text))
<BR><BR>[Stack]<UL><LI>Max Depth = 16<LI>Call Chain = IAPRead
</UL>
<BR>[Called By]<UL><LI><a href="#[aa]">&gt;&gt;</a>&nbsp;&nbsp;&nbsp;iap_write
<LI><a href="#[a7]">&gt;&gt;</a>&nbsp;&nbsp;&nbsp;iap_init
</UL>

<P><STRONG><a name="[27]"></a>ADC_Reset</STRONG> (Thumb, 38 bytes, Stack size 0 bytes, lib_adc.o(.text))
<BR><BR>[Called By]<UL><LI><a href="#[26]">&gt;&gt;</a>&nbsp;&nbsp;&nbsp;ADC_Init
</UL>

<P><STRONG><a name="[26]"></a>ADC_Init</STRONG> (Thumb, 252 bytes, Stack size 4 bytes, lib_adc.o(.text))
<BR><BR>[Stack]<UL><LI>Max Depth = 4<LI>Call Chain = ADC_Init
</UL>
<BR>[Calls]<UL><LI><a href="#[27]">&gt;&gt;</a>&nbsp;&nbsp;&nbsp;ADC_Reset
</UL>
<BR>[Called By]<UL><LI><a href="#[53]">&gt;&gt;</a>&nbsp;&nbsp;&nbsp;ADCInitLight
<LI><a href="#[50]">&gt;&gt;</a>&nbsp;&nbsp;&nbsp;ADCInitKey
</UL>

<P><STRONG><a name="[145]"></a>ADC_ACPConfig</STRONG> (Thumb, 226 bytes, Stack size 0 bytes, lib_adc.o(.text), UNUSED)

<P><STRONG><a name="[146]"></a>ADC_Start</STRONG> (Thumb, 24 bytes, Stack size 0 bytes, lib_adc.o(.text), UNUSED)

<P><STRONG><a name="[51]"></a>ADC_SoftStart</STRONG> (Thumb, 26 bytes, Stack size 0 bytes, lib_adc.o(.text))
<BR><BR>[Called By]<UL><LI><a href="#[57]">&gt;&gt;</a>&nbsp;&nbsp;&nbsp;adLight
<LI><a href="#[54]">&gt;&gt;</a>&nbsp;&nbsp;&nbsp;adKey
<LI><a href="#[53]">&gt;&gt;</a>&nbsp;&nbsp;&nbsp;ADCInitLight
<LI><a href="#[50]">&gt;&gt;</a>&nbsp;&nbsp;&nbsp;ADCInitKey
</UL>

<P><STRONG><a name="[52]"></a>ADC_SoftStop</STRONG> (Thumb, 26 bytes, Stack size 0 bytes, lib_adc.o(.text))
<BR><BR>[Called By]<UL><LI><a href="#[57]">&gt;&gt;</a>&nbsp;&nbsp;&nbsp;adLight
<LI><a href="#[54]">&gt;&gt;</a>&nbsp;&nbsp;&nbsp;adKey
<LI><a href="#[53]">&gt;&gt;</a>&nbsp;&nbsp;&nbsp;ADCInitLight
<LI><a href="#[50]">&gt;&gt;</a>&nbsp;&nbsp;&nbsp;ADCInitKey
</UL>

<P><STRONG><a name="[5c]"></a>ADC_GetConvValue</STRONG> (Thumb, 10 bytes, Stack size 0 bytes, lib_adc.o(.text))
<BR><BR>[Called By]<UL><LI><a href="#[59]">&gt;&gt;</a>&nbsp;&nbsp;&nbsp;adSample
</UL>

<P><STRONG><a name="[147]"></a>ADC_GetConvStatus</STRONG> (Thumb, 16 bytes, Stack size 0 bytes, lib_adc.o(.text), UNUSED)

<P><STRONG><a name="[148]"></a>ADC_GetACPMeanValue</STRONG> (Thumb, 10 bytes, Stack size 0 bytes, lib_adc.o(.text), UNUSED)

<P><STRONG><a name="[5b]"></a>ADC_GetIFStatus</STRONG> (Thumb, 18 bytes, Stack size 0 bytes, lib_adc.o(.text))
<BR><BR>[Called By]<UL><LI><a href="#[59]">&gt;&gt;</a>&nbsp;&nbsp;&nbsp;adSample
</UL>

<P><STRONG><a name="[149]"></a>ADC_GetIEStatus</STRONG> (Thumb, 18 bytes, Stack size 0 bytes, lib_adc.o(.text), UNUSED)

<P><STRONG><a name="[5d]"></a>ADC_ClearIFStatus</STRONG> (Thumb, 10 bytes, Stack size 0 bytes, lib_adc.o(.text))
<BR><BR>[Called By]<UL><LI><a href="#[59]">&gt;&gt;</a>&nbsp;&nbsp;&nbsp;adSample
</UL>

<P><STRONG><a name="[28]"></a>GPIO_SetFuncxRegFromPin</STRONG> (Thumb, 1394 bytes, Stack size 12 bytes, lib_gpio.o(.text))
<BR><BR>[Stack]<UL><LI>Max Depth = 20<LI>Call Chain = GPIO_SetFuncxRegFromPin &rArr; __ARM_common_switch8
</UL>
<BR>[Calls]<UL><LI><a href="#[29]">&gt;&gt;</a>&nbsp;&nbsp;&nbsp;__ARM_common_switch8
</UL>
<BR>[Called By]<UL><LI><a href="#[31]">&gt;&gt;</a>&nbsp;&nbsp;&nbsp;GPIO_Init
</UL>

<P><STRONG><a name="[2a]"></a>GPIO_GetNormalBitOffsetFromPin</STRONG> (Thumb, 250 bytes, Stack size 4 bytes, lib_gpio.o(.text))
<BR><BR>[Stack]<UL><LI>Max Depth = 12<LI>Call Chain = GPIO_GetNormalBitOffsetFromPin &rArr; __ARM_common_switch8
</UL>
<BR>[Calls]<UL><LI><a href="#[29]">&gt;&gt;</a>&nbsp;&nbsp;&nbsp;__ARM_common_switch8
</UL>
<BR>[Called By]<UL><LI><a href="#[36]">&gt;&gt;</a>&nbsp;&nbsp;&nbsp;GPIO_ToggleBit
<LI><a href="#[35]">&gt;&gt;</a>&nbsp;&nbsp;&nbsp;GPIO_ResetBit
<LI><a href="#[34]">&gt;&gt;</a>&nbsp;&nbsp;&nbsp;GPIO_SetBit
<LI><a href="#[33]">&gt;&gt;</a>&nbsp;&nbsp;&nbsp;GPIO_WriteBit
<LI><a href="#[32]">&gt;&gt;</a>&nbsp;&nbsp;&nbsp;GPIO_ReadBit
<LI><a href="#[30]">&gt;&gt;</a>&nbsp;&nbsp;&nbsp;GPIO_SetSingalTypeFromPin
<LI><a href="#[2f]">&gt;&gt;</a>&nbsp;&nbsp;&nbsp;GPIO_SetPDERegFromPin
<LI><a href="#[2e]">&gt;&gt;</a>&nbsp;&nbsp;&nbsp;GPIO_SetPUERegFromPin
<LI><a href="#[2d]">&gt;&gt;</a>&nbsp;&nbsp;&nbsp;GPIO_SetDSRegFromPin
<LI><a href="#[2c]">&gt;&gt;</a>&nbsp;&nbsp;&nbsp;GPIO_SetODERegFromPin
<LI><a href="#[2b]">&gt;&gt;</a>&nbsp;&nbsp;&nbsp;GPIO_SetDirRegFromPin
</UL>

<P><STRONG><a name="[2b]"></a>GPIO_SetDirRegFromPin</STRONG> (Thumb, 70 bytes, Stack size 12 bytes, lib_gpio.o(.text))
<BR><BR>[Stack]<UL><LI>Max Depth = 24<LI>Call Chain = GPIO_SetDirRegFromPin &rArr; GPIO_GetNormalBitOffsetFromPin &rArr; __ARM_common_switch8
</UL>
<BR>[Calls]<UL><LI><a href="#[2a]">&gt;&gt;</a>&nbsp;&nbsp;&nbsp;GPIO_GetNormalBitOffsetFromPin
</UL>
<BR>[Called By]<UL><LI><a href="#[31]">&gt;&gt;</a>&nbsp;&nbsp;&nbsp;GPIO_Init
</UL>

<P><STRONG><a name="[2c]"></a>GPIO_SetODERegFromPin</STRONG> (Thumb, 98 bytes, Stack size 12 bytes, lib_gpio.o(.text))
<BR><BR>[Stack]<UL><LI>Max Depth = 24<LI>Call Chain = GPIO_SetODERegFromPin &rArr; GPIO_GetNormalBitOffsetFromPin &rArr; __ARM_common_switch8
</UL>
<BR>[Calls]<UL><LI><a href="#[2a]">&gt;&gt;</a>&nbsp;&nbsp;&nbsp;GPIO_GetNormalBitOffsetFromPin
</UL>
<BR>[Called By]<UL><LI><a href="#[31]">&gt;&gt;</a>&nbsp;&nbsp;&nbsp;GPIO_Init
</UL>

<P><STRONG><a name="[2d]"></a>GPIO_SetDSRegFromPin</STRONG> (Thumb, 106 bytes, Stack size 12 bytes, lib_gpio.o(.text))
<BR><BR>[Stack]<UL><LI>Max Depth = 24<LI>Call Chain = GPIO_SetDSRegFromPin &rArr; GPIO_GetNormalBitOffsetFromPin &rArr; __ARM_common_switch8
</UL>
<BR>[Calls]<UL><LI><a href="#[2a]">&gt;&gt;</a>&nbsp;&nbsp;&nbsp;GPIO_GetNormalBitOffsetFromPin
</UL>
<BR>[Called By]<UL><LI><a href="#[31]">&gt;&gt;</a>&nbsp;&nbsp;&nbsp;GPIO_Init
</UL>

<P><STRONG><a name="[2e]"></a>GPIO_SetPUERegFromPin</STRONG> (Thumb, 98 bytes, Stack size 12 bytes, lib_gpio.o(.text))
<BR><BR>[Stack]<UL><LI>Max Depth = 24<LI>Call Chain = GPIO_SetPUERegFromPin &rArr; GPIO_GetNormalBitOffsetFromPin &rArr; __ARM_common_switch8
</UL>
<BR>[Calls]<UL><LI><a href="#[2a]">&gt;&gt;</a>&nbsp;&nbsp;&nbsp;GPIO_GetNormalBitOffsetFromPin
</UL>
<BR>[Called By]<UL><LI><a href="#[31]">&gt;&gt;</a>&nbsp;&nbsp;&nbsp;GPIO_Init
</UL>

<P><STRONG><a name="[2f]"></a>GPIO_SetPDERegFromPin</STRONG> (Thumb, 108 bytes, Stack size 12 bytes, lib_gpio.o(.text))
<BR><BR>[Stack]<UL><LI>Max Depth = 24<LI>Call Chain = GPIO_SetPDERegFromPin &rArr; GPIO_GetNormalBitOffsetFromPin &rArr; __ARM_common_switch8
</UL>
<BR>[Calls]<UL><LI><a href="#[2a]">&gt;&gt;</a>&nbsp;&nbsp;&nbsp;GPIO_GetNormalBitOffsetFromPin
</UL>
<BR>[Called By]<UL><LI><a href="#[31]">&gt;&gt;</a>&nbsp;&nbsp;&nbsp;GPIO_Init
</UL>

<P><STRONG><a name="[30]"></a>GPIO_SetSingalTypeFromPin</STRONG> (Thumb, 106 bytes, Stack size 12 bytes, lib_gpio.o(.text))
<BR><BR>[Stack]<UL><LI>Max Depth = 24<LI>Call Chain = GPIO_SetSingalTypeFromPin &rArr; GPIO_GetNormalBitOffsetFromPin &rArr; __ARM_common_switch8
</UL>
<BR>[Calls]<UL><LI><a href="#[2a]">&gt;&gt;</a>&nbsp;&nbsp;&nbsp;GPIO_GetNormalBitOffsetFromPin
</UL>
<BR>[Called By]<UL><LI><a href="#[31]">&gt;&gt;</a>&nbsp;&nbsp;&nbsp;GPIO_Init
</UL>

<P><STRONG><a name="[31]"></a>GPIO_Init</STRONG> (Thumb, 102 bytes, Stack size 12 bytes, lib_gpio.o(.text))
<BR><BR>[Stack]<UL><LI>Max Depth = 36<LI>Call Chain = GPIO_Init &rArr; GPIO_SetSingalTypeFromPin &rArr; GPIO_GetNormalBitOffsetFromPin &rArr; __ARM_common_switch8
</UL>
<BR>[Calls]<UL><LI><a href="#[30]">&gt;&gt;</a>&nbsp;&nbsp;&nbsp;GPIO_SetSingalTypeFromPin
<LI><a href="#[2f]">&gt;&gt;</a>&nbsp;&nbsp;&nbsp;GPIO_SetPDERegFromPin
<LI><a href="#[2e]">&gt;&gt;</a>&nbsp;&nbsp;&nbsp;GPIO_SetPUERegFromPin
<LI><a href="#[2d]">&gt;&gt;</a>&nbsp;&nbsp;&nbsp;GPIO_SetDSRegFromPin
<LI><a href="#[2c]">&gt;&gt;</a>&nbsp;&nbsp;&nbsp;GPIO_SetODERegFromPin
<LI><a href="#[2b]">&gt;&gt;</a>&nbsp;&nbsp;&nbsp;GPIO_SetDirRegFromPin
<LI><a href="#[28]">&gt;&gt;</a>&nbsp;&nbsp;&nbsp;GPIO_SetFuncxRegFromPin
</UL>
<BR>[Called By]<UL><LI><a href="#[53]">&gt;&gt;</a>&nbsp;&nbsp;&nbsp;ADCInitLight
<LI><a href="#[50]">&gt;&gt;</a>&nbsp;&nbsp;&nbsp;ADCInitKey
<LI><a href="#[c9]">&gt;&gt;</a>&nbsp;&nbsp;&nbsp;UART1Init
<LI><a href="#[ca]">&gt;&gt;</a>&nbsp;&nbsp;&nbsp;UART0Init
<LI><a href="#[cb]">&gt;&gt;</a>&nbsp;&nbsp;&nbsp;McuIoInit
<LI><a href="#[85]">&gt;&gt;</a>&nbsp;&nbsp;&nbsp;Fan_Pwm_Off
<LI><a href="#[76]">&gt;&gt;</a>&nbsp;&nbsp;&nbsp;T32NxInit
<LI><a href="#[61]">&gt;&gt;</a>&nbsp;&nbsp;&nbsp;Buzzer_Init_DY
</UL>

<P><STRONG><a name="[32]"></a>GPIO_ReadBit</STRONG> (Thumb, 44 bytes, Stack size 12 bytes, lib_gpio.o(.text))
<BR><BR>[Stack]<UL><LI>Max Depth = 24<LI>Call Chain = GPIO_ReadBit &rArr; GPIO_GetNormalBitOffsetFromPin &rArr; __ARM_common_switch8
</UL>
<BR>[Calls]<UL><LI><a href="#[2a]">&gt;&gt;</a>&nbsp;&nbsp;&nbsp;GPIO_GetNormalBitOffsetFromPin
</UL>
<BR>[Called By]<UL><LI><a href="#[101]">&gt;&gt;</a>&nbsp;&nbsp;&nbsp;HW_IORead_Test
<LI><a href="#[fa]">&gt;&gt;</a>&nbsp;&nbsp;&nbsp;HW_IORead_Smell
</UL>

<P><STRONG><a name="[33]"></a>GPIO_WriteBit</STRONG> (Thumb, 74 bytes, Stack size 12 bytes, lib_gpio.o(.text))
<BR><BR>[Stack]<UL><LI>Max Depth = 24<LI>Call Chain = GPIO_WriteBit &rArr; GPIO_GetNormalBitOffsetFromPin &rArr; __ARM_common_switch8
</UL>
<BR>[Calls]<UL><LI><a href="#[2a]">&gt;&gt;</a>&nbsp;&nbsp;&nbsp;GPIO_GetNormalBitOffsetFromPin
</UL>
<BR>[Called By]<UL><LI><a href="#[85]">&gt;&gt;</a>&nbsp;&nbsp;&nbsp;Fan_Pwm_Off
<LI><a href="#[70]">&gt;&gt;</a>&nbsp;&nbsp;&nbsp;buzz_power_off
<LI><a href="#[6f]">&gt;&gt;</a>&nbsp;&nbsp;&nbsp;buzz_pwm_4
<LI><a href="#[6e]">&gt;&gt;</a>&nbsp;&nbsp;&nbsp;buzz_pwm_3
<LI><a href="#[6d]">&gt;&gt;</a>&nbsp;&nbsp;&nbsp;buzz_pwm_2
<LI><a href="#[6a]">&gt;&gt;</a>&nbsp;&nbsp;&nbsp;buzz_pwm_1
<LI><a href="#[5e]">&gt;&gt;</a>&nbsp;&nbsp;&nbsp;buzz_off
</UL>

<P><STRONG><a name="[34]"></a>GPIO_SetBit</STRONG> (Thumb, 40 bytes, Stack size 8 bytes, lib_gpio.o(.text))
<BR><BR>[Stack]<UL><LI>Max Depth = 20<LI>Call Chain = GPIO_SetBit &rArr; GPIO_GetNormalBitOffsetFromPin &rArr; __ARM_common_switch8
</UL>
<BR>[Calls]<UL><LI><a href="#[2a]">&gt;&gt;</a>&nbsp;&nbsp;&nbsp;GPIO_GetNormalBitOffsetFromPin
</UL>
<BR>[Called By]<UL><LI><a href="#[ce]">&gt;&gt;</a>&nbsp;&nbsp;&nbsp;RGBProcess
<LI><a href="#[be]">&gt;&gt;</a>&nbsp;&nbsp;&nbsp;sensorPower
<LI><a href="#[bd]">&gt;&gt;</a>&nbsp;&nbsp;&nbsp;UVprocess
<LI><a href="#[bc]">&gt;&gt;</a>&nbsp;&nbsp;&nbsp;ionizerProcess
<LI><a href="#[99]">&gt;&gt;</a>&nbsp;&nbsp;&nbsp;display
<LI><a href="#[96]">&gt;&gt;</a>&nbsp;&nbsp;&nbsp;sleepLedDis
<LI><a href="#[95]">&gt;&gt;</a>&nbsp;&nbsp;&nbsp;testDis
<LI><a href="#[94]">&gt;&gt;</a>&nbsp;&nbsp;&nbsp;ledAllOn
<LI><a href="#[75]">&gt;&gt;</a>&nbsp;&nbsp;&nbsp;DCMotoPower
</UL>

<P><STRONG><a name="[35]"></a>GPIO_ResetBit</STRONG> (Thumb, 40 bytes, Stack size 8 bytes, lib_gpio.o(.text))
<BR><BR>[Stack]<UL><LI>Max Depth = 20<LI>Call Chain = GPIO_ResetBit &rArr; GPIO_GetNormalBitOffsetFromPin &rArr; __ARM_common_switch8
</UL>
<BR>[Calls]<UL><LI><a href="#[2a]">&gt;&gt;</a>&nbsp;&nbsp;&nbsp;GPIO_GetNormalBitOffsetFromPin
</UL>
<BR>[Called By]<UL><LI><a href="#[ce]">&gt;&gt;</a>&nbsp;&nbsp;&nbsp;RGBProcess
<LI><a href="#[be]">&gt;&gt;</a>&nbsp;&nbsp;&nbsp;sensorPower
<LI><a href="#[bd]">&gt;&gt;</a>&nbsp;&nbsp;&nbsp;UVprocess
<LI><a href="#[bc]">&gt;&gt;</a>&nbsp;&nbsp;&nbsp;ionizerProcess
<LI><a href="#[99]">&gt;&gt;</a>&nbsp;&nbsp;&nbsp;display
<LI><a href="#[96]">&gt;&gt;</a>&nbsp;&nbsp;&nbsp;sleepLedDis
<LI><a href="#[95]">&gt;&gt;</a>&nbsp;&nbsp;&nbsp;testDis
<LI><a href="#[93]">&gt;&gt;</a>&nbsp;&nbsp;&nbsp;ledOff
<LI><a href="#[75]">&gt;&gt;</a>&nbsp;&nbsp;&nbsp;DCMotoPower
</UL>

<P><STRONG><a name="[36]"></a>GPIO_ToggleBit</STRONG> (Thumb, 40 bytes, Stack size 8 bytes, lib_gpio.o(.text), UNUSED)
<BR><BR>[Calls]<UL><LI><a href="#[2a]">&gt;&gt;</a>&nbsp;&nbsp;&nbsp;GPIO_GetNormalBitOffsetFromPin
</UL>

<P><STRONG><a name="[37]"></a>PINT_GetPINTxIndexFromPin</STRONG> (Thumb, 174 bytes, Stack size 4 bytes, lib_gpio.o(.text), UNUSED)
<BR><BR>[Calls]<UL><LI><a href="#[29]">&gt;&gt;</a>&nbsp;&nbsp;&nbsp;__ARM_common_switch8
</UL>
<BR>[Called By]<UL><LI><a href="#[3d]">&gt;&gt;</a>&nbsp;&nbsp;&nbsp;PINT_GetITFlag
<LI><a href="#[3c]">&gt;&gt;</a>&nbsp;&nbsp;&nbsp;PINT_ClearITFlag
<LI><a href="#[3a]">&gt;&gt;</a>&nbsp;&nbsp;&nbsp;PINT_SetEnableOrNotFromPin
<LI><a href="#[38]">&gt;&gt;</a>&nbsp;&nbsp;&nbsp;PINT_SetTriggerStyleFromPin
</UL>

<P><STRONG><a name="[38]"></a>PINT_SetTriggerStyleFromPin</STRONG> (Thumb, 104 bytes, Stack size 16 bytes, lib_gpio.o(.text), UNUSED)
<BR><BR>[Calls]<UL><LI><a href="#[29]">&gt;&gt;</a>&nbsp;&nbsp;&nbsp;__ARM_common_switch8
<LI><a href="#[37]">&gt;&gt;</a>&nbsp;&nbsp;&nbsp;PINT_GetPINTxIndexFromPin
</UL>
<BR>[Called By]<UL><LI><a href="#[3b]">&gt;&gt;</a>&nbsp;&nbsp;&nbsp;PINT_Init
</UL>

<P><STRONG><a name="[39]"></a>PINT_GetSELxIndexFromPin</STRONG> (Thumb, 170 bytes, Stack size 4 bytes, lib_gpio.o(.text), UNUSED)
<BR><BR>[Calls]<UL><LI><a href="#[29]">&gt;&gt;</a>&nbsp;&nbsp;&nbsp;__ARM_common_switch8
</UL>
<BR>[Called By]<UL><LI><a href="#[3a]">&gt;&gt;</a>&nbsp;&nbsp;&nbsp;PINT_SetEnableOrNotFromPin
</UL>

<P><STRONG><a name="[3a]"></a>PINT_SetEnableOrNotFromPin</STRONG> (Thumb, 148 bytes, Stack size 20 bytes, lib_gpio.o(.text), UNUSED)
<BR><BR>[Calls]<UL><LI><a href="#[39]">&gt;&gt;</a>&nbsp;&nbsp;&nbsp;PINT_GetSELxIndexFromPin
<LI><a href="#[37]">&gt;&gt;</a>&nbsp;&nbsp;&nbsp;PINT_GetPINTxIndexFromPin
</UL>
<BR>[Called By]<UL><LI><a href="#[3b]">&gt;&gt;</a>&nbsp;&nbsp;&nbsp;PINT_Init
</UL>

<P><STRONG><a name="[3b]"></a>PINT_Init</STRONG> (Thumb, 24 bytes, Stack size 12 bytes, lib_gpio.o(.text), UNUSED)
<BR><BR>[Calls]<UL><LI><a href="#[3a]">&gt;&gt;</a>&nbsp;&nbsp;&nbsp;PINT_SetEnableOrNotFromPin
<LI><a href="#[38]">&gt;&gt;</a>&nbsp;&nbsp;&nbsp;PINT_SetTriggerStyleFromPin
</UL>

<P><STRONG><a name="[3c]"></a>PINT_ClearITFlag</STRONG> (Thumb, 28 bytes, Stack size 12 bytes, lib_gpio.o(.text), UNUSED)
<BR><BR>[Calls]<UL><LI><a href="#[37]">&gt;&gt;</a>&nbsp;&nbsp;&nbsp;PINT_GetPINTxIndexFromPin
</UL>

<P><STRONG><a name="[3d]"></a>PINT_GetITFlag</STRONG> (Thumb, 30 bytes, Stack size 12 bytes, lib_gpio.o(.text), UNUSED)
<BR><BR>[Calls]<UL><LI><a href="#[37]">&gt;&gt;</a>&nbsp;&nbsp;&nbsp;PINT_GetPINTxIndexFromPin
</UL>

<P><STRONG><a name="[3e]"></a>KINT_GetKINTxIndexFromPin</STRONG> (Thumb, 174 bytes, Stack size 4 bytes, lib_gpio.o(.text))
<BR><BR>[Stack]<UL><LI>Max Depth = 12<LI>Call Chain = KINT_GetKINTxIndexFromPin &rArr; __ARM_common_switch8
</UL>
<BR>[Calls]<UL><LI><a href="#[29]">&gt;&gt;</a>&nbsp;&nbsp;&nbsp;__ARM_common_switch8
</UL>
<BR>[Called By]<UL><LI><a href="#[44]">&gt;&gt;</a>&nbsp;&nbsp;&nbsp;KINT_GetITFlag
<LI><a href="#[43]">&gt;&gt;</a>&nbsp;&nbsp;&nbsp;KINT_ClearITFlag
<LI><a href="#[41]">&gt;&gt;</a>&nbsp;&nbsp;&nbsp;KINT_SetEnableOrNotFromPin
<LI><a href="#[3f]">&gt;&gt;</a>&nbsp;&nbsp;&nbsp;KINT_SetTriggerStyleFromPin
</UL>

<P><STRONG><a name="[3f]"></a>KINT_SetTriggerStyleFromPin</STRONG> (Thumb, 104 bytes, Stack size 16 bytes, lib_gpio.o(.text))
<BR><BR>[Stack]<UL><LI>Max Depth = 28<LI>Call Chain = KINT_SetTriggerStyleFromPin &rArr; KINT_GetKINTxIndexFromPin &rArr; __ARM_common_switch8
</UL>
<BR>[Calls]<UL><LI><a href="#[29]">&gt;&gt;</a>&nbsp;&nbsp;&nbsp;__ARM_common_switch8
<LI><a href="#[3e]">&gt;&gt;</a>&nbsp;&nbsp;&nbsp;KINT_GetKINTxIndexFromPin
</UL>
<BR>[Called By]<UL><LI><a href="#[42]">&gt;&gt;</a>&nbsp;&nbsp;&nbsp;KINT_Init
</UL>

<P><STRONG><a name="[40]"></a>KINT_GetSelxIndexFromPin</STRONG> (Thumb, 170 bytes, Stack size 4 bytes, lib_gpio.o(.text))
<BR><BR>[Stack]<UL><LI>Max Depth = 12<LI>Call Chain = KINT_GetSelxIndexFromPin &rArr; __ARM_common_switch8
</UL>
<BR>[Calls]<UL><LI><a href="#[29]">&gt;&gt;</a>&nbsp;&nbsp;&nbsp;__ARM_common_switch8
</UL>
<BR>[Called By]<UL><LI><a href="#[41]">&gt;&gt;</a>&nbsp;&nbsp;&nbsp;KINT_SetEnableOrNotFromPin
</UL>

<P><STRONG><a name="[41]"></a>KINT_SetEnableOrNotFromPin</STRONG> (Thumb, 132 bytes, Stack size 20 bytes, lib_gpio.o(.text))
<BR><BR>[Stack]<UL><LI>Max Depth = 32<LI>Call Chain = KINT_SetEnableOrNotFromPin &rArr; KINT_GetSelxIndexFromPin &rArr; __ARM_common_switch8
</UL>
<BR>[Calls]<UL><LI><a href="#[40]">&gt;&gt;</a>&nbsp;&nbsp;&nbsp;KINT_GetSelxIndexFromPin
<LI><a href="#[3e]">&gt;&gt;</a>&nbsp;&nbsp;&nbsp;KINT_GetKINTxIndexFromPin
</UL>
<BR>[Called By]<UL><LI><a href="#[42]">&gt;&gt;</a>&nbsp;&nbsp;&nbsp;KINT_Init
</UL>

<P><STRONG><a name="[42]"></a>KINT_Init</STRONG> (Thumb, 24 bytes, Stack size 12 bytes, lib_gpio.o(.text))
<BR><BR>[Stack]<UL><LI>Max Depth = 44<LI>Call Chain = KINT_Init &rArr; KINT_SetEnableOrNotFromPin &rArr; KINT_GetSelxIndexFromPin &rArr; __ARM_common_switch8
</UL>
<BR>[Calls]<UL><LI><a href="#[41]">&gt;&gt;</a>&nbsp;&nbsp;&nbsp;KINT_SetEnableOrNotFromPin
<LI><a href="#[3f]">&gt;&gt;</a>&nbsp;&nbsp;&nbsp;KINT_SetTriggerStyleFromPin
</UL>
<BR>[Called By]<UL><LI><a href="#[cb]">&gt;&gt;</a>&nbsp;&nbsp;&nbsp;McuIoInit
</UL>

<P><STRONG><a name="[43]"></a>KINT_ClearITFlag</STRONG> (Thumb, 24 bytes, Stack size 12 bytes, lib_gpio.o(.text))
<BR><BR>[Stack]<UL><LI>Max Depth = 24<LI>Call Chain = KINT_ClearITFlag &rArr; KINT_GetKINTxIndexFromPin &rArr; __ARM_common_switch8
</UL>
<BR>[Calls]<UL><LI><a href="#[3e]">&gt;&gt;</a>&nbsp;&nbsp;&nbsp;KINT_GetKINTxIndexFromPin
</UL>
<BR>[Called By]<UL><LI><a href="#[15]">&gt;&gt;</a>&nbsp;&nbsp;&nbsp;KINT_IRQHandler
</UL>

<P><STRONG><a name="[44]"></a>KINT_GetITFlag</STRONG> (Thumb, 30 bytes, Stack size 12 bytes, lib_gpio.o(.text))
<BR><BR>[Stack]<UL><LI>Max Depth = 24<LI>Call Chain = KINT_GetITFlag &rArr; KINT_GetKINTxIndexFromPin &rArr; __ARM_common_switch8
</UL>
<BR>[Calls]<UL><LI><a href="#[3e]">&gt;&gt;</a>&nbsp;&nbsp;&nbsp;KINT_GetKINTxIndexFromPin
</UL>
<BR>[Called By]<UL><LI><a href="#[15]">&gt;&gt;</a>&nbsp;&nbsp;&nbsp;KINT_IRQHandler
</UL>

<P><STRONG><a name="[14a]"></a>GPIO_TX0Config</STRONG> (Thumb, 82 bytes, Stack size 12 bytes, lib_gpio.o(.text), UNUSED)

<P><STRONG><a name="[14b]"></a>GPIO_TX1Config</STRONG> (Thumb, 88 bytes, Stack size 16 bytes, lib_gpio.o(.text), UNUSED)

<P><STRONG><a name="[81]"></a>NVIC_Init</STRONG> (Thumb, 94 bytes, Stack size 12 bytes, lib_scs.o(.text))
<BR><BR>[Stack]<UL><LI>Max Depth = 12<LI>Call Chain = NVIC_Init
</UL>
<BR>[Called By]<UL><LI><a href="#[c9]">&gt;&gt;</a>&nbsp;&nbsp;&nbsp;UART1Init
<LI><a href="#[ca]">&gt;&gt;</a>&nbsp;&nbsp;&nbsp;UART0Init
<LI><a href="#[d3]">&gt;&gt;</a>&nbsp;&nbsp;&nbsp;WdtInit
<LI><a href="#[c7]">&gt;&gt;</a>&nbsp;&nbsp;&nbsp;T16N2Init
<LI><a href="#[c5]">&gt;&gt;</a>&nbsp;&nbsp;&nbsp;T16N0Init
<LI><a href="#[76]">&gt;&gt;</a>&nbsp;&nbsp;&nbsp;T32NxInit
</UL>

<P><STRONG><a name="[14c]"></a>SCB_SystemLPConfig</STRONG> (Thumb, 28 bytes, Stack size 0 bytes, lib_scs.o(.text), UNUSED)

<P><STRONG><a name="[14d]"></a>SCB_GetCpuID</STRONG> (Thumb, 6 bytes, Stack size 0 bytes, lib_scs.o(.text), UNUSED)

<P><STRONG><a name="[14e]"></a>SysTick_Init</STRONG> (Thumb, 60 bytes, Stack size 0 bytes, lib_scs.o(.text), UNUSED)

<P><STRONG><a name="[62]"></a>T16Nx_BaseInit</STRONG> (Thumb, 92 bytes, Stack size 8 bytes, lib_timer.o(.text))
<BR><BR>[Stack]<UL><LI>Max Depth = 8<LI>Call Chain = T16Nx_BaseInit
</UL>
<BR>[Called By]<UL><LI><a href="#[c7]">&gt;&gt;</a>&nbsp;&nbsp;&nbsp;T16N2Init
<LI><a href="#[c5]">&gt;&gt;</a>&nbsp;&nbsp;&nbsp;T16N0Init
<LI><a href="#[61]">&gt;&gt;</a>&nbsp;&nbsp;&nbsp;Buzzer_Init_DY
</UL>

<P><STRONG><a name="[14f]"></a>T16Nx_CapInit</STRONG> (Thumb, 132 bytes, Stack size 8 bytes, lib_timer.o(.text), UNUSED)

<P><STRONG><a name="[63]"></a>T16Nx_PMWOutInit</STRONG> (Thumb, 110 bytes, Stack size 8 bytes, lib_timer.o(.text))
<BR><BR>[Stack]<UL><LI>Max Depth = 8<LI>Call Chain = T16Nx_PMWOutInit
</UL>
<BR>[Called By]<UL><LI><a href="#[61]">&gt;&gt;</a>&nbsp;&nbsp;&nbsp;Buzzer_Init_DY
</UL>

<P><STRONG><a name="[150]"></a>T16Nx_PWMPDZ_Config</STRONG> (Thumb, 16 bytes, Stack size 0 bytes, lib_timer.o(.text), UNUSED)

<P><STRONG><a name="[64]"></a>T16Nx_MAT0ITConfig</STRONG> (Thumb, 24 bytes, Stack size 8 bytes, lib_timer.o(.text))
<BR><BR>[Stack]<UL><LI>Max Depth = 8<LI>Call Chain = T16Nx_MAT0ITConfig
</UL>
<BR>[Called By]<UL><LI><a href="#[c7]">&gt;&gt;</a>&nbsp;&nbsp;&nbsp;T16N2Init
<LI><a href="#[c5]">&gt;&gt;</a>&nbsp;&nbsp;&nbsp;T16N0Init
<LI><a href="#[61]">&gt;&gt;</a>&nbsp;&nbsp;&nbsp;Buzzer_Init_DY
</UL>

<P><STRONG><a name="[66]"></a>T16Nx_MAT1ITConfig</STRONG> (Thumb, 24 bytes, Stack size 8 bytes, lib_timer.o(.text))
<BR><BR>[Stack]<UL><LI>Max Depth = 8<LI>Call Chain = T16Nx_MAT1ITConfig
</UL>
<BR>[Called By]<UL><LI><a href="#[61]">&gt;&gt;</a>&nbsp;&nbsp;&nbsp;Buzzer_Init_DY
</UL>

<P><STRONG><a name="[151]"></a>T16Nx_MAT2ITConfig</STRONG> (Thumb, 24 bytes, Stack size 8 bytes, lib_timer.o(.text), UNUSED)

<P><STRONG><a name="[152]"></a>T16Nx_MAT3ITConfig</STRONG> (Thumb, 24 bytes, Stack size 8 bytes, lib_timer.o(.text), UNUSED)

<P><STRONG><a name="[65]"></a>T16Nx_MAT0Out0Config</STRONG> (Thumb, 24 bytes, Stack size 8 bytes, lib_timer.o(.text))
<BR><BR>[Stack]<UL><LI>Max Depth = 8<LI>Call Chain = T16Nx_MAT0Out0Config
</UL>
<BR>[Called By]<UL><LI><a href="#[61]">&gt;&gt;</a>&nbsp;&nbsp;&nbsp;Buzzer_Init_DY
</UL>

<P><STRONG><a name="[67]"></a>T16Nx_MAT1Out0Config</STRONG> (Thumb, 24 bytes, Stack size 8 bytes, lib_timer.o(.text))
<BR><BR>[Stack]<UL><LI>Max Depth = 8<LI>Call Chain = T16Nx_MAT1Out0Config
</UL>
<BR>[Called By]<UL><LI><a href="#[61]">&gt;&gt;</a>&nbsp;&nbsp;&nbsp;Buzzer_Init_DY
</UL>

<P><STRONG><a name="[153]"></a>T16Nx_MAT2Out1Config</STRONG> (Thumb, 24 bytes, Stack size 8 bytes, lib_timer.o(.text), UNUSED)

<P><STRONG><a name="[154]"></a>T16Nx_MAT3Out1Config</STRONG> (Thumb, 24 bytes, Stack size 8 bytes, lib_timer.o(.text), UNUSED)

<P><STRONG><a name="[c6]"></a>T16Nx_ITConfig</STRONG> (Thumb, 20 bytes, Stack size 0 bytes, lib_timer.o(.text))
<BR><BR>[Called By]<UL><LI><a href="#[c7]">&gt;&gt;</a>&nbsp;&nbsp;&nbsp;T16N2Init
<LI><a href="#[c5]">&gt;&gt;</a>&nbsp;&nbsp;&nbsp;T16N0Init
</UL>

<P><STRONG><a name="[68]"></a>T16Nx_SetCNT0</STRONG> (Thumb, 30 bytes, Stack size 0 bytes, lib_timer.o(.text))
<BR><BR>[Called By]<UL><LI><a href="#[c7]">&gt;&gt;</a>&nbsp;&nbsp;&nbsp;T16N2Init
<LI><a href="#[c5]">&gt;&gt;</a>&nbsp;&nbsp;&nbsp;T16N0Init
<LI><a href="#[61]">&gt;&gt;</a>&nbsp;&nbsp;&nbsp;Buzzer_Init_DY
</UL>

<P><STRONG><a name="[155]"></a>T16Nx_SetCNT1</STRONG> (Thumb, 30 bytes, Stack size 0 bytes, lib_timer.o(.text), UNUSED)

<P><STRONG><a name="[156]"></a>T16Nx_SetPREMAT</STRONG> (Thumb, 16 bytes, Stack size 0 bytes, lib_timer.o(.text), UNUSED)

<P><STRONG><a name="[157]"></a>T16Nx_SetPRECNT</STRONG> (Thumb, 30 bytes, Stack size 0 bytes, lib_timer.o(.text), UNUSED)

<P><STRONG><a name="[6b]"></a>T16Nx_SetMAT0</STRONG> (Thumb, 12 bytes, Stack size 0 bytes, lib_timer.o(.text))
<BR><BR>[Called By]<UL><LI><a href="#[c7]">&gt;&gt;</a>&nbsp;&nbsp;&nbsp;T16N2Init
<LI><a href="#[c5]">&gt;&gt;</a>&nbsp;&nbsp;&nbsp;T16N0Init
<LI><a href="#[6f]">&gt;&gt;</a>&nbsp;&nbsp;&nbsp;buzz_pwm_4
<LI><a href="#[6e]">&gt;&gt;</a>&nbsp;&nbsp;&nbsp;buzz_pwm_3
<LI><a href="#[6d]">&gt;&gt;</a>&nbsp;&nbsp;&nbsp;buzz_pwm_2
<LI><a href="#[6a]">&gt;&gt;</a>&nbsp;&nbsp;&nbsp;buzz_pwm_1
</UL>

<P><STRONG><a name="[6c]"></a>T16Nx_SetMAT1</STRONG> (Thumb, 12 bytes, Stack size 0 bytes, lib_timer.o(.text))
<BR><BR>[Called By]<UL><LI><a href="#[6f]">&gt;&gt;</a>&nbsp;&nbsp;&nbsp;buzz_pwm_4
<LI><a href="#[6e]">&gt;&gt;</a>&nbsp;&nbsp;&nbsp;buzz_pwm_3
<LI><a href="#[6d]">&gt;&gt;</a>&nbsp;&nbsp;&nbsp;buzz_pwm_2
<LI><a href="#[6a]">&gt;&gt;</a>&nbsp;&nbsp;&nbsp;buzz_pwm_1
</UL>

<P><STRONG><a name="[158]"></a>T16Nx_SetMAT2</STRONG> (Thumb, 12 bytes, Stack size 0 bytes, lib_timer.o(.text), UNUSED)

<P><STRONG><a name="[159]"></a>T16Nx_SetMAT3</STRONG> (Thumb, 12 bytes, Stack size 0 bytes, lib_timer.o(.text), UNUSED)

<P><STRONG><a name="[15a]"></a>T16Nx_SetTOP0</STRONG> (Thumb, 12 bytes, Stack size 0 bytes, lib_timer.o(.text), UNUSED)

<P><STRONG><a name="[15b]"></a>T16Nx_SetTOP1</STRONG> (Thumb, 12 bytes, Stack size 0 bytes, lib_timer.o(.text), UNUSED)

<P><STRONG><a name="[15c]"></a>T16Nx_GetMAT0</STRONG> (Thumb, 8 bytes, Stack size 0 bytes, lib_timer.o(.text), UNUSED)

<P><STRONG><a name="[15d]"></a>T16Nx_GetMAT1</STRONG> (Thumb, 8 bytes, Stack size 0 bytes, lib_timer.o(.text), UNUSED)

<P><STRONG><a name="[15e]"></a>T16Nx_GetMAT2</STRONG> (Thumb, 8 bytes, Stack size 0 bytes, lib_timer.o(.text), UNUSED)

<P><STRONG><a name="[15f]"></a>T16Nx_GetMAT3</STRONG> (Thumb, 8 bytes, Stack size 0 bytes, lib_timer.o(.text), UNUSED)

<P><STRONG><a name="[160]"></a>T16Nx_GetTOP0</STRONG> (Thumb, 8 bytes, Stack size 0 bytes, lib_timer.o(.text), UNUSED)

<P><STRONG><a name="[161]"></a>T16Nx_GetTOP1</STRONG> (Thumb, 8 bytes, Stack size 0 bytes, lib_timer.o(.text), UNUSED)

<P><STRONG><a name="[162]"></a>T16Nx_GetCNT0</STRONG> (Thumb, 8 bytes, Stack size 0 bytes, lib_timer.o(.text), UNUSED)

<P><STRONG><a name="[163]"></a>T16Nx_GetCNT1</STRONG> (Thumb, 8 bytes, Stack size 0 bytes, lib_timer.o(.text), UNUSED)

<P><STRONG><a name="[ab]"></a>T16Nx_GetFlagStatus</STRONG> (Thumb, 18 bytes, Stack size 0 bytes, lib_timer.o(.text))
<BR><BR>[Called By]<UL><LI><a href="#[10]">&gt;&gt;</a>&nbsp;&nbsp;&nbsp;T16N2_IRQHandler
<LI><a href="#[e]">&gt;&gt;</a>&nbsp;&nbsp;&nbsp;T16N0_IRQHandler
</UL>

<P><STRONG><a name="[ac]"></a>T16Nx_ClearITPendingBit</STRONG> (Thumb, 4 bytes, Stack size 0 bytes, lib_timer.o(.text))
<BR><BR>[Called By]<UL><LI><a href="#[10]">&gt;&gt;</a>&nbsp;&nbsp;&nbsp;T16N2_IRQHandler
<LI><a href="#[e]">&gt;&gt;</a>&nbsp;&nbsp;&nbsp;T16N0_IRQHandler
</UL>

<P><STRONG><a name="[69]"></a>T16Nx_Enable</STRONG> (Thumb, 12 bytes, Stack size 0 bytes, lib_timer.o(.text))
<BR><BR>[Called By]<UL><LI><a href="#[c7]">&gt;&gt;</a>&nbsp;&nbsp;&nbsp;T16N2Init
<LI><a href="#[c5]">&gt;&gt;</a>&nbsp;&nbsp;&nbsp;T16N0Init
<LI><a href="#[61]">&gt;&gt;</a>&nbsp;&nbsp;&nbsp;Buzzer_Init_DY
</UL>

<P><STRONG><a name="[5f]"></a>T16Nx_Disable</STRONG> (Thumb, 10 bytes, Stack size 0 bytes, lib_timer.o(.text))
<BR><BR>[Called By]<UL><LI><a href="#[5e]">&gt;&gt;</a>&nbsp;&nbsp;&nbsp;buzz_off
</UL>

<P><STRONG><a name="[164]"></a>T16Nx_PWMBK_Config</STRONG> (Thumb, 116 bytes, Stack size 8 bytes, lib_timer.o(.text), UNUSED)

<P><STRONG><a name="[165]"></a>T16Nx_GetPWMBKF</STRONG> (Thumb, 18 bytes, Stack size 0 bytes, lib_timer.o(.text), UNUSED)

<P><STRONG><a name="[166]"></a>T16Nx_ResetPWMBKF</STRONG> (Thumb, 14 bytes, Stack size 0 bytes, lib_timer.o(.text), UNUSED)

<P><STRONG><a name="[167]"></a>T16Nx_PTR_Config</STRONG> (Thumb, 20 bytes, Stack size 0 bytes, lib_timer.o(.text), UNUSED)

<P><STRONG><a name="[77]"></a>T32Nx_BaseInit</STRONG> (Thumb, 92 bytes, Stack size 8 bytes, lib_timer.o(.text))
<BR><BR>[Stack]<UL><LI>Max Depth = 8<LI>Call Chain = T32Nx_BaseInit
</UL>
<BR>[Called By]<UL><LI><a href="#[76]">&gt;&gt;</a>&nbsp;&nbsp;&nbsp;T32NxInit
</UL>

<P><STRONG><a name="[168]"></a>T32Nx_CapInit</STRONG> (Thumb, 132 bytes, Stack size 8 bytes, lib_timer.o(.text), UNUSED)

<P><STRONG><a name="[78]"></a>T32Nx_PMWOutInit</STRONG> (Thumb, 44 bytes, Stack size 8 bytes, lib_timer.o(.text))
<BR><BR>[Stack]<UL><LI>Max Depth = 8<LI>Call Chain = T32Nx_PMWOutInit
</UL>
<BR>[Called By]<UL><LI><a href="#[76]">&gt;&gt;</a>&nbsp;&nbsp;&nbsp;T32NxInit
</UL>

<P><STRONG><a name="[169]"></a>T32Nx_MAT0ITConfig</STRONG> (Thumb, 24 bytes, Stack size 8 bytes, lib_timer.o(.text), UNUSED)

<P><STRONG><a name="[16a]"></a>T32Nx_MAT1ITConfig</STRONG> (Thumb, 24 bytes, Stack size 8 bytes, lib_timer.o(.text), UNUSED)

<P><STRONG><a name="[79]"></a>T32Nx_MAT2ITConfig</STRONG> (Thumb, 24 bytes, Stack size 8 bytes, lib_timer.o(.text))
<BR><BR>[Stack]<UL><LI>Max Depth = 8<LI>Call Chain = T32Nx_MAT2ITConfig
</UL>
<BR>[Called By]<UL><LI><a href="#[76]">&gt;&gt;</a>&nbsp;&nbsp;&nbsp;T32NxInit
</UL>

<P><STRONG><a name="[7a]"></a>T32Nx_MAT3ITConfig</STRONG> (Thumb, 24 bytes, Stack size 8 bytes, lib_timer.o(.text))
<BR><BR>[Stack]<UL><LI>Max Depth = 8<LI>Call Chain = T32Nx_MAT3ITConfig
</UL>
<BR>[Called By]<UL><LI><a href="#[76]">&gt;&gt;</a>&nbsp;&nbsp;&nbsp;T32NxInit
</UL>

<P><STRONG><a name="[16b]"></a>T32Nx_MAT0Out0Config</STRONG> (Thumb, 24 bytes, Stack size 8 bytes, lib_timer.o(.text), UNUSED)

<P><STRONG><a name="[16c]"></a>T32Nx_MAT1Out0Config</STRONG> (Thumb, 24 bytes, Stack size 8 bytes, lib_timer.o(.text), UNUSED)

<P><STRONG><a name="[7b]"></a>T32Nx_MAT2Out1Config</STRONG> (Thumb, 24 bytes, Stack size 8 bytes, lib_timer.o(.text))
<BR><BR>[Stack]<UL><LI>Max Depth = 8<LI>Call Chain = T32Nx_MAT2Out1Config
</UL>
<BR>[Called By]<UL><LI><a href="#[76]">&gt;&gt;</a>&nbsp;&nbsp;&nbsp;T32NxInit
</UL>

<P><STRONG><a name="[7c]"></a>T32Nx_MAT3Out1Config</STRONG> (Thumb, 18 bytes, Stack size 0 bytes, lib_timer.o(.text))
<BR><BR>[Called By]<UL><LI><a href="#[76]">&gt;&gt;</a>&nbsp;&nbsp;&nbsp;T32NxInit
</UL>

<P><STRONG><a name="[80]"></a>T32Nx_ITConfig</STRONG> (Thumb, 20 bytes, Stack size 0 bytes, lib_timer.o(.text))
<BR><BR>[Called By]<UL><LI><a href="#[76]">&gt;&gt;</a>&nbsp;&nbsp;&nbsp;T32NxInit
</UL>

<P><STRONG><a name="[7d]"></a>T32Nx_SetCNT</STRONG> (Thumb, 24 bytes, Stack size 0 bytes, lib_timer.o(.text))
<BR><BR>[Called By]<UL><LI><a href="#[76]">&gt;&gt;</a>&nbsp;&nbsp;&nbsp;T32NxInit
</UL>

<P><STRONG><a name="[16d]"></a>T32Nx_SetPREMAT</STRONG> (Thumb, 16 bytes, Stack size 0 bytes, lib_timer.o(.text), UNUSED)

<P><STRONG><a name="[16e]"></a>T32Nx_SetPRECNT</STRONG> (Thumb, 30 bytes, Stack size 0 bytes, lib_timer.o(.text), UNUSED)

<P><STRONG><a name="[16f]"></a>T32Nx_SetMAT0</STRONG> (Thumb, 6 bytes, Stack size 0 bytes, lib_timer.o(.text), UNUSED)

<P><STRONG><a name="[170]"></a>T32Nx_SetMAT1</STRONG> (Thumb, 6 bytes, Stack size 0 bytes, lib_timer.o(.text), UNUSED)

<P><STRONG><a name="[7e]"></a>T32Nx_SetMAT2</STRONG> (Thumb, 6 bytes, Stack size 0 bytes, lib_timer.o(.text))
<BR><BR>[Called By]<UL><LI><a href="#[76]">&gt;&gt;</a>&nbsp;&nbsp;&nbsp;T32NxInit
</UL>

<P><STRONG><a name="[7f]"></a>T32Nx_SetMAT3</STRONG> (Thumb, 6 bytes, Stack size 0 bytes, lib_timer.o(.text))
<BR><BR>[Called By]<UL><LI><a href="#[83]">&gt;&gt;</a>&nbsp;&nbsp;&nbsp;MotoPwmDutySet
<LI><a href="#[76]">&gt;&gt;</a>&nbsp;&nbsp;&nbsp;T32NxInit
</UL>

<P><STRONG><a name="[171]"></a>T32Nx_GetMAT0</STRONG> (Thumb, 6 bytes, Stack size 0 bytes, lib_timer.o(.text), UNUSED)

<P><STRONG><a name="[172]"></a>T32Nx_GetMAT1</STRONG> (Thumb, 6 bytes, Stack size 0 bytes, lib_timer.o(.text), UNUSED)

<P><STRONG><a name="[173]"></a>T32Nx_GetMAT2</STRONG> (Thumb, 6 bytes, Stack size 0 bytes, lib_timer.o(.text), UNUSED)

<P><STRONG><a name="[174]"></a>T32Nx_GetMAT3</STRONG> (Thumb, 6 bytes, Stack size 0 bytes, lib_timer.o(.text), UNUSED)

<P><STRONG><a name="[175]"></a>T32Nx_GetCNT</STRONG> (Thumb, 6 bytes, Stack size 0 bytes, lib_timer.o(.text), UNUSED)

<P><STRONG><a name="[91]"></a>T32Nx_GetFlagStatus</STRONG> (Thumb, 18 bytes, Stack size 0 bytes, lib_timer.o(.text))
<BR><BR>[Called By]<UL><LI><a href="#[12]">&gt;&gt;</a>&nbsp;&nbsp;&nbsp;T32N0_IRQHandler
</UL>

<P><STRONG><a name="[92]"></a>T32Nx_ClearITPendingBit</STRONG> (Thumb, 4 bytes, Stack size 0 bytes, lib_timer.o(.text))
<BR><BR>[Called By]<UL><LI><a href="#[12]">&gt;&gt;</a>&nbsp;&nbsp;&nbsp;T32N0_IRQHandler
</UL>

<P><STRONG><a name="[82]"></a>T32Nx_Enable</STRONG> (Thumb, 12 bytes, Stack size 0 bytes, lib_timer.o(.text))
<BR><BR>[Called By]<UL><LI><a href="#[76]">&gt;&gt;</a>&nbsp;&nbsp;&nbsp;T32NxInit
</UL>

<P><STRONG><a name="[87]"></a>T32Nx_Disable</STRONG> (Thumb, 10 bytes, Stack size 0 bytes, lib_timer.o(.text))
<BR><BR>[Called By]<UL><LI><a href="#[86]">&gt;&gt;</a>&nbsp;&nbsp;&nbsp;sub_MotorDrvStop
</UL>

<P><STRONG><a name="[45]"></a>BUZC_Frequence</STRONG> (Thumb, 76 bytes, Stack size 24 bytes, lib_timer.o(.text), UNUSED)
<BR><BR>[Calls]<UL><LI><a href="#[47]">&gt;&gt;</a>&nbsp;&nbsp;&nbsp;__aeabi_ui2f
<LI><a href="#[48]">&gt;&gt;</a>&nbsp;&nbsp;&nbsp;__aeabi_f2uiz
<LI><a href="#[46]">&gt;&gt;</a>&nbsp;&nbsp;&nbsp;__aeabi_uidivmod
</UL>

<P><STRONG><a name="[49]"></a>UART_Init</STRONG> (Thumb, 350 bytes, Stack size 40 bytes, lib_uart.o(.text))
<BR><BR>[Stack]<UL><LI>Max Depth = 60<LI>Call Chain = UART_Init &rArr; __aeabi_ui2f &rArr; _float_epilogue
</UL>
<BR>[Calls]<UL><LI><a href="#[4e]">&gt;&gt;</a>&nbsp;&nbsp;&nbsp;__aeabi_fmul
<LI><a href="#[4a]">&gt;&gt;</a>&nbsp;&nbsp;&nbsp;__aeabi_fdiv
<LI><a href="#[4b]">&gt;&gt;</a>&nbsp;&nbsp;&nbsp;__aeabi_f2d
<LI><a href="#[4d]">&gt;&gt;</a>&nbsp;&nbsp;&nbsp;__aeabi_d2f
<LI><a href="#[4c]">&gt;&gt;</a>&nbsp;&nbsp;&nbsp;__aeabi_cdcmple
<LI><a href="#[47]">&gt;&gt;</a>&nbsp;&nbsp;&nbsp;__aeabi_ui2f
<LI><a href="#[48]">&gt;&gt;</a>&nbsp;&nbsp;&nbsp;__aeabi_f2uiz
</UL>
<BR>[Called By]<UL><LI><a href="#[c9]">&gt;&gt;</a>&nbsp;&nbsp;&nbsp;UART1Init
<LI><a href="#[ca]">&gt;&gt;</a>&nbsp;&nbsp;&nbsp;UART0Init
</UL>

<P><STRONG><a name="[176]"></a>UART_AutoBaudConfig</STRONG> (Thumb, 36 bytes, Stack size 8 bytes, lib_uart.o(.text), UNUSED)

<P><STRONG><a name="[177]"></a>UART_BaudFreeConfig</STRONG> (Thumb, 36 bytes, Stack size 8 bytes, lib_uart.o(.text), UNUSED)

<P><STRONG><a name="[ec]"></a>UART_ITConfig</STRONG> (Thumb, 20 bytes, Stack size 0 bytes, lib_uart.o(.text))
<BR><BR>[Called By]<UL><LI><a href="#[e5]">&gt;&gt;</a>&nbsp;&nbsp;&nbsp;Uart1TxStart
<LI><a href="#[ea]">&gt;&gt;</a>&nbsp;&nbsp;&nbsp;UartPM25TX
<LI><a href="#[c9]">&gt;&gt;</a>&nbsp;&nbsp;&nbsp;UART1Init
<LI><a href="#[ca]">&gt;&gt;</a>&nbsp;&nbsp;&nbsp;UART0Init
</UL>

<P><STRONG><a name="[10b]"></a>UART_TBIMConfig</STRONG> (Thumb, 16 bytes, Stack size 0 bytes, lib_uart.o(.text))
<BR><BR>[Called By]<UL><LI><a href="#[c9]">&gt;&gt;</a>&nbsp;&nbsp;&nbsp;UART1Init
<LI><a href="#[ca]">&gt;&gt;</a>&nbsp;&nbsp;&nbsp;UART0Init
</UL>

<P><STRONG><a name="[10c]"></a>UART_RBIMConfig</STRONG> (Thumb, 20 bytes, Stack size 8 bytes, lib_uart.o(.text))
<BR><BR>[Stack]<UL><LI>Max Depth = 8<LI>Call Chain = UART_RBIMConfig
</UL>
<BR>[Called By]<UL><LI><a href="#[c9]">&gt;&gt;</a>&nbsp;&nbsp;&nbsp;UART1Init
<LI><a href="#[ca]">&gt;&gt;</a>&nbsp;&nbsp;&nbsp;UART0Init
</UL>

<P><STRONG><a name="[eb]"></a>UART_SendByte</STRONG> (Thumb, 6 bytes, Stack size 0 bytes, lib_uart.o(.text))
<BR><BR>[Called By]<UL><LI><a href="#[10d]">&gt;&gt;</a>&nbsp;&nbsp;&nbsp;Uart0Send
<LI><a href="#[ea]">&gt;&gt;</a>&nbsp;&nbsp;&nbsp;UartPM25TX
</UL>

<P><STRONG><a name="[178]"></a>UART_SendHalfWord</STRONG> (Thumb, 4 bytes, Stack size 0 bytes, lib_uart.o(.text), UNUSED)

<P><STRONG><a name="[179]"></a>UART_SendWord</STRONG> (Thumb, 4 bytes, Stack size 0 bytes, lib_uart.o(.text), UNUSED)

<P><STRONG><a name="[111]"></a>UART_RecByte</STRONG> (Thumb, 8 bytes, Stack size 0 bytes, lib_uart.o(.text))
<BR><BR>[Called By]<UL><LI><a href="#[1a]">&gt;&gt;</a>&nbsp;&nbsp;&nbsp;UART1_IRQHandler
<LI><a href="#[19]">&gt;&gt;</a>&nbsp;&nbsp;&nbsp;UART0_IRQHandler
</UL>

<P><STRONG><a name="[17a]"></a>UART_RecHalfWord</STRONG> (Thumb, 6 bytes, Stack size 0 bytes, lib_uart.o(.text), UNUSED)

<P><STRONG><a name="[17b]"></a>UART_RecWord</STRONG> (Thumb, 6 bytes, Stack size 0 bytes, lib_uart.o(.text), UNUSED)

<P><STRONG><a name="[17c]"></a>UART_GetStatus</STRONG> (Thumb, 14 bytes, Stack size 0 bytes, lib_uart.o(.text), UNUSED)

<P><STRONG><a name="[10e]"></a>UART_GetFlagStatus</STRONG> (Thumb, 14 bytes, Stack size 0 bytes, lib_uart.o(.text))
<BR><BR>[Called By]<UL><LI><a href="#[1a]">&gt;&gt;</a>&nbsp;&nbsp;&nbsp;UART1_IRQHandler
<LI><a href="#[19]">&gt;&gt;</a>&nbsp;&nbsp;&nbsp;UART0_IRQHandler
<LI><a href="#[121]">&gt;&gt;</a>&nbsp;&nbsp;&nbsp;uart_transmit_output
</UL>

<P><STRONG><a name="[110]"></a>UART_GetITStatus</STRONG> (Thumb, 14 bytes, Stack size 0 bytes, lib_uart.o(.text))
<BR><BR>[Called By]<UL><LI><a href="#[1a]">&gt;&gt;</a>&nbsp;&nbsp;&nbsp;UART1_IRQHandler
<LI><a href="#[19]">&gt;&gt;</a>&nbsp;&nbsp;&nbsp;UART0_IRQHandler
</UL>

<P><STRONG><a name="[10f]"></a>UART_ClearITPendingBit</STRONG> (Thumb, 4 bytes, Stack size 0 bytes, lib_uart.o(.text))
<BR><BR>[Called By]<UL><LI><a href="#[19]">&gt;&gt;</a>&nbsp;&nbsp;&nbsp;UART0_IRQHandler
<LI><a href="#[121]">&gt;&gt;</a>&nbsp;&nbsp;&nbsp;uart_transmit_output
</UL>

<P><STRONG><a name="[4f]"></a>WDT_Init</STRONG> (Thumb, 54 bytes, Stack size 16 bytes, lib_wdt.o(.text), UNUSED)
<BR><BR>[Calls]<UL><LI><a href="#[46]">&gt;&gt;</a>&nbsp;&nbsp;&nbsp;__aeabi_uidivmod
</UL>
<BR>[Called By]<UL><LI><a href="#[d3]">&gt;&gt;</a>&nbsp;&nbsp;&nbsp;WdtInit
</UL>

<P><STRONG><a name="[17d]"></a>WDT_SetReloadValue</STRONG> (Thumb, 6 bytes, Stack size 0 bytes, lib_wdt.o(.text), UNUSED)

<P><STRONG><a name="[17e]"></a>WDT_GetValue</STRONG> (Thumb, 6 bytes, Stack size 0 bytes, lib_wdt.o(.text), UNUSED)

<P><STRONG><a name="[17f]"></a>WDT_GetFlagStatus</STRONG> (Thumb, 14 bytes, Stack size 0 bytes, lib_wdt.o(.text), UNUSED)

<P><STRONG><a name="[50]"></a>ADCInitKey</STRONG> (Thumb, 76 bytes, Stack size 24 bytes, adc.o(.text))
<BR><BR>[Stack]<UL><LI>Max Depth = 60<LI>Call Chain = ADCInitKey &rArr; GPIO_Init &rArr; GPIO_SetSingalTypeFromPin &rArr; GPIO_GetNormalBitOffsetFromPin &rArr; __ARM_common_switch8
</UL>
<BR>[Calls]<UL><LI><a href="#[31]">&gt;&gt;</a>&nbsp;&nbsp;&nbsp;GPIO_Init
<LI><a href="#[52]">&gt;&gt;</a>&nbsp;&nbsp;&nbsp;ADC_SoftStop
<LI><a href="#[51]">&gt;&gt;</a>&nbsp;&nbsp;&nbsp;ADC_SoftStart
<LI><a href="#[26]">&gt;&gt;</a>&nbsp;&nbsp;&nbsp;ADC_Init
</UL>
<BR>[Called By]<UL><LI><a href="#[57]">&gt;&gt;</a>&nbsp;&nbsp;&nbsp;adLight
<LI><a href="#[c8]">&gt;&gt;</a>&nbsp;&nbsp;&nbsp;SysInit
</UL>

<P><STRONG><a name="[53]"></a>ADCInitLight</STRONG> (Thumb, 76 bytes, Stack size 24 bytes, adc.o(.text))
<BR><BR>[Stack]<UL><LI>Max Depth = 60<LI>Call Chain = ADCInitLight &rArr; GPIO_Init &rArr; GPIO_SetSingalTypeFromPin &rArr; GPIO_GetNormalBitOffsetFromPin &rArr; __ARM_common_switch8
</UL>
<BR>[Calls]<UL><LI><a href="#[31]">&gt;&gt;</a>&nbsp;&nbsp;&nbsp;GPIO_Init
<LI><a href="#[52]">&gt;&gt;</a>&nbsp;&nbsp;&nbsp;ADC_SoftStop
<LI><a href="#[51]">&gt;&gt;</a>&nbsp;&nbsp;&nbsp;ADC_SoftStart
<LI><a href="#[26]">&gt;&gt;</a>&nbsp;&nbsp;&nbsp;ADC_Init
</UL>
<BR>[Called By]<UL><LI><a href="#[54]">&gt;&gt;</a>&nbsp;&nbsp;&nbsp;adKey
</UL>

<P><STRONG><a name="[54]"></a>adKey</STRONG> (Thumb, 302 bytes, Stack size 24 bytes, adc.o(.text))
<BR><BR>[Stack]<UL><LI>Max Depth = 192<LI>Call Chain = adKey &rArr; keyProcess &rArr; key3Long &rArr; CalFilterRecValEE &rArr; __aeabi_dmul &rArr; _double_epilogue &rArr; __aeabi_llsr
</UL>
<BR>[Calls]<UL><LI><a href="#[56]">&gt;&gt;</a>&nbsp;&nbsp;&nbsp;keyProcess
<LI><a href="#[55]">&gt;&gt;</a>&nbsp;&nbsp;&nbsp;API_Gets20MsFlag
<LI><a href="#[53]">&gt;&gt;</a>&nbsp;&nbsp;&nbsp;ADCInitLight
<LI><a href="#[52]">&gt;&gt;</a>&nbsp;&nbsp;&nbsp;ADC_SoftStop
<LI><a href="#[51]">&gt;&gt;</a>&nbsp;&nbsp;&nbsp;ADC_SoftStart
</UL>
<BR>[Called By]<UL><LI><a href="#[59]">&gt;&gt;</a>&nbsp;&nbsp;&nbsp;adSample
</UL>

<P><STRONG><a name="[58]"></a>lightProcess</STRONG> (Thumb, 138 bytes, Stack size 0 bytes, adc.o(.text))
<BR><BR>[Called By]<UL><LI><a href="#[57]">&gt;&gt;</a>&nbsp;&nbsp;&nbsp;adLight
</UL>

<P><STRONG><a name="[57]"></a>adLight</STRONG> (Thumb, 182 bytes, Stack size 16 bytes, adc.o(.text))
<BR><BR>[Stack]<UL><LI>Max Depth = 76<LI>Call Chain = adLight &rArr; ADCInitKey &rArr; GPIO_Init &rArr; GPIO_SetSingalTypeFromPin &rArr; GPIO_GetNormalBitOffsetFromPin &rArr; __ARM_common_switch8
</UL>
<BR>[Calls]<UL><LI><a href="#[58]">&gt;&gt;</a>&nbsp;&nbsp;&nbsp;lightProcess
<LI><a href="#[50]">&gt;&gt;</a>&nbsp;&nbsp;&nbsp;ADCInitKey
<LI><a href="#[52]">&gt;&gt;</a>&nbsp;&nbsp;&nbsp;ADC_SoftStop
<LI><a href="#[51]">&gt;&gt;</a>&nbsp;&nbsp;&nbsp;ADC_SoftStart
</UL>
<BR>[Called By]<UL><LI><a href="#[59]">&gt;&gt;</a>&nbsp;&nbsp;&nbsp;adSample
</UL>

<P><STRONG><a name="[59]"></a>adSample</STRONG> (Thumb, 76 bytes, Stack size 8 bytes, adc.o(.text))
<BR><BR>[Stack]<UL><LI>Max Depth = 200<LI>Call Chain = adSample &rArr; adKey &rArr; keyProcess &rArr; key3Long &rArr; CalFilterRecValEE &rArr; __aeabi_dmul &rArr; _double_epilogue &rArr; __aeabi_llsr
</UL>
<BR>[Calls]<UL><LI><a href="#[5a]">&gt;&gt;</a>&nbsp;&nbsp;&nbsp;API_Gets1SFlag
<LI><a href="#[57]">&gt;&gt;</a>&nbsp;&nbsp;&nbsp;adLight
<LI><a href="#[54]">&gt;&gt;</a>&nbsp;&nbsp;&nbsp;adKey
<LI><a href="#[5d]">&gt;&gt;</a>&nbsp;&nbsp;&nbsp;ADC_ClearIFStatus
<LI><a href="#[5b]">&gt;&gt;</a>&nbsp;&nbsp;&nbsp;ADC_GetIFStatus
<LI><a href="#[5c]">&gt;&gt;</a>&nbsp;&nbsp;&nbsp;ADC_GetConvValue
</UL>
<BR>[Called By]<UL><LI><a href="#[20]">&gt;&gt;</a>&nbsp;&nbsp;&nbsp;main
</UL>

<P><STRONG><a name="[5e]"></a>buzz_off</STRONG> (Thumb, 26 bytes, Stack size 8 bytes, buzz.o(.text))
<BR><BR>[Stack]<UL><LI>Max Depth = 32<LI>Call Chain = buzz_off &rArr; GPIO_WriteBit &rArr; GPIO_GetNormalBitOffsetFromPin &rArr; __ARM_common_switch8
</UL>
<BR>[Calls]<UL><LI><a href="#[5f]">&gt;&gt;</a>&nbsp;&nbsp;&nbsp;T16Nx_Disable
<LI><a href="#[33]">&gt;&gt;</a>&nbsp;&nbsp;&nbsp;GPIO_WriteBit
</UL>
<BR>[Called By]<UL><LI><a href="#[71]">&gt;&gt;</a>&nbsp;&nbsp;&nbsp;buzz_int_10ms
<LI><a href="#[60]">&gt;&gt;</a>&nbsp;&nbsp;&nbsp;buzz_init
</UL>

<P><STRONG><a name="[60]"></a>buzz_init</STRONG> (Thumb, 18 bytes, Stack size 8 bytes, buzz.o(.text))
<BR><BR>[Stack]<UL><LI>Max Depth = 40<LI>Call Chain = buzz_init &rArr; buzz_off &rArr; GPIO_WriteBit &rArr; GPIO_GetNormalBitOffsetFromPin &rArr; __ARM_common_switch8
</UL>
<BR>[Calls]<UL><LI><a href="#[5e]">&gt;&gt;</a>&nbsp;&nbsp;&nbsp;buzz_off
</UL>
<BR>[Called By]<UL><LI><a href="#[c8]">&gt;&gt;</a>&nbsp;&nbsp;&nbsp;SysInit
</UL>

<P><STRONG><a name="[61]"></a>Buzzer_Init_DY</STRONG> (Thumb, 162 bytes, Stack size 32 bytes, buzz.o(.text))
<BR><BR>[Stack]<UL><LI>Max Depth = 68<LI>Call Chain = Buzzer_Init_DY &rArr; GPIO_Init &rArr; GPIO_SetSingalTypeFromPin &rArr; GPIO_GetNormalBitOffsetFromPin &rArr; __ARM_common_switch8
</UL>
<BR>[Calls]<UL><LI><a href="#[69]">&gt;&gt;</a>&nbsp;&nbsp;&nbsp;T16Nx_Enable
<LI><a href="#[68]">&gt;&gt;</a>&nbsp;&nbsp;&nbsp;T16Nx_SetCNT0
<LI><a href="#[67]">&gt;&gt;</a>&nbsp;&nbsp;&nbsp;T16Nx_MAT1Out0Config
<LI><a href="#[65]">&gt;&gt;</a>&nbsp;&nbsp;&nbsp;T16Nx_MAT0Out0Config
<LI><a href="#[66]">&gt;&gt;</a>&nbsp;&nbsp;&nbsp;T16Nx_MAT1ITConfig
<LI><a href="#[64]">&gt;&gt;</a>&nbsp;&nbsp;&nbsp;T16Nx_MAT0ITConfig
<LI><a href="#[63]">&gt;&gt;</a>&nbsp;&nbsp;&nbsp;T16Nx_PMWOutInit
<LI><a href="#[62]">&gt;&gt;</a>&nbsp;&nbsp;&nbsp;T16Nx_BaseInit
<LI><a href="#[31]">&gt;&gt;</a>&nbsp;&nbsp;&nbsp;GPIO_Init
</UL>
<BR>[Called By]<UL><LI><a href="#[c8]">&gt;&gt;</a>&nbsp;&nbsp;&nbsp;SysInit
<LI><a href="#[6f]">&gt;&gt;</a>&nbsp;&nbsp;&nbsp;buzz_pwm_4
<LI><a href="#[6e]">&gt;&gt;</a>&nbsp;&nbsp;&nbsp;buzz_pwm_3
<LI><a href="#[6d]">&gt;&gt;</a>&nbsp;&nbsp;&nbsp;buzz_pwm_2
<LI><a href="#[6a]">&gt;&gt;</a>&nbsp;&nbsp;&nbsp;buzz_pwm_1
</UL>

<P><STRONG><a name="[6a]"></a>buzz_pwm_1</STRONG> (Thumb, 32 bytes, Stack size 8 bytes, buzz.o(.text))
<BR><BR>[Stack]<UL><LI>Max Depth = 76<LI>Call Chain = buzz_pwm_1 &rArr; Buzzer_Init_DY &rArr; GPIO_Init &rArr; GPIO_SetSingalTypeFromPin &rArr; GPIO_GetNormalBitOffsetFromPin &rArr; __ARM_common_switch8
</UL>
<BR>[Calls]<UL><LI><a href="#[6c]">&gt;&gt;</a>&nbsp;&nbsp;&nbsp;T16Nx_SetMAT1
<LI><a href="#[6b]">&gt;&gt;</a>&nbsp;&nbsp;&nbsp;T16Nx_SetMAT0
<LI><a href="#[33]">&gt;&gt;</a>&nbsp;&nbsp;&nbsp;GPIO_WriteBit
<LI><a href="#[61]">&gt;&gt;</a>&nbsp;&nbsp;&nbsp;Buzzer_Init_DY
</UL>
<BR>[Called By]<UL><LI><a href="#[71]">&gt;&gt;</a>&nbsp;&nbsp;&nbsp;buzz_int_10ms
</UL>

<P><STRONG><a name="[6d]"></a>buzz_pwm_2</STRONG> (Thumb, 32 bytes, Stack size 8 bytes, buzz.o(.text))
<BR><BR>[Stack]<UL><LI>Max Depth = 76<LI>Call Chain = buzz_pwm_2 &rArr; Buzzer_Init_DY &rArr; GPIO_Init &rArr; GPIO_SetSingalTypeFromPin &rArr; GPIO_GetNormalBitOffsetFromPin &rArr; __ARM_common_switch8
</UL>
<BR>[Calls]<UL><LI><a href="#[6c]">&gt;&gt;</a>&nbsp;&nbsp;&nbsp;T16Nx_SetMAT1
<LI><a href="#[6b]">&gt;&gt;</a>&nbsp;&nbsp;&nbsp;T16Nx_SetMAT0
<LI><a href="#[33]">&gt;&gt;</a>&nbsp;&nbsp;&nbsp;GPIO_WriteBit
<LI><a href="#[61]">&gt;&gt;</a>&nbsp;&nbsp;&nbsp;Buzzer_Init_DY
</UL>
<BR>[Called By]<UL><LI><a href="#[71]">&gt;&gt;</a>&nbsp;&nbsp;&nbsp;buzz_int_10ms
</UL>

<P><STRONG><a name="[6e]"></a>buzz_pwm_3</STRONG> (Thumb, 32 bytes, Stack size 8 bytes, buzz.o(.text))
<BR><BR>[Stack]<UL><LI>Max Depth = 76<LI>Call Chain = buzz_pwm_3 &rArr; Buzzer_Init_DY &rArr; GPIO_Init &rArr; GPIO_SetSingalTypeFromPin &rArr; GPIO_GetNormalBitOffsetFromPin &rArr; __ARM_common_switch8
</UL>
<BR>[Calls]<UL><LI><a href="#[6c]">&gt;&gt;</a>&nbsp;&nbsp;&nbsp;T16Nx_SetMAT1
<LI><a href="#[6b]">&gt;&gt;</a>&nbsp;&nbsp;&nbsp;T16Nx_SetMAT0
<LI><a href="#[33]">&gt;&gt;</a>&nbsp;&nbsp;&nbsp;GPIO_WriteBit
<LI><a href="#[61]">&gt;&gt;</a>&nbsp;&nbsp;&nbsp;Buzzer_Init_DY
</UL>
<BR>[Called By]<UL><LI><a href="#[71]">&gt;&gt;</a>&nbsp;&nbsp;&nbsp;buzz_int_10ms
</UL>

<P><STRONG><a name="[6f]"></a>buzz_pwm_4</STRONG> (Thumb, 32 bytes, Stack size 8 bytes, buzz.o(.text))
<BR><BR>[Stack]<UL><LI>Max Depth = 76<LI>Call Chain = buzz_pwm_4 &rArr; Buzzer_Init_DY &rArr; GPIO_Init &rArr; GPIO_SetSingalTypeFromPin &rArr; GPIO_GetNormalBitOffsetFromPin &rArr; __ARM_common_switch8
</UL>
<BR>[Calls]<UL><LI><a href="#[6c]">&gt;&gt;</a>&nbsp;&nbsp;&nbsp;T16Nx_SetMAT1
<LI><a href="#[6b]">&gt;&gt;</a>&nbsp;&nbsp;&nbsp;T16Nx_SetMAT0
<LI><a href="#[33]">&gt;&gt;</a>&nbsp;&nbsp;&nbsp;GPIO_WriteBit
<LI><a href="#[61]">&gt;&gt;</a>&nbsp;&nbsp;&nbsp;Buzzer_Init_DY
</UL>
<BR>[Called By]<UL><LI><a href="#[71]">&gt;&gt;</a>&nbsp;&nbsp;&nbsp;buzz_int_10ms
</UL>

<P><STRONG><a name="[70]"></a>buzz_power_off</STRONG> (Thumb, 12 bytes, Stack size 8 bytes, buzz.o(.text))
<BR><BR>[Stack]<UL><LI>Max Depth = 32<LI>Call Chain = buzz_power_off &rArr; GPIO_WriteBit &rArr; GPIO_GetNormalBitOffsetFromPin &rArr; __ARM_common_switch8
</UL>
<BR>[Calls]<UL><LI><a href="#[33]">&gt;&gt;</a>&nbsp;&nbsp;&nbsp;GPIO_WriteBit
</UL>
<BR>[Called By]<UL><LI><a href="#[71]">&gt;&gt;</a>&nbsp;&nbsp;&nbsp;buzz_int_10ms
</UL>

<P><STRONG><a name="[71]"></a>buzz_int_10ms</STRONG> (Thumb, 276 bytes, Stack size 8 bytes, buzz.o(.text))
<BR><BR>[Stack]<UL><LI>Max Depth = 84<LI>Call Chain = buzz_int_10ms &rArr; buzz_pwm_4 &rArr; Buzzer_Init_DY &rArr; GPIO_Init &rArr; GPIO_SetSingalTypeFromPin &rArr; GPIO_GetNormalBitOffsetFromPin &rArr; __ARM_common_switch8
</UL>
<BR>[Calls]<UL><LI><a href="#[29]">&gt;&gt;</a>&nbsp;&nbsp;&nbsp;__ARM_common_switch8
<LI><a href="#[70]">&gt;&gt;</a>&nbsp;&nbsp;&nbsp;buzz_power_off
<LI><a href="#[6f]">&gt;&gt;</a>&nbsp;&nbsp;&nbsp;buzz_pwm_4
<LI><a href="#[6e]">&gt;&gt;</a>&nbsp;&nbsp;&nbsp;buzz_pwm_3
<LI><a href="#[6d]">&gt;&gt;</a>&nbsp;&nbsp;&nbsp;buzz_pwm_2
<LI><a href="#[6a]">&gt;&gt;</a>&nbsp;&nbsp;&nbsp;buzz_pwm_1
<LI><a href="#[5e]">&gt;&gt;</a>&nbsp;&nbsp;&nbsp;buzz_off
<LI><a href="#[72]">&gt;&gt;</a>&nbsp;&nbsp;&nbsp;__aeabi_idivmod
</UL>
<BR>[Called By]<UL><LI><a href="#[74]">&gt;&gt;</a>&nbsp;&nbsp;&nbsp;buzzProcess
</UL>

<P><STRONG><a name="[73]"></a>buzz_tone</STRONG> (Thumb, 118 bytes, Stack size 4 bytes, buzz.o(.text))
<BR><BR>[Stack]<UL><LI>Max Depth = 12<LI>Call Chain = buzz_tone &rArr; __ARM_common_switch8
</UL>
<BR>[Calls]<UL><LI><a href="#[29]">&gt;&gt;</a>&nbsp;&nbsp;&nbsp;__ARM_common_switch8
</UL>
<BR>[Called By]<UL><LI><a href="#[cd]">&gt;&gt;</a>&nbsp;&nbsp;&nbsp;TestProcess
<LI><a href="#[bf]">&gt;&gt;</a>&nbsp;&nbsp;&nbsp;powerOnInit
<LI><a href="#[b9]">&gt;&gt;</a>&nbsp;&nbsp;&nbsp;testIni
<LI><a href="#[b6]">&gt;&gt;</a>&nbsp;&nbsp;&nbsp;keyWifiCfnfig
<LI><a href="#[b7]">&gt;&gt;</a>&nbsp;&nbsp;&nbsp;key3Long
<LI><a href="#[b4]">&gt;&gt;</a>&nbsp;&nbsp;&nbsp;key3Short
<LI><a href="#[b3]">&gt;&gt;</a>&nbsp;&nbsp;&nbsp;key2Short
<LI><a href="#[b1]">&gt;&gt;</a>&nbsp;&nbsp;&nbsp;key1Short
<LI><a href="#[129]">&gt;&gt;</a>&nbsp;&nbsp;&nbsp;dp_download_handle
</UL>

<P><STRONG><a name="[180]"></a>buzz_tone_isr</STRONG> (Thumb, 34 bytes, Stack size 0 bytes, buzz.o(.text), UNUSED)

<P><STRONG><a name="[74]"></a>buzzProcess</STRONG> (Thumb, 22 bytes, Stack size 8 bytes, buzz.o(.text))
<BR><BR>[Stack]<UL><LI>Max Depth = 92<LI>Call Chain = buzzProcess &rArr; buzz_int_10ms &rArr; buzz_pwm_4 &rArr; Buzzer_Init_DY &rArr; GPIO_Init &rArr; GPIO_SetSingalTypeFromPin &rArr; GPIO_GetNormalBitOffsetFromPin &rArr; __ARM_common_switch8
</UL>
<BR>[Calls]<UL><LI><a href="#[71]">&gt;&gt;</a>&nbsp;&nbsp;&nbsp;buzz_int_10ms
</UL>
<BR>[Called By]<UL><LI><a href="#[20]">&gt;&gt;</a>&nbsp;&nbsp;&nbsp;main
</UL>

<P><STRONG><a name="[103]"></a>Api_Timer1Ms_Buzzer_DY</STRONG> (Thumb, 44 bytes, Stack size 0 bytes, buzz.o(.text))
<BR><BR>[Called By]<UL><LI><a href="#[ae]">&gt;&gt;</a>&nbsp;&nbsp;&nbsp;ISR_Timer1MsProcess
</UL>

<P><STRONG><a name="[75]"></a>DCMotoPower</STRONG> (Thumb, 24 bytes, Stack size 8 bytes, dcmotordrv.o(.text))
<BR><BR>[Stack]<UL><LI>Max Depth = 28<LI>Call Chain = DCMotoPower &rArr; GPIO_ResetBit &rArr; GPIO_GetNormalBitOffsetFromPin &rArr; __ARM_common_switch8
</UL>
<BR>[Calls]<UL><LI><a href="#[35]">&gt;&gt;</a>&nbsp;&nbsp;&nbsp;GPIO_ResetBit
<LI><a href="#[34]">&gt;&gt;</a>&nbsp;&nbsp;&nbsp;GPIO_SetBit
</UL>
<BR>[Called By]<UL><LI><a href="#[8c]">&gt;&gt;</a>&nbsp;&nbsp;&nbsp;Handle_DCMotorDrv
</UL>

<P><STRONG><a name="[76]"></a>T32NxInit</STRONG> (Thumb, 166 bytes, Stack size 24 bytes, dcmotordrv.o(.text))
<BR><BR>[Stack]<UL><LI>Max Depth = 60<LI>Call Chain = T32NxInit &rArr; GPIO_Init &rArr; GPIO_SetSingalTypeFromPin &rArr; GPIO_GetNormalBitOffsetFromPin &rArr; __ARM_common_switch8
</UL>
<BR>[Calls]<UL><LI><a href="#[82]">&gt;&gt;</a>&nbsp;&nbsp;&nbsp;T32Nx_Enable
<LI><a href="#[7f]">&gt;&gt;</a>&nbsp;&nbsp;&nbsp;T32Nx_SetMAT3
<LI><a href="#[7e]">&gt;&gt;</a>&nbsp;&nbsp;&nbsp;T32Nx_SetMAT2
<LI><a href="#[7d]">&gt;&gt;</a>&nbsp;&nbsp;&nbsp;T32Nx_SetCNT
<LI><a href="#[80]">&gt;&gt;</a>&nbsp;&nbsp;&nbsp;T32Nx_ITConfig
<LI><a href="#[7c]">&gt;&gt;</a>&nbsp;&nbsp;&nbsp;T32Nx_MAT3Out1Config
<LI><a href="#[7b]">&gt;&gt;</a>&nbsp;&nbsp;&nbsp;T32Nx_MAT2Out1Config
<LI><a href="#[7a]">&gt;&gt;</a>&nbsp;&nbsp;&nbsp;T32Nx_MAT3ITConfig
<LI><a href="#[79]">&gt;&gt;</a>&nbsp;&nbsp;&nbsp;T32Nx_MAT2ITConfig
<LI><a href="#[78]">&gt;&gt;</a>&nbsp;&nbsp;&nbsp;T32Nx_PMWOutInit
<LI><a href="#[77]">&gt;&gt;</a>&nbsp;&nbsp;&nbsp;T32Nx_BaseInit
<LI><a href="#[81]">&gt;&gt;</a>&nbsp;&nbsp;&nbsp;NVIC_Init
<LI><a href="#[31]">&gt;&gt;</a>&nbsp;&nbsp;&nbsp;GPIO_Init
</UL>
<BR>[Called By]<UL><LI><a href="#[84]">&gt;&gt;</a>&nbsp;&nbsp;&nbsp;sub_MotorDrvStart
</UL>

<P><STRONG><a name="[83]"></a>MotoPwmDutySet</STRONG> (Thumb, 14 bytes, Stack size 8 bytes, dcmotordrv.o(.text))
<BR><BR>[Stack]<UL><LI>Max Depth = 8<LI>Call Chain = MotoPwmDutySet
</UL>
<BR>[Calls]<UL><LI><a href="#[7f]">&gt;&gt;</a>&nbsp;&nbsp;&nbsp;T32Nx_SetMAT3
</UL>
<BR>[Called By]<UL><LI><a href="#[8c]">&gt;&gt;</a>&nbsp;&nbsp;&nbsp;Handle_DCMotorDrv
<LI><a href="#[84]">&gt;&gt;</a>&nbsp;&nbsp;&nbsp;sub_MotorDrvStart
</UL>

<P><STRONG><a name="[84]"></a>sub_MotorDrvStart</STRONG> (Thumb, 14 bytes, Stack size 8 bytes, dcmotordrv.o(.text))
<BR><BR>[Stack]<UL><LI>Max Depth = 68<LI>Call Chain = sub_MotorDrvStart &rArr; T32NxInit &rArr; GPIO_Init &rArr; GPIO_SetSingalTypeFromPin &rArr; GPIO_GetNormalBitOffsetFromPin &rArr; __ARM_common_switch8
</UL>
<BR>[Calls]<UL><LI><a href="#[83]">&gt;&gt;</a>&nbsp;&nbsp;&nbsp;MotoPwmDutySet
<LI><a href="#[76]">&gt;&gt;</a>&nbsp;&nbsp;&nbsp;T32NxInit
</UL>
<BR>[Called By]<UL><LI><a href="#[8c]">&gt;&gt;</a>&nbsp;&nbsp;&nbsp;Handle_DCMotorDrv
</UL>

<P><STRONG><a name="[85]"></a>Fan_Pwm_Off</STRONG> (Thumb, 38 bytes, Stack size 16 bytes, dcmotordrv.o(.text))
<BR><BR>[Stack]<UL><LI>Max Depth = 52<LI>Call Chain = Fan_Pwm_Off &rArr; GPIO_Init &rArr; GPIO_SetSingalTypeFromPin &rArr; GPIO_GetNormalBitOffsetFromPin &rArr; __ARM_common_switch8
</UL>
<BR>[Calls]<UL><LI><a href="#[33]">&gt;&gt;</a>&nbsp;&nbsp;&nbsp;GPIO_WriteBit
<LI><a href="#[31]">&gt;&gt;</a>&nbsp;&nbsp;&nbsp;GPIO_Init
</UL>
<BR>[Called By]<UL><LI><a href="#[86]">&gt;&gt;</a>&nbsp;&nbsp;&nbsp;sub_MotorDrvStop
</UL>

<P><STRONG><a name="[86]"></a>sub_MotorDrvStop</STRONG> (Thumb, 14 bytes, Stack size 8 bytes, dcmotordrv.o(.text))
<BR><BR>[Stack]<UL><LI>Max Depth = 60<LI>Call Chain = sub_MotorDrvStop &rArr; Fan_Pwm_Off &rArr; GPIO_Init &rArr; GPIO_SetSingalTypeFromPin &rArr; GPIO_GetNormalBitOffsetFromPin &rArr; __ARM_common_switch8
</UL>
<BR>[Calls]<UL><LI><a href="#[87]">&gt;&gt;</a>&nbsp;&nbsp;&nbsp;T32Nx_Disable
<LI><a href="#[85]">&gt;&gt;</a>&nbsp;&nbsp;&nbsp;Fan_Pwm_Off
</UL>
<BR>[Called By]<UL><LI><a href="#[8c]">&gt;&gt;</a>&nbsp;&nbsp;&nbsp;Handle_DCMotorDrv
</UL>

<P><STRONG><a name="[8a]"></a>sub_DCMotorErr</STRONG> (Thumb, 86 bytes, Stack size 0 bytes, dcmotordrv.o(.text))
<BR><BR>[Called By]<UL><LI><a href="#[88]">&gt;&gt;</a>&nbsp;&nbsp;&nbsp;sub_DCMotorSpeedCalc
</UL>

<P><STRONG><a name="[88]"></a>sub_DCMotorSpeedCalc</STRONG> (Thumb, 136 bytes, Stack size 8 bytes, dcmotordrv.o(.text))
<BR><BR>[Stack]<UL><LI>Max Depth = 52<LI>Call Chain = sub_DCMotorSpeedCalc &rArr; TjFanSpeed &rArr; __aeabi_uidivmod
</UL>
<BR>[Calls]<UL><LI><a href="#[89]">&gt;&gt;</a>&nbsp;&nbsp;&nbsp;TjFanSpeed
<LI><a href="#[8a]">&gt;&gt;</a>&nbsp;&nbsp;&nbsp;sub_DCMotorErr
<LI><a href="#[46]">&gt;&gt;</a>&nbsp;&nbsp;&nbsp;__aeabi_uidivmod
</UL>
<BR>[Called By]<UL><LI><a href="#[8c]">&gt;&gt;</a>&nbsp;&nbsp;&nbsp;Handle_DCMotorDrv
</UL>

<P><STRONG><a name="[8b]"></a>sub_DcMotorDrv_Timer</STRONG> (Thumb, 68 bytes, Stack size 8 bytes, dcmotordrv.o(.text))
<BR><BR>[Stack]<UL><LI>Max Depth = 8<LI>Call Chain = sub_DcMotorDrv_Timer
</UL>
<BR>[Calls]<UL><LI><a href="#[5a]">&gt;&gt;</a>&nbsp;&nbsp;&nbsp;API_Gets1SFlag
</UL>
<BR>[Called By]<UL><LI><a href="#[8c]">&gt;&gt;</a>&nbsp;&nbsp;&nbsp;Handle_DCMotorDrv
</UL>

<P><STRONG><a name="[8c]"></a>Handle_DCMotorDrv</STRONG> (Thumb, 392 bytes, Stack size 8 bytes, dcmotordrv.o(.text))
<BR><BR>[Stack]<UL><LI>Max Depth = 76<LI>Call Chain = Handle_DCMotorDrv &rArr; sub_MotorDrvStart &rArr; T32NxInit &rArr; GPIO_Init &rArr; GPIO_SetSingalTypeFromPin &rArr; GPIO_GetNormalBitOffsetFromPin &rArr; __ARM_common_switch8
</UL>
<BR>[Calls]<UL><LI><a href="#[8d]">&gt;&gt;</a>&nbsp;&nbsp;&nbsp;Fan_OFFctrl
<LI><a href="#[8b]">&gt;&gt;</a>&nbsp;&nbsp;&nbsp;sub_DcMotorDrv_Timer
<LI><a href="#[88]">&gt;&gt;</a>&nbsp;&nbsp;&nbsp;sub_DCMotorSpeedCalc
<LI><a href="#[86]">&gt;&gt;</a>&nbsp;&nbsp;&nbsp;sub_MotorDrvStop
<LI><a href="#[84]">&gt;&gt;</a>&nbsp;&nbsp;&nbsp;sub_MotorDrvStart
<LI><a href="#[83]">&gt;&gt;</a>&nbsp;&nbsp;&nbsp;MotoPwmDutySet
<LI><a href="#[75]">&gt;&gt;</a>&nbsp;&nbsp;&nbsp;DCMotoPower
</UL>
<BR>[Called By]<UL><LI><a href="#[8e]">&gt;&gt;</a>&nbsp;&nbsp;&nbsp;fan
</UL>

<P><STRONG><a name="[90]"></a>sub_DCFanSet</STRONG> (Thumb, 88 bytes, Stack size 0 bytes, dcmotordrv.o(.text))
<BR><BR>[Called By]<UL><LI><a href="#[8e]">&gt;&gt;</a>&nbsp;&nbsp;&nbsp;fan
</UL>

<P><STRONG><a name="[8f]"></a>JudgeAutoFanSpeed</STRONG> (Thumb, 186 bytes, Stack size 0 bytes, dcmotordrv.o(.text))
<BR><BR>[Called By]<UL><LI><a href="#[8e]">&gt;&gt;</a>&nbsp;&nbsp;&nbsp;fan
</UL>

<P><STRONG><a name="[af]"></a>ISR_MOTO_FEEDFACK</STRONG> (Thumb, 60 bytes, Stack size 0 bytes, dcmotordrv.o(.text))
<BR><BR>[Called By]<UL><LI><a href="#[15]">&gt;&gt;</a>&nbsp;&nbsp;&nbsp;KINT_IRQHandler
</UL>

<P><STRONG><a name="[104]"></a>Api_Timer100Us_DCMotorDrv</STRONG> (Thumb, 30 bytes, Stack size 0 bytes, dcmotordrv.o(.text))
<BR><BR>[Called By]<UL><LI><a href="#[ad]">&gt;&gt;</a>&nbsp;&nbsp;&nbsp;ISR_Timer100UsProcess
</UL>

<P><STRONG><a name="[8e]"></a>fan</STRONG> (Thumb, 38 bytes, Stack size 8 bytes, dcmotordrv.o(.text))
<BR><BR>[Stack]<UL><LI>Max Depth = 84<LI>Call Chain = fan &rArr; Handle_DCMotorDrv &rArr; sub_MotorDrvStart &rArr; T32NxInit &rArr; GPIO_Init &rArr; GPIO_SetSingalTypeFromPin &rArr; GPIO_GetNormalBitOffsetFromPin &rArr; __ARM_common_switch8
</UL>
<BR>[Calls]<UL><LI><a href="#[8f]">&gt;&gt;</a>&nbsp;&nbsp;&nbsp;JudgeAutoFanSpeed
<LI><a href="#[90]">&gt;&gt;</a>&nbsp;&nbsp;&nbsp;sub_DCFanSet
<LI><a href="#[8c]">&gt;&gt;</a>&nbsp;&nbsp;&nbsp;Handle_DCMotorDrv
</UL>
<BR>[Called By]<UL><LI><a href="#[20]">&gt;&gt;</a>&nbsp;&nbsp;&nbsp;main
</UL>

<P><STRONG><a name="[12]"></a>T32N0_IRQHandler</STRONG> (Thumb, 24 bytes, Stack size 8 bytes, dcmotordrv.o(.text))
<BR><BR>[Stack]<UL><LI>Max Depth = 8<LI>Call Chain = T32N0_IRQHandler
</UL>
<BR>[Calls]<UL><LI><a href="#[92]">&gt;&gt;</a>&nbsp;&nbsp;&nbsp;T32Nx_ClearITPendingBit
<LI><a href="#[91]">&gt;&gt;</a>&nbsp;&nbsp;&nbsp;T32Nx_GetFlagStatus
</UL>
<BR>[Address Reference Count : 1]<UL><LI> startup_hr8p506.o(RESET)
</UL>
<P><STRONG><a name="[93]"></a>ledOff</STRONG> (Thumb, 46 bytes, Stack size 8 bytes, display.o(.text))
<BR><BR>[Stack]<UL><LI>Max Depth = 28<LI>Call Chain = ledOff &rArr; GPIO_ResetBit &rArr; GPIO_GetNormalBitOffsetFromPin &rArr; __ARM_common_switch8
</UL>
<BR>[Calls]<UL><LI><a href="#[35]">&gt;&gt;</a>&nbsp;&nbsp;&nbsp;GPIO_ResetBit
</UL>
<BR>[Called By]<UL><LI><a href="#[99]">&gt;&gt;</a>&nbsp;&nbsp;&nbsp;display
<LI><a href="#[95]">&gt;&gt;</a>&nbsp;&nbsp;&nbsp;testDis
</UL>

<P><STRONG><a name="[94]"></a>ledAllOn</STRONG> (Thumb, 52 bytes, Stack size 8 bytes, display.o(.text))
<BR><BR>[Stack]<UL><LI>Max Depth = 28<LI>Call Chain = ledAllOn &rArr; GPIO_SetBit &rArr; GPIO_GetNormalBitOffsetFromPin &rArr; __ARM_common_switch8
</UL>
<BR>[Calls]<UL><LI><a href="#[34]">&gt;&gt;</a>&nbsp;&nbsp;&nbsp;GPIO_SetBit
</UL>
<BR>[Called By]<UL><LI><a href="#[bf]">&gt;&gt;</a>&nbsp;&nbsp;&nbsp;powerOnInit
<LI><a href="#[95]">&gt;&gt;</a>&nbsp;&nbsp;&nbsp;testDis
</UL>

<P><STRONG><a name="[95]"></a>testDis</STRONG> (Thumb, 584 bytes, Stack size 8 bytes, display.o(.text))
<BR><BR>[Stack]<UL><LI>Max Depth = 36<LI>Call Chain = testDis &rArr; ledAllOn &rArr; GPIO_SetBit &rArr; GPIO_GetNormalBitOffsetFromPin &rArr; __ARM_common_switch8
</UL>
<BR>[Calls]<UL><LI><a href="#[5a]">&gt;&gt;</a>&nbsp;&nbsp;&nbsp;API_Gets1SFlag
<LI><a href="#[35]">&gt;&gt;</a>&nbsp;&nbsp;&nbsp;GPIO_ResetBit
<LI><a href="#[34]">&gt;&gt;</a>&nbsp;&nbsp;&nbsp;GPIO_SetBit
<LI><a href="#[94]">&gt;&gt;</a>&nbsp;&nbsp;&nbsp;ledAllOn
<LI><a href="#[93]">&gt;&gt;</a>&nbsp;&nbsp;&nbsp;ledOff
</UL>
<BR>[Called By]<UL><LI><a href="#[99]">&gt;&gt;</a>&nbsp;&nbsp;&nbsp;display
</UL>

<P><STRONG><a name="[96]"></a>sleepLedDis</STRONG> (Thumb, 46 bytes, Stack size 8 bytes, display.o(.text))
<BR><BR>[Stack]<UL><LI>Max Depth = 28<LI>Call Chain = sleepLedDis &rArr; GPIO_ResetBit &rArr; GPIO_GetNormalBitOffsetFromPin &rArr; __ARM_common_switch8
</UL>
<BR>[Calls]<UL><LI><a href="#[35]">&gt;&gt;</a>&nbsp;&nbsp;&nbsp;GPIO_ResetBit
<LI><a href="#[34]">&gt;&gt;</a>&nbsp;&nbsp;&nbsp;GPIO_SetBit
</UL>
<BR>[Called By]<UL><LI><a href="#[99]">&gt;&gt;</a>&nbsp;&nbsp;&nbsp;display
</UL>

<P><STRONG><a name="[97]"></a>JudgeRingColour</STRONG> (Thumb, 158 bytes, Stack size 8 bytes, display.o(.text))
<BR><BR>[Stack]<UL><LI>Max Depth = 68<LI>Call Chain = JudgeRingColour &rArr; ringProcess &rArr; RGB_Yellow_Weak &rArr; RGBOn &rArr; RGBProcess &rArr; GPIO_ResetBit &rArr; GPIO_GetNormalBitOffsetFromPin &rArr; __ARM_common_switch8
</UL>
<BR>[Calls]<UL><LI><a href="#[5a]">&gt;&gt;</a>&nbsp;&nbsp;&nbsp;API_Gets1SFlag
<LI><a href="#[98]">&gt;&gt;</a>&nbsp;&nbsp;&nbsp;ringProcess
</UL>
<BR>[Called By]<UL><LI><a href="#[99]">&gt;&gt;</a>&nbsp;&nbsp;&nbsp;display
</UL>

<P><STRONG><a name="[99]"></a>display</STRONG> (Thumb, 1134 bytes, Stack size 8 bytes, display.o(.text))
<BR><BR>[Stack]<UL><LI>Max Depth = 96<LI>Call Chain = display &rArr; getWifiState &rArr; wifiAllDataUpdate &rArr; wifiUpdateFanSpeed &rArr; mcu_dp_enum_update &rArr; wifi_uart_write_frame &rArr; wifi_uart_write_data &rArr; uart_transmit_output &rArr; Uart0Send
</UL>
<BR>[Calls]<UL><LI><a href="#[55]">&gt;&gt;</a>&nbsp;&nbsp;&nbsp;API_Gets20MsFlag
<LI><a href="#[5a]">&gt;&gt;</a>&nbsp;&nbsp;&nbsp;API_Gets1SFlag
<LI><a href="#[35]">&gt;&gt;</a>&nbsp;&nbsp;&nbsp;GPIO_ResetBit
<LI><a href="#[34]">&gt;&gt;</a>&nbsp;&nbsp;&nbsp;GPIO_SetBit
<LI><a href="#[9c]">&gt;&gt;</a>&nbsp;&nbsp;&nbsp;getWifiState
<LI><a href="#[9a]">&gt;&gt;</a>&nbsp;&nbsp;&nbsp;RGBOff
<LI><a href="#[9b]">&gt;&gt;</a>&nbsp;&nbsp;&nbsp;API_Gets500MsFlag
<LI><a href="#[97]">&gt;&gt;</a>&nbsp;&nbsp;&nbsp;JudgeRingColour
<LI><a href="#[96]">&gt;&gt;</a>&nbsp;&nbsp;&nbsp;sleepLedDis
<LI><a href="#[95]">&gt;&gt;</a>&nbsp;&nbsp;&nbsp;testDis
<LI><a href="#[93]">&gt;&gt;</a>&nbsp;&nbsp;&nbsp;ledOff
</UL>
<BR>[Called By]<UL><LI><a href="#[20]">&gt;&gt;</a>&nbsp;&nbsp;&nbsp;main
</UL>

<P><STRONG><a name="[89]"></a>TjFanSpeed</STRONG> (Thumb, 366 bytes, Stack size 32 bytes, fandrv.o(.text))
<BR><BR>[Stack]<UL><LI>Max Depth = 44<LI>Call Chain = TjFanSpeed &rArr; __aeabi_uidivmod
</UL>
<BR>[Calls]<UL><LI><a href="#[46]">&gt;&gt;</a>&nbsp;&nbsp;&nbsp;__aeabi_uidivmod
</UL>
<BR>[Called By]<UL><LI><a href="#[88]">&gt;&gt;</a>&nbsp;&nbsp;&nbsp;sub_DCMotorSpeedCalc
</UL>

<P><STRONG><a name="[8d]"></a>Fan_OFFctrl</STRONG> (Thumb, 22 bytes, Stack size 0 bytes, fandrv.o(.text))
<BR><BR>[Called By]<UL><LI><a href="#[8c]">&gt;&gt;</a>&nbsp;&nbsp;&nbsp;Handle_DCMotorDrv
</UL>

<P><STRONG><a name="[181]"></a>fanMsDly</STRONG> (Thumb, 28 bytes, Stack size 0 bytes, fandrv.o(.text), UNUSED)

<P><STRONG><a name="[9d]"></a>CalFilterRecValEE</STRONG> (Thumb, 78 bytes, Stack size 24 bytes, filter.o(.text))
<BR><BR>[Stack]<UL><LI>Max Depth = 152<LI>Call Chain = CalFilterRecValEE &rArr; __aeabi_dmul &rArr; _double_epilogue &rArr; __aeabi_llsr
</UL>
<BR>[Calls]<UL><LI><a href="#[4b]">&gt;&gt;</a>&nbsp;&nbsp;&nbsp;__aeabi_f2d
<LI><a href="#[48]">&gt;&gt;</a>&nbsp;&nbsp;&nbsp;__aeabi_f2uiz
<LI><a href="#[9e]">&gt;&gt;</a>&nbsp;&nbsp;&nbsp;__aeabi_dmul
<LI><a href="#[9f]">&gt;&gt;</a>&nbsp;&nbsp;&nbsp;__aeabi_d2uiz
<LI><a href="#[46]">&gt;&gt;</a>&nbsp;&nbsp;&nbsp;__aeabi_uidivmod
</UL>
<BR>[Called By]<UL><LI><a href="#[b7]">&gt;&gt;</a>&nbsp;&nbsp;&nbsp;key3Long
<LI><a href="#[a7]">&gt;&gt;</a>&nbsp;&nbsp;&nbsp;iap_init
<LI><a href="#[a3]">&gt;&gt;</a>&nbsp;&nbsp;&nbsp;filterLife
</UL>

<P><STRONG><a name="[a0]"></a>filterPercentCal</STRONG> (Thumb, 76 bytes, Stack size 24 bytes, filter.o(.text))
<BR><BR>[Stack]<UL><LI>Max Depth = 72<LI>Call Chain = filterPercentCal &rArr; __aeabi_ddiv &rArr; _double_round
</UL>
<BR>[Calls]<UL><LI><a href="#[4e]">&gt;&gt;</a>&nbsp;&nbsp;&nbsp;__aeabi_fmul
<LI><a href="#[4b]">&gt;&gt;</a>&nbsp;&nbsp;&nbsp;__aeabi_f2d
<LI><a href="#[4d]">&gt;&gt;</a>&nbsp;&nbsp;&nbsp;__aeabi_d2f
<LI><a href="#[48]">&gt;&gt;</a>&nbsp;&nbsp;&nbsp;__aeabi_f2uiz
<LI><a href="#[a1]">&gt;&gt;</a>&nbsp;&nbsp;&nbsp;__aeabi_ddiv
<LI><a href="#[a2]">&gt;&gt;</a>&nbsp;&nbsp;&nbsp;__aeabi_cdrcmple
</UL>
<BR>[Called By]<UL><LI><a href="#[b7]">&gt;&gt;</a>&nbsp;&nbsp;&nbsp;key3Long
<LI><a href="#[a7]">&gt;&gt;</a>&nbsp;&nbsp;&nbsp;iap_init
<LI><a href="#[a3]">&gt;&gt;</a>&nbsp;&nbsp;&nbsp;filterLife
</UL>

<P><STRONG><a name="[a3]"></a>filterLife</STRONG> (Thumb, 278 bytes, Stack size 24 bytes, filter.o(.text))
<BR><BR>[Stack]<UL><LI>Max Depth = 176<LI>Call Chain = filterLife &rArr; CalFilterRecValEE &rArr; __aeabi_dmul &rArr; _double_epilogue &rArr; __aeabi_llsr
</UL>
<BR>[Calls]<UL><LI><a href="#[5a]">&gt;&gt;</a>&nbsp;&nbsp;&nbsp;API_Gets1SFlag
<LI><a href="#[4b]">&gt;&gt;</a>&nbsp;&nbsp;&nbsp;__aeabi_f2d
<LI><a href="#[4d]">&gt;&gt;</a>&nbsp;&nbsp;&nbsp;__aeabi_d2f
<LI><a href="#[a6]">&gt;&gt;</a>&nbsp;&nbsp;&nbsp;__aeabi_fadd
<LI><a href="#[a5]">&gt;&gt;</a>&nbsp;&nbsp;&nbsp;__aeabi_dadd
<LI><a href="#[a4]">&gt;&gt;</a>&nbsp;&nbsp;&nbsp;__aeabi_cfcmple
<LI><a href="#[a2]">&gt;&gt;</a>&nbsp;&nbsp;&nbsp;__aeabi_cdrcmple
<LI><a href="#[a0]">&gt;&gt;</a>&nbsp;&nbsp;&nbsp;filterPercentCal
<LI><a href="#[9d]">&gt;&gt;</a>&nbsp;&nbsp;&nbsp;CalFilterRecValEE
</UL>
<BR>[Called By]<UL><LI><a href="#[20]">&gt;&gt;</a>&nbsp;&nbsp;&nbsp;main
</UL>

<P><STRONG><a name="[a7]"></a>iap_init</STRONG> (Thumb, 192 bytes, Stack size 24 bytes, filter.o(.text))
<BR><BR>[Stack]<UL><LI>Max Depth = 176<LI>Call Chain = iap_init &rArr; CalFilterRecValEE &rArr; __aeabi_dmul &rArr; _double_epilogue &rArr; __aeabi_llsr
</UL>
<BR>[Calls]<UL><LI><a href="#[4b]">&gt;&gt;</a>&nbsp;&nbsp;&nbsp;__aeabi_f2d
<LI><a href="#[4d]">&gt;&gt;</a>&nbsp;&nbsp;&nbsp;__aeabi_d2f
<LI><a href="#[47]">&gt;&gt;</a>&nbsp;&nbsp;&nbsp;__aeabi_ui2f
<LI><a href="#[a8]">&gt;&gt;</a>&nbsp;&nbsp;&nbsp;IAPRead
<LI><a href="#[a9]">&gt;&gt;</a>&nbsp;&nbsp;&nbsp;IAP_PageProgram
<LI><a href="#[a6]">&gt;&gt;</a>&nbsp;&nbsp;&nbsp;__aeabi_fadd
<LI><a href="#[a1]">&gt;&gt;</a>&nbsp;&nbsp;&nbsp;__aeabi_ddiv
<LI><a href="#[a0]">&gt;&gt;</a>&nbsp;&nbsp;&nbsp;filterPercentCal
<LI><a href="#[9d]">&gt;&gt;</a>&nbsp;&nbsp;&nbsp;CalFilterRecValEE
</UL>
<BR>[Called By]<UL><LI><a href="#[c8]">&gt;&gt;</a>&nbsp;&nbsp;&nbsp;SysInit
</UL>

<P><STRONG><a name="[aa]"></a>iap_write</STRONG> (Thumb, 160 bytes, Stack size 32 bytes, filter.o(.text))
<BR><BR>[Stack]<UL><LI>Max Depth = 72<LI>Call Chain = iap_write &rArr; IAP_PageProgram
</UL>
<BR>[Calls]<UL><LI><a href="#[a8]">&gt;&gt;</a>&nbsp;&nbsp;&nbsp;IAPRead
<LI><a href="#[a9]">&gt;&gt;</a>&nbsp;&nbsp;&nbsp;IAP_PageProgram
</UL>
<BR>[Called By]<UL><LI><a href="#[20]">&gt;&gt;</a>&nbsp;&nbsp;&nbsp;main
</UL>

<P><STRONG><a name="[1]"></a>NMI_IRQHandler</STRONG> (Thumb, 2 bytes, Stack size 0 bytes, irqhandler.o(.text))
<BR>[Address Reference Count : 1]<UL><LI> startup_hr8p506.o(RESET)
</UL>
<P><STRONG><a name="[2]"></a>HardFault_IRQHandler</STRONG> (Thumb, 4 bytes, Stack size 0 bytes, irqhandler.o(.text))
<BR>[Address Reference Count : 1]<UL><LI> startup_hr8p506.o(RESET)
</UL>
<P><STRONG><a name="[3]"></a>SVC_IRQHandler</STRONG> (Thumb, 2 bytes, Stack size 0 bytes, irqhandler.o(.text))
<BR>[Address Reference Count : 1]<UL><LI> startup_hr8p506.o(RESET)
</UL>
<P><STRONG><a name="[4]"></a>PendSV_IRQHandler</STRONG> (Thumb, 2 bytes, Stack size 0 bytes, irqhandler.o(.text))
<BR>[Address Reference Count : 1]<UL><LI> startup_hr8p506.o(RESET)
</UL>
<P><STRONG><a name="[5]"></a>SysTick_IRQHandler</STRONG> (Thumb, 2 bytes, Stack size 0 bytes, irqhandler.o(.text))
<BR>[Address Reference Count : 1]<UL><LI> startup_hr8p506.o(RESET)
</UL>
<P><STRONG><a name="[e]"></a>T16N0_IRQHandler</STRONG> (Thumb, 28 bytes, Stack size 8 bytes, irqhandler.o(.text))
<BR><BR>[Stack]<UL><LI>Max Depth = 56<LI>Call Chain = T16N0_IRQHandler &rArr; ISR_Timer100UsProcess &rArr; Api_Timer100Us_Smell &rArr; HW_IORead_Smell &rArr; GPIO_ReadBit &rArr; GPIO_GetNormalBitOffsetFromPin &rArr; __ARM_common_switch8
</UL>
<BR>[Calls]<UL><LI><a href="#[ac]">&gt;&gt;</a>&nbsp;&nbsp;&nbsp;T16Nx_ClearITPendingBit
<LI><a href="#[ab]">&gt;&gt;</a>&nbsp;&nbsp;&nbsp;T16Nx_GetFlagStatus
<LI><a href="#[ad]">&gt;&gt;</a>&nbsp;&nbsp;&nbsp;ISR_Timer100UsProcess
</UL>
<BR>[Address Reference Count : 1]<UL><LI> startup_hr8p506.o(RESET)
</UL>
<P><STRONG><a name="[10]"></a>T16N2_IRQHandler</STRONG> (Thumb, 28 bytes, Stack size 8 bytes, irqhandler.o(.text))
<BR><BR>[Stack]<UL><LI>Max Depth = 16<LI>Call Chain = T16N2_IRQHandler &rArr; ISR_Timer1MsProcess
</UL>
<BR>[Calls]<UL><LI><a href="#[ac]">&gt;&gt;</a>&nbsp;&nbsp;&nbsp;T16Nx_ClearITPendingBit
<LI><a href="#[ab]">&gt;&gt;</a>&nbsp;&nbsp;&nbsp;T16Nx_GetFlagStatus
<LI><a href="#[ae]">&gt;&gt;</a>&nbsp;&nbsp;&nbsp;ISR_Timer1MsProcess
</UL>
<BR>[Address Reference Count : 1]<UL><LI> startup_hr8p506.o(RESET)
</UL>
<P><STRONG><a name="[15]"></a>KINT_IRQHandler</STRONG> (Thumb, 44 bytes, Stack size 8 bytes, irqhandler.o(.text))
<BR><BR>[Stack]<UL><LI>Max Depth = 56<LI>Call Chain = KINT_IRQHandler &rArr; ISR_INTC1 &rArr; HW_IORead_Smell &rArr; GPIO_ReadBit &rArr; GPIO_GetNormalBitOffsetFromPin &rArr; __ARM_common_switch8
</UL>
<BR>[Calls]<UL><LI><a href="#[44]">&gt;&gt;</a>&nbsp;&nbsp;&nbsp;KINT_GetITFlag
<LI><a href="#[43]">&gt;&gt;</a>&nbsp;&nbsp;&nbsp;KINT_ClearITFlag
<LI><a href="#[b0]">&gt;&gt;</a>&nbsp;&nbsp;&nbsp;ISR_INTC1
<LI><a href="#[af]">&gt;&gt;</a>&nbsp;&nbsp;&nbsp;ISR_MOTO_FEEDFACK
</UL>
<BR>[Address Reference Count : 1]<UL><LI> startup_hr8p506.o(RESET)
</UL>
<P><STRONG><a name="[b1]"></a>key1Short</STRONG> (Thumb, 232 bytes, Stack size 8 bytes, key.o(.text))
<BR><BR>[Stack]<UL><LI>Max Depth = 20<LI>Call Chain = key1Short &rArr; buzz_tone &rArr; __ARM_common_switch8
</UL>
<BR>[Calls]<UL><LI><a href="#[b2]">&gt;&gt;</a>&nbsp;&nbsp;&nbsp;powerOffDeal
<LI><a href="#[73]">&gt;&gt;</a>&nbsp;&nbsp;&nbsp;buzz_tone
</UL>
<BR>[Called By]<UL><LI><a href="#[ba]">&gt;&gt;</a>&nbsp;&nbsp;&nbsp;keyShort
</UL>

<P><STRONG><a name="[b3]"></a>key2Short</STRONG> (Thumb, 196 bytes, Stack size 8 bytes, key.o(.text))
<BR><BR>[Stack]<UL><LI>Max Depth = 20<LI>Call Chain = key2Short &rArr; buzz_tone &rArr; __ARM_common_switch8
</UL>
<BR>[Calls]<UL><LI><a href="#[73]">&gt;&gt;</a>&nbsp;&nbsp;&nbsp;buzz_tone
</UL>
<BR>[Called By]<UL><LI><a href="#[ba]">&gt;&gt;</a>&nbsp;&nbsp;&nbsp;keyShort
</UL>

<P><STRONG><a name="[b4]"></a>key3Short</STRONG> (Thumb, 202 bytes, Stack size 8 bytes, key.o(.text))
<BR><BR>[Stack]<UL><LI>Max Depth = 20<LI>Call Chain = key3Short &rArr; buzz_tone &rArr; __ARM_common_switch8
</UL>
<BR>[Calls]<UL><LI><a href="#[73]">&gt;&gt;</a>&nbsp;&nbsp;&nbsp;buzz_tone
</UL>
[...]
</UL>
<BR>[Calls]<UL><LI><a href="#[46]">&gt;&gt;</a>&nbsp;&nbsp;&nbsp;__aeabi_uidivmod
</UL>
<BR>[Called By]<UL><LI><a href="#[71]">&gt;&gt;</a>&nbsp;&nbsp;&nbsp;buzz_int_10ms
</UL>

<P><STRONG><a name="[a6]"></a>__aeabi_fadd</STRONG> (Thumb, 162 bytes, Stack size 24 bytes, fadd.o(.text))
<BR><BR>[Stack]<UL><LI>Max Depth = 36<LI>Call Chain = __aeabi_fadd &rArr; _float_epilogue
</UL>
<BR>[Calls]<UL><LI><a href="#[134]">&gt;&gt;</a>&nbsp;&nbsp;&nbsp;_float_round
<LI><a href="#[133]">&gt;&gt;</a>&nbsp;&nbsp;&nbsp;_float_epilogue
</UL>
<BR>[Called By]<UL><LI><a href="#[a7]">&gt;&gt;</a>&nbsp;&nbsp;&nbsp;iap_init
<LI><a href="#[a3]">&gt;&gt;</a>&nbsp;&nbsp;&nbsp;filterLife
<LI><a href="#[136]">&gt;&gt;</a>&nbsp;&nbsp;&nbsp;__aeabi_frsub
<LI><a href="#[135]">&gt;&gt;</a>&nbsp;&nbsp;&nbsp;__aeabi_fsub
</UL>

<P><STRONG><a name="[135]"></a>__aeabi_fsub</STRONG> (Thumb, 8 bytes, Stack size 0 bytes, fadd.o(.text), UNUSED)
<BR><BR>[Calls]<UL><LI><a href="#[a6]">&gt;&gt;</a>&nbsp;&nbsp;&nbsp;__aeabi_fadd
</UL>

<P><STRONG><a name="[136]"></a>__aeabi_frsub</STRONG> (Thumb, 8 bytes, Stack size 0 bytes, fadd.o(.text), UNUSED)
<BR><BR>[Calls]<UL><LI><a href="#[a6]">&gt;&gt;</a>&nbsp;&nbsp;&nbsp;__aeabi_fadd
</UL>

<P><STRONG><a name="[4e]"></a>__aeabi_fmul</STRONG> (Thumb, 122 bytes, Stack size 16 bytes, fmul.o(.text))
<BR><BR>[Stack]<UL><LI>Max Depth = 16<LI>Call Chain = __aeabi_fmul
</UL>
<BR>[Called By]<UL><LI><a href="#[49]">&gt;&gt;</a>&nbsp;&nbsp;&nbsp;UART_Init
<LI><a href="#[a0]">&gt;&gt;</a>&nbsp;&nbsp;&nbsp;filterPercentCal
</UL>

<P><STRONG><a name="[4a]"></a>__aeabi_fdiv</STRONG> (Thumb, 128 bytes, Stack size 16 bytes, fdiv.o(.text))
<BR><BR>[Stack]<UL><LI>Max Depth = 16<LI>Call Chain = __aeabi_fdiv
</UL>
<BR>[Calls]<UL><LI><a href="#[134]">&gt;&gt;</a>&nbsp;&nbsp;&nbsp;_float_round
</UL>
<BR>[Called By]<UL><LI><a href="#[49]">&gt;&gt;</a>&nbsp;&nbsp;&nbsp;UART_Init
</UL>

<P><STRONG><a name="[a5]"></a>__aeabi_dadd</STRONG> (Thumb, 326 bytes, Stack size 48 bytes, dadd.o(.text))
<BR><BR>[Stack]<UL><LI>Max Depth = 104<LI>Call Chain = __aeabi_dadd &rArr; _double_epilogue &rArr; __aeabi_llsr
</UL>
<BR>[Calls]<UL><LI><a href="#[138]">&gt;&gt;</a>&nbsp;&nbsp;&nbsp;__aeabi_lasr
<LI><a href="#[137]">&gt;&gt;</a>&nbsp;&nbsp;&nbsp;__aeabi_llsl
<LI><a href="#[13a]">&gt;&gt;</a>&nbsp;&nbsp;&nbsp;_double_round
<LI><a href="#[139]">&gt;&gt;</a>&nbsp;&nbsp;&nbsp;_double_epilogue
</UL>
<BR>[Called By]<UL><LI><a href="#[a3]">&gt;&gt;</a>&nbsp;&nbsp;&nbsp;filterLife
<LI><a href="#[13c]">&gt;&gt;</a>&nbsp;&nbsp;&nbsp;__aeabi_drsub
<LI><a href="#[13b]">&gt;&gt;</a>&nbsp;&nbsp;&nbsp;__aeabi_dsub
</UL>

<P><STRONG><a name="[13b]"></a>__aeabi_dsub</STRONG> (Thumb, 12 bytes, Stack size 8 bytes, dadd.o(.text), UNUSED)
<BR><BR>[Calls]<UL><LI><a href="#[a5]">&gt;&gt;</a>&nbsp;&nbsp;&nbsp;__aeabi_dadd
</UL>

<P><STRONG><a name="[13c]"></a>__aeabi_drsub</STRONG> (Thumb, 12 bytes, Stack size 8 bytes, dadd.o(.text), UNUSED)
<BR><BR>[Calls]<UL><LI><a href="#[a5]">&gt;&gt;</a>&nbsp;&nbsp;&nbsp;__aeabi_dadd
</UL>

<P><STRONG><a name="[9e]"></a>__aeabi_dmul</STRONG> (Thumb, 202 bytes, Stack size 72 bytes, dmul.o(.text))
<BR><BR>[Stack]<UL><LI>Max Depth = 128<LI>Call Chain = __aeabi_dmul &rArr; _double_epilogue &rArr; __aeabi_llsr
</UL>
<BR>[Calls]<UL><LI><a href="#[139]">&gt;&gt;</a>&nbsp;&nbsp;&nbsp;_double_epilogue
</UL>
<BR>[Called By]<UL><LI><a href="#[9d]">&gt;&gt;</a>&nbsp;&nbsp;&nbsp;CalFilterRecValEE
</UL>

<P><STRONG><a name="[a1]"></a>__aeabi_ddiv</STRONG> (Thumb, 234 bytes, Stack size 40 bytes, ddiv.o(.text))
<BR><BR>[Stack]<UL><LI>Max Depth = 48<LI>Call Chain = __aeabi_ddiv &rArr; _double_round
</UL>
<BR>[Calls]<UL><LI><a href="#[13a]">&gt;&gt;</a>&nbsp;&nbsp;&nbsp;_double_round
</UL>
<BR>[Called By]<UL><LI><a href="#[a7]">&gt;&gt;</a>&nbsp;&nbsp;&nbsp;iap_init
<LI><a href="#[a0]">&gt;&gt;</a>&nbsp;&nbsp;&nbsp;filterPercentCal
</UL>

<P><STRONG><a name="[47]"></a>__aeabi_ui2f</STRONG> (Thumb, 14 bytes, Stack size 8 bytes, ffltui.o(.text))
<BR><BR>[Stack]<UL><LI>Max Depth = 20<LI>Call Chain = __aeabi_ui2f &rArr; _float_epilogue
</UL>
<BR>[Calls]<UL><LI><a href="#[133]">&gt;&gt;</a>&nbsp;&nbsp;&nbsp;_float_epilogue
</UL>
<BR>[Called By]<UL><LI><a href="#[49]">&gt;&gt;</a>&nbsp;&nbsp;&nbsp;UART_Init
<LI><a href="#[45]">&gt;&gt;</a>&nbsp;&nbsp;&nbsp;BUZC_Frequence
<LI><a href="#[a7]">&gt;&gt;</a>&nbsp;&nbsp;&nbsp;iap_init
</UL>

<P><STRONG><a name="[48]"></a>__aeabi_f2uiz</STRONG> (Thumb, 42 bytes, Stack size 0 bytes, ffixui.o(.text))
<BR><BR>[Called By]<UL><LI><a href="#[49]">&gt;&gt;</a>&nbsp;&nbsp;&nbsp;UART_Init
<LI><a href="#[45]">&gt;&gt;</a>&nbsp;&nbsp;&nbsp;BUZC_Frequence
<LI><a href="#[a0]">&gt;&gt;</a>&nbsp;&nbsp;&nbsp;filterPercentCal
<LI><a href="#[9d]">&gt;&gt;</a>&nbsp;&nbsp;&nbsp;CalFilterRecValEE
</UL>

<P><STRONG><a name="[9f]"></a>__aeabi_d2uiz</STRONG> (Thumb, 50 bytes, Stack size 8 bytes, dfixui.o(.text))
<BR><BR>[Stack]<UL><LI>Max Depth = 16<LI>Call Chain = __aeabi_d2uiz &rArr; __aeabi_llsr
</UL>
<BR>[Calls]<UL><LI><a href="#[13d]">&gt;&gt;</a>&nbsp;&nbsp;&nbsp;__aeabi_llsr
</UL>
<BR>[Called By]<UL><LI><a href="#[9d]">&gt;&gt;</a>&nbsp;&nbsp;&nbsp;CalFilterRecValEE
</UL>

<P><STRONG><a name="[4b]"></a>__aeabi_f2d</STRONG> (Thumb, 40 bytes, Stack size 0 bytes, f2d.o(.text))
<BR><BR>[Called By]<UL><LI><a href="#[49]">&gt;&gt;</a>&nbsp;&nbsp;&nbsp;UART_Init
<LI><a href="#[a7]">&gt;&gt;</a>&nbsp;&nbsp;&nbsp;iap_init
<LI><a href="#[a3]">&gt;&gt;</a>&nbsp;&nbsp;&nbsp;filterLife
<LI><a href="#[a0]">&gt;&gt;</a>&nbsp;&nbsp;&nbsp;filterPercentCal
<LI><a href="#[9d]">&gt;&gt;</a>&nbsp;&nbsp;&nbsp;CalFilterRecValEE
</UL>

<P><STRONG><a name="[192]"></a>__aeabi_cdcmpeq</STRONG> (Thumb, 0 bytes, Stack size 0 bytes, cdcmple.o(.text), UNUSED)

<P><STRONG><a name="[4c]"></a>__aeabi_cdcmple</STRONG> (Thumb, 38 bytes, Stack size 0 bytes, cdcmple.o(.text))
<BR><BR>[Called By]<UL><LI><a href="#[49]">&gt;&gt;</a>&nbsp;&nbsp;&nbsp;UART_Init
</UL>

<P><STRONG><a name="[a2]"></a>__aeabi_cdrcmple</STRONG> (Thumb, 38 bytes, Stack size 0 bytes, cdrcmple.o(.text))
<BR><BR>[Called By]<UL><LI><a href="#[a3]">&gt;&gt;</a>&nbsp;&nbsp;&nbsp;filterLife
<LI><a href="#[a0]">&gt;&gt;</a>&nbsp;&nbsp;&nbsp;filterPercentCal
</UL>

<P><STRONG><a name="[4d]"></a>__aeabi_d2f</STRONG> (Thumb, 56 bytes, Stack size 8 bytes, d2f.o(.text))
<BR><BR>[Stack]<UL><LI>Max Depth = 8<LI>Call Chain = __aeabi_d2f
</UL>
<BR>[Calls]<UL><LI><a href="#[134]">&gt;&gt;</a>&nbsp;&nbsp;&nbsp;_float_round
</UL>
<BR>[Called By]<UL><LI><a href="#[49]">&gt;&gt;</a>&nbsp;&nbsp;&nbsp;UART_Init
<LI><a href="#[a7]">&gt;&gt;</a>&nbsp;&nbsp;&nbsp;iap_init
<LI><a href="#[a3]">&gt;&gt;</a>&nbsp;&nbsp;&nbsp;filterLife
<LI><a href="#[a0]">&gt;&gt;</a>&nbsp;&nbsp;&nbsp;filterPercentCal
</UL>

<P><STRONG><a name="[193]"></a>__aeabi_cfcmpeq</STRONG> (Thumb, 0 bytes, Stack size 0 bytes, cfcmple.o(.text), UNUSED)

<P><STRONG><a name="[a4]"></a>__aeabi_cfcmple</STRONG> (Thumb, 20 bytes, Stack size 0 bytes, cfcmple.o(.text))
<BR><BR>[Called By]<UL><LI><a href="#[a3]">&gt;&gt;</a>&nbsp;&nbsp;&nbsp;filterLife
</UL>

<P><STRONG><a name="[137]"></a>__aeabi_llsl</STRONG> (Thumb, 32 bytes, Stack size 8 bytes, llshl.o(.text))
<BR><BR>[Stack]<UL><LI>Max Depth = 8<LI>Call Chain = __aeabi_llsl
</UL>
<BR>[Called By]<UL><LI><a href="#[a5]">&gt;&gt;</a>&nbsp;&nbsp;&nbsp;__aeabi_dadd
<LI><a href="#[139]">&gt;&gt;</a>&nbsp;&nbsp;&nbsp;_double_epilogue
</UL>

<P><STRONG><a name="[194]"></a>_ll_shift_l</STRONG> (Thumb, 0 bytes, Stack size 8 bytes, llshl.o(.text), UNUSED)

<P><STRONG><a name="[13d]"></a>__aeabi_llsr</STRONG> (Thumb, 34 bytes, Stack size 8 bytes, llushr.o(.text))
<BR><BR>[Stack]<UL><LI>Max Depth = 8<LI>Call Chain = __aeabi_llsr
</UL>
<BR>[Called By]<UL><LI><a href="#[9f]">&gt;&gt;</a>&nbsp;&nbsp;&nbsp;__aeabi_d2uiz
<LI><a href="#[139]">&gt;&gt;</a>&nbsp;&nbsp;&nbsp;_double_epilogue
</UL>

<P><STRONG><a name="[195]"></a>_ll_ushift_r</STRONG> (Thumb, 0 bytes, Stack size 8 bytes, llushr.o(.text), UNUSED)

<P><STRONG><a name="[138]"></a>__aeabi_lasr</STRONG> (Thumb, 38 bytes, Stack size 8 bytes, llsshr.o(.text))
<BR><BR>[Stack]<UL><LI>Max Depth = 8<LI>Call Chain = __aeabi_lasr
</UL>
<BR>[Called By]<UL><LI><a href="#[a5]">&gt;&gt;</a>&nbsp;&nbsp;&nbsp;__aeabi_dadd
</UL>

<P><STRONG><a name="[196]"></a>_ll_sshift_r</STRONG> (Thumb, 0 bytes, Stack size 8 bytes, llsshr.o(.text), UNUSED)

<P><STRONG><a name="[197]"></a>__I$use$fp</STRONG> (Thumb, 0 bytes, Stack size 0 bytes, iusefp.o(.text), UNUSED)

<P><STRONG><a name="[134]"></a>_float_round</STRONG> (Thumb, 16 bytes, Stack size 0 bytes, fepilogue.o(.text))
<BR><BR>[Called By]<UL><LI><a href="#[4a]">&gt;&gt;</a>&nbsp;&nbsp;&nbsp;__aeabi_fdiv
<LI><a href="#[4d]">&gt;&gt;</a>&nbsp;&nbsp;&nbsp;__aeabi_d2f
<LI><a href="#[a6]">&gt;&gt;</a>&nbsp;&nbsp;&nbsp;__aeabi_fadd
</UL>

<P><STRONG><a name="[133]"></a>_float_epilogue</STRONG> (Thumb, 116 bytes, Stack size 12 bytes, fepilogue.o(.text))
<BR><BR>[Stack]<UL><LI>Max Depth = 12<LI>Call Chain = _float_epilogue
</UL>
<BR>[Called By]<UL><LI><a href="#[47]">&gt;&gt;</a>&nbsp;&nbsp;&nbsp;__aeabi_ui2f
<LI><a href="#[a6]">&gt;&gt;</a>&nbsp;&nbsp;&nbsp;__aeabi_fadd
</UL>

<P><STRONG><a name="[13a]"></a>_double_round</STRONG> (Thumb, 26 bytes, Stack size 8 bytes, depilogue.o(.text))
<BR><BR>[Stack]<UL><LI>Max Depth = 8<LI>Call Chain = _double_round
</UL>
<BR>[Called By]<UL><LI><a href="#[a1]">&gt;&gt;</a>&nbsp;&nbsp;&nbsp;__aeabi_ddiv
<LI><a href="#[a5]">&gt;&gt;</a>&nbsp;&nbsp;&nbsp;__aeabi_dadd
<LI><a href="#[139]">&gt;&gt;</a>&nbsp;&nbsp;&nbsp;_double_epilogue
</UL>

<P><STRONG><a name="[139]"></a>_double_epilogue</STRONG> (Thumb, 166 bytes, Stack size 48 bytes, depilogue.o(.text))
<BR><BR>[Stack]<UL><LI>Max Depth = 56<LI>Call Chain = _double_epilogue &rArr; __aeabi_llsr
</UL>
<BR>[Calls]<UL><LI><a href="#[13e]">&gt;&gt;</a>&nbsp;&nbsp;&nbsp;__ARM_clz
<LI><a href="#[13d]">&gt;&gt;</a>&nbsp;&nbsp;&nbsp;__aeabi_llsr
<LI><a href="#[137]">&gt;&gt;</a>&nbsp;&nbsp;&nbsp;__aeabi_llsl
<LI><a href="#[13a]">&gt;&gt;</a>&nbsp;&nbsp;&nbsp;_double_round
</UL>
<BR>[Called By]<UL><LI><a href="#[9e]">&gt;&gt;</a>&nbsp;&nbsp;&nbsp;__aeabi_dmul
<LI><a href="#[a5]">&gt;&gt;</a>&nbsp;&nbsp;&nbsp;__aeabi_dadd
</UL>

<P><STRONG><a name="[25]"></a>__scatterload</STRONG> (Thumb, 28 bytes, Stack size 0 bytes, init.o(.text))
<BR><BR>[Calls]<UL><LI><a href="#[13f]">&gt;&gt;</a>&nbsp;&nbsp;&nbsp;__main_after_scatterload
</UL>
<BR>[Called By]<UL><LI><a href="#[24]">&gt;&gt;</a>&nbsp;&nbsp;&nbsp;_main_scatterload
</UL>

<P><STRONG><a name="[198]"></a>__scatterload_rt2</STRONG> (Thumb, 0 bytes, Stack size 0 bytes, init.o(.text), UNUSED)

<P><STRONG><a name="[199]"></a>__decompress</STRONG> (Thumb, 0 bytes, Stack size unknown bytes, __dczerorl.o(.text), UNUSED)

<P><STRONG><a name="[19a]"></a>__decompress0</STRONG> (Thumb, 58 bytes, Stack size unknown bytes, __dczerorl.o(.text), UNUSED)

<P><STRONG><a name="[13e]"></a>__ARM_clz</STRONG> (Thumb, 46 bytes, Stack size 0 bytes, depilogue.o(i.__ARM_clz))
<BR><BR>[Called By]<UL><LI><a href="#[139]">&gt;&gt;</a>&nbsp;&nbsp;&nbsp;_double_epilogue
</UL>

<P><STRONG><a name="[29]"></a>__ARM_common_switch8</STRONG> (Thumb, 28 bytes, Stack size 8 bytes, lib_gpio.o(i.__ARM_common_switch8))
<BR><BR>[Stack]<UL><LI>Max Depth = 8<LI>Call Chain = __ARM_common_switch8
</UL>
<BR>[Called By]<UL><LI><a href="#[56]">&gt;&gt;</a>&nbsp;&nbsp;&nbsp;keyProcess
<LI><a href="#[40]">&gt;&gt;</a>&nbsp;&nbsp;&nbsp;KINT_GetSelxIndexFromPin
<LI><a href="#[3f]">&gt;&gt;</a>&nbsp;&nbsp;&nbsp;KINT_SetTriggerStyleFromPin
<LI><a href="#[3e]">&gt;&gt;</a>&nbsp;&nbsp;&nbsp;KINT_GetKINTxIndexFromPin
<LI><a href="#[39]">&gt;&gt;</a>&nbsp;&nbsp;&nbsp;PINT_GetSELxIndexFromPin
<LI><a href="#[38]">&gt;&gt;</a>&nbsp;&nbsp;&nbsp;PINT_SetTriggerStyleFromPin
<LI><a href="#[37]">&gt;&gt;</a>&nbsp;&nbsp;&nbsp;PINT_GetPINTxIndexFromPin
<LI><a href="#[2a]">&gt;&gt;</a>&nbsp;&nbsp;&nbsp;GPIO_GetNormalBitOffsetFromPin
<LI><a href="#[28]">&gt;&gt;</a>&nbsp;&nbsp;&nbsp;GPIO_SetFuncxRegFromPin
<LI><a href="#[e3]">&gt;&gt;</a>&nbsp;&nbsp;&nbsp;sub_Uart1_Tx
<LI><a href="#[e2]">&gt;&gt;</a>&nbsp;&nbsp;&nbsp;sub_Uart1_Rx
<LI><a href="#[73]">&gt;&gt;</a>&nbsp;&nbsp;&nbsp;buzz_tone
<LI><a href="#[71]">&gt;&gt;</a>&nbsp;&nbsp;&nbsp;buzz_int_10ms
<LI><a href="#[11f]">&gt;&gt;</a>&nbsp;&nbsp;&nbsp;data_handle
</UL>

<P><STRONG><a name="[19b]"></a>__scatterload_copy</STRONG> (Thumb, 14 bytes, Stack size unknown bytes, handlers.o(i.__scatterload_copy), UNUSED)

<P><STRONG><a name="[19c]"></a>__scatterload_null</STRONG> (Thumb, 2 bytes, Stack size unknown bytes, handlers.o(i.__scatterload_null), UNUSED)

<P><STRONG><a name="[19d]"></a>__scatterload_zeroinit</STRONG> (Thumb, 14 bytes, Stack size unknown bytes, handlers.o(i.__scatterload_zeroinit), UNUSED)
<P>
<H3>
Local Symbols
</H3>
<P><STRONG><a name="[d4]"></a>wifiLedSmartFlash</STRONG> (Thumb, 52 bytes, Stack size 8 bytes, mywifi.o(.text))
<BR><BR>[Stack]<UL><LI>Max Depth = 8<LI>Call Chain = wifiLedSmartFlash
</UL>
<BR>[Calls]<UL><LI><a href="#[55]">&gt;&gt;</a>&nbsp;&nbsp;&nbsp;API_Gets20MsFlag
</UL>
<BR>[Called By]<UL><LI><a href="#[9c]">&gt;&gt;</a>&nbsp;&nbsp;&nbsp;getWifiState
</UL>

<P><STRONG><a name="[105]"></a>sub_Timer20Ms</STRONG> (Thumb, 48 bytes, Stack size 0 bytes, timer.o(.text))
<BR><BR>[Called By]<UL><LI><a href="#[cf]">&gt;&gt;</a>&nbsp;&nbsp;&nbsp;TimerProcess
</UL>

<P><STRONG><a name="[106]"></a>sub_Timer100Ms</STRONG> (Thumb, 48 bytes, Stack size 0 bytes, timer.o(.text))
<BR><BR>[Called By]<UL><LI><a href="#[cf]">&gt;&gt;</a>&nbsp;&nbsp;&nbsp;TimerProcess
</UL>

<P><STRONG><a name="[107]"></a>sub_Timer500Ms</STRONG> (Thumb, 50 bytes, Stack size 0 bytes, timer.o(.text))
<BR><BR>[Called By]<UL><LI><a href="#[cf]">&gt;&gt;</a>&nbsp;&nbsp;&nbsp;TimerProcess
</UL>

<P><STRONG><a name="[108]"></a>sub_Timer1S</STRONG> (Thumb, 50 bytes, Stack size 0 bytes, timer.o(.text))
<BR><BR>[Called By]<UL><LI><a href="#[cf]">&gt;&gt;</a>&nbsp;&nbsp;&nbsp;TimerProcess
</UL>

<P><STRONG><a name="[109]"></a>sub_Timer1Min</STRONG> (Thumb, 62 bytes, Stack size 0 bytes, timer.o(.text))
<BR><BR>[Called By]<UL><LI><a href="#[cf]">&gt;&gt;</a>&nbsp;&nbsp;&nbsp;TimerProcess
</UL>

<P><STRONG><a name="[10a]"></a>sub_Timer30Min</STRONG> (Thumb, 62 bytes, Stack size 0 bytes, timer.o(.text))
<BR><BR>[Called By]<UL><LI><a href="#[cf]">&gt;&gt;</a>&nbsp;&nbsp;&nbsp;TimerProcess
</UL>

<P><STRONG><a name="[123]"></a>dp_download_switch_handle</STRONG> (Thumb, 88 bytes, Stack size 24 bytes, protocol.o(.text))
<BR><BR>[Stack]<UL><LI>Max Depth = 88<LI>Call Chain = dp_download_switch_handle &rArr; mcu_dp_bool_update &rArr; wifi_uart_write_frame &rArr; wifi_uart_write_data &rArr; uart_transmit_output &rArr; Uart0Send
</UL>
<BR>[Calls]<UL><LI><a href="#[db]">&gt;&gt;</a>&nbsp;&nbsp;&nbsp;mcu_dp_bool_update
<LI><a href="#[b2]">&gt;&gt;</a>&nbsp;&nbsp;&nbsp;powerOffDeal
<LI><a href="#[124]">&gt;&gt;</a>&nbsp;&nbsp;&nbsp;mcu_get_dp_download_bool
</UL>
<BR>[Called By]<UL><LI><a href="#[129]">&gt;&gt;</a>&nbsp;&nbsp;&nbsp;dp_download_handle
</UL>

<P><STRONG><a name="[125]"></a>dp_download_mode_handle</STRONG> (Thumb, 94 bytes, Stack size 24 bytes, protocol.o(.text))
<BR><BR>[Stack]<UL><LI>Max Depth = 88<LI>Call Chain = dp_download_mode_handle &rArr; mcu_dp_enum_update &rArr; wifi_uart_write_frame &rArr; wifi_uart_write_data &rArr; uart_transmit_output &rArr; Uart0Send
</UL>
<BR>[Calls]<UL><LI><a href="#[d7]">&gt;&gt;</a>&nbsp;&nbsp;&nbsp;mcu_dp_enum_update
<LI><a href="#[126]">&gt;&gt;</a>&nbsp;&nbsp;&nbsp;mcu_get_dp_download_enum
</UL>
<BR>[Called By]<UL><LI><a href="#[129]">&gt;&gt;</a>&nbsp;&nbsp;&nbsp;dp_download_handle
</UL>

<P><STRONG><a name="[127]"></a>dp_download_speed_handle</STRONG> (Thumb, 112 bytes, Stack size 24 bytes, protocol.o(.text))
<BR><BR>[Stack]<UL><LI>Max Depth = 88<LI>Call Chain = dp_download_speed_handle &rArr; mcu_dp_enum_update &rArr; wifi_uart_write_frame &rArr; wifi_uart_write_data &rArr; uart_transmit_output &rArr; Uart0Send
</UL>
<BR>[Calls]<UL><LI><a href="#[d7]">&gt;&gt;</a>&nbsp;&nbsp;&nbsp;mcu_dp_enum_update
<LI><a href="#[126]">&gt;&gt;</a>&nbsp;&nbsp;&nbsp;mcu_get_dp_download_enum
</UL>
<BR>[Called By]<UL><LI><a href="#[129]">&gt;&gt;</a>&nbsp;&nbsp;&nbsp;dp_download_handle
</UL>

<P><STRONG><a name="[128]"></a>dp_download_anion_handle</STRONG> (Thumb, 68 bytes, Stack size 24 bytes, protocol.o(.text))
<BR><BR>[Stack]<UL><LI>Max Depth = 88<LI>Call Chain = dp_download_anion_handle &rArr; mcu_dp_bool_update &rArr; wifi_uart_write_frame &rArr; wifi_uart_write_data &rArr; uart_transmit_output &rArr; Uart0Send
</UL>
<BR>[Calls]<UL><LI><a href="#[db]">&gt;&gt;</a>&nbsp;&nbsp;&nbsp;mcu_dp_bool_update
<LI><a href="#[124]">&gt;&gt;</a>&nbsp;&nbsp;&nbsp;mcu_get_dp_download_bool
</UL>
<BR>[Called By]<UL><LI><a href="#[129]">&gt;&gt;</a>&nbsp;&nbsp;&nbsp;dp_download_handle
</UL>

<P><STRONG><a name="[12a]"></a>wifi_uart_write_data</STRONG> (Thumb, 40 bytes, Stack size 16 bytes, system.o(.text))
<BR><BR>[Stack]<UL><LI>Max Depth = 32<LI>Call Chain = wifi_uart_write_data &rArr; uart_transmit_output &rArr; Uart0Send
</UL>
<BR>[Calls]<UL><LI><a href="#[121]">&gt;&gt;</a>&nbsp;&nbsp;&nbsp;uart_transmit_output
</UL>
<BR>[Called By]<UL><LI><a href="#[115]">&gt;&gt;</a>&nbsp;&nbsp;&nbsp;wifi_uart_write_frame
</UL>

<P><STRONG><a name="[12b]"></a>heat_beat_check</STRONG> (Thumb, 50 bytes, Stack size 8 bytes, system.o(.text))
<BR><BR>[Stack]<UL><LI>Max Depth = 56<LI>Call Chain = heat_beat_check &rArr; wifi_uart_write_frame &rArr; wifi_uart_write_data &rArr; uart_transmit_output &rArr; Uart0Send
</UL>
<BR>[Calls]<UL><LI><a href="#[115]">&gt;&gt;</a>&nbsp;&nbsp;&nbsp;wifi_uart_write_frame
<LI><a href="#[116]">&gt;&gt;</a>&nbsp;&nbsp;&nbsp;set_wifi_uart_byte
</UL>
<BR>[Called By]<UL><LI><a href="#[11f]">&gt;&gt;</a>&nbsp;&nbsp;&nbsp;data_handle
</UL>

<P><STRONG><a name="[12c]"></a>product_info_update</STRONG> (Thumb, 154 bytes, Stack size 16 bytes, system.o(.text))
<BR><BR>[Stack]<UL><LI>Max Depth = 64<LI>Call Chain = product_info_update &rArr; wifi_uart_write_frame &rArr; wifi_uart_write_data &rArr; uart_transmit_output &rArr; Uart0Send
</UL>
<BR>[Calls]<UL><LI><a href="#[115]">&gt;&gt;</a>&nbsp;&nbsp;&nbsp;wifi_uart_write_frame
<LI><a href="#[118]">&gt;&gt;</a>&nbsp;&nbsp;&nbsp;set_wifi_uart_buffer
<LI><a href="#[12d]">&gt;&gt;</a>&nbsp;&nbsp;&nbsp;my_strlen
</UL>
<BR>[Called By]<UL><LI><a href="#[11f]">&gt;&gt;</a>&nbsp;&nbsp;&nbsp;data_handle
</UL>

<P><STRONG><a name="[12e]"></a>get_mcu_wifi_mode</STRONG> (Thumb, 14 bytes, Stack size 8 bytes, system.o(.text))
<BR><BR>[Stack]<UL><LI>Max Depth = 56<LI>Call Chain = get_mcu_wifi_mode &rArr; wifi_uart_write_frame &rArr; wifi_uart_write_data &rArr; uart_transmit_output &rArr; Uart0Send
</UL>
<BR>[Calls]<UL><LI><a href="#[115]">&gt;&gt;</a>&nbsp;&nbsp;&nbsp;wifi_uart_write_frame
</UL>
<BR>[Called By]<UL><LI><a href="#[11f]">&gt;&gt;</a>&nbsp;&nbsp;&nbsp;data_handle
</UL>

<P><STRONG><a name="[12f]"></a>get_dowmload_dpid_index</STRONG> (Thumb, 40 bytes, Stack size 16 bytes, system.o(.text))
<BR><BR>[Stack]<UL><LI>Max Depth = 16<LI>Call Chain = get_dowmload_dpid_index
</UL>
<BR>[Calls]<UL><LI><a href="#[130]">&gt;&gt;</a>&nbsp;&nbsp;&nbsp;get_download_cmd_total
</UL>
<BR>[Called By]<UL><LI><a href="#[131]">&gt;&gt;</a>&nbsp;&nbsp;&nbsp;data_point_handle
</UL>

<P><STRONG><a name="[131]"></a>data_point_handle</STRONG> (Thumb, 60 bytes, Stack size 32 bytes, system.o(.text))
<BR><BR>[Stack]<UL><LI>Max Depth = 144<LI>Call Chain = data_point_handle &rArr; dp_download_handle &rArr; dp_download_anion_handle &rArr; mcu_dp_bool_update &rArr; wifi_uart_write_frame &rArr; wifi_uart_write_data &rArr; uart_transmit_output &rArr; Uart0Send
</UL>
<BR>[Calls]<UL><LI><a href="#[12f]">&gt;&gt;</a>&nbsp;&nbsp;&nbsp;get_dowmload_dpid_index
<LI><a href="#[129]">&gt;&gt;</a>&nbsp;&nbsp;&nbsp;dp_download_handle
</UL>
<BR>[Called By]<UL><LI><a href="#[11f]">&gt;&gt;</a>&nbsp;&nbsp;&nbsp;data_handle
</UL>
<P>
<H3>
Undefined Global Symbols
</H3><HR></body></html>
