ARM Linker, 5.02 [Build 28] [MDK-ARM Standard]

==============================================================================

Section Cross References

    startup_hr8p506.o(RESET) refers to startup_hr8p506.o(STACK) for __initial_sp
    startup_hr8p506.o(RESET) refers to startup_hr8p506.o(.text) for Reset_IRQHandler
    startup_hr8p506.o(RESET) refers to irqhandler.o(.text) for NMI_IRQHandler
    startup_hr8p506.o(RESET) refers to dcmotordrv.o(.text) for T32N0_IRQHandler
    startup_hr8p506.o(RESET) refers to pm25.o(.text) for UART1_IRQHandler
    startup_hr8p506.o(.text) refers to system_hr8p506.o(.text) for SystemInit
    startup_hr8p506.o(.text) refers to entry.o(.ARM.Collect$$$$00000000) for __main
    lib_euart.o(.text) refers to uidiv.o(.text) for __aeabi_uidivmod
    lib_euart.o(.text) refers to system_hr8p506.o(.data) for SystemCoreClock
    lib_gpio.o(.text) refers to lib_gpio.o(i.__ARM_common_switch8) for __ARM_common_switch8
    lib_iic.o(.text) refers to uidiv.o(.text) for __aeabi_uidivmod
    lib_iic.o(.text) refers to system_hr8p506.o(.data) for SystemCoreClock
    lib_lcd.o(.text) refers to lib_gpio.o(i.__ARM_common_switch8) for __ARM_common_switch8
    lib_printf.o(.text) refers to lib_uart.o(.text) for UART_SendByte
    lib_scu.o(.text) refers to lib_gpio.o(i.__ARM_common_switch8) for __ARM_common_switch8
    lib_spi.o(.text) refers to uidiv.o(.text) for __aeabi_uidivmod
    lib_spi.o(.text) refers to system_hr8p506.o(.data) for SystemCoreClock
    lib_timer.o(.text) refers to uidiv.o(.text) for __aeabi_uidivmod
    lib_timer.o(.text) refers to ffltui.o(.text) for __aeabi_ui2f
    lib_timer.o(.text) refers to ffixui.o(.text) for __aeabi_f2uiz
    lib_timer.o(.text) refers to system_hr8p506.o(.data) for SystemCoreClock
    lib_uart.o(.text) refers to ffltui.o(.text) for __aeabi_ui2f
    lib_uart.o(.text) refers to fdiv.o(.text) for __aeabi_fdiv
    lib_uart.o(.text) refers to f2d.o(.text) for __aeabi_f2d
    lib_uart.o(.text) refers to cdcmple.o(.text) for __aeabi_cdcmple
    lib_uart.o(.text) refers to d2f.o(.text) for __aeabi_d2f
    lib_uart.o(.text) refers to fmul.o(.text) for __aeabi_fmul
    lib_uart.o(.text) refers to ffixui.o(.text) for __aeabi_f2uiz
    lib_uart.o(.text) refers to system_hr8p506.o(.data) for SystemCoreClock
    lib_wdt.o(.text) refers to uidiv.o(.text) for __aeabi_uidivmod
    lib_wdt.o(.text) refers to system_hr8p506.o(.data) for SystemCoreClock
    buzzer.o(.text) refers to mcudrv.o(.text) for HW_IOSet_BuzF
    buzzer.o(.text) refers to lib_timer.o(.text) for T16Nx_Disable
    buzzer.o(.text) refers to lib_gpio.o(.text) for GPIO_Init
    buzzer.o(.text) refers to buzzer.o(.bss) for sBuzzerVal
    buzzer.o(.text) refers to buzzer.o(.constdata) for BUZ_SOUND_ON
    buzzer.o(.text) refers to dcmotordrv.o(.data) for AutoSetting
    buzzer.o(.text) refers to buzzer.o(.data) for ucBuzzer
    dcmotordrv.o(.text) refers to lib_gpio.o(.text) for GPIO_ResetBit
    dcmotordrv.o(.text) refers to lib_timer.o(.text) for T32Nx_BaseInit
    dcmotordrv.o(.text) refers to lib_scs.o(.text) for NVIC_Init
    dcmotordrv.o(.text) refers to uidiv.o(.text) for __aeabi_uidivmod
    dcmotordrv.o(.text) refers to fandrv.o(.text) for TjFanSpeed
    dcmotordrv.o(.text) refers to timer.o(.text) for API_Gets1SFlag
    dcmotordrv.o(.text) refers to dcmotordrv.o(.data) for Period
    dcmotordrv.o(.text) refers to fandrv.o(.data) for fanAdjustInterval
    dcmotordrv.o(.text) refers to dcmotordrv.o(.bss) for sDCMotorVal
    dcmotordrv.o(.text) refers to main.o(.data) for e2_DCFanSp1
    dcmotordrv.o(.text) refers to test.o(.data) for f_Test
    dcmotordrv.o(.text) refers to lib_gpio.o(i.__ARM_common_switch8) for __ARM_common_switch8
    dcmotordrv.o(.text) refers to mode.o(.data) for ringColor
    drv_disp.o(.text) refers to mcudrv.o(.text) for NOP_NOP
    drv_disp.o(.text) refers to main.o(.bss) for g_ucDisData
    drv_disp.o(.text) refers to main.o(.data) for g_ucDisLightLevel
    drv_disp.o(.text) refers to drv_disp.o(.data) for LIGHT_LEVEL
    filter.o(.text) refers to ffixui.o(.text) for __aeabi_f2uiz
    filter.o(.text) refers to fmul.o(.text) for __aeabi_fmul
    filter.o(.text) refers to uidiv.o(.text) for __aeabi_uidivmod
    filter.o(.text) refers to f2d.o(.text) for __aeabi_f2d
    filter.o(.text) refers to dmul.o(.text) for __aeabi_dmul
    filter.o(.text) refers to d2f.o(.text) for __aeabi_d2f
    filter.o(.text) refers to ffltui.o(.text) for __aeabi_ui2f
    filter.o(.text) refers to fdiv.o(.text) for __aeabi_fdiv
    filter.o(.text) refers to cdrcmple.o(.text) for __aeabi_cdrcmple
    filter.o(.text) refers to timer.o(.text) for API_Gets1SFlag
    filter.o(.text) refers to lib_gpio.o(i.__ARM_common_switch8) for __ARM_common_switch8
    filter.o(.text) refers to fadd.o(.text) for __aeabi_fadd
    filter.o(.text) refers to hr8p506_iap_table.o(.text) for IAPRead
    filter.o(.text) refers to ddiv.o(.text) for __aeabi_ddiv
[...]
    Removing timer.o(.rev16_text), (4 bytes).
    Removing timer.o(.revsh_text), (4 bytes).
    Removing irqhandler.o(.rev16_text), (4 bytes).
    Removing irqhandler.o(.revsh_text), (4 bytes).
    Removing irqhandler.o(.data), (1 bytes).
    Removing fandrv.o(.rev16_text), (4 bytes).
    Removing fandrv.o(.revsh_text), (4 bytes).
    Removing adc.o(.rev16_text), (4 bytes).
    Removing adc.o(.revsh_text), (4 bytes).
    Removing mywifi.o(.rev16_text), (4 bytes).
    Removing mywifi.o(.revsh_text), (4 bytes).

72 unused section(s) (total 7855 bytes) removed from the image.

==============================================================================

Image Symbol Table

    Local Symbols

    Symbol Name                              Value     Ov Type        Size  Object(Section)

    RESET                                    0x00000000   Section      192  startup_hr8p506.o(RESET)
    ../clib/../cmprslib/zerorunl.c           0x00000000   Number         0  __dczerorl.o ABSOLUTE
    ../clib/microlib/division.c              0x00000000   Number         0  uidiv.o ABSOLUTE
    ../clib/microlib/init/entry.s            0x00000000   Number         0  entry5.o ABSOLUTE
    ../clib/microlib/init/entry.s            0x00000000   Number         0  entry.o ABSOLUTE
    ../clib/microlib/init/entry.s            0x00000000   Number         0  entry8.o ABSOLUTE
    ../clib/microlib/init/entry.s            0x00000000   Number         0  entry7a.o ABSOLUTE
    ../clib/microlib/init/entry.s            0x00000000   Number         0  entry7b.o ABSOLUTE
    ../clib/microlib/init/entry.s            0x00000000   Number         0  entry2.o ABSOLUTE
    ../clib/microlib/longlong.c              0x00000000   Number         0  llushr.o ABSOLUTE
    ../clib/microlib/longlong.c              0x00000000   Number         0  llshl.o ABSOLUTE
    ../clib/microlib/longlong.c              0x00000000   Number         0  llsshr.o ABSOLUTE
    ../clib/microlib/stubs.s                 0x00000000   Number         0  iusefp.o ABSOLUTE
    ../fplib/microlib/d2f.c                  0x00000000   Number         0  d2f.o ABSOLUTE
    ../fplib/microlib/f2d.c                  0x00000000   Number         0  f2d.o ABSOLUTE
    ../fplib/microlib/fpadd.c                0x00000000   Number         0  dadd.o ABSOLUTE
    ../fplib/microlib/fpadd.c                0x00000000   Number         0  fadd.o ABSOLUTE
    ../fplib/microlib/fpdiv.c                0x00000000   Number         0  ddiv.o ABSOLUTE
    ../fplib/microlib/fpdiv.c                0x00000000   Number         0  fdiv.o ABSOLUTE
    ../fplib/microlib/fpepilogue.c           0x00000000   Number         0  fepilogue.o ABSOLUTE
    ../fplib/microlib/fpepilogue.c           0x00000000   Number         0  depilogue.o ABSOLUTE
    ../fplib/microlib/fpfix.c                0x00000000   Number         0  ffixui.o ABSOLUTE
    ../fplib/microlib/fpflt.c                0x00000000   Number         0  ffltui.o ABSOLUTE
    ../fplib/microlib/fpmul.c                0x00000000   Number         0  dmul.o ABSOLUTE
    ../fplib/microlib/fpmul.c                0x00000000   Number         0  fmul.o ABSOLUTE
    CMSIS\\system_HR8P506.c                  0x00000000   Number         0  system_hr8p506.o ABSOLUTE
    CMSIS\system_HR8P506.c                   0x00000000   Number         0  system_hr8p506.o ABSOLUTE
    Library\Source\hr8p506_iap_table.c       0x00000000   Number         0  hr8p506_iap_table.o ABSOLUTE
    Library\Source\lib_adc.c                 0x00000000   Number         0  lib_adc.o ABSOLUTE
    Library\Source\lib_euart.c               0x00000000   Number         0  lib_euart.o ABSOLUTE
    Library\Source\lib_gpio.c                0x00000000   Number         0  lib_gpio.o ABSOLUTE
    Library\Source\lib_iic.c                 0x00000000   Number         0  lib_iic.o ABSOLUTE
    Library\Source\lib_lcd.c                 0x00000000   Number         0  lib_lcd.o ABSOLUTE
    Library\Source\lib_led.c                 0x00000000   Number         0  lib_led.o ABSOLUTE
    Library\Source\lib_printf.c              0x00000000   Number         0  lib_printf.o ABSOLUTE
    Library\Source\lib_rtc.c                 0x00000000   Number         0  lib_rtc.o ABSOLUTE
    Library\Source\lib_scs.c                 0x00000000   Number         0  lib_scs.o ABSOLUTE
    Library\Source\lib_scu.c                 0x00000000   Number         0  lib_scu.o ABSOLUTE
    Library\Source\lib_spi.c                 0x00000000   Number         0  lib_spi.o ABSOLUTE
    Library\Source\lib_timer.c               0x00000000   Number         0  lib_timer.o ABSOLUTE
    Library\Source\lib_uart.c                0x00000000   Number         0  lib_uart.o ABSOLUTE
    Library\Source\lib_wdt.c                 0x00000000   Number         0  lib_wdt.o ABSOLUTE
    Library\\Source\\hr8p506_iap_table.c     0x00000000   Number         0  hr8p506_iap_table.o ABSOLUTE
    Library\\Source\\lib_adc.c               0x00000000   Number         0  lib_adc.o ABSOLUTE
    Library\\Source\\lib_euart.c             0x00000000   Number         0  lib_euart.o ABSOLUTE
    Library\\Source\\lib_gpio.c              0x00000000   Number         0  lib_gpio.o ABSOLUTE
    Library\\Source\\lib_iic.c               0x00000000   Number         0  lib_iic.o ABSOLUTE
    Library\\Source\\lib_lcd.c               0x00000000   Number         0  lib_lcd.o ABSOLUTE
    Library\\Source\\lib_printf.c            0x00000000   Number         0  lib_printf.o ABSOLUTE
    Library\\Source\\lib_rtc.c               0x00000000   Number         0  lib_rtc.o ABSOLUTE
    Library\\Source\\lib_scs.c               0x00000000   Number         0  lib_scs.o ABSOLUTE
    Library\\Source\\lib_scu.c               0x00000000   Number         0  lib_scu.o ABSOLUTE
    Library\\Source\\lib_spi.c               0x00000000   Number         0  lib_spi.o ABSOLUTE
    Library\\Source\\lib_timer.c             0x00000000   Number         0  lib_timer.o ABSOLUTE
    Library\\Source\\lib_uart.c              0x00000000   Number         0  lib_uart.o ABSOLUTE
    Library\\Source\\lib_wdt.c               0x00000000   Number         0  lib_wdt.o ABSOLUTE
    MDK_StartUp\startup_HR8P506.s            0x00000000   Number         0  startup_hr8p506.o ABSOLUTE
    SRC\ADC.C                                0x00000000   Number         0  adc.o ABSOLUTE
    SRC\Buzzer.c                             0x00000000   Number         0  buzzer.o ABSOLUTE
    SRC\DCMotorDrv.c                         0x00000000   Number         0  dcmotordrv.o ABSOLUTE
    SRC\Disp_Air.c                           0x00000000   Number         0  disp_air.o ABSOLUTE
    SRC\Drv_Disp.c                           0x00000000   Number         0  drv_disp.o ABSOLUTE
    SRC\I2C.c                                0x00000000   Number         0  i2c.o ABSOLUTE
    SRC\Key.c                                0x00000000   Number         0  key.o ABSOLUTE
    SRC\McuDrv.c                             0x00000000   Number         0  mcudrv.o ABSOLUTE
    SRC\Mode.c                               0x00000000   Number         0  mode.o ABSOLUTE
    SRC\PM25.c                               0x00000000   Number         0  pm25.o ABSOLUTE
    SRC\RGB.c                                0x00000000   Number         0  rgb.o ABSOLUTE
    SRC\Remote.c                             0x00000000   Number         0  remote.o ABSOLUTE
    SRC\Test.c                               0x00000000   Number         0  test.o ABSOLUTE
    SRC\Timer.c                              0x00000000   Number         0  timer.o ABSOLUTE
    SRC\\ADC.C                               0x00000000   Number         0  adc.o ABSOLUTE
    SRC\\Buzzer.c                            0x00000000   Number         0  buzzer.o ABSOLUTE
    SRC\\DCMotorDrv.c                        0x00000000   Number         0  dcmotordrv.o ABSOLUTE
    SRC\\Key.c                               0x00000000   Number         0  key.o ABSOLUTE
    SRC\\McuDrv.c                            0x00000000   Number         0  mcudrv.o ABSOLUTE
    SRC\\Mode.c                              0x00000000   Number         0  mode.o ABSOLUTE
    SRC\\PM25.c                              0x00000000   Number         0  pm25.o ABSOLUTE
    SRC\\RGB.c                               0x00000000   Number         0  rgb.o ABSOLUTE
    SRC\\Test.c                              0x00000000   Number         0  test.o ABSOLUTE
    SRC\\Timer.c                             0x00000000   Number         0  timer.o ABSOLUTE
    SRC\\fanDrv.c                            0x00000000   Number         0  fandrv.o ABSOLUTE
    SRC\\filter.c                            0x00000000   Number         0  filter.o ABSOLUTE
    SRC\\irqhandler.c                        0x00000000   Number         0  irqhandler.o ABSOLUTE
    SRC\\led.c                               0x00000000   Number         0  led.o ABSOLUTE
    SRC\\main.c                              0x00000000   Number         0  main.o ABSOLUTE
    SRC\\mywifi.c                            0x00000000   Number         0  mywifi.o ABSOLUTE
    SRC\fanDrv.c                             0x00000000   Number         0  fandrv.o ABSOLUTE
    SRC\filter.c                             0x00000000   Number         0  filter.o ABSOLUTE
    SRC\irqhandler.c                         0x00000000   Number         0  irqhandler.o ABSOLUTE
    SRC\led.c                                0x00000000   Number         0  led.o ABSOLUTE
    SRC\main.c                               0x00000000   Number         0  main.o ABSOLUTE
    SRC\mcu_sdk\mcu_api.c                    0x00000000   Number         0  mcu_api.o ABSOLUTE
    SRC\mcu_sdk\protocol.c                   0x00000000   Number         0  protocol.o ABSOLUTE
    SRC\mcu_sdk\system.c                     0x00000000   Number         0  system.o ABSOLUTE
    SRC\mywifi.c                             0x00000000   Number         0  mywifi.o ABSOLUTE
    cdcmple.s                                0x00000000   Number         0  cdcmple.o ABSOLUTE
    cdrcmple.s                               0x00000000   Number         0  cdrcmple.o ABSOLUTE
    cfcmple.s                                0x00000000   Number         0  cfcmple.o ABSOLUTE
    cfrcmple.s                               0x00000000   Number         0  cfrcmple.o ABSOLUTE
    dc.s                                     0x00000000   Number         0  dc.o ABSOLUTE
    handlers.s                               0x00000000   Number         0  handlers.o ABSOLUTE
    init.s                                   0x00000000   Number         0  init.o ABSOLUTE
    .ARM.Collect$$$$00000000                 0x000000c0   Section        0  entry.o(.ARM.Collect$$$$00000000)
    .ARM.Collect$$$$00000001                 0x000000c0   Section        4  entry2.o(.ARM.Collect$$$$00000001)
    .ARM.Collect$$$$00000004                 0x000000c4   Section        4  entry5.o(.ARM.Collect$$$$00000004)
    .ARM.Collect$$$$00000008                 0x000000c8   Section        0  entry7b.o(.ARM.Collect$$$$00000008)
    .ARM.Collect$$$$00000009                 0x000000c8   Section        8  entry8.o(.ARM.Collect$$$$00000009)
    .ARM.Collect$$$$00002712                 0x000000d0   Section        4  entry2.o(.ARM.Collect$$$$00002712)
    __lit__00000000                          0x000000d0   Data           4  entry2.o(.ARM.Collect$$$$00002712)
    .text                                    0x000000d4   Section      208  startup_hr8p506.o(.text)
    .text                                    0x000001a4   Section        0  system_hr8p506.o(.text)
    .text                                    0x000001a6   Section        0  hr8p506_iap_table.o(.text)
    .text                                    0x0000022c   Section        0  lib_adc.o(.text)
    .text                                    0x000004ec   Section        0  lib_euart.o(.text)
    .text                                    0x000007b0   Section        0  lib_gpio.o(.text)
    .text                                    0x000017a8   Section        0  lib_scs.o(.text)
    .text                                    0x00001870   Section        0  lib_timer.o(.text)
    .text                                    0x00001f48   Section        0  lib_uart.o(.text)
    .text                                    0x00002188   Section        0  lib_wdt.o(.text)
    .text                                    0x000021e8   Section        0  buzzer.o(.text)
    HW_Buzzer_SetFreq                        0x000022a9   Thumb Code    90  buzzer.o(.text)
    .text                                    0x000024e8   Section        0  dcmotordrv.o(.text)
    .text                                    0x00002ae8   Section        0  drv_disp.o(.text)
    .text                                    0x00002ce0   Section        0  filter.o(.text)
    JudgeWhetherNeedWriteFlash               0x0000307f   Thumb Code   492  filter.o(.text)
    .text                                    0x00003308   Section        0  key.o(.text)
    readKey                                  0x00003309   Thumb Code   266  key.o(.text)
    KeyFactoryDefault                        0x00003413   Thumb Code    98  key.o(.text)
    APISleepAwaken                           0x00003475   Thumb Code   112  key.o(.text)
    KeyIonizer                               0x000034e5   Thumb Code   132  key.o(.text)
    KeyIonizerLongPressed                    0x00003569   Thumb Code    94  key.o(.text)
    KeyIonizerFilter                         0x000035c7   Thumb Code    42  key.o(.text)
    KeyFilter                                0x000035f1   Thumb Code    62  key.o(.text)
    KeyFilterReset                           0x0000362f   Thumb Code    94  key.o(.text)
    KeyLight                                 0x0000368d   Thumb Code   216  key.o(.text)
    KeyLightLongPressed                      0x00003765   Thumb Code    86  key.o(.text)
    KeyPower                                 0x00003877   Thumb Code   212  key.o(.text)
    KeyFan                                   0x0000394b   Thumb Code   156  key.o(.text)
    KeyFanLongPressed                        0x000039e7   Thumb Code    54  key.o(.text)
    KeyAuto                                  0x00003a1d   Thumb Code   122  key.o(.text)
    KeyPressing                              0x00003ba5   Thumb Code   240  key.o(.text)
    keyHoldDeal                              0x00003c95   Thumb Code   334  key.o(.text)
    KeyReleased                              0x00003de3   Thumb Code    42  key.o(.text)
    KeyTimeCount                             0x00003e0d   Thumb Code   104  key.o(.text)
    .text                                    0x00003f00   Section        0  led.o(.text)
    sub_Disp_Timer                           0x00003f01   Thumb Code   104  led.o(.text)
    factoryRecoverDis                        0x00003f69   Thumb Code   164  led.o(.text)
    FillLedBuff                              0x0000400d   Thumb Code   660  led.o(.text)
    normalDis                                0x000042a1   Thumb Code    12  led.o(.text)
    led                                      0x000042ad   Thumb Code   166  led.o(.text)
    RGB_Deal                                 0x00004353   Thumb Code    96  led.o(.text)
    .text                                    0x000043f0   Section        0  main.o(.text)
    .text                                    0x00004854   Section        0  mcudrv.o(.text)
    .text                                    0x00004964   Section        0  mode.o(.text)
    judgeUseWhichPM25Zone                    0x00004c09   Thumb Code   146  mode.o(.text)
    .text                                    0x00004e68   Section        0  pm25.o(.text)
    ISR_UART_RX                              0x00004fa5   Thumb Code   298  pm25.o(.text)
    .text                                    0x00005144   Section        0  rgb.o(.text)
    .text                                    0x00005410   Section        0  test.o(.text)
    .text                                    0x000058e0   Section        0  timer.o(.text)
    .text                                    0x00005b24   Section        0  mcu_api.o(.text)
    .text                                    0x0000614c   Section        0  protocol.o(.text)
    dp_download_switch_handle                0x00006161   Thumb Code    52  protocol.o(.text)
    dp_download_mode_handle                  0x00006195   Thumb Code    78  protocol.o(.text)
    dp_download_fan_speed_enum_handle        0x000061e3   Thumb Code   166  protocol.o(.text)
    dp_download_anion_handle                 0x00006289   Thumb Code    64  protocol.o(.text)
    dp_download_child_lock_handle            0x000062c9   Thumb Code    52  protocol.o(.text)
    .text                                    0x00006394   Section        0  system.o(.text)
    wifi_uart_write_data                     0x000063bf   Thumb Code    40  system.o(.text)
    heat_beat_check                          0x0000644b   Thumb Code    50  system.o(.text)
    product_info_update                      0x0000647d   Thumb Code   154  system.o(.text)
    get_mcu_wifi_mode                        0x00006517   Thumb Code    14  system.o(.text)
    get_dowmload_dpid_index                  0x00006525   Thumb Code    40  system.o(.text)
    data_point_handle                        0x0000654d   Thumb Code    60  system.o(.text)
    .text                                    0x000066f8   Section        0  irqhandler.o(.text)
    .text                                    0x000067b4   Section        0  fandrv.o(.text)
    .text                                    0x0000696c   Section        0  adc.o(.text)
    .text                                    0x00006bf4   Section        0  mywifi.o(.text)
    WiFi_WorkModeReport                      0x00006bf5   Thumb Code    50  mywifi.o(.text)
    WiFi_FaultReport                         0x00006c27   Thumb Code    40  mywifi.o(.text)
    WiFi_LedSmartFlash                       0x00006c4f   Thumb Code    82  mywifi.o(.text)
    WiFi_LedAPFlash                          0x00006ca1   Thumb Code    88  mywifi.o(.text)
    WiFi_LedJudge                            0x00006cf9   Thumb Code   170  mywifi.o(.text)
    WiFi_TimerSec                            0x00006da3   Thumb Code    46  mywifi.o(.text)
    .text                                    0x0000713c   Section        0  uidiv.o(.text)
    .text                                    0x00007168   Section        0  fadd.o(.text)
    .text                                    0x0000721a   Section        0  fmul.o(.text)
    .text                                    0x00007294   Section        0  fdiv.o(.text)
    .text                                    0x00007314   Section        0  dadd.o(.text)
    .text                                    0x00007478   Section        0  dmul.o(.text)
    .text                                    0x00007548   Section        0  ddiv.o(.text)
    .text                                    0x00007638   Section        0  ffltui.o(.text)
    .text                                    0x00007646   Section        0  ffixui.o(.text)
    .text                                    0x00007670   Section        0  f2d.o(.text)
    .text                                    0x00007698   Section       40  cdcmple.o(.text)
    .text                                    0x000076c0   Section       40  cdrcmple.o(.text)
    .text                                    0x000076e8   Section        0  d2f.o(.text)
    .text                                    0x00007720   Section       20  cfcmple.o(.text)
    .text                                    0x00007734   Section       20  cfrcmple.o(.text)
    .text                                    0x00007748   Section        0  llshl.o(.text)
    .text                                    0x00007768   Section        0  llsshr.o(.text)
    .text                                    0x0000778e   Section        0  fepilogue.o(.text)
    .text                                    0x0000778e   Section        0  iusefp.o(.text)
    .text                                    0x00007812   Section        0  depilogue.o(.text)
    .text                                    0x000078d4   Section       36  init.o(.text)
    .text                                    0x000078f8   Section        0  llushr.o(.text)
    .text                                    0x0000791a   Section        0  __dczerorl.o(.text)
    i.__ARM_clz                              0x00007954   Section        0  depilogue.o(i.__ARM_clz)
    i.__ARM_common_switch8                   0x00007982   Section        0  lib_gpio.o(i.__ARM_common_switch8)
    i.__scatterload_copy                     0x0000799e   Section       14  handlers.o(i.__scatterload_copy)
    i.__scatterload_null                     0x000079ac   Section        2  handlers.o(i.__scatterload_null)
    i.__scatterload_zeroinit                 0x000079ae   Section       14  handlers.o(i.__scatterload_zeroinit)
    .constdata                               0x000079bc   Section      456  buzzer.o(.constdata)
    .constdata                               0x00007b84   Section       18  protocol.o(.constdata)
    .data                                    0x20000000   Section        4  system_hr8p506.o(.data)
    .data                                    0x20000004   Section        5  buzzer.o(.data)
    byTimer1Ms_Volt                          0x20000004   Data           4  buzzer.o(.data)
    ucBuzzer                                 0x20000008   Data           1  buzzer.o(.data)
    .data                                    0x2000000c   Section       49  dcmotordrv.o(.data)
    .data                                    0x2000003d   Section        1  drv_disp.o(.data)
    .data                                    0x20000040   Section       32  filter.o(.data)
    .data                                    0x20000060   Section       12  key.o(.data)
    FanSpeedVal                              0x20000060   Data           6  key.o(.data)
    ucKeyFlag                                0x20000066   Data           1  key.o(.data)
    wTimer20Ms_KeyPress                      0x20000068   Data           4  key.o(.data)
    .data                                    0x2000006c   Section        1  led.o(.data)
    cnt20ms                                  0x2000006c   Data           1  led.o(.data)
    .data                                    0x20000070   Section       87  main.o(.data)
    .data                                    0x200000c8   Section       12  mode.o(.data)
    byTimer20Ms_Flash                        0x200000ca   Data           1  mode.o(.data)
    wTimer1S_DarkExit                        0x200000cc   Data           4  mode.o(.data)
    .data                                    0x200000d4   Section       36  pm25.o(.data)
    PM25PowerOnCnt                           0x200000d4   Data           1  pm25.o(.data)
    f_PM25RevFrameCheck                      0x200000df   Data           1  pm25.o(.data)
    u8_PM25RxStage                           0x200000e0   Data           1  pm25.o(.data)
    u16_PM25RxCounter                        0x200000e4   Data           4  pm25.o(.data)
    U16_PM25_RevLen                          0x200000e8   Data           4  pm25.o(.data)
    f_PM25_REV_OK                            0x200000ec   Data           1  pm25.o(.data)
    u16_PM25RxFrameTimeOut                   0x200000f0   Data           4  pm25.o(.data)
    u16_PM25RxTimeOutErr                     0x200000f4   Data           4  pm25.o(.data)
    .data                                    0x200000f8   Section       14  rgb.o(.data)
    .data                                    0x20000108   Section       20  test.o(.data)
    .data                                    0x2000011c   Section       13  timer.o(.data)
    .data                                    0x2000012a   Section        2  mcu_api.o(.data)
    rx_in                                    0x2000012a   Data           2  mcu_api.o(.data)
    .data                                    0x2000012c   Section       18  system.o(.data)
    mcu_reset_state                          0x2000012c   Data           1  system.o(.data)
    .data                                    0x20000140   Section       34  fandrv.o(.data)
    .data                                    0x20000164   Section       24  adc.o(.data)
    adSampleCountKey                         0x20000164   Data           1  adc.o(.data)
    adSampleCountLight                       0x20000165   Data           1  adc.o(.data)
    adThisResult                             0x20000168   Data           4  adc.o(.data)
    time_40ms                                0x2000016c   Data           1  adc.o(.data)
    ADOnOff                                  0x2000016d   Data           1  adc.o(.data)
    u8_InSleepCount                          0x2000016f   Data           1  adc.o(.data)
    AdChannel                                0x20000170   Data           1  adc.o(.data)
    LightADMax                               0x20000174   Data           4  adc.o(.data)
    LightADMin                               0x20000178   Data           4  adc.o(.data)
    .data                                    0x2000017c   Section       27  mywifi.o(.data)
    local_Dly2ReadWifiState                  0x2000017c   Data           1  mywifi.o(.data)
    f_WifiFlash                              0x2000017d   Data           1  mywifi.o(.data)
    local_WifiReportCounter                  0x2000017e   Data           1  mywifi.o(.data)
    local_WiFiConfigTimeCount                0x20000180   Data           4  mywifi.o(.data)
    wifiCntAp                                0x20000184   Data           1  mywifi.o(.data)
    WiFiReportStage                          0x20000185   Data           1  mywifi.o(.data)
    workMode                                 0x20000186   Data           1  mywifi.o(.data)
    fanSpeedSetLast                          0x20000187   Data           1  mywifi.o(.data)
    workModeLast                             0x20000188   Data           1  mywifi.o(.data)
    powerState                               0x20000189   Data           1  mywifi.o(.data)
    ionizerLast                              0x2000018a   Data           1  mywifi.o(.data)
    childlockLast                            0x2000018b   Data           1  mywifi.o(.data)
    u16_Pm25ValLast                          0x2000018c   Data           4  mywifi.o(.data)
    u8_500msCnt                              0x20000190   Data           4  mywifi.o(.data)
    u8_filterLeftPercent                     0x20000194   Data           1  mywifi.o(.data)
    .bss                                     0x20000198   Section       12  buzzer.o(.bss)
    sBuzzerVal                               0x20000198   Data          12  buzzer.o(.bss)
    .bss                                     0x200001a4   Section       12  dcmotordrv.o(.bss)
    .bss                                     0x200001b0   Section       48  filter.o(.bss)
    .bss                                     0x200001e0   Section       64  main.o(.bss)
    .bss                                     0x20000220   Section       80  pm25.o(.bss)
    PM25_RxTemp                              0x20000220   Data          40  pm25.o(.bss)
    PM25_RxData                              0x20000248   Data          40  pm25.o(.bss)
    .bss                                     0x20000270   Section      109  system.o(.bss)
    .bss                                     0x200002e0   Section       36  adc.o(.bss)
    ADBUFF_KEY                               0x200002e0   Data          12  adc.o(.bss)
    ADBUFF_LIGHT                             0x200002ec   Data          24  adc.o(.bss)
    STACK                                    0x20000308   Section     1024  startup_hr8p506.o(STACK)

    Global Symbols

    Symbol Name                              Value     Ov Type        Size  Object(Section)

    BuildAttributes$$THM_ISAv3M$S$PE$A:L22$X:L11$S22$IEEE1$IW$USESV6$~STKCKD$USESV7$~SHL$OTIME$ROPI$EBA8$MICROLIB$REQ8$PRES8$EABIv2 0x00000000   Number         0  anon$$obj.o ABSOLUTE
    __ARM_use_no_argv                        0x00000000   Number         0  main.o ABSOLUTE
    __Vectors                                0x00000000   Data           4  startup_hr8p506.o(RESET)
    _clock_init                               - Undefined Weak Reference
    __main                                   0x000000c1   Thumb Code     0  entry.o(.ARM.Collect$$$$00000000)
    _main_stk                                0x000000c1   Thumb Code     0  entry2.o(.ARM.Collect$$$$00000001)
    _main_scatterload                        0x000000c5   Thumb Code     0  entry5.o(.ARM.Collect$$$$00000004)
    __main_after_scatterload                 0x000000c9   Thumb Code     0  entry5.o(.ARM.Collect$$$$00000004)
    _main_clock                              0x000000c9   Thumb Code     0  entry7b.o(.ARM.Collect$$$$00000008)
    _main_init                               0x000000c9   Thumb Code     0  entry8.o(.ARM.Collect$$$$00000009)
    Reset_IRQHandler                         0x000000d5   Thumb Code    12  startup_hr8p506.o(.text)
    ADC_IRQHandler                           0x000000eb   Thumb Code     0  startup_hr8p506.o(.text)
    CCM_IRQHandler                           0x000000eb   Thumb Code     0  startup_hr8p506.o(.text)
    EUART0_IRQHandler                        0x000000eb   Thumb Code     0  startup_hr8p506.o(.text)
    I2C0_IRQHandler                          0x000000eb   Thumb Code     0  startup_hr8p506.o(.text)
    LVD_IRQHandler                           0x000000eb   Thumb Code     0  startup_hr8p506.o(.text)
    PINT0_IRQHandler                         0x000000eb   Thumb Code     0  startup_hr8p506.o(.text)
    PINT1_IRQHandler                         0x000000eb   Thumb Code     0  startup_hr8p506.o(.text)
    PINT2_IRQHandler                         0x000000eb   Thumb Code     0  startup_hr8p506.o(.text)
    PINT3_IRQHandler                         0x000000eb   Thumb Code     0  startup_hr8p506.o(.text)
    PINT4_IRQHandler                         0x000000eb   Thumb Code     0  startup_hr8p506.o(.text)
    PINT5_IRQHandler                         0x000000eb   Thumb Code     0  startup_hr8p506.o(.text)
    PINT6_IRQHandler                         0x000000eb   Thumb Code     0  startup_hr8p506.o(.text)
    PINT7_IRQHandler                         0x000000eb   Thumb Code     0  startup_hr8p506.o(.text)
    PLLLK_IRQHandler                         0x000000eb   Thumb Code     0  startup_hr8p506.o(.text)
    RTC_IRQHandler                           0x000000eb   Thumb Code     0  startup_hr8p506.o(.text)
    SPI0_IRQHandler                          0x000000eb   Thumb Code     0  startup_hr8p506.o(.text)
    SPI1_IRQHandler                          0x000000eb   Thumb Code     0  startup_hr8p506.o(.text)
    T16N1_IRQHandler                         0x000000eb   Thumb Code     0  startup_hr8p506.o(.text)
    T16N3_IRQHandler                         0x000000eb   Thumb Code     0  startup_hr8p506.o(.text)
    WDT_IRQHandler                           0x000000eb   Thumb Code     0  startup_hr8p506.o(.text)
    RegInit                                  0x000000f9   Thumb Code   172  startup_hr8p506.o(.text)
    SystemInit                               0x000001a5   Thumb Code     2  system_hr8p506.o(.text)
    IAP_PageErase                            0x000001a7   Thumb Code    24  hr8p506_iap_table.o(.text)
    IAP_WordProgram                          0x000001bf   Thumb Code    28  hr8p506_iap_table.o(.text)
    IAP_PageProgram                          0x000001db   Thumb Code    38  hr8p506_iap_table.o(.text)
    IAPRead                                  0x00000201   Thumb Code    42  hr8p506_iap_table.o(.text)
    ADC_Reset                                0x0000022d   Thumb Code    38  lib_adc.o(.text)
    ADC_Init                                 0x00000253   Thumb Code   252  lib_adc.o(.text)
    ADC_ACPConfig                            0x0000034f   Thumb Code   226  lib_adc.o(.text)
    ADC_Start                                0x00000431   Thumb Code    24  lib_adc.o(.text)
    ADC_SoftStart                            0x00000449   Thumb Code    26  lib_adc.o(.text)
    ADC_SoftStop                             0x00000463   Thumb Code    26  lib_adc.o(.text)
    ADC_GetConvValue                         0x0000047d   Thumb Code    10  lib_adc.o(.text)
    ADC_GetConvStatus                        0x00000487   Thumb Code    16  lib_adc.o(.text)
    ADC_GetACPMeanValue                      0x00000497   Thumb Code    10  lib_adc.o(.text)
    ADC_GetIFStatus                          0x000004a1   Thumb Code    18  lib_adc.o(.text)
    ADC_GetIEStatus                          0x000004b3   Thumb Code    18  lib_adc.o(.text)
    ADC_ClearIFStatus                        0x000004c5   Thumb Code    10  lib_adc.o(.text)
    EUART_ModeConfig                         0x000004ed   Thumb Code     6  lib_euart.o(.text)
    EUART_BaudConfig                         0x000004f3   Thumb Code   290  lib_euart.o(.text)
    EUART_Init                               0x00000615   Thumb Code    82  lib_euart.o(.text)
    EUART_ITConfig                           0x00000667   Thumb Code    28  lib_euart.o(.text)
    EUART_TBIMConfig                         0x00000683   Thumb Code    20  lib_euart.o(.text)
    EUART_RBIMConfig                         0x00000697   Thumb Code    22  lib_euart.o(.text)
    EUART_GetFlagStatus                      0x000006ad   Thumb Code    16  lib_euart.o(.text)
    EUART_GetITStatus                        0x000006bd   Thumb Code    16  lib_euart.o(.text)
    EUART_ClearITPendingBit                  0x000006cd   Thumb Code     6  lib_euart.o(.text)
    U7816_Init                               0x000006d3   Thumb Code   144  lib_euart.o(.text)
    EUART_EIOChConfig                        0x00000763   Thumb Code     6  lib_euart.o(.text)
    EUART_EIODirection                       0x00000769   Thumb Code     6  lib_euart.o(.text)
    EUART_SendByte                           0x0000076f   Thumb Code     8  lib_euart.o(.text)
    EUART_SendHalfWord                       0x00000777   Thumb Code     8  lib_euart.o(.text)
    EUART_SendWord                           0x0000077f   Thumb Code     6  lib_euart.o(.text)
    EUART_RecByte                            0x00000785   Thumb Code     8  lib_euart.o(.text)
    EUART_RecHalfWord                        0x0000078d   Thumb Code     8  lib_euart.o(.text)
    EUART_RecWord                            0x00000795   Thumb Code     6  lib_euart.o(.text)
    GPIO_SetFuncxRegFromPin                  0x000007b1   Thumb Code  1394  lib_gpio.o(.text)
    GPIO_GetNormalBitOffsetFromPin           0x00000d23   Thumb Code   250  lib_gpio.o(.text)
    GPIO_SetDirRegFromPin                    0x00000e1d   Thumb Code    70  lib_gpio.o(.text)
    GPIO_SetODERegFromPin                    0x00000e63   Thumb Code    98  lib_gpio.o(.text)
    GPIO_SetDSRegFromPin                     0x00000ec5   Thumb Code   106  lib_gpio.o(.text)
    GPIO_SetPUERegFromPin                    0x00000f2f   Thumb Code    98  lib_gpio.o(.text)
    GPIO_SetPDERegFromPin                    0x00000f91   Thumb Code   108  lib_gpio.o(.text)
    GPIO_SetSingalTypeFromPin                0x00000ffd   Thumb Code   106  lib_gpio.o(.text)
    GPIO_Init                                0x00001067   Thumb Code   102  lib_gpio.o(.text)
    GPIO_ReadBit                             0x000010cd   Thumb Code    44  lib_gpio.o(.text)
    GPIO_WriteBit                            0x000010f9   Thumb Code    74  lib_gpio.o(.text)
    GPIO_SetBit                              0x00001143   Thumb Code    40  lib_gpio.o(.text)
    GPIO_ResetBit                            0x0000116b   Thumb Code    40  lib_gpio.o(.text)
    GPIO_ToggleBit                           0x00001193   Thumb Code    40  lib_gpio.o(.text)
    PINT_GetPINTxIndexFromPin                0x000011bb   Thumb Code   174  lib_gpio.o(.text)
    PINT_SetTriggerStyleFromPin              0x00001269   Thumb Code   104  lib_gpio.o(.text)
    PINT_GetSELxIndexFromPin                 0x000012d1   Thumb Code   170  lib_gpio.o(.text)
    PINT_SetEnableOrNotFromPin               0x0000137b   Thumb Code   148  lib_gpio.o(.text)
    PINT_Init                                0x0000140f   Thumb Code    24  lib_gpio.o(.text)
    PINT_ClearITFlag                         0x00001427   Thumb Code    28  lib_gpio.o(.text)
    PINT_GetITFlag                           0x00001443   Thumb Code    30  lib_gpio.o(.text)
    KINT_GetKINTxIndexFromPin                0x00001461   Thumb Code   174  lib_gpio.o(.text)
    KINT_SetTriggerStyleFromPin              0x0000150f   Thumb Code   104  lib_gpio.o(.text)
    KINT_GetSelxIndexFromPin                 0x00001577   Thumb Code   170  lib_gpio.o(.text)
    KINT_SetEnableOrNotFromPin               0x00001621   Thumb Code   132  lib_gpio.o(.text)
    KINT_Init                                0x000016a5   Thumb Code    24  lib_gpio.o(.text)
    KINT_ClearITFlag                         0x000016bd   Thumb Code    24  lib_gpio.o(.text)
    KINT_GetITFlag                           0x000016d5   Thumb Code    30  lib_gpio.o(.text)
    GPIO_TX0Config                           0x000016f3   Thumb Code    82  lib_gpio.o(.text)
    GPIO_TX1Config                           0x00001745   Thumb Code    88  lib_gpio.o(.text)
    NVIC_Init                                0x000017a9   Thumb Code    94  lib_scs.o(.text)
    SCB_SystemLPConfig                       0x00001807   Thumb Code    28  lib_scs.o(.text)
    SCB_GetCpuID                             0x00001823   Thumb Code     6  lib_scs.o(.text)
    SysTick_Init                             0x00001829   Thumb Code    60  lib_scs.o(.text)
    T16Nx_BaseInit                           0x00001871   Thumb Code    92  lib_timer.o(.text)
    T16Nx_CapInit                            0x000018cd   Thumb Code   132  lib_timer.o(.text)
    T16Nx_PMWOutInit                         0x00001951   Thumb Code   110  lib_timer.o(.text)
    T16Nx_PWMPDZ_Config                      0x000019bf   Thumb Code    16  lib_timer.o(.text)
    T16Nx_MAT0ITConfig                       0x000019cf   Thumb Code    24  lib_timer.o(.text)
    T16Nx_MAT1ITConfig                       0x000019e7   Thumb Code    24  lib_timer.o(.text)
    T16Nx_MAT2ITConfig                       0x000019ff   Thumb Code    24  lib_timer.o(.text)
    T16Nx_MAT3ITConfig                       0x00001a17   Thumb Code    24  lib_timer.o(.text)
    T16Nx_MAT0Out0Config                     0x00001a2f   Thumb Code    24  lib_timer.o(.text)
    T16Nx_MAT1Out0Config                     0x00001a47   Thumb Code    24  lib_timer.o(.text)
    T16Nx_MAT2Out1Config                     0x00001a5f   Thumb Code    24  lib_timer.o(.text)
    T16Nx_MAT3Out1Config                     0x00001a77   Thumb Code    24  lib_timer.o(.text)
    T16Nx_ITConfig                           0x00001a8f   Thumb Code    20  lib_timer.o(.text)
    T16Nx_SetCNT0                            0x00001aa3   Thumb Code    30  lib_timer.o(.text)
    T16Nx_SetCNT1                            0x00001ac1   Thumb Code    30  lib_timer.o(.text)
    T16Nx_SetPREMAT                          0x00001adf   Thumb Code    16  lib_timer.o(.text)
    T16Nx_SetPRECNT                          0x00001aef   Thumb Code    30  lib_timer.o(.text)
    T16Nx_SetMAT0                            0x00001b0d   Thumb Code    12  lib_timer.o(.text)
    T16Nx_SetMAT1                            0x00001b19   Thumb Code    12  lib_timer.o(.text)
    T16Nx_SetMAT2                            0x00001b25   Thumb Code    12  lib_timer.o(.text)
    T16Nx_SetMAT3                            0x00001b31   Thumb Code    12  lib_timer.o(.text)
    T16Nx_SetTOP0                            0x00001b3d   Thumb Code    12  lib_timer.o(.text)
    T16Nx_SetTOP1                            0x00001b49   Thumb Code    12  lib_timer.o(.text)
    T16Nx_GetMAT0                            0x00001b55   Thumb Code     8  lib_timer.o(.text)
    T16Nx_GetMAT1                            0x00001b5d   Thumb Code     8  lib_timer.o(.text)
    T16Nx_GetMAT2                            0x00001b65   Thumb Code     8  lib_timer.o(.text)
    T16Nx_GetMAT3                            0x00001b6d   Thumb Code     8  lib_timer.o(.text)
    T16Nx_GetTOP0                            0x00001b75   Thumb Code     8  lib_timer.o(.text)
    T16Nx_GetTOP1                            0x00001b7d   Thumb Code     8  lib_timer.o(.text)
    T16Nx_GetCNT0                            0x00001b85   Thumb Code     8  lib_timer.o(.text)
    T16Nx_GetCNT1                            0x00001b8d   Thumb Code     8  lib_timer.o(.text)
    T16Nx_GetFlagStatus                      0x00001b95   Thumb Code    18  lib_timer.o(.text)
    T16Nx_ClearITPendingBit                  0x00001ba7   Thumb Code     4  lib_timer.o(.text)
    T16Nx_Enable                             0x00001bab   Thumb Code    12  lib_timer.o(.text)
    T16Nx_Disable                            0x00001bb7   Thumb Code    10  lib_timer.o(.text)
    T16Nx_PWMBK_Config                       0x00001bc1   Thumb Code   116  lib_timer.o(.text)
    T16Nx_GetPWMBKF                          0x00001c35   Thumb Code    18  lib_timer.o(.text)
    T16Nx_ResetPWMBKF                        0x00001c47   Thumb Code    14  lib_timer.o(.text)
    T16Nx_PTR_Config                         0x00001c55   Thumb Code    20  lib_timer.o(.text)
    T32Nx_BaseInit                           0x00001c69   Thumb Code    92  lib_timer.o(.text)
    T32Nx_CapInit                            0x00001cc5   Thumb Code   132  lib_timer.o(.text)
    T32Nx_PMWOutInit                         0x00001d49   Thumb Code    44  lib_timer.o(.text)
    T32Nx_MAT0ITConfig                       0x00001d75   Thumb Code    24  lib_timer.o(.text)
    T32Nx_MAT1ITConfig                       0x00001d8d   Thumb Code    24  lib_timer.o(.text)
    T32Nx_MAT2ITConfig                       0x00001da5   Thumb Code    24  lib_timer.o(.text)
    T32Nx_MAT3ITConfig                       0x00001dbd   Thumb Code    24  lib_timer.o(.text)
    T32Nx_MAT0Out0Config                     0x00001dd5   Thumb Code    24  lib_timer.o(.text)
    T32Nx_MAT1Out0Config                     0x00001ded   Thumb Code    24  lib_timer.o(.text)
    T32Nx_MAT2Out1Config                     0x00001e05   Thumb Code    24  lib_timer.o(.text)
    T32Nx_MAT3Out1Config                     0x00001e1d   Thumb Code    18  lib_timer.o(.text)
    T32Nx_ITConfig                           0x00001e2f   Thumb Code    20  lib_timer.o(.text)
    T32Nx_SetCNT                             0x00001e43   Thumb Code    24  lib_timer.o(.text)
    T32Nx_SetPREMAT                          0x00001e5b   Thumb Code    16  lib_timer.o(.text)
    T32Nx_SetPRECNT                          0x00001e6b   Thumb Code    30  lib_timer.o(.text)
    T32Nx_SetMAT0                            0x00001e89   Thumb Code     6  lib_timer.o(.text)
    T32Nx_SetMAT1                            0x00001e8f   Thumb Code     6  lib_timer.o(.text)
    T32Nx_SetMAT2                            0x00001e95   Thumb Code     6  lib_timer.o(.text)
    T32Nx_SetMAT3                            0x00001e9b   Thumb Code     6  lib_timer.o(.text)
    T32Nx_GetMAT0                            0x00001ea1   Thumb Code     6  lib_timer.o(.text)
    T32Nx_GetMAT1                            0x00001ea7   Thumb Code     6  lib_timer.o(.text)
    T32Nx_GetMAT2                            0x00001ead   Thumb Code     6  lib_timer.o(.text)
    T32Nx_GetMAT3                            0x00001eb3   Thumb Code     6  lib_timer.o(.text)
    T32Nx_GetCNT                             0x00001eb9   Thumb Code     6  lib_timer.o(.text)
    T32Nx_GetFlagStatus                      0x00001ebf   Thumb Code    18  lib_timer.o(.text)
    T32Nx_ClearITPendingBit                  0x00001ed1   Thumb Code     4  lib_timer.o(.text)
    T32Nx_Enable                             0x00001ed5   Thumb Code    12  lib_timer.o(.text)
    T32Nx_Disable                            0x00001ee1   Thumb Code    10  lib_timer.o(.text)
    BUZC_Frequence                           0x00001eeb   Thumb Code    76  lib_timer.o(.text)
    UART_Init                                0x00001f49   Thumb Code   350  lib_uart.o(.text)
    UART_AutoBaudConfig                      0x000020a7   Thumb Code    36  lib_uart.o(.text)
    UART_BaudFreeConfig                      0x000020cb   Thumb Code    36  lib_uart.o(.text)
    UART_ITConfig                            0x000020ef   Thumb Code    20  lib_uart.o(.text)
    UART_TBIMConfig                          0x00002103   Thumb Code    16  lib_uart.o(.text)
    UART_RBIMConfig                          0x00002113   Thumb Code    20  lib_uart.o(.text)
    UART_SendByte                            0x00002127   Thumb Code     6  lib_uart.o(.text)
    UART_SendHalfWord                        0x0000212d   Thumb Code     4  lib_uart.o(.text)
    UART_SendWord                            0x00002131   Thumb Code     4  lib_uart.o(.text)
    UART_RecByte                             0x00002135   Thumb Code     8  lib_uart.o(.text)
    UART_RecHalfWord                         0x0000213d   Thumb Code     6  lib_uart.o(.text)
    UART_RecWord                             0x00002143   Thumb Code     6  lib_uart.o(.text)
    UART_GetStatus                           0x00002149   Thumb Code    14  lib_uart.o(.text)
    UART_GetFlagStatus                       0x00002157   Thumb Code    14  lib_uart.o(.text)
    UART_GetITStatus                         0x00002165   Thumb Code    14  lib_uart.o(.text)
    UART_ClearITPendingBit                   0x00002173   Thumb Code     4  lib_uart.o(.text)
    WDT_Init                                 0x00002189   Thumb Code    54  lib_wdt.o(.text)
    WDT_SetReloadValue                       0x000021bf   Thumb Code     6  lib_wdt.o(.text)
    WDT_GetValue                             0x000021c5   Thumb Code     6  lib_wdt.o(.text)
    WDT_GetFlagStatus                        0x000021cb   Thumb Code    14  lib_wdt.o(.text)
    HW_Buzzer_Start                          0x000021e9   Thumb Code    10  buzzer.o(.text)
    HW_Buzzer_Stop                           0x000021f3   Thumb Code    16  buzzer.o(.text)
    Init_Buzzer                              0x00002203   Thumb Code   166  buzzer.o(.text)
    sub_GetsTune                             0x00002303   Thumb Code   182  buzzer.o(.text)
    buzzerDeal                               0x000023b9   Thumb Code    86  buzzer.o(.text)
    API_Buzzer_Set                           0x0000240f   Thumb Code    64  buzzer.o(.text)
    Api_Timer1Ms_Buzzer                      0x0000244f   Thumb Code    90  buzzer.o(.text)
    DCMotoPower                              0x000024e9   Thumb Code    24  dcmotordrv.o(.text)
    T32NxInit                                0x00002501   Thumb Code   166  dcmotordrv.o(.text)
    MotoPwmDutySet                           0x000025a7   Thumb Code    14  dcmotordrv.o(.text)
    sub_MotorDrvStart                        0x000025b5   Thumb Code    14  dcmotordrv.o(.text)
    Fan_Pwm_Off                              0x000025c3   Thumb Code    38  dcmotordrv.o(.text)
    sub_MotorDrvStop                         0x000025e9   Thumb Code    14  dcmotordrv.o(.text)
    sub_DCMotorErr                           0x000025f7   Thumb Code    86  dcmotordrv.o(.text)
    sub_DCMotorSpeedCalc                     0x0000264d   Thumb Code   180  dcmotordrv.o(.text)
    sub_DcMotorDrv_Timer                     0x00002701   Thumb Code    68  dcmotordrv.o(.text)
    ISR_MOTO_FEEDFACK                        0x00002745   Thumb Code    60  dcmotordrv.o(.text)
    Api_Timer100Us_DCMotorDrv                0x00002781   Thumb Code    30  dcmotordrv.o(.text)
    T32N0_IRQHandler                         0x0000279f   Thumb Code    24  dcmotordrv.o(.text)
    testFanIni                               0x000027b7   Thumb Code    16  dcmotordrv.o(.text)
    sub_DCFanSet                             0x000027c7   Thumb Code    64  dcmotordrv.o(.text)
    Handle_DCMotorDrv                        0x00002807   Thumb Code   530  dcmotordrv.o(.text)
    fanAuto                                  0x00002a19   Thumb Code   100  dcmotordrv.o(.text)
    sub_AutoFanSet                           0x00002a7d   Thumb Code    32  dcmotordrv.o(.text)
    fanDeal                                  0x00002a9d   Thumb Code    24  dcmotordrv.o(.text)
    sub_Delay_TM1623                         0x00002ae9   Thumb Code    36  drv_disp.o(.text)
    SubTm1623Drv                             0x00002b0d   Thumb Code   394  drv_disp.o(.text)
    Api_LEDScanDrv                           0x00002c97   Thumb Code    60  drv_disp.o(.text)
    CalFilterRecValEE                        0x00002ce1   Thumb Code    48  filter.o(.text)
    filterPercentCal                         0x00002d11   Thumb Code    90  filter.o(.text)
    filterLife                               0x00002d6b   Thumb Code   338  filter.o(.text)
    iap_init                                 0x00002ebd   Thumb Code   418  filter.o(.text)
    delay_ms                                 0x0000305f   Thumb Code    32  filter.o(.text)
    FlashWrite                               0x0000326b   Thumb Code   118  filter.o(.text)
    PowerOnDeal                              0x000037bb   Thumb Code    52  key.o(.text)
    PowerOffDeal                             0x000037ef   Thumb Code   136  key.o(.text)
    KeyAutoLongPressed                       0x00003a97   Thumb Code    30  key.o(.text)
    KeyLockShortPress                        0x00003ab5   Thumb Code    62  key.o(.text)
    KeyLockLongPress                         0x00003af3   Thumb Code   178  key.o(.text)
    keyDeal                                  0x00003e75   Thumb Code    88  key.o(.text)
    Init_Disp                                0x000043b3   Thumb Code    20  led.o(.text)
    display                                  0x000043c7   Thumb Code    16  led.o(.text)
    DeviceClockEnable                        0x000043f1   Thumb Code    38  main.o(.text)
    McuIoInit                                0x00004417   Thumb Code   330  main.o(.text)
    WdtInit                                  0x00004561   Thumb Code    54  main.o(.text)
    T16N0Init                                0x00004597   Thumb Code    82  main.o(.text)
    T16N2Init                                0x000045e9   Thumb Code    82  main.o(.text)
    UART1Init                                0x0000463b   Thumb Code   144  main.o(.text)
    UART0Init                                0x000046cb   Thumb Code   158  main.o(.text)
    SysInit                                  0x00004769   Thumb Code   102  main.o(.text)
    main                                     0x000047cf   Thumb Code   132  main.o(.text)
    WDT_Clr                                  0x00004855   Thumb Code    18  mcudrv.o(.text)
    HW_IOSet_BuzV                            0x00004867   Thumb Code    24  mcudrv.o(.text)
    HW_IOSet_BuzF                            0x0000487f   Thumb Code    24  mcudrv.o(.text)
    HW_IOSet_Ionizer                         0x00004897   Thumb Code    24  mcudrv.o(.text)
    HW_IOSet_DCDrv                           0x000048af   Thumb Code    24  mcudrv.o(.text)
    HW_IOSet_TM1623CLK                       0x000048c7   Thumb Code    24  mcudrv.o(.text)
    HW_IOSet_TM1623STB                       0x000048df   Thumb Code    24  mcudrv.o(.text)
    HW_IOSet_TM1623DATA                      0x000048f7   Thumb Code    24  mcudrv.o(.text)
    HW_ADC_GetsValue                         0x0000490f   Thumb Code     2  mcudrv.o(.text)
    HW_IORead_Test                           0x00004911   Thumb Code    22  mcudrv.o(.text)
    NOP_NOP                                  0x00004927   Thumb Code     4  mcudrv.o(.text)
    HW_IOSet_RGB                             0x0000492b   Thumb Code    24  mcudrv.o(.text)
    WiFi_TX_Start                            0x00004943   Thumb Code    18  mcudrv.o(.text)
    Init_Mode                                0x00004965   Thumb Code    12  mode.o(.text)
    sub_Ionizer                              0x00004971   Thumb Code    66  mode.o(.text)
    sub_Mode_Light                           0x000049b3   Thumb Code   236  mode.o(.text)
    sub_Mode_Timer                           0x00004a9f   Thumb Code   104  mode.o(.text)
    modeDeal                                 0x00004b07   Thumb Code    20  mode.o(.text)
    anionSet                                 0x00004b1b   Thumb Code    34  mode.o(.text)
    powerSet                                 0x00004b3d   Thumb Code    56  mode.o(.text)
    lockSet                                  0x00004b75   Thumb Code    44  mode.o(.text)
    modeSet                                  0x00004ba1   Thumb Code   104  mode.o(.text)
    JudgeRingColour                          0x00004c9b   Thumb Code   446  mode.o(.text)
    PM25Deal                                 0x00004e69   Thumb Code   194  pm25.o(.text)
    PM25Ms                                   0x00004f2b   Thumb Code    52  pm25.o(.text)
    PM25Sec                                  0x00004f5f   Thumb Code    70  pm25.o(.text)
    UART1_IRQHandler                         0x000050cf   Thumb Code    56  pm25.o(.text)
    di                                       0x00005145   Thumb Code     4  rgb.o(.text)
    ei                                       0x00005149   Thumb Code     4  rgb.o(.text)
    delay_RGB                                0x0000514d   Thumb Code    20  rgb.o(.text)
    RGBProcess                               0x00005161   Thumb Code   138  rgb.o(.text)
    RGBOff                                   0x000051eb   Thumb Code    54  rgb.o(.text)
    RGBOn                                    0x00005221   Thumb Code    54  rgb.o(.text)
    RGB_Pur                                  0x00005257   Thumb Code    84  rgb.o(.text)
    RGB_Red                                  0x000052ab   Thumb Code    80  rgb.o(.text)
    RGB_Blue                                 0x000052fb   Thumb Code    80  rgb.o(.text)
    RGB_Green                                0x0000534b   Thumb Code    80  rgb.o(.text)
    RGB_Orange                               0x0000539b   Thumb Code    84  rgb.o(.text)
    SetWiFiConfig                            0x00005411   Thumb Code    10  test.o(.text)
    testIni                                  0x0000541b   Thumb Code    90  test.o(.text)
    Init_Test                                0x00005475   Thumb Code    52  test.o(.text)
    testChangeRingColour                     0x000054a9   Thumb Code   114  test.o(.text)
    SetWiFiSelfcheck                         0x0000551b   Thumb Code     8  test.o(.text)
    testTimer                                0x00005523   Thumb Code    48  test.o(.text)
    TestDeal                                 0x00005553   Thumb Code   220  test.o(.text)
    ledTestMode                              0x0000562f   Thumb Code   670  test.o(.text)
    Init_Timer                               0x000058e1   Thumb Code    28  timer.o(.text)
    ISR_Timer1MsProcess                      0x000058fd   Thumb Code   116  timer.o(.text)
    API_Gets1SFlag                           0x00005971   Thumb Code    18  timer.o(.text)
    sub_Timer1Min                            0x00005983   Thumb Code    62  timer.o(.text)
    sub_Timer1S                              0x000059c1   Thumb Code    50  timer.o(.text)
    sub_Timer20Ms                            0x000059f3   Thumb Code    48  timer.o(.text)
    timerDeal                                0x00005a23   Thumb Code   160  timer.o(.text)
    API_Gets20MsFlag                         0x00005ac3   Thumb Code    18  timer.o(.text)
    API_Gets1MinFlag                         0x00005ad5   Thumb Code    18  timer.o(.text)
    hex_to_bcd                               0x00005b25   Thumb Code   108  mcu_api.o(.text)
    my_strlen                                0x00005b91   Thumb Code    28  mcu_api.o(.text)
    my_memset                                0x00005bad   Thumb Code    34  mcu_api.o(.text)
    my_memcpy                                0x00005bcf   Thumb Code    76  mcu_api.o(.text)
    my_strcpy                                0x00005c1b   Thumb Code    24  mcu_api.o(.text)
    my_strcmp                                0x00005c33   Thumb Code    36  mcu_api.o(.text)
    int_to_byte                              0x00005c57   Thumb Code    20  mcu_api.o(.text)
    byte_to_int                              0x00005c6b   Thumb Code    26  mcu_api.o(.text)
    mcu_get_reset_wifi_flag                  0x00005c85   Thumb Code     6  mcu_api.o(.text)
    mcu_reset_wifi                           0x00005c8b   Thumb Code    18  mcu_api.o(.text)
    mcu_get_wifimode_flag                    0x00005c9d   Thumb Code     6  mcu_api.o(.text)
    mcu_set_wifi_mode                        0x00005ca3   Thumb Code    32  mcu_api.o(.text)
    mcu_get_wifi_work_state                  0x00005cc3   Thumb Code     6  mcu_api.o(.text)
    mcu_start_wifitest                       0x00005cc9   Thumb Code    12  mcu_api.o(.text)
    mcu_dp_raw_update                        0x00005cd5   Thumb Code   104  mcu_api.o(.text)
    mcu_dp_bool_update                       0x00005d3d   Thumb Code    96  mcu_api.o(.text)
    mcu_dp_value_update                      0x00005d9d   Thumb Code   114  mcu_api.o(.text)
    mcu_dp_string_update                     0x00005e0f   Thumb Code   104  mcu_api.o(.text)
    mcu_dp_enum_update                       0x00005e77   Thumb Code    80  mcu_api.o(.text)
    mcu_dp_fault_update                      0x00005ec7   Thumb Code   188  mcu_api.o(.text)
    mcu_get_dp_download_bool                 0x00005f83   Thumb Code     6  mcu_api.o(.text)
    mcu_get_dp_download_enum                 0x00005f89   Thumb Code     6  mcu_api.o(.text)
    mcu_get_dp_download_value                0x00005f8f   Thumb Code    14  mcu_api.o(.text)
    uart_receive_input                       0x00005f9d   Thumb Code    84  mcu_api.o(.text)
    wifi_uart_service                        0x00005ff1   Thumb Code   294  mcu_api.o(.text)
    wifi_protocol_init                       0x00006117   Thumb Code    18  mcu_api.o(.text)
    uart_transmit_output                     0x0000614d   Thumb Code    12  protocol.o(.text)
    all_data_update                          0x00006159   Thumb Code     8  protocol.o(.text)
    wifi_test_result                         0x000062fd   Thumb Code    40  protocol.o(.text)
    dp_download_handle                       0x00006325   Thumb Code    92  protocol.o(.text)
    get_download_cmd_total                   0x00006381   Thumb Code     4  protocol.o(.text)
    set_wifi_uart_byte                       0x00006395   Thumb Code    12  system.o(.text)
    set_wifi_uart_buffer                     0x000063a1   Thumb Code    30  system.o(.text)
    get_check_sum                            0x000063e7   Thumb Code    28  system.o(.text)
    wifi_uart_write_frame                    0x00006403   Thumb Code    72  system.o(.text)
    data_handle                              0x00006589   Thumb Code   200  system.o(.text)
    get_queue_total_data                     0x00006651   Thumb Code    20  system.o(.text)
    Queue_Read_Byte                          0x00006665   Thumb Code    46  system.o(.text)
    NMI_IRQHandler                           0x000066f9   Thumb Code     2  irqhandler.o(.text)
    HardFault_IRQHandler                     0x000066fb   Thumb Code     4  irqhandler.o(.text)
    SVC_IRQHandler                           0x000066ff   Thumb Code     2  irqhandler.o(.text)
    PendSV_IRQHandler                        0x00006701   Thumb Code     2  irqhandler.o(.text)
    SysTick_IRQHandler                       0x00006703   Thumb Code     2  irqhandler.o(.text)
    T16N0_IRQHandler                         0x00006705   Thumb Code    28  irqhandler.o(.text)
    T16N2_IRQHandler                         0x00006721   Thumb Code    28  irqhandler.o(.text)
    KINT_IRQHandler                          0x0000673d   Thumb Code    24  irqhandler.o(.text)
    wifiSendByte                             0x00006755   Thumb Code    36  irqhandler.o(.text)
    UART0_IRQHandler                         0x00006779   Thumb Code    48  irqhandler.o(.text)
    TjFanSpeed                               0x000067b5   Thumb Code   354  fandrv.o(.text)
    Fan_OFFctrl                              0x00006917   Thumb Code    22  fandrv.o(.text)
    fanMsDly                                 0x0000692d   Thumb Code    20  fandrv.o(.text)
    ADCInitALL                               0x0000696d   Thumb Code   102  adc.o(.text)
    ADCInitKey                               0x000069d3   Thumb Code    16  adc.o(.text)
    ADCInitLight                             0x000069e3   Thumb Code    16  adc.o(.text)
    adKey                                    0x000069f3   Thumb Code    96  adc.o(.text)
    adLight                                  0x00006a53   Thumb Code   164  adc.o(.text)
    Get_AD_Value                             0x00006af7   Thumb Code   126  adc.o(.text)
    adSample                                 0x00006b75   Thumb Code    62  adc.o(.text)
    WiFi_Init                                0x00006dd1   Thumb Code    14  mywifi.o(.text)
    WiFi_UartPutChar                         0x00006ddf   Thumb Code    54  mywifi.o(.text)
    WiFi_KeyInWifiCfgMode                    0x00006e15   Thumb Code    42  mywifi.o(.text)
    WiFi_SetWiFiSelfcheck                    0x00006e3f   Thumb Code     8  mywifi.o(.text)
    WiFi_AllDataUpdate                       0x00006e47   Thumb Code   254  mywifi.o(.text)
    WiFi_Deal                                0x00006f45   Thumb Code   462  mywifi.o(.text)
    __aeabi_uidiv                            0x0000713d   Thumb Code     0  uidiv.o(.text)
    __aeabi_uidivmod                         0x0000713d   Thumb Code    44  uidiv.o(.text)
    __aeabi_fadd                             0x00007169   Thumb Code   162  fadd.o(.text)
    __aeabi_fsub                             0x0000720b   Thumb Code     8  fadd.o(.text)
    __aeabi_frsub                            0x00007213   Thumb Code     8  fadd.o(.text)
    __aeabi_fmul                             0x0000721b   Thumb Code   122  fmul.o(.text)
    __aeabi_fdiv                             0x00007295   Thumb Code   128  fdiv.o(.text)
    __aeabi_dadd                             0x00007315   Thumb Code   326  dadd.o(.text)
    __aeabi_dsub                             0x0000745b   Thumb Code    12  dadd.o(.text)
    __aeabi_drsub                            0x00007467   Thumb Code    12  dadd.o(.text)
    __aeabi_dmul                             0x00007479   Thumb Code   202  dmul.o(.text)
    __aeabi_ddiv                             0x00007549   Thumb Code   234  ddiv.o(.text)
    __aeabi_ui2f                             0x00007639   Thumb Code    14  ffltui.o(.text)
    __aeabi_f2uiz                            0x00007647   Thumb Code    42  ffixui.o(.text)
    __aeabi_f2d                              0x00007671   Thumb Code    40  f2d.o(.text)
    __aeabi_cdcmpeq                          0x00007699   Thumb Code     0  cdcmple.o(.text)
    __aeabi_cdcmple                          0x00007699   Thumb Code    38  cdcmple.o(.text)
    __aeabi_cdrcmple                         0x000076c1   Thumb Code    38  cdrcmple.o(.text)
    __aeabi_d2f                              0x000076e9   Thumb Code    56  d2f.o(.text)
    __aeabi_cfcmpeq                          0x00007721   Thumb Code     0  cfcmple.o(.text)
    __aeabi_cfcmple                          0x00007721   Thumb Code    20  cfcmple.o(.text)
    __aeabi_cfrcmple                         0x00007735   Thumb Code    20  cfrcmple.o(.text)
    __aeabi_llsl                             0x00007749   Thumb Code    32  llshl.o(.text)
    _ll_shift_l                              0x00007749   Thumb Code     0  llshl.o(.text)
    __aeabi_lasr                             0x00007769   Thumb Code    38  llsshr.o(.text)
    _ll_sshift_r                             0x00007769   Thumb Code     0  llsshr.o(.text)
    __I$use$fp                               0x0000778f   Thumb Code     0  iusefp.o(.text)
    _float_round                             0x0000778f   Thumb Code    16  fepilogue.o(.text)
    _float_epilogue                          0x0000779f   Thumb Code   116  fepilogue.o(.text)
    _double_round                            0x00007813   Thumb Code    26  depilogue.o(.text)
    _double_epilogue                         0x0000782d   Thumb Code   166  depilogue.o(.text)
    __scatterload                            0x000078d5   Thumb Code    28  init.o(.text)
    __scatterload_rt2                        0x000078d5   Thumb Code     0  init.o(.text)
    __aeabi_llsr                             0x000078f9   Thumb Code    34  llushr.o(.text)
    _ll_ushift_r                             0x000078f9   Thumb Code     0  llushr.o(.text)
    __decompress                             0x0000791b   Thumb Code     0  __dczerorl.o(.text)
    __decompress0                            0x0000791b   Thumb Code    58  __dczerorl.o(.text)
    __ARM_clz                                0x00007955   Thumb Code    46  depilogue.o(i.__ARM_clz)
    __ARM_common_switch8                     0x00007983   Thumb Code    28  lib_gpio.o(i.__ARM_common_switch8)
    __scatterload_copy                       0x0000799f   Thumb Code    14  handlers.o(i.__scatterload_copy)
    __scatterload_null                       0x000079ad   Thumb Code     2  handlers.o(i.__scatterload_null)
    __scatterload_zeroinit                   0x000079af   Thumb Code    14  handlers.o(i.__scatterload_zeroinit)
    BUZ_SOUND_ON                             0x000079bc   Data          16  buzzer.o(.constdata)
    BUZ_TM_ON                                0x000079cc   Data          16  buzzer.o(.constdata)
    BUZ_SOUND_OFF                            0x000079dc   Data          16  buzzer.o(.constdata)
    BUZ_TM_OFF                               0x000079ec   Data          16  buzzer.o(.constdata)
    BUZ_SOUND_KEY                            0x000079fc   Data          12  buzzer.o(.constdata)
    BUZ_TM_KEY                               0x00007a08   Data          12  buzzer.o(.constdata)
    BUZ_SOUND_ERROR                          0x00007a14   Data         168  buzzer.o(.constdata)
    BUZ_TM_ERROR                             0x00007abc   Data         168  buzzer.o(.constdata)
    BUZ_SOUND_FAN_SLOWDOWN                   0x00007b64   Data          16  buzzer.o(.constdata)
    BUZ_TM_FAN_SLOWDOWN                      0x00007b74   Data          16  buzzer.o(.constdata)
    download_cmd                             0x00007b84   Data          18  protocol.o(.constdata)
    Region$$Table$$Base                      0x00007b98   Number         0  anon$$obj.o(Region$$Table)
    Region$$Table$$Limit                     0x00007bb8   Number         0  anon$$obj.o(Region$$Table)
    SystemCoreClock                          0x20000000   Data           4  system_hr8p506.o(.data)
    Period                                   0x2000000c   Data           4  dcmotordrv.o(.data)
    ucDCFlag                                 0x20000010   Data           1  dcmotordrv.o(.data)
    g_wDCFanSpeedSetLast                     0x20000014   Data           4  dcmotordrv.o(.data)
    g_wDCFanSpeedSet                         0x20000018   Data           4  dcmotordrv.o(.data)
    g_byDcFanErrorHoldS                      0x2000001c   Data           1  dcmotordrv.o(.data)
    g_DcFanPower15vOffDelay                  0x2000001d   Data           1  dcmotordrv.o(.data)
    g_wDCFanSpeedCalc                        0x20000020   Data           4  dcmotordrv.o(.data)
    u16_wind1FbNum                           0x20000024   Data           4  dcmotordrv.o(.data)
    u8_pulseCnt                              0x20000028   Data           1  dcmotordrv.o(.data)
    u16_fanOnDlyConfirmErr                   0x2000002c   Data           4  dcmotordrv.o(.data)
    TestFanSpeed                             0x20000030   Data           4  dcmotordrv.o(.data)
    AutoSetting                              0x20000034   Data           1  dcmotordrv.o(.data)
    g_byFanSpSet                             0x20000035   Data           1  dcmotordrv.o(.data)
    g_RingLastTime                           0x20000038   Data           4  dcmotordrv.o(.data)
    FanGearSeqInSpeedArray                   0x2000003c   Data           1  dcmotordrv.o(.data)
    LIGHT_LEVEL                              0x2000003d   Data           1  drv_disp.o(.data)
    sumIap                                   0x20000040   Data           4  filter.o(.data)
    U16_FilterGreenLedTime                   0x20000044   Data           4  filter.o(.data)
    U16_FilterOrangeLedTime                  0x20000048   Data           4  filter.o(.data)
    g_FilerUseTimeCnt_fl                     0x2000004c   Data           4  filter.o(.data)
    g_FilerUseTimeDecimal                    0x20000050   Data           1  filter.o(.data)
    u16_1sCounterFilter                      0x20000054   Data           4  filter.o(.data)
    FilterLeftPercent                        0x20000058   Data           1  filter.o(.data)
    u16_filterLifeInt                        0x2000005c   Data           4  filter.o(.data)
    sleepStage                               0x20000070   Data           1  main.o(.data)
    u8_sleepCnt                              0x20000071   Data           1  main.o(.data)
    byTimer1S_RedOFFDelay                    0x20000072   Data           1  main.o(.data)
    byTimer1S_YellowOFFDelay                 0x20000073   Data           1  main.o(.data)
    g_byDCFanRun                             0x20000074   Data           1  main.o(.data)
    g_byADKey                                0x20000078   Data           4  main.o(.data)
    g_byRemoteKey                            0x2000007c   Data           1  main.o(.data)
    g_byADLight                              0x20000080   Data           4  main.o(.data)
    g_LightCountInStrealth                   0x20000084   Data           1  main.o(.data)
    g_LightCountOutStrealth                  0x20000085   Data           1  main.o(.data)
    g_byKeyFuncBak                           0x20000086   Data           1  main.o(.data)
    g_byTimer1S_PowerON                      0x20000087   Data           1  main.o(.data)
    g_byTimer1S_SleepRun                     0x20000088   Data           1  main.o(.data)
    g_wTimer1S_Sleep                         0x2000008c   Data           4  main.o(.data)
    g_byTimer1S_ON                           0x20000090   Data           1  main.o(.data)
    g_wTimer1S_OFF                           0x20000094   Data           4  main.o(.data)
    g_byTimer1S_DisplayAll2S                 0x20000098   Data           1  main.o(.data)
    g_Timer1S_PowerOn                        0x20000099   Data           1  main.o(.data)
    g_byAQI                                  0x2000009a   Data           1  main.o(.data)
    g_byAQIFan                               0x2000009b   Data           1  main.o(.data)
    g_byAQIColour                            0x2000009c   Data           1  main.o(.data)
    g_byAQIColourDisp                        0x2000009d   Data           1  main.o(.data)
    g_FanTargetSpeed                         0x200000a0   Data           4  main.o(.data)
    g_wDCFanError10M                         0x200000a4   Data           4  main.o(.data)
    g_wPm25Grade                             0x200000a8   Data           1  main.o(.data)
    g_keyNetCfgJudgeDly                      0x200000a9   Data           1  main.o(.data)
    g_netConfigTImeout_u16                   0x200000ac   Data           4  main.o(.data)
    g_EERecordDelay                          0x200000b0   Data           1  main.o(.data)
    g_ucMainFlag1                            0x200000b1   Data           1  main.o(.data)
    g_ucMainFlag2                            0x200000b2   Data           1  main.o(.data)
    g_ucMainFilterFlag                       0x200000b3   Data           1  main.o(.data)
    g_ucMainFlag3                            0x200000b4   Data           1  main.o(.data)
    g_ucMainErrFlag                          0x200000b5   Data           1  main.o(.data)
    g_ucDisLightLevel                        0x200000b6   Data           1  main.o(.data)
    u32_totalRunTime                         0x200000b8   Data           4  main.o(.data)
    u16_1sCounterRunTime                     0x200000bc   Data           4  main.o(.data)
    WifiCfgState                             0x200000c0   Data           1  main.o(.data)
    g_factoryCnt                             0x200000c1   Data           1  main.o(.data)
    AutoSlowDown                             0x200000c2   Data           1  main.o(.data)
    e2_DCFanSp1                              0x200000c3   Data           1  main.o(.data)
    e2_DCFanSp2                              0x200000c4   Data           1  main.o(.data)
    e2_DCFanSp3                              0x200000c5   Data           1  main.o(.data)
    e2_DCFanSp4                              0x200000c6   Data           1  main.o(.data)
    ringColor                                0x200000c8   Data           1  mode.o(.data)
    byTimer1S_DarkIn                         0x200000c9   Data           1  mode.o(.data)
    PM25ValSection                           0x200000d0   Data           4  mode.o(.data)
    u16_Pm25Val                              0x200000d8   Data           4  pm25.o(.data)
    g_TestPm25ErrCount                       0x200000dc   Data           1  pm25.o(.data)
    f_Err_SensorPM25                         0x200000dd   Data           1  pm25.o(.data)
    g_byAQIPM25                              0x200000de   Data           1  pm25.o(.data)
    RGB_FRESH_FLAG                           0x200000f8   Data           1  rgb.o(.data)
    g_RGBByteCount                           0x200000f9   Data           1  rgb.o(.data)
    g_RGBBitCount                            0x200000fa   Data           1  rgb.o(.data)
    g_RGBBitValue                            0x200000fb   Data           1  rgb.o(.data)
    g_RGBBitPulseCount                       0x200000fc   Data           1  rgb.o(.data)
    g_RGB                                    0x200000fd   Data           3  rgb.o(.data)
    g_RGB2Send                               0x20000100   Data           3  rgb.o(.data)
    g_BrigRed                                0x20000103   Data           1  rgb.o(.data)
    g_BrigGreen                              0x20000104   Data           1  rgb.o(.data)
    g_BrigBlue                               0x20000105   Data           1  rgb.o(.data)
    f_Test                                   0x20000108   Data           1  test.o(.data)
    f_selfCheck                              0x20000109   Data           1  test.o(.data)
    f_TestErr_Wifi                           0x2000010a   Data           1  test.o(.data)
    g_TestDisAllCnt                          0x2000010c   Data           4  test.o(.data)
    g_TestState                              0x20000110   Data           1  test.o(.data)
    g_TestDlyJudge                           0x20000111   Data           1  test.o(.data)
    g_TestFanSpeedSet                        0x20000114   Data           4  test.o(.data)
    g_TestRingColourTYpe                     0x20000118   Data           1  test.o(.data)
    g_TestGotWifi                            0x20000119   Data           1  test.o(.data)
    byTimer1S_TestMax                        0x2000011a   Data           1  test.o(.data)
    ucTestFlag                               0x2000011b   Data           1  test.o(.data)
    wTimer1Ms_Counter1S                      0x2000011c   Data           4  timer.o(.data)
    byTimer1Ms_Counter20Ms                   0x20000120   Data           1  timer.o(.data)
    byTimer1S_Counter                        0x20000121   Data           1  timer.o(.data)
    wTimer1S_Counter                         0x20000124   Data           4  timer.o(.data)
    ucTimer_Flag                             0x20000128   Data           1  timer.o(.data)
    queue_in                                 0x20000130   Data           4  system.o(.data)
    queue_out                                0x20000134   Data           4  system.o(.data)
    stop_update_flag                         0x20000138   Data           1  system.o(.data)
    reset_wifi_flag                          0x20000139   Data           1  system.o(.data)
    set_wifimode_flag                        0x2000013a   Data           1  system.o(.data)
    wifi_work_state                          0x2000013b   Data           1  system.o(.data)
    firm_size                                0x2000013c   Data           2  system.o(.data)
    fanAdjustInterval                        0x20000140   Data           4  fandrv.o(.data)
    OBJSPEED                                 0x20000144   Data           4  fandrv.o(.data)
    NOWSPEED                                 0x20000148   Data           4  fandrv.o(.data)
    D_VALUE_NOW                              0x2000014c   Data           4  fandrv.o(.data)
    D_VALUE_LAST                             0x20000150   Data           4  fandrv.o(.data)
    KD_LAST                                  0x20000154   Data           4  fandrv.o(.data)
    SN_LAST                                  0x20000158   Data           4  fandrv.o(.data)
    SN                                       0x2000015c   Data           4  fandrv.o(.data)
    SpeedNeedFlagtNow                        0x20000160   Data           1  fandrv.o(.data)
    SpeedNeedFlagLast                        0x20000161   Data           1  fandrv.o(.data)
    InSleepByKey                             0x2000016e   Data           1  adc.o(.data)
    f_WifiTxOver                             0x20000195   Data           1  mywifi.o(.data)
    local_WifiCfgState                       0x20000196   Data           1  mywifi.o(.data)
    sDCMotorVal                              0x200001a4   Data          12  dcmotordrv.o(.bss)
    u32_flashRead                            0x200001b0   Data          48  filter.o(.bss)
    g_ucDisData                              0x200001e0   Data          14  main.o(.bss)
    u32_flashData                            0x200001f0   Data          48  main.o(.bss)
    wifi_queue_buf                           0x20000270   Data          23  system.o(.bss)
    wifi_uart_rx_buf                         0x20000287   Data          31  system.o(.bss)
    wifi_uart_tx_buf                         0x200002a6   Data          55  system.o(.bss)
    __initial_sp                             0x20000708   Data           0  startup_hr8p506.o(STACK)



==============================================================================

Memory Map of the image

  Image Entry point : 0x000000c1

  Load Region LR_IROM1 (Base: 0x00000000, Size: 0x00007d50, Max: 0x00009000, ABSOLUTE, COMPRESSED[0x00007bd0])

    Execution Region ER_IROM1 (Base: 0x00000000, Size: 0x00007bb8, Max: 0x00009000, ABSOLUTE)

    Base Addr    Size         Type   Attr      Idx    E Section Name        Object

    0x00000000   0x000000c0   Data   RO            3    RESET               startup_hr8p506.o
    0x000000c0   0x00000000   Code   RO         1061  * .ARM.Collect$$$$00000000  mc_p.l(entry.o)
    0x000000c0   0x00000004   Code   RO         1094    .ARM.Collect$$$$00000001  mc_p.l(entry2.o)
    0x000000c4   0x00000004   Code   RO         1097    .ARM.Collect$$$$00000004  mc_p.l(entry5.o)
    0x000000c8   0x00000000   Code   RO         1099    .ARM.Collect$$$$00000008  mc_p.l(entry7b.o)
    0x000000c8   0x00000008   Code   RO         1100    .ARM.Collect$$$$00000009  mc_p.l(entry8.o)
    0x000000d0   0x00000004   Code   RO         1095    .ARM.Collect$$$$00002712  mc_p.l(entry2.o)
    0x000000d4   0x000000d0   Code   RO            4    .text               startup_hr8p506.o
    0x000001a4   0x00000002   Code   RO           12    .text               system_hr8p506.o
    0x000001a6   0x00000084   Code   RO           63    .text               hr8p506_iap_table.o
    0x0000022a   0x00000002   PAD
    0x0000022c   0x000002c0   Code   RO           92    .text               lib_adc.o
    0x000004ec   0x000002c4   Code   RO          115    .text               lib_euart.o
    0x000007b0   0x00000ff8   Code   RO          145    .text               lib_gpio.o
    0x000017a8   0x000000c8   Code   RO          272    .text               lib_scs.o
    0x00001870   0x000006d8   Code   RO          338    .text               lib_timer.o
    0x00001f48   0x00000240   Code   RO          365    .text               lib_uart.o
    0x00002188   0x00000060   Code   RO          385    .text               lib_wdt.o
    0x000021e8   0x00000300   Code   RO          408    .text               buzzer.o
    0x000024e8   0x00000600   Code   RO          527    .text               dcmotordrv.o
    0x00002ae8   0x000001f8   Code   RO          555    .text               drv_disp.o
    0x00002ce0   0x00000628   Code   RO          575    .text               filter.o
    0x00003308   0x00000bf8   Code   RO          602    .text               key.o
    0x00003f00   0x000004f0   Code   RO          627    .text               led.o
    0x000043f0   0x00000462   Code   RO          651    .text               main.o
    0x00004852   0x00000002   PAD
    0x00004854   0x00000110   Code   RO          678    .text               mcudrv.o
    0x00004964   0x00000504   Code   RO          701    .text               mode.o
    0x00004e68   0x000002dc   Code   RO          727    .text               pm25.o
    0x00005144   0x000002cc   Code   RO          769    .text               rgb.o
    0x00005410   0x000004d0   Code   RO          795    .text               test.o
    0x000058e0   0x00000244   Code   RO          821    .text               timer.o
    0x00005b24   0x00000628   Code   RO          845    .text               mcu_api.o
    0x0000614c   0x00000248   Code   RO          875    .text               protocol.o
    0x00006394   0x00000364   Code   RO          930    .text               system.o
    0x000066f8   0x000000bc   Code   RO          952    .text               irqhandler.o
    0x000067b4   0x000001b8   Code   RO          984    .text               fandrv.o
    0x0000696c   0x00000288   Code   RO         1010    .text               adc.o
    0x00006bf4   0x00000548   Code   RO         1037    .text               mywifi.o
    0x0000713c   0x0000002c   Code   RO         1064    .text               mc_p.l(uidiv.o)
    0x00007168   0x000000b2   Code   RO         1066    .text               mf_p.l(fadd.o)
    0x0000721a   0x0000007a   Code   RO         1068    .text               mf_p.l(fmul.o)
    0x00007294   0x00000080   Code   RO         1070    .text               mf_p.l(fdiv.o)
    0x00007314   0x00000164   Code   RO         1072    .text               mf_p.l(dadd.o)
    0x00007478   0x000000d0   Code   RO         1074    .text               mf_p.l(dmul.o)
    0x00007548   0x000000f0   Code   RO         1076    .text               mf_p.l(ddiv.o)
    0x00007638   0x0000000e   Code   RO         1078    .text               mf_p.l(ffltui.o)
    0x00007646   0x0000002a   Code   RO         1080    .text               mf_p.l(ffixui.o)
    0x00007670   0x00000028   Code   RO         1082    .text               mf_p.l(f2d.o)
    0x00007698   0x00000028   Code   RO         1084    .text               mf_p.l(cdcmple.o)
    0x000076c0   0x00000028   Code   RO         1086    .text               mf_p.l(cdrcmple.o)
    0x000076e8   0x00000038   Code   RO         1088    .text               mf_p.l(d2f.o)
    0x00007720   0x00000014   Code   RO         1090    .text               mf_p.l(cfcmple.o)
    0x00007734   0x00000014   Code   RO         1092    .text               mf_p.l(cfrcmple.o)
    0x00007748   0x00000020   Code   RO         1101    .text               mc_p.l(llshl.o)
    0x00007768   0x00000026   Code   RO         1103    .text               mc_p.l(llsshr.o)
    0x0000778e   0x00000000   Code   RO         1105    .text               mc_p.l(iusefp.o)
    0x0000778e   0x00000084   Code   RO         1106    .text               mf_p.l(fepilogue.o)
    0x00007812   0x000000c0   Code   RO         1108    .text               mf_p.l(depilogue.o)
    0x000078d2   0x00000002   PAD
    0x000078d4   0x00000024   Code   RO         1112    .text               mc_p.l(init.o)
    0x000078f8   0x00000022   Code   RO         1114    .text               mc_p.l(llushr.o)
    0x0000791a   0x0000003a   Code   RO         1124    .text               mc_p.l(__dczerorl.o)
    0x00007954   0x0000002e   Code   RO         1110    i.__ARM_clz         mf_p.l(depilogue.o)
    0x00007982   0x0000001c   Code   RO          160    i.__ARM_common_switch8  lib_gpio.o
    0x0000799e   0x0000000e   Code   RO         1118    i.__scatterload_copy  mc_p.l(handlers.o)
    0x000079ac   0x00000002   Code   RO         1119    i.__scatterload_null  mc_p.l(handlers.o)
    0x000079ae   0x0000000e   Code   RO         1120    i.__scatterload_zeroinit  mc_p.l(handlers.o)
    0x000079bc   0x000001c8   Data   RO          410    .constdata          buzzer.o
    0x00007b84   0x00000012   Data   RO          876    .constdata          protocol.o
    0x00007b96   0x00000002   PAD
    0x00007b98   0x00000020   Data   RO         1116    Region$$Table       anon$$obj.o


    Execution Region RW_IRAM1 (Base: 0x20000000, Size: 0x00000708, Max: 0x00002000, ABSOLUTE, COMPRESSED[0x00000018])

    Base Addr    Size         Type   Attr      Idx    E Section Name        Object

    0x20000000   0x00000004   Data   RW           13    .data               system_hr8p506.o
    0x20000004   0x00000005   Data   RW          411    .data               buzzer.o
    0x20000009   0x00000003   PAD
    0x2000000c   0x00000031   Data   RW          529    .data               dcmotordrv.o
    0x2000003d   0x00000001   Data   RW          556    .data               drv_disp.o
    0x2000003e   0x00000002   PAD
    0x20000040   0x00000020   Data   RW          577    .data               filter.o
    0x20000060   0x0000000c   Data   RW          603    .data               key.o
    0x2000006c   0x00000001   Data   RW          628    .data               led.o
    0x2000006d   0x00000003   PAD
    0x20000070   0x00000057   Data   RW          653    .data               main.o
    0x200000c7   0x00000001   PAD
    0x200000c8   0x0000000c   Data   RW          702    .data               mode.o
    0x200000d4   0x00000024   Data   RW          729    .data               pm25.o
    0x200000f8   0x0000000e   Data   RW          770    .data               rgb.o
    0x20000106   0x00000002   PAD
    0x20000108   0x00000014   Data   RW          796    .data               test.o
    0x2000011c   0x0000000d   Data   RW          822    .data               timer.o
    0x20000129   0x00000001   PAD
    0x2000012a   0x00000002   Data   RW          846    .data               mcu_api.o
    0x2000012c   0x00000012   Data   RW          932    .data               system.o
    0x2000013e   0x00000002   PAD
    0x20000140   0x00000022   Data   RW          985    .data               fandrv.o
    0x20000162   0x00000002   PAD
    0x20000164   0x00000018   Data   RW         1012    .data               adc.o
    0x2000017c   0x0000001b   Data   RW         1038    .data               mywifi.o
    0x20000197   0x00000001   PAD
    0x20000198   0x0000000c   Zero   RW          409    .bss                buzzer.o
    0x200001a4   0x0000000c   Zero   RW          528    .bss                dcmotordrv.o
    0x200001b0   0x00000030   Zero   RW          576    .bss                filter.o
    0x200001e0   0x00000040   Zero   RW          652    .bss                main.o
    0x20000220   0x00000050   Zero   RW          728    .bss                pm25.o
    0x20000270   0x0000006d   Zero   RW          931    .bss                system.o
    0x200002dd   0x00000003   PAD
    0x200002e0   0x00000024   Zero   RW         1011    .bss                adc.o
    0x20000304   0x00000004   PAD
    0x20000308   0x00000400   Zero   RW            1    STACK               startup_hr8p506.o


==============================================================================

Image component sizes


      Code (inc. data)   RO Data    RW Data    ZI Data      Debug   Object Name

       648         66          0         24         36       2528   adc.o
       768         64        456          5         12       4891   buzzer.o
      1536        188          0         49         12       5545   dcmotordrv.o
       504         14          0          1          0       1249   drv_disp.o
       440         44          0         34          0       1540   fandrv.o
      1576        216          0         32         48       3526   filter.o
       132          0          0          0          0      52296   hr8p506_iap_table.o
       188         12          0          0          0       1534   irqhandler.o
      3064        266          0         12          0       5589   key.o
      1264        100          0          1          0       1860   led.o
       704         30          0          0          0       6481   lib_adc.o
       708         22          0          0          0       9409   lib_euart.o
      4116        342          0          0          0       9540   lib_gpio.o
       200         12          0          0          0       2665   lib_scs.o
      1752         18          0          0          0      17009   lib_timer.o
       576         18          0          0          0       3845   lib_uart.o
        96         16          0          0          0       2073   lib_wdt.o
      1122         68          0         87         64       7204   main.o
      1576         78          0          2          0       7978   mcu_api.o
       272         16          0          0          0       2259   mcudrv.o
      1284        134          0         12          0       3269   mode.o
      1352        150          0         27          0       3224   mywifi.o
       732         62          0         36         80       2365   pm25.o
       584         26         18          0          0       3621   protocol.o
       716         34          0         14          0       2861   rgb.o
       208         68        192          0       1024        684   startup_hr8p506.o
       868        120          0         18        109       5130   system.o
         2          0          0          4          0       7987   system_hr8p506.o
      1232        102          0         20          0       2516   test.o
       580         62          0         13          0       2069   timer.o

    ----------------------------------------------------------------------
     28804       2348        700        408       1392     182747   Object Totals
         0          0         32          0          0          0   (incl. Generated)
         4          0          2         17          7          0   (incl. Padding)

    ----------------------------------------------------------------------

      Code (inc. data)   RO Data    RW Data    ZI Data      Debug   Library Member Name

        58          0          0          0          0          0   __dczerorl.o
         0          0          0          0          0          0   entry.o
         8          4          0          0          0          0   entry2.o
         4          0          0          0          0          0   entry5.o
         0          0          0          0          0          0   entry7b.o
         8          4          0          0          0          0   entry8.o
        30          0          0          0          0          0   handlers.o
        36          8          0          0          0         68   init.o
         0          0          0          0          0          0   iusefp.o
        32          0          0          0          0         68   llshl.o
        38          0          0          0          0         68   llsshr.o
        34          0          0          0          0         68   llushr.o
        44          0          0          0          0         72   uidiv.o
        40          2          0          0          0         68   cdcmple.o
        40          2          0          0          0         68   cdrcmple.o
        20          0          0          0          0         68   cfcmple.o
        20          0          0          0          0         68   cfrcmple.o
        56          0          0          0          0         68   d2f.o
       356          6          0          0          0        136   dadd.o
       240          6          0          0          0         80   ddiv.o
       238          0          0          0          0        212   depilogue.o
       208          6          0          0          0         84   dmul.o
        40          0          0          0          0         60   f2d.o
       178          0          0          0          0        108   fadd.o
       128          0          0          0          0         72   fdiv.o
       132          0          0          0          0        144   fepilogue.o
        42          0          0          0          0         60   ffixui.o
        14          0          0          0          0         68   ffltui.o
       122          0          0          0          0         72   fmul.o

    ----------------------------------------------------------------------
      2168         38          0          0          0       1780   Library Totals
         2          0          0          0          0          0   (incl. Padding)

    ----------------------------------------------------------------------

      Code (inc. data)   RO Data    RW Data    ZI Data      Debug   Library Name

       292         16          0          0          0        344   mc_p.l
      1874         22          0          0          0       1436   mf_p.l

    ----------------------------------------------------------------------
      2168         38          0          0          0       1780   Library Totals

    ----------------------------------------------------------------------

==============================================================================


      Code (inc. data)   RO Data    RW Data    ZI Data      Debug   

     30972       2386        700        408       1392     181011   Grand Totals
     30972       2386        700         24       1392     181011   ELF Image Totals (compressed)
     30972       2386        700         24          0          0   ROM Totals

==============================================================================

    Total RO  Size (Code + RO Data)                31672 (  30.93kB)
    Total RW  Size (RW Data + ZI Data)              1800 (   1.76kB)
    Total ROM Size (Code + RO Data + RW Data)      31696 (  30.95kB)

==============================================================================

